[2026-03-31 21:15:00.966] [info] CPU 0: Partition 0
[2026-03-31 21:15:00.966] [info] CPU 1: Partition 0
[2026-03-31 21:15:00.966] [info] CPU 2: Partition 0
[2026-03-31 21:15:00.966] [info] CPU 3: Partition 0
[2026-03-31 21:15:00.966] [info] Running in default mode
[2026-03-31 21:15:00.966] [info] Simulator Configuration:
[2026-03-31 21:15:00.966] [info] [Core 0] Systolic Array Throughput: 131072 GFLOPS, Spad size: 32768 KB, Accumulator size: 4096 KB
[2026-03-31 21:15:00.966] [info] [Core 1] Systolic Array Throughput: 131072 GFLOPS, Spad size: 32768 KB, Accumulator size: 4096 KB
[2026-03-31 21:15:00.966] [info] [Core 2] Systolic Array Throughput: 131072 GFLOPS, Spad size: 32768 KB, Accumulator size: 4096 KB
[2026-03-31 21:15:00.966] [info] [Core 3] Systolic Array Throughput: 131072 GFLOPS, Spad size: 32768 KB, Accumulator size: 4096 KB
[2026-03-31 21:15:00.966] [info] DRAM Bandwidth 614 GB/s
[2026-03-31 21:15:00.966] [info] Ramulator2 config: ./configs/../configs/ramulator2_configs/HBM2.yaml
[2026-03-31 21:15:00.983] [info] Initialize SimpleInterconnect
[2026-03-31 21:15:00.987] [info] ICNT print interval: 8000 cycles
[2026-03-31 21:15:00.987] [info] num cores : [4]
[2026-03-31 21:15:00.987] [info] Register model: mamba-370m-s128-b2
[2026-03-31 21:15:00.987] [info] Model Name
[2026-03-31 21:15:01.259] [info] has_l2,[false]
[2026-03-31 21:15:01.259] [info] ======Start Simulation=====
[2026-03-31 21:15:01.259] [info] Model Name: mamba-370m-s128-b2 model started
[2026-03-31 21:15:01.524] [info] [GemmWs] Keys K = 101, N = 1, M = 4096
[2026-03-31 21:15:01.524] [info] [GemmWS]: total 0.000831488 GFLOPs, 0.00084397796 GB
[2026-03-31 21:15:01.524] [info] [GemmWS]: Theoretical time(ms): 0.0013745569731327123 Compute time: 6.343749969772716e-06 Memory time: 0.0013745569731327123
[2026-03-31 21:15:02.084] [info] [GemmWs] Keys K = 8192, N = 1, M = 2048
[2026-03-31 21:15:02.084] [info] [GemmWS]: total 0.03355648 GFLOPs, 0.03357901 GB
[2026-03-31 21:15:02.084] [info] [GemmWS]: Theoretical time(ms): 0.054688942327629775 Compute time: 0.00025601562470001227 Memory time: 0.054688942327629775
[2026-03-31 21:15:02.090] [info] [GemmWs] Keys K = 2048, N = 1, M = 96
[2026-03-31 21:15:02.090] [info] [GemmWS]: total 0.00039331202 GFLOPs, 0.00039769599 GB
[2026-03-31 21:15:02.090] [info] [GemmWS]: Theoretical time(ms): 0.0006477133069893171 Compute time: 3.0007325513281558e-06 Memory time: 0.0006477133069893171
[2026-03-31 21:15:02.091] [info] [GemmWs] Keys K = 16, N = 1, M = 2048
[2026-03-31 21:15:02.091] [info] [GemmWS]: total 6.7584e-05 GFLOPs, 7.376e-05 GB
[2026-03-31 21:15:02.091] [info] [GemmWS]: Theoretical time(ms): 0.00012013029504487349 Compute time: 5.156249871518526e-07 Memory time: 0.00012013029504487349
[2026-03-31 21:15:02.096] [info] [GemmWs] Keys K = 2048, N = 1, M = 101
[2026-03-31 21:15:02.096] [info] [GemmWS]: total 0.000413797 GFLOPs, 0.000418196 GB
[2026-03-31 21:15:02.096] [info] [GemmWS]: Theoretical time(ms): 0.000681100971178239 Compute time: 3.1570206449060834e-06 Memory time: 0.000681100971178239
[2026-03-31 21:15:02.106] [info] [GemmWs] Keys K = 101, N = 1, M = 4096
[2026-03-31 21:15:02.106] [info] [GemmWS]: total 0.000831488 GFLOPs, 0.00084397796 GB
[2026-03-31 21:15:02.106] [info] [GemmWS]: Theoretical time(ms): 0.0013745569731327123 Compute time: 6.343749969772716e-06 Memory time: 0.0013745569731327123
[2026-03-31 21:15:02.590] [info] [GemmWs] Keys K = 8192, N = 1, M = 2048
[2026-03-31 21:15:02.590] [info] [GemmWS]: total 0.03355648 GFLOPs, 0.03357901 GB
[2026-03-31 21:15:02.590] [info] [GemmWS]: Theoretical time(ms): 0.054688942327629775 Compute time: 0.00025601562470001227 Memory time: 0.054688942327629775
[2026-03-31 21:15:02.595] [info] [GemmWs] Keys K = 2048, N = 1, M = 96
[2026-03-31 21:15:02.595] [info] [GemmWS]: total 0.00039331202 GFLOPs, 0.00039769599 GB
[2026-03-31 21:15:02.595] [info] [GemmWS]: Theoretical time(ms): 0.0006477133069893171 Compute time: 3.0007325513281558e-06 Memory time: 0.0006477133069893171
[2026-03-31 21:15:02.596] [info] [GemmWs] Keys K = 16, N = 1, M = 2048
[2026-03-31 21:15:02.596] [info] [GemmWS]: total 6.7584e-05 GFLOPs, 7.376e-05 GB
[2026-03-31 21:15:02.596] [info] [GemmWS]: Theoretical time(ms): 0.00012013029504487349 Compute time: 5.156249871518526e-07 Memory time: 0.00012013029504487349
[2026-03-31 21:15:02.602] [info] [GemmWs] Keys K = 2048, N = 1, M = 101
[2026-03-31 21:15:02.602] [info] [GemmWS]: total 0.000413797 GFLOPs, 0.000418196 GB
[2026-03-31 21:15:02.602] [info] [GemmWS]: Theoretical time(ms): 0.000681100971178239 Compute time: 3.1570206449060834e-06 Memory time: 0.000681100971178239
[2026-03-31 21:15:02.602] [info] ./models/mamba-370m-s128-b2/mamba-370m-s128-b2.onnx Model initialization time: 1.342676 seconds
[2026-03-31 21:15:02.613] [info] Schedule model: mamba-370m-s128-b2 at 1000 us
[2026-03-31 21:15:02.613] [info] MODEL mamba-370m-s128-b2 Scheduled, Total Request: 1
[2026-03-31 21:15:02.613] [info] executable layer count 25
[2026-03-31 21:15:02.613] [info] Start layer Identity_16
[2026-03-31 21:15:02.613] [info] Issue tile Identity_16 on core 0, spad_id 1, accum_spad_id 1
[2026-03-31 21:15:02.614] [info] HBM2-CH_0: BW utilization 0% (0 reads, 0 writes)
[2026-03-31 21:15:02.921] [info] HBM2-CH_0: BW utilization 0% (1 reads, 0 writes)
[2026-03-31 21:15:02.921] [info] Layer Identity_16 finish at 8000
[2026-03-31 21:15:02.921] [info] Total compute time 8000
[2026-03-31 21:15:02.921] [info] executable layer count 24
[2026-03-31 21:15:02.921] [info] Start layer Identity_17
[2026-03-31 21:15:02.921] [info] Issue tile Identity_17 on core 1, spad_id 1, accum_spad_id 1
[2026-03-31 21:15:03.201] [info] HBM2-CH_0: BW utilization 0% (8 reads, 8 writes)
[2026-03-31 21:15:03.201] [info] Layer Identity_17 finish at 16000
[2026-03-31 21:15:03.201] [info] Total compute time 8000
[2026-03-31 21:15:03.201] [info] executable layer count 23
[2026-03-31 21:15:03.201] [info] Start layer Identity_18
[2026-03-31 21:15:03.201] [info] Issue tile Identity_18 on core 2, spad_id 1, accum_spad_id 1
[2026-03-31 21:15:03.483] [info] HBM2-CH_0: BW utilization 0% (1 reads, 1 writes)
[2026-03-31 21:15:03.484] [info] Layer Identity_18 finish at 24000
[2026-03-31 21:15:03.484] [info] Total compute time 8000
[2026-03-31 21:15:03.484] [info] executable layer count 22
[2026-03-31 21:15:03.484] [info] Start layer Identity_19
[2026-03-31 21:15:03.484] [info] Issue tile Identity_19 on core 3, spad_id 1, accum_spad_id 1
[2026-03-31 21:15:03.775] [info] HBM2-CH_0: BW utilization 0% (8 reads, 7 writes)
[2026-03-31 21:15:03.775] [info] Layer Identity_19 finish at 32000
[2026-03-31 21:15:03.775] [info] Total compute time 8000
[2026-03-31 21:15:03.775] [info] executable layer count 22
[2026-03-31 21:15:03.775] [info] Start layer Identity_20
[2026-03-31 21:15:04.066] [info] HBM2-CH_0: BW utilization 0% (16 reads, 16 writes)
[2026-03-31 21:15:04.067] [info] Layer Identity_20 finish at 40000
[2026-03-31 21:15:04.067] [info] Total compute time 8000
[2026-03-31 21:15:04.067] [info] executable layer count 21
[2026-03-31 21:15:04.067] [info] Start layer Identity_21
[2026-03-31 21:15:04.067] [info] Issue tile Identity_21 on core 1, spad_id 1, accum_spad_id 1
[2026-03-31 21:15:04.371] [info] HBM2-CH_0: BW utilization 0% (8 reads, 7 writes)
[2026-03-31 21:15:04.372] [info] Layer Identity_21 finish at 48000
[2026-03-31 21:15:04.372] [info] Total compute time 8000
[2026-03-31 21:15:04.372] [info] executable layer count 20
[2026-03-31 21:15:04.372] [info] Start layer Identity_22
[2026-03-31 21:15:04.372] [info] Issue tile Identity_22 on core 2, spad_id 1, accum_spad_id 1
[2026-03-31 21:15:04.685] [info] HBM2-CH_0: BW utilization 0% (8 reads, 8 writes)
[2026-03-31 21:15:04.686] [info] Layer Identity_22 finish at 56000
[2026-03-31 21:15:04.686] [info] Total compute time 8000
[2026-03-31 21:15:04.686] [info] executable layer count 19
[2026-03-31 21:15:04.686] [info] Start layer /blocks.0/in_proj/Gemm
[2026-03-31 21:15:04.686] [info] Issue tile Gemm on core 2, spad_id 1, accum_spad_id 1
[2026-03-31 21:15:04.686] [info] Issue tile Gemm on core 3, spad_id 1, accum_spad_id 1
[2026-03-31 21:15:05.001] [info] HBM2-CH_0: BW utilization 4% (417 reads, 3 writes)
[2026-03-31 21:15:05.002] [info] Issue tile Gemm on core 0, spad_id 1, accum_spad_id 1
[2026-03-31 21:15:05.002] [info] Issue tile Gemm on core 1, spad_id 1, accum_spad_id 1
[2026-03-31 21:15:05.002] [info] Issue tile Gemm on core 2, spad_id 1, accum_spad_id 1
[2026-03-31 21:15:05.002] [info] Issue tile Gemm on core 3, spad_id 1, accum_spad_id 1
[2026-03-31 21:15:05.282] [info] HBM2-CH_0: BW utilization 2% (208 reads, 2 writes)
[2026-03-31 21:15:05.283] [info] Issue tile Gemm on core 0, spad_id 0, accum_spad_id 0
[2026-03-31 21:15:05.283] [info] Issue tile Gemm on core 1, spad_id 0, accum_spad_id 0
[2026-03-31 21:15:05.283] [info] Issue tile Gemm on core 2, spad_id 0, accum_spad_id 0
[2026-03-31 21:15:05.283] [info] Issue tile Gemm on core 3, spad_id 0, accum_spad_id 0
[2026-03-31 21:15:05.581] [info] HBM2-CH_0: BW utilization 2% (208 reads, 2 writes)
[2026-03-31 21:15:05.582] [info] Issue tile Gemm on core 0, spad_id 1, accum_spad_id 1
[2026-03-31 21:15:05.582] [info] Issue tile Gemm on core 1, spad_id 1, accum_spad_id 1
[2026-03-31 21:15:05.583] [info] Issue tile Gemm on core 2, spad_id 1, accum_spad_id 1
[2026-03-31 21:15:05.583] [info] Issue tile Gemm on core 3, spad_id 1, accum_spad_id 1
[2026-03-31 21:15:05.881] [info] HBM2-CH_0: BW utilization 2% (208 reads, 3 writes)
[2026-03-31 21:15:05.882] [info] Issue tile Gemm on core 0, spad_id 0, accum_spad_id 0
[2026-03-31 21:15:05.882] [info] Issue tile Gemm on core 1, spad_id 0, accum_spad_id 0
[2026-03-31 21:15:05.882] [info] Issue tile Gemm on core 2, spad_id 0, accum_spad_id 0
[2026-03-31 21:15:05.882] [info] Issue tile Gemm on core 3, spad_id 0, accum_spad_id 0
[2026-03-31 21:15:06.178] [info] HBM2-CH_0: BW utilization 2% (208 reads, 2 writes)
[2026-03-31 21:15:06.179] [info] Issue tile Gemm on core 0, spad_id 1, accum_spad_id 1
[2026-03-31 21:15:06.179] [info] Issue tile Gemm on core 1, spad_id 1, accum_spad_id 1
[2026-03-31 21:15:06.179] [info] Issue tile Gemm on core 2, spad_id 1, accum_spad_id 1
[2026-03-31 21:15:06.179] [info] Issue tile Gemm on core 3, spad_id 1, accum_spad_id 1
[2026-03-31 21:15:06.480] [info] HBM2-CH_0: BW utilization 2% (208 reads, 1 writes)
[2026-03-31 21:15:06.481] [info] Issue tile Gemm on core 0, spad_id 0, accum_spad_id 0
[2026-03-31 21:15:06.481] [info] Issue tile Gemm on core 1, spad_id 0, accum_spad_id 0
[2026-03-31 21:15:06.481] [info] Issue tile Gemm on core 2, spad_id 0, accum_spad_id 0
[2026-03-31 21:15:06.481] [info] Issue tile Gemm on core 3, spad_id 0, accum_spad_id 0
[2026-03-31 21:15:06.770] [info] HBM2-CH_0: BW utilization 2% (207 reads, 2 writes)
[2026-03-31 21:15:07.083] [info] HBM2-CH_0: BW utilization 0% (0 reads, 0 writes)
[2026-03-31 21:15:07.085] [info] Layer /blocks.0/in_proj/Gemm finish at 120000
[2026-03-31 21:15:07.085] [info] Total compute time 64000
[2026-03-31 21:15:07.085] [info] executable layer count 18
[2026-03-31 21:15:07.085] [info] Start layer /blocks.0/Constant
[2026-03-31 21:15:07.085] [info] Issue tile /blocks.0/Constant on core 3, spad_id 1, accum_spad_id 1
[2026-03-31 21:15:07.393] [info] HBM2-CH_0: BW utilization 0% (1 reads, 0 writes)
[2026-03-31 21:15:07.395] [info] Layer /blocks.0/Constant finish at 128000
[2026-03-31 21:15:07.395] [info] Total compute time 8000
[2026-03-31 21:15:07.395] [info] executable layer count 17
[2026-03-31 21:15:07.395] [info] Start layer /blocks.0/Constant_1
[2026-03-31 21:15:07.699] [info] HBM2-CH_0: BW utilization 0% (1 reads, 1 writes)
[2026-03-31 21:15:07.701] [info] Layer /blocks.0/Constant_1 finish at 136000
[2026-03-31 21:15:07.701] [info] Total compute time 8000
[2026-03-31 21:15:07.701] [info] executable layer count 16
[2026-03-31 21:15:07.701] [info] Start layer /blocks.0/Constant_2
[2026-03-31 21:15:07.701] [info] Issue tile /blocks.0/Constant_2 on core 1, spad_id 1, accum_spad_id 1
[2026-03-31 21:15:07.994] [info] HBM2-CH_0: BW utilization 0% (1 reads, 0 writes)
[2026-03-31 21:15:07.996] [info] Layer /blocks.0/Constant_2 finish at 144000
[2026-03-31 21:15:07.996] [info] Total compute time 8000
[2026-03-31 21:15:07.996] [info] executable layer count 15
[2026-03-31 21:15:07.996] [info] Start layer /blocks.0/Constant_3
[2026-03-31 21:15:07.996] [info] Issue tile /blocks.0/Constant_3 on core 2, spad_id 1, accum_spad_id 1
[2026-03-31 21:15:08.286] [info] HBM2-CH_0: BW utilization 0% (1 reads, 0 writes)
[2026-03-31 21:15:08.289] [info] Layer /blocks.0/Constant_3 finish at 152000
[2026-03-31 21:15:08.289] [info] Total compute time 8000
[2026-03-31 21:15:08.289] [info] executable layer count 15
[2026-03-31 21:15:08.289] [info] Start layer /blocks.0/conv_proj/Gemm
[2026-03-31 21:15:08.289] [info] Issue tile Gemm on core 2, spad_id 1, accum_spad_id 1
[2026-03-31 21:15:08.289] [info] Issue tile Gemm on core 3, spad_id 1, accum_spad_id 1
[2026-03-31 21:15:10.708] [info] HBM2-CH_0: BW utilization 69% (6652 reads, 0 writes)
[2026-03-31 21:15:10.728] [info] Issue tile Gemm on core 2, spad_id 1, accum_spad_id 1
[2026-03-31 21:15:12.171] [info] HBM2-CH_0: BW utilization 30% (2959 reads, 1 writes)
[2026-03-31 21:15:12.173] [info] Issue tile Gemm on core 0, spad_id 1, accum_spad_id 1
[2026-03-31 21:15:12.173] [info] Issue tile Gemm on core 1, spad_id 1, accum_spad_id 1
[2026-03-31 21:15:12.173] [info] Issue tile Gemm on core 2, spad_id 0, accum_spad_id 1
[2026-03-31 21:15:12.173] [info] Issue tile Gemm on core 3, spad_id 1, accum_spad_id 1
[2026-03-31 21:15:13.314] [info] HBM2-CH_0: BW utilization 29% (2840 reads, 1 writes)
[2026-03-31 21:15:13.316] [info] Issue tile Gemm on core 0, spad_id 0, accum_spad_id 1
[2026-03-31 21:15:13.316] [info] Issue tile Gemm on core 1, spad_id 0, accum_spad_id 1
[2026-03-31 21:15:13.316] [info] Issue tile Gemm on core 2, spad_id 1, accum_spad_id 1
[2026-03-31 21:15:13.316] [info] Issue tile Gemm on core 3, spad_id 0, accum_spad_id 0
[2026-03-31 21:15:15.562] [info] HBM2-CH_0: BW utilization 56% (5417 reads, 0 writes)
[2026-03-31 21:15:15.565] [info] Issue tile Gemm on core 0, spad_id 1, accum_spad_id 1
[2026-03-31 21:15:15.565] [info] Issue tile Gemm on core 1, spad_id 1, accum_spad_id 1
[2026-03-31 21:15:15.565] [info] Issue tile Gemm on core 2, spad_id 0, accum_spad_id 1
[2026-03-31 21:15:15.565] [info] Issue tile Gemm on core 3, spad_id 1, accum_spad_id 1
[2026-03-31 21:15:17.683] [info] HBM2-CH_0: BW utilization 43% (4128 reads, 0 writes)
[2026-03-31 21:15:17.688] [info] Issue tile Gemm on core 0, spad_id 0, accum_spad_id 1
[2026-03-31 21:15:17.688] [info] Issue tile Gemm on core 1, spad_id 0, accum_spad_id 1
[2026-03-31 21:15:17.688] [info] Issue tile Gemm on core 2, spad_id 1, accum_spad_id 1
[2026-03-31 21:15:17.688] [info] Issue tile Gemm on core 3, spad_id 0, accum_spad_id 0
[2026-03-31 21:15:18.977] [info] HBM2-CH_0: BW utilization 29% (2840 reads, 1 writes)
[2026-03-31 21:15:18.980] [info] Issue tile Gemm on core 0, spad_id 1, accum_spad_id 1
[2026-03-31 21:15:18.981] [info] Issue tile Gemm on core 1, spad_id 1, accum_spad_id 1
[2026-03-31 21:15:18.981] [info] Issue tile Gemm on core 2, spad_id 0, accum_spad_id 1
[2026-03-31 21:15:18.981] [info] Issue tile Gemm on core 3, spad_id 1, accum_spad_id 1
[2026-03-31 21:15:21.447] [info] HBM2-CH_0: BW utilization 56% (5417 reads, 0 writes)
[2026-03-31 21:15:21.450] [info] Issue tile Gemm on core 0, spad_id 0, accum_spad_id 1
[2026-03-31 21:15:21.450] [info] Issue tile Gemm on core 1, spad_id 0, accum_spad_id 1
[2026-03-31 21:15:21.450] [info] Issue tile Gemm on core 2, spad_id 1, accum_spad_id 1
[2026-03-31 21:15:21.450] [info] Issue tile Gemm on core 3, spad_id 0, accum_spad_id 0
[2026-03-31 21:15:23.652] [info] HBM2-CH_0: BW utilization 43% (4129 reads, 1 writes)
[2026-03-31 21:15:23.655] [info] Issue tile Gemm on core 0, spad_id 1, accum_spad_id 1
[2026-03-31 21:15:23.655] [info] Issue tile Gemm on core 1, spad_id 1, accum_spad_id 1
[2026-03-31 21:15:23.655] [info] Issue tile Gemm on core 2, spad_id 0, accum_spad_id 1
[2026-03-31 21:15:23.655] [info] Issue tile Gemm on core 3, spad_id 1, accum_spad_id 1
[2026-03-31 21:15:24.859] [info] HBM2-CH_0: BW utilization 29% (2839 reads, 1 writes)
[2026-03-31 21:15:24.863] [info] Issue tile Gemm on core 0, spad_id 0, accum_spad_id 1
[2026-03-31 21:15:24.863] [info] Issue tile Gemm on core 1, spad_id 0, accum_spad_id 1
[2026-03-31 21:15:24.863] [info] Issue tile Gemm on core 2, spad_id 1, accum_spad_id 1
[2026-03-31 21:15:24.863] [info] Issue tile Gemm on core 3, spad_id 0, accum_spad_id 0
[2026-03-31 21:15:27.291] [info] HBM2-CH_0: BW utilization 56% (5418 reads, 0 writes)
[2026-03-31 21:15:27.294] [info] Issue tile Gemm on core 0, spad_id 1, accum_spad_id 1
[2026-03-31 21:15:27.294] [info] Issue tile Gemm on core 1, spad_id 1, accum_spad_id 1
[2026-03-31 21:15:27.294] [info] Issue tile Gemm on core 2, spad_id 0, accum_spad_id 1
[2026-03-31 21:15:27.294] [info] Issue tile Gemm on core 3, spad_id 1, accum_spad_id 1
[2026-03-31 21:15:29.497] [info] HBM2-CH_0: BW utilization 43% (4128 reads, 0 writes)
[2026-03-31 21:15:29.501] [info] Issue tile Gemm on core 0, spad_id 0, accum_spad_id 1
[2026-03-31 21:15:29.501] [info] Issue tile Gemm on core 1, spad_id 0, accum_spad_id 1
[2026-03-31 21:15:29.502] [info] Issue tile Gemm on core 2, spad_id 1, accum_spad_id 1
[2026-03-31 21:15:29.502] [info] Issue tile Gemm on core 3, spad_id 0, accum_spad_id 0
[2026-03-31 21:15:30.649] [info] HBM2-CH_0: BW utilization 29% (2840 reads, 1 writes)
[2026-03-31 21:15:30.653] [info] Issue tile Gemm on core 0, spad_id 1, accum_spad_id 1
[2026-03-31 21:15:30.653] [info] Issue tile Gemm on core 1, spad_id 1, accum_spad_id 1
[2026-03-31 21:15:30.653] [info] Issue tile Gemm on core 2, spad_id 0, accum_spad_id 1
[2026-03-31 21:15:30.653] [info] Issue tile Gemm on core 3, spad_id 1, accum_spad_id 1
[2026-03-31 21:15:32.890] [info] HBM2-CH_0: BW utilization 56% (5417 reads, 0 writes)
[2026-03-31 21:15:32.894] [info] Issue tile Gemm on core 0, spad_id 0, accum_spad_id 1
[2026-03-31 21:15:32.894] [info] Issue tile Gemm on core 1, spad_id 0, accum_spad_id 1
[2026-03-31 21:15:32.894] [info] Issue tile Gemm on core 2, spad_id 1, accum_spad_id 1
[2026-03-31 21:15:32.894] [info] Issue tile Gemm on core 3, spad_id 0, accum_spad_id 0
[2026-03-31 21:15:34.948] [info] HBM2-CH_0: BW utilization 43% (4129 reads, 0 writes)
[2026-03-31 21:15:34.952] [info] Issue tile Gemm on core 0, spad_id 1, accum_spad_id 1
[2026-03-31 21:15:34.952] [info] Issue tile Gemm on core 1, spad_id 1, accum_spad_id 1
[2026-03-31 21:15:34.955] [info] Issue tile Gemm on core 2, spad_id 0, accum_spad_id 1
[2026-03-31 21:15:34.955] [info] Issue tile Gemm on core 3, spad_id 1, accum_spad_id 1
[2026-03-31 21:15:36.123] [info] HBM2-CH_0: BW utilization 29% (2839 reads, 1 writes)
[2026-03-31 21:15:36.126] [info] Issue tile Gemm on core 0, spad_id 0, accum_spad_id 1
[2026-03-31 21:15:36.126] [info] Issue tile Gemm on core 1, spad_id 0, accum_spad_id 1
[2026-03-31 21:15:36.126] [info] Issue tile Gemm on core 3, spad_id 0, accum_spad_id 0
[2026-03-31 21:15:36.832] [info] HBM2-CH_0: BW utilization 42% (4064 reads, 0 writes)
[2026-03-31 21:15:37.023] [info] HBM2-CH_0: BW utilization 0% (0 reads, 0 writes)
[2026-03-31 21:15:37.026] [info] Layer /blocks.0/conv_proj/Gemm finish at 288000
[2026-03-31 21:15:37.026] [info] Total compute time 136000
[2026-03-31 21:15:37.026] [info] executable layer count 15
[2026-03-31 21:15:37.026] [info] Start layer /blocks.0/Constant_4
[2026-03-31 21:15:37.026] [info] Issue tile /blocks.0/Constant_4 on core 3, spad_id 1, accum_spad_id 1
[2026-03-31 21:15:37.196] [info] HBM2-CH_0: BW utilization 0% (1 reads, 0 writes)
[2026-03-31 21:15:37.199] [info] Layer /blocks.0/Constant_4 finish at 296000
[2026-03-31 21:15:37.199] [info] Total compute time 8000
[2026-03-31 21:15:37.199] [info] executable layer count 14
[2026-03-31 21:15:37.199] [info] Start layer /blocks.0/Constant_5
[2026-03-31 21:15:37.369] [info] HBM2-CH_0: BW utilization 0% (1 reads, 0 writes)
[2026-03-31 21:15:37.372] [info] Layer /blocks.0/Constant_5 finish at 304000
[2026-03-31 21:15:37.372] [info] Total compute time 8000
[2026-03-31 21:15:37.372] [info] executable layer count 13
[2026-03-31 21:15:37.372] [info] Start layer /blocks.0/Constant_6
[2026-03-31 21:15:37.535] [info] HBM2-CH_0: BW utilization 0% (1 reads, 0 writes)
[2026-03-31 21:15:37.537] [info] Layer /blocks.0/Constant_6 finish at 312000
[2026-03-31 21:15:37.537] [info] Total compute time 8000
[2026-03-31 21:15:37.537] [info] executable layer count 12
[2026-03-31 21:15:37.537] [info] Start layer /blocks.0/Constant_7
[2026-03-31 21:15:37.537] [info] Issue tile /blocks.0/Constant_7 on core 1, spad_id 1, accum_spad_id 1
[2026-03-31 21:15:37.720] [info] HBM2-CH_0: BW utilization 0% (1 reads, 0 writes)
[2026-03-31 21:15:37.725] [info] Layer /blocks.0/Constant_7 finish at 320000
[2026-03-31 21:15:37.725] [info] Total compute time 8000
[2026-03-31 21:15:37.726] [info] executable layer count 11
[2026-03-31 21:15:37.726] [info] Start layer /blocks.1/Constant
[2026-03-31 21:15:37.726] [info] Issue tile /blocks.1/Constant on core 3, spad_id 1, accum_spad_id 1
[2026-03-31 21:15:38.034] [info] HBM2-CH_0: BW utilization 0% (1 reads, 0 writes)
[2026-03-31 21:15:38.039] [info] Layer /blocks.1/Constant finish at 328000
[2026-03-31 21:15:38.039] [info] Total compute time 8000
[2026-03-31 21:15:38.039] [info] executable layer count 10
[2026-03-31 21:15:38.039] [info] Start layer /blocks.1/Constant_1
[2026-03-31 21:15:38.352] [info] HBM2-CH_0: BW utilization 0% (1 reads, 0 writes)
[2026-03-31 21:15:38.358] [info] Layer /blocks.1/Constant_1 finish at 336000
[2026-03-31 21:15:38.358] [info] Total compute time 8000
[2026-03-31 21:15:38.358] [info] executable layer count 9
[2026-03-31 21:15:38.358] [info] Start layer /blocks.1/Constant_2
[2026-03-31 21:15:38.669] [info] HBM2-CH_0: BW utilization 0% (1 reads, 0 writes)
[2026-03-31 21:15:38.674] [info] Layer /blocks.1/Constant_2 finish at 344000
[2026-03-31 21:15:38.674] [info] Total compute time 8000
[2026-03-31 21:15:38.674] [info] executable layer count 8
[2026-03-31 21:15:38.674] [info] Start layer /blocks.1/Constant_3
[2026-03-31 21:15:38.674] [info] Issue tile /blocks.1/Constant_3 on core 1, spad_id 1, accum_spad_id 1
[2026-03-31 21:15:38.977] [info] HBM2-CH_0: BW utilization 0% (1 reads, 0 writes)
[2026-03-31 21:15:38.982] [info] Layer /blocks.1/Constant_3 finish at 352000
[2026-03-31 21:15:38.982] [info] Total compute time 8000
[2026-03-31 21:15:38.982] [info] executable layer count 7
[2026-03-31 21:15:38.982] [info] Start layer /blocks.1/Constant_4
[2026-03-31 21:15:38.982] [info] Issue tile /blocks.1/Constant_4 on core 3, spad_id 1, accum_spad_id 1
[2026-03-31 21:15:39.273] [info] HBM2-CH_0: BW utilization 0% (1 reads, 0 writes)
[2026-03-31 21:15:39.278] [info] Layer /blocks.1/Constant_4 finish at 360000
[2026-03-31 21:15:39.278] [info] Total compute time 8000
[2026-03-31 21:15:39.278] [info] executable layer count 6
[2026-03-31 21:15:39.278] [info] Start layer /blocks.1/Constant_5
[2026-03-31 21:15:39.547] [info] HBM2-CH_0: BW utilization 0% (1 reads, 0 writes)
[2026-03-31 21:15:39.552] [info] Layer /blocks.1/Constant_5 finish at 368000
[2026-03-31 21:15:39.552] [info] Total compute time 8000
[2026-03-31 21:15:39.552] [info] executable layer count 5
[2026-03-31 21:15:39.552] [info] Start layer /blocks.1/Constant_6
[2026-03-31 21:15:39.847] [info] HBM2-CH_0: BW utilization 0% (1 reads, 0 writes)
[2026-03-31 21:15:39.853] [info] Layer /blocks.1/Constant_6 finish at 376000
[2026-03-31 21:15:39.853] [info] Total compute time 8000
[2026-03-31 21:15:39.853] [info] executable layer count 4
[2026-03-31 21:15:39.853] [info] Start layer /blocks.1/Constant_7
[2026-03-31 21:15:39.853] [info] Issue tile /blocks.1/Constant_7 on core 1, spad_id 1, accum_spad_id 1
[2026-03-31 21:15:40.160] [info] HBM2-CH_0: BW utilization 0% (1 reads, 0 writes)
[2026-03-31 21:15:40.166] [info] Layer /blocks.1/Constant_7 finish at 384000
[2026-03-31 21:15:40.166] [info] Total compute time 8000
[2026-03-31 21:15:40.166] [info] executable layer count 3
[2026-03-31 21:15:40.166] [info] Start layer /blocks.1/conv_proj/Gemm
[2026-03-31 21:15:40.166] [info] Issue tile Gemm on core 1, spad_id 1, accum_spad_id 1
[2026-03-31 21:15:40.166] [info] Issue tile Gemm on core 2, spad_id 1, accum_spad_id 1
[2026-03-31 21:15:40.166] [info] Issue tile Gemm on core 3, spad_id 1, accum_spad_id 1
[2026-03-31 21:15:42.657] [info] HBM2-CH_0: BW utilization 61% (5904 reads, 0 writes)
[2026-03-31 21:15:42.702] [info] Issue tile Gemm on core 1, spad_id 1, accum_spad_id 1
[2026-03-31 21:15:43.934] [info] HBM2-CH_0: BW utilization 38% (3706 reads, 1 writes)
[2026-03-31 21:15:43.937] [info] Issue tile Gemm on core 0, spad_id 1, accum_spad_id 1
[2026-03-31 21:15:43.941] [info] Issue tile Gemm on core 1, spad_id 0, accum_spad_id 1
[2026-03-31 21:15:43.941] [info] Issue tile Gemm on core 2, spad_id 1, accum_spad_id 1
[2026-03-31 21:15:43.941] [info] Issue tile Gemm on core 3, spad_id 1, accum_spad_id 1
[2026-03-31 21:15:44.474] [info] HBM2-CH_0: BW utilization 29% (2836 reads, 1 writes)
[2026-03-31 21:15:44.477] [info] Issue tile Gemm on core 0, spad_id 0, accum_spad_id 1
[2026-03-31 21:15:44.477] [info] Issue tile Gemm on core 1, spad_id 1, accum_spad_id 1
[2026-03-31 21:15:44.477] [info] Issue tile Gemm on core 2, spad_id 0, accum_spad_id 1
[2026-03-31 21:15:44.477] [info] Issue tile Gemm on core 3, spad_id 0, accum_spad_id 0
[2026-03-31 21:15:45.722] [info] HBM2-CH_0: BW utilization 56% (5418 reads, 0 writes)
[2026-03-31 21:15:45.726] [info] Issue tile Gemm on core 0, spad_id 1, accum_spad_id 1
[2026-03-31 21:15:45.726] [info] Issue tile Gemm on core 1, spad_id 0, accum_spad_id 1
[2026-03-31 21:15:45.726] [info] Issue tile Gemm on core 2, spad_id 1, accum_spad_id 1
[2026-03-31 21:15:45.728] [info] Issue tile Gemm on core 3, spad_id 1, accum_spad_id 1
[2026-03-31 21:15:47.564] [info] HBM2-CH_0: BW utilization 43% (4128 reads, 1 writes)
[2026-03-31 21:15:47.569] [info] Issue tile Gemm on core 0, spad_id 0, accum_spad_id 1
[2026-03-31 21:15:47.569] [info] Issue tile Gemm on core 1, spad_id 1, accum_spad_id 1
[2026-03-31 21:15:47.569] [info] Issue tile Gemm on core 2, spad_id 0, accum_spad_id 1
[2026-03-31 21:15:47.569] [info] Issue tile Gemm on core 3, spad_id 0, accum_spad_id 0
[2026-03-31 21:15:48.802] [info] HBM2-CH_0: BW utilization 29% (2837 reads, 1 writes)
[2026-03-31 21:15:48.808] [info] Issue tile Gemm on core 0, spad_id 1, accum_spad_id 1
[2026-03-31 21:15:48.810] [info] Issue tile Gemm on core 1, spad_id 0, accum_spad_id 1
[2026-03-31 21:15:48.810] [info] Issue tile Gemm on core 2, spad_id 1, accum_spad_id 1
[2026-03-31 21:15:48.810] [info] Issue tile Gemm on core 3, spad_id 1, accum_spad_id 1
[2026-03-31 21:15:51.225] [info] HBM2-CH_0: BW utilization 56% (5417 reads, 0 writes)
[2026-03-31 21:15:51.232] [info] Issue tile Gemm on core 0, spad_id 0, accum_spad_id 1
[2026-03-31 21:15:51.232] [info] Issue tile Gemm on core 1, spad_id 1, accum_spad_id 1
[2026-03-31 21:15:51.232] [info] Issue tile Gemm on core 2, spad_id 0, accum_spad_id 1
[2026-03-31 21:15:51.232] [info] Issue tile Gemm on core 3, spad_id 0, accum_spad_id 0
[2026-03-31 21:15:53.034] [info] HBM2-CH_0: BW utilization 43% (4128 reads, 1 writes)
[2026-03-31 21:15:53.039] [info] Issue tile Gemm on core 0, spad_id 1, accum_spad_id 1
[2026-03-31 21:15:53.039] [info] Issue tile Gemm on core 1, spad_id 0, accum_spad_id 1
[2026-03-31 21:15:53.039] [info] Issue tile Gemm on core 2, spad_id 1, accum_spad_id 1
[2026-03-31 21:15:53.039] [info] Issue tile Gemm on core 3, spad_id 1, accum_spad_id 1
[2026-03-31 21:15:54.159] [info] HBM2-CH_0: BW utilization 29% (2837 reads, 1 writes)
[2026-03-31 21:15:54.165] [info] Issue tile Gemm on core 0, spad_id 0, accum_spad_id 1
[2026-03-31 21:15:54.165] [info] Issue tile Gemm on core 1, spad_id 1, accum_spad_id 1
[2026-03-31 21:15:54.165] [info] Issue tile Gemm on core 2, spad_id 0, accum_spad_id 1
[2026-03-31 21:15:54.165] [info] Issue tile Gemm on core 3, spad_id 0, accum_spad_id 0
[2026-03-31 21:15:56.413] [info] HBM2-CH_0: BW utilization 56% (5417 reads, 0 writes)
[2026-03-31 21:15:56.419] [info] Issue tile Gemm on core 0, spad_id 1, accum_spad_id 1
[2026-03-31 21:15:56.420] [info] Issue tile Gemm on core 1, spad_id 0, accum_spad_id 1
[2026-03-31 21:15:56.420] [info] Issue tile Gemm on core 2, spad_id 1, accum_spad_id 1
[2026-03-31 21:15:56.420] [info] Issue tile Gemm on core 3, spad_id 1, accum_spad_id 1
[2026-03-31 21:15:58.227] [info] HBM2-CH_0: BW utilization 43% (4129 reads, 0 writes)
[2026-03-31 21:15:58.233] [info] Issue tile Gemm on core 0, spad_id 0, accum_spad_id 1
[2026-03-31 21:15:58.233] [info] Issue tile Gemm on core 1, spad_id 1, accum_spad_id 1
[2026-03-31 21:15:58.233] [info] Issue tile Gemm on core 2, spad_id 0, accum_spad_id 1
[2026-03-31 21:15:58.233] [info] Issue tile Gemm on core 3, spad_id 0, accum_spad_id 0
[2026-03-31 21:15:59.437] [info] HBM2-CH_0: BW utilization 29% (2836 reads, 1 writes)
[2026-03-31 21:15:59.444] [info] Issue tile Gemm on core 0, spad_id 1, accum_spad_id 1
[2026-03-31 21:15:59.445] [info] Issue tile Gemm on core 1, spad_id 0, accum_spad_id 1
[2026-03-31 21:15:59.445] [info] Issue tile Gemm on core 2, spad_id 1, accum_spad_id 1
[2026-03-31 21:15:59.445] [info] Issue tile Gemm on core 3, spad_id 1, accum_spad_id 1
[2026-03-31 21:16:01.717] [info] HBM2-CH_0: BW utilization 56% (5418 reads, 0 writes)
[2026-03-31 21:16:01.723] [info] Issue tile Gemm on core 0, spad_id 0, accum_spad_id 1
[2026-03-31 21:16:01.724] [info] Issue tile Gemm on core 1, spad_id 1, accum_spad_id 1
[2026-03-31 21:16:01.725] [info] Issue tile Gemm on core 2, spad_id 0, accum_spad_id 1
[2026-03-31 21:16:01.725] [info] Issue tile Gemm on core 3, spad_id 0, accum_spad_id 0
[2026-03-31 21:16:03.549] [info] HBM2-CH_0: BW utilization 43% (4128 reads, 1 writes)
[2026-03-31 21:16:03.556] [info] Issue tile Gemm on core 0, spad_id 1, accum_spad_id 1
[2026-03-31 21:16:03.556] [info] Issue tile Gemm on core 1, spad_id 0, accum_spad_id 1
[2026-03-31 21:16:03.556] [info] Issue tile Gemm on core 2, spad_id 1, accum_spad_id 1
[2026-03-31 21:16:03.556] [info] Issue tile Gemm on core 3, spad_id 1, accum_spad_id 1
[2026-03-31 21:16:04.742] [info] HBM2-CH_0: BW utilization 29% (2837 reads, 1 writes)
[2026-03-31 21:16:04.749] [info] Issue tile Gemm on core 0, spad_id 0, accum_spad_id 1
[2026-03-31 21:16:04.750] [info] Issue tile Gemm on core 2, spad_id 0, accum_spad_id 1
[2026-03-31 21:16:04.750] [info] Issue tile Gemm on core 3, spad_id 0, accum_spad_id 0
[2026-03-31 21:16:05.498] [info] HBM2-CH_0: BW utilization 42% (4063 reads, 0 writes)
[2026-03-31 21:16:05.789] [info] HBM2-CH_0: BW utilization 0% (0 reads, 0 writes)
[2026-03-31 21:16:05.796] [info] Layer /blocks.1/conv_proj/Gemm finish at 520000
[2026-03-31 21:16:05.796] [info] Total compute time 136000
[2026-03-31 21:16:05.796] [info] executable layer count 3
[2026-03-31 21:16:05.796] [info] Start layer /blocks.0/Slice
[2026-03-31 21:16:05.796] [info] Issue tile /blocks.0/Slice on core 3, spad_id 1, accum_spad_id 1
[2026-03-31 21:16:06.094] [info] HBM2-CH_0: BW utilization 0% (15 reads, 16 writes)
[2026-03-31 21:16:06.102] [info] Layer /blocks.0/Slice finish at 528000
[2026-03-31 21:16:06.102] [info] Total compute time 8000
[2026-03-31 21:16:06.102] [info] executable layer count 3
[2026-03-31 21:16:06.102] [info] Start layer /blocks.0/Sigmoid
[2026-03-31 21:16:06.411] [info] HBM2-CH_0: BW utilization 0% (7 reads, 8 writes)
[2026-03-31 21:16:06.419] [info] Layer /blocks.0/Sigmoid finish at 536000
[2026-03-31 21:16:06.419] [info] Total compute time 8000
[2026-03-31 21:16:06.419] [info] executable layer count 3
[2026-03-31 21:16:06.419] [info] Start layer /blocks.1/Sigmoid
[2026-03-31 21:16:06.419] [info] Issue tile /blocks.1/Sigmoid on core 2, spad_id 1, accum_spad_id 1
[2026-03-31 21:16:06.721] [info] HBM2-CH_0: BW utilization 0% (9 reads, 8 writes)
[2026-03-31 21:16:06.729] [info] Layer /blocks.1/Sigmoid finish at 544000
[2026-03-31 21:16:06.729] [info] Total compute time 8000
[2026-03-31 21:16:06.729] [info] executable layer count 3
[2026-03-31 21:16:06.729] [info] Start layer /blocks.0/Sigmoid_1
[2026-03-31 21:16:07.018] [info] HBM2-CH_0: BW utilization 0% (16 reads, 16 writes)
[2026-03-31 21:16:07.026] [info] Layer /blocks.0/Sigmoid_1 finish at 552000
[2026-03-31 21:16:07.026] [info] Total compute time 8000
[2026-03-31 21:16:07.026] [info] executable layer count 3
[2026-03-31 21:16:07.026] [info] Start layer /blocks.0/Mul
[2026-03-31 21:16:07.026] [info] Issue tile /blocks.0/Mul on core 3, spad_id 1, accum_spad_id 1
[2026-03-31 21:16:07.313] [info] HBM2-CH_0: BW utilization 0% (15 reads, 7 writes)
[2026-03-31 21:16:07.321] [info] Layer /blocks.0/Mul finish at 560000
[2026-03-31 21:16:07.321] [info] Total compute time 8000
[2026-03-31 21:16:07.321] [info] executable layer count 4
[2026-03-31 21:16:07.321] [info] Start layer /blocks.1/Mul
[2026-03-31 21:16:07.611] [info] HBM2-CH_0: BW utilization 0% (17 reads, 9 writes)
[2026-03-31 21:16:07.619] [info] Layer /blocks.1/Mul finish at 568000
[2026-03-31 21:16:07.619] [info] Total compute time 8000
[2026-03-31 21:16:07.619] [info] executable layer count 5
[2026-03-31 21:16:07.619] [info] Start layer /blocks.0/Mul_2
[2026-03-31 21:16:07.619] [info] Issue tile /blocks.0/Mul_2 on core 2, spad_id 1, accum_spad_id 1
[2026-03-31 21:16:07.896] [info] HBM2-CH_0: BW utilization 0% (32 reads, 16 writes)
[2026-03-31 21:16:07.904] [info] Layer /blocks.0/Mul_2 finish at 576000
[2026-03-31 21:16:07.904] [info] Total compute time 8000
[2026-03-31 21:16:07.904] [info] executable layer count 4
[2026-03-31 21:16:07.904] [info] Start layer /blocks.0/x_proj/Gemm
[2026-03-31 21:16:08.343] [info] HBM2-CH_0: BW utilization 8% (777 reads, 0 writes)
[2026-03-31 21:16:08.353] [info] Layer /blocks.0/x_proj/Gemm finish at 584000
[2026-03-31 21:16:08.353] [info] Total compute time 8000
[2026-03-31 21:16:08.353] [info] executable layer count 4
[2026-03-31 21:16:08.353] [info] Start layer /blocks.0/Mul_1
[2026-03-31 21:16:08.354] [info] Issue tile /blocks.0/Mul_1 on core 3, spad_id 1, accum_spad_id 1
[2026-03-31 21:16:08.655] [info] HBM2-CH_0: BW utilization 0% (15 reads, 8 writes)
[2026-03-31 21:16:08.664] [info] Layer /blocks.0/Mul_1 finish at 592000
[2026-03-31 21:16:08.664] [info] Total compute time 8000
[2026-03-31 21:16:08.664] [info] executable layer count 3
[2026-03-31 21:16:08.664] [info] Start layer /blocks.1/x_proj/Gemm
[2026-03-31 21:16:09.095] [info] HBM2-CH_0: BW utilization 8% (778 reads, 0 writes)
[2026-03-31 21:16:09.104] [info] Layer /blocks.1/x_proj/Gemm finish at 600000
[2026-03-31 21:16:09.104] [info] Total compute time 8000
[2026-03-31 21:16:09.104] [info] executable layer count 3
[2026-03-31 21:16:09.104] [info] Start layer /blocks.1/Mul_1
[2026-03-31 21:16:09.104] [info] Issue tile /blocks.1/Mul_1 on core 2, spad_id 1, accum_spad_id 1
[2026-03-31 21:16:09.401] [info] HBM2-CH_0: BW utilization 0% (16 reads, 9 writes)
[2026-03-31 21:16:09.410] [info] Layer /blocks.1/Mul_1 finish at 608000
[2026-03-31 21:16:09.410] [info] Total compute time 8000
[2026-03-31 21:16:09.410] [info] executable layer count 2
[2026-03-31 21:16:09.410] [info] Start layer /blocks.0/Slice_1
[2026-03-31 21:16:09.704] [info] HBM2-CH_0: BW utilization 0% (0 reads, 1 writes)
[2026-03-31 21:16:09.712] [info] Layer /blocks.0/Slice_1 finish at 616000
[2026-03-31 21:16:09.712] [info] Total compute time 8000
[2026-03-31 21:16:09.712] [info] executable layer count 2
[2026-03-31 21:16:09.712] [info] Start layer /blocks.1/Slice_1
[2026-03-31 21:16:09.712] [info] Issue tile /blocks.1/Slice_1 on core 3, spad_id 1, accum_spad_id 1
[2026-03-31 21:16:09.984] [info] HBM2-CH_0: BW utilization 0% (0 reads, 1 writes)
[2026-03-31 21:16:09.992] [info] Layer /blocks.1/Slice_1 finish at 624000
[2026-03-31 21:16:09.992] [info] Total compute time 8000
[2026-03-31 21:16:09.992] [info] executable layer count 2
[2026-03-31 21:16:09.992] [info] Start layer /blocks.0/ssm_out/Gemm
[2026-03-31 21:16:09.992] [info] Issue tile Gemm on core 3, spad_id 1, accum_spad_id 1
[2026-03-31 21:16:10.244] [info] HBM2-CH_0: BW utilization 0% (75 reads, 4 writes)
[2026-03-31 21:16:10.252] [info] Issue tile Gemm on core 0, spad_id 1, accum_spad_id 1
[2026-03-31 21:16:10.252] [info] Issue tile Gemm on core 1, spad_id 1, accum_spad_id 1
[2026-03-31 21:16:10.252] [info] Issue tile Gemm on core 2, spad_id 1, accum_spad_id 1
[2026-03-31 21:16:10.252] [info] Issue tile Gemm on core 3, spad_id 1, accum_spad_id 1
[2026-03-31 21:16:10.499] [info] HBM2-CH_0: BW utilization 0% (39 reads, 2 writes)
[2026-03-31 21:16:10.508] [info] Issue tile Gemm on core 0, spad_id 0, accum_spad_id 0
[2026-03-31 21:16:10.508] [info] Issue tile Gemm on core 1, spad_id 0, accum_spad_id 0
[2026-03-31 21:16:10.508] [info] Issue tile Gemm on core 2, spad_id 0, accum_spad_id 0
[2026-03-31 21:16:10.508] [info] Issue tile Gemm on core 3, spad_id 0, accum_spad_id 0
[2026-03-31 21:16:10.766] [info] HBM2-CH_0: BW utilization 0% (37 reads, 2 writes)
[2026-03-31 21:16:11.071] [info] HBM2-CH_0: BW utilization 0% (0 reads, 0 writes)
[2026-03-31 21:16:11.080] [info] Layer /blocks.0/ssm_out/Gemm finish at 656000
[2026-03-31 21:16:11.080] [info] Total compute time 32000
[2026-03-31 21:16:11.080] [info] executable layer count 2
[2026-03-31 21:16:11.080] [info] Start layer /blocks.1/ssm_out/Gemm
[2026-03-31 21:16:11.080] [info] Issue tile Gemm on core 3, spad_id 1, accum_spad_id 1
[2026-03-31 21:16:11.328] [info] HBM2-CH_0: BW utilization 0% (68 reads, 4 writes)
[2026-03-31 21:16:11.336] [info] Issue tile Gemm on core 0, spad_id 1, accum_spad_id 1
[2026-03-31 21:16:11.336] [info] Issue tile Gemm on core 1, spad_id 1, accum_spad_id 1
[2026-03-31 21:16:11.336] [info] Issue tile Gemm on core 2, spad_id 1, accum_spad_id 1
[2026-03-31 21:16:11.336] [info] Issue tile Gemm on core 3, spad_id 1, accum_spad_id 1
[2026-03-31 21:16:11.600] [info] HBM2-CH_0: BW utilization 0% (34 reads, 2 writes)
[2026-03-31 21:16:11.609] [info] Issue tile Gemm on core 0, spad_id 0, accum_spad_id 0
[2026-03-31 21:16:11.609] [info] Issue tile Gemm on core 1, spad_id 0, accum_spad_id 0
[2026-03-31 21:16:11.609] [info] Issue tile Gemm on core 2, spad_id 0, accum_spad_id 0
[2026-03-31 21:16:11.609] [info] Issue tile Gemm on core 3, spad_id 0, accum_spad_id 0
[2026-03-31 21:16:11.883] [info] HBM2-CH_0: BW utilization 0% (35 reads, 2 writes)
[2026-03-31 21:16:12.195] [info] HBM2-CH_0: BW utilization 0% (0 reads, 0 writes)
[2026-03-31 21:16:12.206] [info] Layer /blocks.1/ssm_out/Gemm finish at 688000
[2026-03-31 21:16:12.206] [info] Total compute time 32000
[2026-03-31 21:16:12.206] [info] executable layer count 2
[2026-03-31 21:16:12.206] [info] Start layer /blocks.0/Add
[2026-03-31 21:16:12.515] [info] HBM2-CH_0: BW utilization 0% (16 reads, 8 writes)
[2026-03-31 21:16:12.526] [info] Layer /blocks.0/Add finish at 696000
[2026-03-31 21:16:12.526] [info] Total compute time 8000
[2026-03-31 21:16:12.526] [info] executable layer count 2
[2026-03-31 21:16:12.526] [info] Start layer /blocks.1/Add
[2026-03-31 21:16:12.822] [info] HBM2-CH_0: BW utilization 0% (17 reads, 8 writes)
[2026-03-31 21:16:12.833] [info] Layer /blocks.1/Add finish at 704000
[2026-03-31 21:16:12.833] [info] Total compute time 8000
[2026-03-31 21:16:12.833] [info] executable layer count 1
[2026-03-31 21:16:12.833] [info] Start layer /blocks.0/Mul_3
[2026-03-31 21:16:13.132] [info] HBM2-CH_0: BW utilization 0% (32 reads, 16 writes)
[2026-03-31 21:16:13.142] [info] Layer /blocks.0/Mul_3 finish at 712000
[2026-03-31 21:16:13.142] [info] Total compute time 8000
[2026-03-31 21:16:13.142] [info] executable layer count 1
[2026-03-31 21:16:13.142] [info] Start layer /blocks.0/out_proj/Gemm
[2026-03-31 21:16:13.142] [info] Issue tile Gemm on core 3, spad_id 1, accum_spad_id 1
[2026-03-31 21:16:13.575] [info] HBM2-CH_0: BW utilization 8% (818 reads, 0 writes)
[2026-03-31 21:16:13.585] [info] Layer /blocks.0/out_proj/Gemm finish at 720000
[2026-03-31 21:16:13.585] [info] Total compute time 8000
[2026-03-31 21:16:13.586] [info] executable layer count 1
[2026-03-31 21:16:13.586] [info] Start layer /blocks.1/in_proj/Gemm
[2026-03-31 21:16:13.586] [info] Issue tile Gemm on core 3, spad_id 1, accum_spad_id 1
[2026-03-31 21:16:13.900] [info] HBM2-CH_0: BW utilization 4% (408 reads, 5 writes)
[2026-03-31 21:16:13.910] [info] Issue tile Gemm on core 0, spad_id 1, accum_spad_id 1
[2026-03-31 21:16:13.910] [info] Issue tile Gemm on core 1, spad_id 1, accum_spad_id 1
[2026-03-31 21:16:13.910] [info] Issue tile Gemm on core 2, spad_id 1, accum_spad_id 1
[2026-03-31 21:16:13.910] [info] Issue tile Gemm on core 3, spad_id 1, accum_spad_id 1
[2026-03-31 21:16:14.197] [info] HBM2-CH_0: BW utilization 2% (204 reads, 2 writes)
[2026-03-31 21:16:14.207] [info] Issue tile Gemm on core 0, spad_id 0, accum_spad_id 0
[2026-03-31 21:16:14.207] [info] Issue tile Gemm on core 1, spad_id 0, accum_spad_id 0
[2026-03-31 21:16:14.207] [info] Issue tile Gemm on core 2, spad_id 0, accum_spad_id 0
[2026-03-31 21:16:14.207] [info] Issue tile Gemm on core 3, spad_id 0, accum_spad_id 0
[2026-03-31 21:16:14.467] [info] HBM2-CH_0: BW utilization 2% (204 reads, 1 writes)
[2026-03-31 21:16:14.475] [info] Issue tile Gemm on core 0, spad_id 1, accum_spad_id 1
[2026-03-31 21:16:14.475] [info] Issue tile Gemm on core 1, spad_id 1, accum_spad_id 1
[2026-03-31 21:16:14.475] [info] Issue tile Gemm on core 2, spad_id 1, accum_spad_id 1
[2026-03-31 21:16:14.475] [info] Issue tile Gemm on core 3, spad_id 1, accum_spad_id 1
[2026-03-31 21:16:14.726] [info] HBM2-CH_0: BW utilization 2% (204 reads, 2 writes)
[2026-03-31 21:16:14.735] [info] Issue tile Gemm on core 0, spad_id 0, accum_spad_id 0
[2026-03-31 21:16:14.735] [info] Issue tile Gemm on core 1, spad_id 0, accum_spad_id 0
[2026-03-31 21:16:14.735] [info] Issue tile Gemm on core 2, spad_id 0, accum_spad_id 0
[2026-03-31 21:16:14.735] [info] Issue tile Gemm on core 3, spad_id 0, accum_spad_id 0
[2026-03-31 21:16:14.998] [info] HBM2-CH_0: BW utilization 2% (204 reads, 2 writes)
[2026-03-31 21:16:15.008] [info] Issue tile Gemm on core 0, spad_id 1, accum_spad_id 1
[2026-03-31 21:16:15.008] [info] Issue tile Gemm on core 1, spad_id 1, accum_spad_id 1
[2026-03-31 21:16:15.008] [info] Issue tile Gemm on core 2, spad_id 1, accum_spad_id 1
[2026-03-31 21:16:15.008] [info] Issue tile Gemm on core 3, spad_id 1, accum_spad_id 1
[2026-03-31 21:16:15.257] [info] HBM2-CH_0: BW utilization 2% (204 reads, 2 writes)
[2026-03-31 21:16:15.266] [info] Issue tile Gemm on core 0, spad_id 0, accum_spad_id 0
[2026-03-31 21:16:15.266] [info] Issue tile Gemm on core 1, spad_id 0, accum_spad_id 0
[2026-03-31 21:16:15.266] [info] Issue tile Gemm on core 2, spad_id 0, accum_spad_id 0
[2026-03-31 21:16:15.266] [info] Issue tile Gemm on core 3, spad_id 0, accum_spad_id 0
[2026-03-31 21:16:15.512] [info] HBM2-CH_0: BW utilization 2% (204 reads, 3 writes)
[2026-03-31 21:16:15.781] [info] HBM2-CH_0: BW utilization 0% (0 reads, 0 writes)
[2026-03-31 21:16:15.792] [info] Layer /blocks.1/in_proj/Gemm finish at 784000
[2026-03-31 21:16:15.792] [info] Total compute time 64000
[2026-03-31 21:16:15.792] [info] executable layer count 1
[2026-03-31 21:16:15.792] [info] Start layer /blocks.1/Slice
[2026-03-31 21:16:16.058] [info] HBM2-CH_0: BW utilization 0% (17 reads, 16 writes)
[2026-03-31 21:16:16.068] [info] Layer /blocks.1/Slice finish at 792000
[2026-03-31 21:16:16.068] [info] Total compute time 8000
[2026-03-31 21:16:16.068] [info] executable layer count 1
[2026-03-31 21:16:16.068] [info] Start layer /blocks.1/Sigmoid_1
[2026-03-31 21:16:16.329] [info] HBM2-CH_0: BW utilization 0% (16 reads, 17 writes)
[2026-03-31 21:16:16.340] [info] Layer /blocks.1/Sigmoid_1 finish at 800000
[2026-03-31 21:16:16.340] [info] Total compute time 8000
[2026-03-31 21:16:16.340] [info] executable layer count 1
[2026-03-31 21:16:16.340] [info] Start layer /blocks.1/Mul_2
[2026-03-31 21:16:16.615] [info] HBM2-CH_0: BW utilization 0% (33 reads, 16 writes)
[2026-03-31 21:16:16.627] [info] Layer /blocks.1/Mul_2 finish at 808000
[2026-03-31 21:16:16.627] [info] Total compute time 8000
[2026-03-31 21:16:16.627] [info] executable layer count 1
[2026-03-31 21:16:16.627] [info] Start layer /blocks.1/Mul_3
[2026-03-31 21:16:16.627] [info] Issue tile /blocks.1/Mul_3 on core 3, spad_id 1, accum_spad_id 1
[2026-03-31 21:16:16.898] [info] HBM2-CH_0: BW utilization 0% (32 reads, 15 writes)
[2026-03-31 21:16:16.910] [info] Layer /blocks.1/Mul_3 finish at 816000
[2026-03-31 21:16:16.910] [info] Total compute time 8000
[2026-03-31 21:16:16.910] [info] executable layer count 1
[2026-03-31 21:16:16.910] [info] Start layer /blocks.1/out_proj/Gemm
[2026-03-31 21:16:17.305] [info] HBM2-CH_0: BW utilization 8% (815 reads, 0 writes)
[2026-03-31 21:16:17.316] [info] Layer /blocks.1/out_proj/Gemm finish at 824000
[2026-03-31 21:16:17.316] [info] Total compute time 8000
[2026-03-31 21:16:17.316] [info] Model[mamba-370m-s128-b2] Request: 0 us, Start: 0 us, finish:824 us, Current Cycle:824000
[2026-03-31 21:16:17.316] [info] No total_seq_len!
[2026-03-31 21:16:17.317] [info] Simulation Finished at 824001 cycle 824 us
[2026-03-31 21:16:17.317] [info] [ICNT] Core->ICNT request 0GB/Sec,0
[2026-03-31 21:16:17.317] [info] [ICNT] Core<-ICNT request 0GB/Sec,0
[2026-03-31 21:16:17.317] [info] [ICNT] ICNT->MEM request 0GB/Sec,0
[2026-03-31 21:16:17.317] [info] [ICNT] ICNT<-MEM request 0GB/Sec,0
[2026-03-31 21:16:17.317] [info] ===== SRAM stats =====
[2026-03-31 21:16:17.317] [info]   Hits           : 14996
[2026-03-31 21:16:17.317] [info]   Misses         : 466149
[2026-03-31 21:16:17.317] [info]   Hit rate       : 0.0312
[2026-03-31 21:16:17.317] [info]   Read hits      : 14996
[2026-03-31 21:16:17.317] [info]   Write hits     : 0
[2026-03-31 21:16:17.317] [info]   Prefetches     : 128
[2026-03-31 21:16:17.317] [info]   Bytes requested: 16501024
[2026-03-31 21:16:17.317] [info]   Bytes received : 16533792
[2026-03-31 21:16:17.317] [info] ===== Acc-SRAM stats =====
[2026-03-31 21:16:17.317] [info]   Hits           : 70
[2026-03-31 21:16:17.317] [info]   Misses         : 31267
[2026-03-31 21:16:17.317] [info]   Hit rate       : 0.0022
[2026-03-31 21:16:17.317] [info]   Read hits      : 0
[2026-03-31 21:16:17.317] [info]   Write hits     : 70
[2026-03-31 21:16:17.317] [info]   Prefetches     : 27
[2026-03-31 21:16:17.317] [info]   Bytes requested: 6400
[2026-03-31 21:16:17.317] [info]   Bytes received : 13408
[2026-03-31 21:16:17.317] [info] Core [0] : MatMul active cycle 472 Vector active cycle 6 
[2026-03-31 21:16:17.317] [info] Core [0] : Memory unit idle cycle 791651 Systolic bubble cycle 0 Core idle cycle 272017 
[2026-03-31 21:16:17.317] [info] Core [0] : Systolic Array Utilization(%) 8.65 (0.06% PE util), Vector Unit Utilization(%) 0.00, Total cycle: 824001
[2026-03-31 21:16:17.317] [info] Core [0] Tile Stats | Issued: 67 Running: 0 Finished: 67
[2026-03-31 21:16:17.317] [info] ins executed [714] ins executed per tile 10.66
[2026-03-31 21:16:17.317] [info] Core [0] : Systolic Inst Issue Count : 512
[2026-03-31 21:16:17.317] [info] Core [0] : Systolic PRELOAD Issue Count : 512
[2026-03-31 21:16:17.317] [info] ===== SRAM stats =====
[2026-03-31 21:16:17.317] [info]   Hits           : 14871
[2026-03-31 21:16:17.317] [info]   Misses         : 427291
[2026-03-31 21:16:17.317] [info]   Hit rate       : 0.0336
[2026-03-31 21:16:17.317] [info]   Read hits      : 14871
[2026-03-31 21:16:17.317] [info]   Write hits     : 0
[2026-03-31 21:16:17.317] [info]   Prefetches     : 128
[2026-03-31 21:16:17.317] [info]   Bytes requested: 15819648
[2026-03-31 21:16:17.317] [info]   Bytes received : 15868800
[2026-03-31 21:16:17.317] [info] ===== Acc-SRAM stats =====
[2026-03-31 21:16:17.317] [info]   Hits           : 72
[2026-03-31 21:16:17.317] [info]   Misses         : 27211
[2026-03-31 21:16:17.317] [info]   Hit rate       : 0.0026
[2026-03-31 21:16:17.317] [info]   Read hits      : 0
[2026-03-31 21:16:17.317] [info]   Write hits     : 72
[2026-03-31 21:16:17.317] [info]   Prefetches     : 27
[2026-03-31 21:16:17.317] [info]   Bytes requested: 6400
[2026-03-31 21:16:17.317] [info]   Bytes received : 13408
[2026-03-31 21:16:17.317] [info] Core [1] : MatMul active cycle 452 Vector active cycle 10 
[2026-03-31 21:16:17.317] [info] Core [1] : Memory unit idle cycle 792976 Systolic bubble cycle 0 Core idle cycle 280011 
[2026-03-31 21:16:17.317] [info] Core [1] : Systolic Array Utilization(%) 8.34 (0.05% PE util), Vector Unit Utilization(%) 0.00, Total cycle: 824001
[2026-03-31 21:16:17.317] [info] Core [1] Tile Stats | Issued: 67 Running: 0 Finished: 67
[2026-03-31 21:16:17.317] [info] ins executed [699] ins executed per tile 10.43
[2026-03-31 21:16:17.317] [info] Core [1] : Systolic Inst Issue Count : 492
[2026-03-31 21:16:17.317] [info] Core [1] : Systolic PRELOAD Issue Count : 492
[2026-03-31 21:16:17.317] [info] ===== SRAM stats =====
[2026-03-31 21:16:17.317] [info]   Hits           : 14544
[2026-03-31 21:16:17.317] [info]   Misses         : 464539
[2026-03-31 21:16:17.317] [info]   Hit rate       : 0.0304
[2026-03-31 21:16:17.317] [info]   Read hits      : 14544
[2026-03-31 21:16:17.317] [info]   Write hits     : 0
[2026-03-31 21:16:17.317] [info]   Prefetches     : 131
[2026-03-31 21:16:17.317] [info]   Bytes requested: 15860800
[2026-03-31 21:16:17.317] [info]   Bytes received : 15877184
[2026-03-31 21:16:17.317] [info] ===== Acc-SRAM stats =====
[2026-03-31 21:16:17.317] [info]   Hits           : 72
[2026-03-31 21:16:17.317] [info]   Misses         : 23349
[2026-03-31 21:16:17.317] [info]   Hit rate       : 0.0031
[2026-03-31 21:16:17.317] [info]   Read hits      : 0
[2026-03-31 21:16:17.317] [info]   Write hits     : 72
[2026-03-31 21:16:17.317] [info]   Prefetches     : 27
[2026-03-31 21:16:17.317] [info]   Bytes requested: 6432
[2026-03-31 21:16:17.317] [info]   Bytes received : 13504
[2026-03-31 21:16:17.317] [info] Core [2] : MatMul active cycle 452 Vector active cycle 7 
[2026-03-31 21:16:17.317] [info] Core [2] : Memory unit idle cycle 792902 Systolic bubble cycle 0 Core idle cycle 272010 
[2026-03-31 21:16:17.317] [info] Core [2] : Systolic Array Utilization(%) 8.35 (0.05% PE util), Vector Unit Utilization(%) 0.00, Total cycle: 824001
[2026-03-31 21:16:17.317] [info] Core [2] Tile Stats | Issued: 68 Running: 0 Finished: 68
[2026-03-31 21:16:17.317] [info] ins executed [699] ins executed per tile 10.28
[2026-03-31 21:16:17.317] [info] Core [2] : Systolic Inst Issue Count : 492
[2026-03-31 21:16:17.317] [info] Core [2] : Systolic PRELOAD Issue Count : 492
[2026-03-31 21:16:17.317] [info] ===== SRAM stats =====
[2026-03-31 21:16:17.317] [info]   Hits           : 5024
[2026-03-31 21:16:17.317] [info]   Misses         : 589200
[2026-03-31 21:16:17.317] [info]   Hit rate       : 0.0085
[2026-03-31 21:16:17.317] [info]   Read hits      : 5024
[2026-03-31 21:16:17.317] [info]   Write hits     : 0
[2026-03-31 21:16:17.317] [info]   Prefetches     : 130
[2026-03-31 21:16:17.317] [info]   Bytes requested: 23121984
[2026-03-31 21:16:17.317] [info]   Bytes received : 23121984
[2026-03-31 21:16:17.317] [info] ===== Acc-SRAM stats =====
[2026-03-31 21:16:17.317] [info]   Hits           : 50
[2026-03-31 21:16:17.317] [info]   Misses         : 14922
[2026-03-31 21:16:17.317] [info]   Hit rate       : 0.0033
[2026-03-31 21:16:17.317] [info]   Read hits      : 0
[2026-03-31 21:16:17.317] [info]   Write hits     : 50
[2026-03-31 21:16:17.317] [info]   Prefetches     : 57
[2026-03-31 21:16:17.317] [info]   Bytes requested: 14560
[2026-03-31 21:16:17.317] [info]   Bytes received : 29120
[2026-03-31 21:16:17.317] [info] Core [3] : MatMul active cycle 672 Vector active cycle 3 
[2026-03-31 21:16:17.317] [info] Core [3] : Memory unit idle cycle 778707 Systolic bubble cycle 0 Core idle cycle 272001 
[2026-03-31 21:16:17.317] [info] Core [3] : Systolic Array Utilization(%) 11.90 (0.08% PE util), Vector Unit Utilization(%) 0.00, Total cycle: 824001
[2026-03-31 21:16:17.317] [info] Core [3] Tile Stats | Issued: 67 Running: 0 Finished: 67
[2026-03-31 21:16:17.317] [info] ins executed [934] ins executed per tile 13.94
[2026-03-31 21:16:17.317] [info] Core [3] : Systolic Inst Issue Count : 712
[2026-03-31 21:16:17.317] [info] Core [3] : Systolic PRELOAD Issue Count : 712
Frontend:
  impl: GEM5

[2026-03-31 21:16:17.318] [info] Row hits: 102067, Row misses: 3097, Row conflicts: 34381
MemorySystem:
  impl: GenericDRAM
  total_num_other_requests: 0
  total_num_write_requests: 307
  total_num_read_requests: 139238
  memory_system_cycles: 989196
  DRAM:
    impl: HBM2
  AddrMapper:
    impl: RoBaRaCoCh
  Controller:
    impl: Generic
    id: Channel 0
    Scheduler:
      impl: FRFCFS
    RefreshManager:
      impl: AllBank



[2026-03-31 21:16:17.318] [info] HBM2-CH_0: avg BW utilization 14% (139238 reads, 307 writes)
Frontend:
  impl: GEM5

[2026-03-31 21:16:17.318] [info] Row hits: 101640, Row misses: 3158, Row conflicts: 34741
MemorySystem:
  impl: GenericDRAM
  total_num_other_requests: 0
  total_num_write_requests: 307
  total_num_read_requests: 139232
  memory_system_cycles: 989196
  DRAM:
    impl: HBM2
  AddrMapper:
    impl: RoBaRaCoCh
  Controller:
    impl: Generic
    id: Channel 0
    Scheduler:
      impl: FRFCFS
    RefreshManager:
      impl: AllBank



Frontend:
  impl: GEM5

[2026-03-31 21:16:17.318] [info] Row hits: 101623, Row misses: 3115, Row conflicts: 34770
MemorySystem:
  impl: GenericDRAM
  total_num_other_requests: 0
  total_num_write_requests: 308
  total_num_read_requests: 139200
  memory_system_cycles: 989196
  DRAM:
    impl: HBM2
  AddrMapper:
    impl: RoBaRaCoCh
  Controller:
    impl: Generic
    id: Channel 0
    Scheduler:
      impl: FRFCFS
    RefreshManager:
      impl: AllBank



Frontend:
  impl: GEM5

[2026-03-31 21:16:17.318] [info] Row hits: 102019, Row misses: 3228, Row conflicts: 34269
MemorySystem:
  impl: GenericDRAM
  total_num_other_requests: 0
  total_num_write_requests: 309
  total_num_read_requests: 139207
  memory_system_cycles: 989196
  DRAM:
    impl: HBM2
  AddrMapper:
    impl: RoBaRaCoCh
  Controller:
    impl: Generic
    id: Channel 0
    Scheduler:
      impl: FRFCFS
    RefreshManager:
      impl: AllBank



Frontend:
  impl: GEM5

[2026-03-31 21:16:17.318] [info] Row hits: 102491, Row misses: 3150, Row conflicts: 33900
MemorySystem:
  impl: GenericDRAM
  total_num_other_requests: 0
  total_num_write_requests: 309
  total_num_read_requests: 139232
  memory_system_cycles: 989196
  DRAM:
    impl: HBM2
  AddrMapper:
    impl: RoBaRaCoCh
  Controller:
    impl: Generic
    id: Channel 0
    Scheduler:
      impl: FRFCFS
    RefreshManager:
      impl: AllBank



Frontend:
  impl: GEM5

[2026-03-31 21:16:17.318] [info] Row hits: 101881, Row misses: 3276, Row conflicts: 34327
MemorySystem:
  impl: GenericDRAM
  total_num_other_requests: 0
  total_num_write_requests: 308
  total_num_read_requests: 139176
  memory_system_cycles: 989196
  DRAM:
    impl: HBM2
  AddrMapper:
    impl: RoBaRaCoCh
  Controller:
    impl: Generic
    id: Channel 0
    Scheduler:
      impl: FRFCFS
    RefreshManager:
      impl: AllBank



Frontend:
  impl: GEM5

[2026-03-31 21:16:17.319] [info] Row hits: 102035, Row misses: 3355, Row conflicts: 34124
MemorySystem:
  impl: GenericDRAM
  total_num_other_requests: 0
  total_num_write_requests: 308
  total_num_read_requests: 139206
  memory_system_cycles: 989196
  DRAM:
    impl: HBM2
  AddrMapper:
    impl: RoBaRaCoCh
  Controller:
    impl: Generic
    id: Channel 0
    Scheduler:
      impl: FRFCFS
    RefreshManager:
      impl: AllBank



Frontend:
  impl: GEM5

[2026-03-31 21:16:17.319] [info] Row hits: 102673, Row misses: 3255, Row conflicts: 33613
MemorySystem:
  impl: GenericDRAM
  total_num_other_requests: 0
  total_num_write_requests: 309
  total_num_read_requests: 139232
  memory_system_cycles: 989196
  DRAM:
    impl: HBM2
  AddrMapper:
    impl: RoBaRaCoCh
  Controller:
    impl: Generic
    id: Channel 0
    Scheduler:
      impl: FRFCFS
    RefreshManager:
      impl: AllBank



Frontend:
  impl: GEM5

[2026-03-31 21:16:17.319] [info] Row hits: 101957, Row misses: 3151, Row conflicts: 34434
MemorySystem:
  impl: GenericDRAM
  total_num_other_requests: 0
  total_num_write_requests: 310
  total_num_read_requests: 139232
  memory_system_cycles: 989196
  DRAM:
    impl: HBM2
  AddrMapper:
    impl: RoBaRaCoCh
  Controller:
    impl: Generic
    id: Channel 0
    Scheduler:
      impl: FRFCFS
    RefreshManager:
      impl: AllBank



Frontend:
  impl: GEM5

[2026-03-31 21:16:17.319] [info] Row hits: 102476, Row misses: 3118, Row conflicts: 33919
MemorySystem:
  impl: GenericDRAM
  total_num_other_requests: 0
  total_num_write_requests: 306
  total_num_read_requests: 139207
  memory_system_cycles: 989196
  DRAM:
    impl: HBM2
  AddrMapper:
    impl: RoBaRaCoCh
  Controller:
    impl: Generic
    id: Channel 0
    Scheduler:
      impl: FRFCFS
    RefreshManager:
      impl: AllBank



Frontend:
  impl: GEM5

[2026-03-31 21:16:17.319] [info] Row hits: 102648, Row misses: 3058, Row conflicts: 33807
MemorySystem:
  impl: GenericDRAM
  total_num_other_requests: 0
  total_num_write_requests: 306
  total_num_read_requests: 139207
  memory_system_cycles: 989196
  DRAM:
    impl: HBM2
  AddrMapper:
    impl: RoBaRaCoCh
  Controller:
    impl: Generic
    id: Channel 0
    Scheduler:
      impl: FRFCFS
    RefreshManager:
      impl: AllBank



Frontend:
  impl: GEM5

[2026-03-31 21:16:17.319] [info] Row hits: 102231, Row misses: 3157, Row conflicts: 34154
MemorySystem:
  impl: GenericDRAM
  total_num_other_requests: 0
  total_num_write_requests: 310
  total_num_read_requests: 139232
  memory_system_cycles: 989196
  DRAM:
    impl: HBM2
  AddrMapper:
    impl: RoBaRaCoCh
  Controller:
    impl: Generic
    id: Channel 0
    Scheduler:
      impl: FRFCFS
    RefreshManager:
      impl: AllBank



Frontend:
  impl: GEM5

[2026-03-31 21:16:17.319] [info] Row hits: 102532, Row misses: 3212, Row conflicts: 33772
MemorySystem:
  impl: GenericDRAM
  total_num_other_requests: 0
  total_num_write_requests: 310
  total_num_read_requests: 139206
  memory_system_cycles: 989196
  DRAM:
    impl: HBM2
  AddrMapper:
    impl: RoBaRaCoCh
  Controller:
    impl: Generic
    id: Channel 0
    Scheduler:
      impl: FRFCFS
    RefreshManager:
      impl: AllBank



Frontend:
  impl: GEM5

[2026-03-31 21:16:17.320] [info] Row hits: 102107, Row misses: 3176, Row conflicts: 34256
MemorySystem:
  impl: GenericDRAM
  total_num_other_requests: 0
  total_num_write_requests: 308
  total_num_read_requests: 139231
  memory_system_cycles: 989196
  DRAM:
    impl: HBM2
  AddrMapper:
    impl: RoBaRaCoCh
  Controller:
    impl: Generic
    id: Channel 0
    Scheduler:
      impl: FRFCFS
    RefreshManager:
      impl: AllBank



Frontend:
  impl: GEM5

[2026-03-31 21:16:17.320] [info] Row hits: 101925, Row misses: 3037, Row conflicts: 34577
MemorySystem:
  impl: GenericDRAM
  total_num_other_requests: 0
  total_num_write_requests: 308
  total_num_read_requests: 139231
  memory_system_cycles: 989196
  DRAM:
    impl: HBM2
  AddrMapper:
    impl: RoBaRaCoCh
  Controller:
    impl: Generic
    id: Channel 0
    Scheduler:
      impl: FRFCFS
    RefreshManager:
      impl: AllBank



Frontend:
  impl: GEM5

[2026-03-31 21:16:17.320] [info] Row hits: 102593, Row misses: 3218, Row conflicts: 33719
MemorySystem:
  impl: GenericDRAM
  total_num_other_requests: 0
  total_num_write_requests: 308
  total_num_read_requests: 139222
  memory_system_cycles: 989196
  DRAM:
    impl: HBM2
  AddrMapper:
    impl: RoBaRaCoCh
  Controller:
    impl: Generic
    id: Channel 0
    Scheduler:
      impl: FRFCFS
    RefreshManager:
      impl: AllBank



Object Size Histogram
393216 bytes : 24576  cumulative_bytes: 9663676416
5376 bytes : 16128  cumulative_bytes: 9750380544
32768 bytes : 32768  cumulative_bytes: 10824122368
32 bytes : 64  cumulative_bytes: 10824124416
688128 bytes : 2064384  cumulative_bytes: 1431384557568
25856 bytes : 51712  cumulative_bytes: 1432721623040
256 bytes : 2304  cumulative_bytes: 1432722212864
8192 bytes : 5632  cumulative_bytes: 1432768350208
413696 bytes : 25856  cumulative_bytes: 1443464873984
192 bytes : 60  cumulative_bytes: 1443464885504
4096 bytes : 8448  cumulative_bytes: 1443499488512
224 bytes : 490  cumulative_bytes: 1443499598272
[2026-03-31 21:16:17.320] [info] Simulation time: 76.355257 seconds
[2026-03-31 21:16:17.320] [info] no.of tiles :[74.297024151]
[2026-03-31 21:16:17.320] [info] Total tile: 269, simulated tile per seconds(TPS): 3.620603
