[2026-04-01 14:26:37.822] [info] CPU 0: Partition 0
[2026-04-01 14:26:37.822] [info] CPU 1: Partition 0
[2026-04-01 14:26:37.822] [info] CPU 2: Partition 0
[2026-04-01 14:26:37.822] [info] CPU 3: Partition 0
[2026-04-01 14:26:37.822] [info] Running in default mode
[2026-04-01 14:26:37.822] [info] Simulator Configuration:
[2026-04-01 14:26:37.822] [info] [Core 0] Systolic Array Throughput: 131072 GFLOPS, Spad size: 32768 KB, Accumulator size: 4096 KB
[2026-04-01 14:26:37.822] [info] [Core 1] Systolic Array Throughput: 131072 GFLOPS, Spad size: 32768 KB, Accumulator size: 4096 KB
[2026-04-01 14:26:37.822] [info] [Core 2] Systolic Array Throughput: 131072 GFLOPS, Spad size: 32768 KB, Accumulator size: 4096 KB
[2026-04-01 14:26:37.822] [info] [Core 3] Systolic Array Throughput: 131072 GFLOPS, Spad size: 32768 KB, Accumulator size: 4096 KB
[2026-04-01 14:26:37.822] [info] DRAM Bandwidth 614 GB/s
[2026-04-01 14:26:37.822] [info] Ramulator2 config: ./configs/../configs/ramulator2_configs/HBM2.yaml
[2026-04-01 14:26:37.830] [info] Initialize SimpleInterconnect
[2026-04-01 14:26:37.831] [info] ICNT print interval: 8000 cycles
[2026-04-01 14:26:37.831] [info] num cores : [4]
[2026-04-01 14:26:37.832] [info] Register model: mamba-130m-s1-b2
[2026-04-01 14:26:37.832] [info] Model Name
[2026-04-01 14:26:37.902] [info] has_l2,[false]
[2026-04-01 14:26:37.902] [info] ======Start Simulation=====
[2026-04-01 14:26:37.902] [info] Model Name: mamba-130m-s1-b2 model started
[2026-04-01 14:26:37.988] [info] [GemmWs] Keys K = 768, N = 1, M = 3072
[2026-04-01 14:26:37.988] [info] [GemmWS]: total 0.0047216644 GFLOPs, 0.004732416 GB
[2026-04-01 14:26:37.988] [info] [GemmWS]: Theoretical time(ms): 0.007707518307142891 Compute time: 3.60234402307924e-05 Memory time: 0.007707518307142891
[2026-04-01 14:26:38.084] [info] [GemmWs] Keys K = 6144, N = 1, M = 1536
[2026-04-01 14:26:38.084] [info] [GemmWS]: total 0.018875906 GFLOPs, 0.018892799 GB
[2026-04-01 14:26:38.084] [info] [GemmWS]: Theoretical time(ms): 0.030770032026339322 Compute time: 0.00014401173586975347 Memory time: 0.030770032026339322
[2026-04-01 14:26:38.085] [info] [GemmWs] Keys K = 1536, N = 1, M = 80
[2026-04-01 14:26:38.085] [info] [GemmWS]: total 0.00024584 GFLOPs, 0.000249152 GB
[2026-04-01 14:26:38.085] [info] [GemmWS]: Theoretical time(ms): 0.0004057850446770317 Compute time: 1.8756103337125296e-06 Memory time: 0.0004057850446770317
[2026-04-01 14:26:38.085] [info] [GemmWs] Keys K = 16, N = 1, M = 1536
[2026-04-01 14:26:38.085] [info] [GemmWS]: total 5.0688e-05 GFLOPs, 5.5328e-05 GB
[2026-04-01 14:26:38.085] [info] [GemmWS]: Theoretical time(ms): 9.011075263742896e-05 Compute time: 3.867187403638894e-07 Memory time: 9.011075263742896e-05
[2026-04-01 14:26:38.096] [info] [GemmWs] Keys K = 1536, N = 1, M = 768
[2026-04-01 14:26:38.096] [info] [GemmWS]: total 0.0023600643 GFLOPs, 0.00236544 GB
[2026-04-01 14:26:38.096] [info] [GemmWS]: Theoretical time(ms): 0.003852508143609157 Compute time: 1.800586169053986e-05 Memory time: 0.003852508143609157
[2026-04-01 14:26:38.115] [info] [GemmWs] Keys K = 768, N = 1, M = 3072
[2026-04-01 14:26:38.115] [info] [GemmWS]: total 0.0047216644 GFLOPs, 0.004732416 GB
[2026-04-01 14:26:38.115] [info] [GemmWS]: Theoretical time(ms): 0.007707518307142891 Compute time: 3.60234402307924e-05 Memory time: 0.007707518307142891
[2026-04-01 14:26:38.213] [info] [GemmWs] Keys K = 6144, N = 1, M = 1536
[2026-04-01 14:26:38.213] [info] [GemmWS]: total 0.018875906 GFLOPs, 0.018892799 GB
[2026-04-01 14:26:38.213] [info] [GemmWS]: Theoretical time(ms): 0.030770032026339322 Compute time: 0.00014401173586975347 Memory time: 0.030770032026339322
[2026-04-01 14:26:38.214] [info] [GemmWs] Keys K = 1536, N = 1, M = 80
[2026-04-01 14:26:38.214] [info] [GemmWS]: total 0.00024584 GFLOPs, 0.000249152 GB
[2026-04-01 14:26:38.214] [info] [GemmWS]: Theoretical time(ms): 0.0004057850446770317 Compute time: 1.8756103337125296e-06 Memory time: 0.0004057850446770317
[2026-04-01 14:26:38.215] [info] [GemmWs] Keys K = 16, N = 1, M = 1536
[2026-04-01 14:26:38.215] [info] [GemmWS]: total 5.0688e-05 GFLOPs, 5.5328e-05 GB
[2026-04-01 14:26:38.215] [info] [GemmWS]: Theoretical time(ms): 9.011075263742896e-05 Compute time: 3.867187403638894e-07 Memory time: 9.011075263742896e-05
[2026-04-01 14:26:38.227] [info] [GemmWs] Keys K = 1536, N = 1, M = 768
[2026-04-01 14:26:38.228] [info] [GemmWS]: total 0.0023600643 GFLOPs, 0.00236544 GB
[2026-04-01 14:26:38.228] [info] [GemmWS]: Theoretical time(ms): 0.003852508143609157 Compute time: 1.800586169053986e-05 Memory time: 0.003852508143609157
[2026-04-01 14:26:38.228] [info] ./models/mamba-130m-s1-b2/mamba-130m-s1-b2.onnx Model initialization time: 0.325143 seconds
[2026-04-01 14:26:38.231] [info] Schedule model: mamba-130m-s1-b2 at 1000 us
[2026-04-01 14:26:38.231] [info] MODEL mamba-130m-s1-b2 Scheduled, Total Request: 1
[2026-04-01 14:26:38.231] [info] executable layer count 25
[2026-04-01 14:26:38.231] [info] Start layer Identity_16
[2026-04-01 14:26:38.231] [info] Issue tile Identity_16 on core 0, spad_id 1, accum_spad_id 1
[2026-04-01 14:26:38.231] [info] HBM2-CH_0: BW utilization 0% (0 reads, 0 writes)
[2026-04-01 14:26:38.374] [info] HBM2-CH_0: BW utilization 0% (3 reads, 3 writes)
[2026-04-01 14:26:38.374] [info] Layer Identity_16 finish at 8000
[2026-04-01 14:26:38.374] [info] Total compute time 8000
[2026-04-01 14:26:38.374] [info] executable layer count 24
[2026-04-01 14:26:38.374] [info] Start layer Identity_17
[2026-04-01 14:26:38.374] [info] Issue tile Identity_17 on core 1, spad_id 1, accum_spad_id 1
[2026-04-01 14:26:38.502] [info] HBM2-CH_0: BW utilization 0% (6 reads, 7 writes)
[2026-04-01 14:26:38.502] [info] Layer Identity_17 finish at 16000
[2026-04-01 14:26:38.502] [info] Total compute time 8000
[2026-04-01 14:26:38.502] [info] executable layer count 23
[2026-04-01 14:26:38.502] [info] Start layer Identity_18
[2026-04-01 14:26:38.502] [info] Issue tile Identity_18 on core 2, spad_id 1, accum_spad_id 1
[2026-04-01 14:26:38.617] [info] HBM2-CH_0: BW utilization 0% (0 reads, 1 writes)
[2026-04-01 14:26:38.617] [info] Layer Identity_18 finish at 24000
[2026-04-01 14:26:38.617] [info] Total compute time 8000
[2026-04-01 14:26:38.618] [info] executable layer count 22
[2026-04-01 14:26:38.618] [info] Start layer Identity_19
[2026-04-01 14:26:38.618] [info] Issue tile Identity_19 on core 3, spad_id 1, accum_spad_id 1
[2026-04-01 14:26:38.741] [info] HBM2-CH_0: BW utilization 0% (6 reads, 6 writes)
[2026-04-01 14:26:38.742] [info] Layer Identity_19 finish at 32000
[2026-04-01 14:26:38.742] [info] Total compute time 8000
[2026-04-01 14:26:38.742] [info] executable layer count 22
[2026-04-01 14:26:38.742] [info] Start layer Identity_20
[2026-04-01 14:26:38.865] [info] HBM2-CH_0: BW utilization 0% (12 reads, 12 writes)
[2026-04-01 14:26:38.866] [info] Layer Identity_20 finish at 40000
[2026-04-01 14:26:38.866] [info] Total compute time 8000
[2026-04-01 14:26:38.866] [info] executable layer count 21
[2026-04-01 14:26:38.866] [info] Start layer Identity_21
[2026-04-01 14:26:38.866] [info] Issue tile Identity_21 on core 1, spad_id 1, accum_spad_id 1
[2026-04-01 14:26:38.989] [info] HBM2-CH_0: BW utilization 0% (6 reads, 7 writes)
[2026-04-01 14:26:38.990] [info] Layer Identity_21 finish at 48000
[2026-04-01 14:26:38.990] [info] Total compute time 8000
[2026-04-01 14:26:38.990] [info] executable layer count 20
[2026-04-01 14:26:38.990] [info] Start layer Identity_22
[2026-04-01 14:26:38.990] [info] Issue tile Identity_22 on core 2, spad_id 1, accum_spad_id 1
[2026-04-01 14:26:39.113] [info] HBM2-CH_0: BW utilization 0% (6 reads, 6 writes)
[2026-04-01 14:26:39.114] [info] Layer Identity_22 finish at 56000
[2026-04-01 14:26:39.114] [info] Total compute time 8000
[2026-04-01 14:26:39.114] [info] executable layer count 19
[2026-04-01 14:26:39.114] [info] Start layer /blocks.0/in_proj/Gemm
[2026-04-01 14:26:39.114] [info] Issue tile Gemm on core 2, spad_id 1, accum_spad_id 1
[2026-04-01 14:26:39.114] [info] Issue tile Gemm on core 3, spad_id 1, accum_spad_id 1
[2026-04-01 14:26:39.348] [info] HBM2-CH_0: BW utilization 32% (3092 reads, 5 writes)
[2026-04-01 14:26:39.349] [info] Issue tile Gemm on core 0, spad_id 1, accum_spad_id 1
[2026-04-01 14:26:39.349] [info] Issue tile Gemm on core 1, spad_id 1, accum_spad_id 1
[2026-04-01 14:26:39.349] [info] Issue tile Gemm on core 2, spad_id 1, accum_spad_id 1
[2026-04-01 14:26:39.349] [info] Issue tile Gemm on core 3, spad_id 1, accum_spad_id 1
[2026-04-01 14:26:39.556] [info] HBM2-CH_0: BW utilization 16% (1546 reads, 1 writes)
[2026-04-01 14:26:39.556] [info] Issue tile Gemm on core 0, spad_id 0, accum_spad_id 0
[2026-04-01 14:26:39.556] [info] Issue tile Gemm on core 1, spad_id 0, accum_spad_id 0
[2026-04-01 14:26:39.556] [info] Issue tile Gemm on core 2, spad_id 0, accum_spad_id 0
[2026-04-01 14:26:39.556] [info] Issue tile Gemm on core 3, spad_id 0, accum_spad_id 0
[2026-04-01 14:26:39.730] [info] HBM2-CH_0: BW utilization 16% (1546 reads, 2 writes)
[2026-04-01 14:26:39.730] [info] Issue tile Gemm on core 0, spad_id 1, accum_spad_id 1
[2026-04-01 14:26:39.730] [info] Issue tile Gemm on core 1, spad_id 1, accum_spad_id 1
[2026-04-01 14:26:39.730] [info] Issue tile Gemm on core 2, spad_id 1, accum_spad_id 1
[2026-04-01 14:26:39.730] [info] Issue tile Gemm on core 3, spad_id 1, accum_spad_id 1
[2026-04-01 14:26:39.920] [info] HBM2-CH_0: BW utilization 16% (1546 reads, 2 writes)
[2026-04-01 14:26:39.921] [info] Issue tile Gemm on core 0, spad_id 0, accum_spad_id 0
[2026-04-01 14:26:39.921] [info] Issue tile Gemm on core 1, spad_id 0, accum_spad_id 0
[2026-04-01 14:26:39.921] [info] Issue tile Gemm on core 2, spad_id 0, accum_spad_id 0
[2026-04-01 14:26:39.921] [info] Issue tile Gemm on core 3, spad_id 0, accum_spad_id 0
[2026-04-01 14:26:40.177] [info] HBM2-CH_0: BW utilization 16% (1546 reads, 2 writes)
[2026-04-01 14:26:40.317] [info] HBM2-CH_0: BW utilization 0% (0 reads, 0 writes)
[2026-04-01 14:26:40.318] [info] Layer /blocks.0/in_proj/Gemm finish at 104000
[2026-04-01 14:26:40.318] [info] Total compute time 48000
[2026-04-01 14:26:40.318] [info] executable layer count 18
[2026-04-01 14:26:40.318] [info] Start layer /blocks.0/Constant
[2026-04-01 14:26:40.318] [info] Issue tile /blocks.0/Constant on core 3, spad_id 1, accum_spad_id 1
[2026-04-01 14:26:40.456] [info] HBM2-CH_0: BW utilization 0% (1 reads, 0 writes)
[2026-04-01 14:26:40.457] [info] Layer /blocks.0/Constant finish at 112000
[2026-04-01 14:26:40.457] [info] Total compute time 8000
[2026-04-01 14:26:40.457] [info] executable layer count 17
[2026-04-01 14:26:40.457] [info] Start layer /blocks.0/Constant_1
[2026-04-01 14:26:40.598] [info] HBM2-CH_0: BW utilization 0% (1 reads, 0 writes)
[2026-04-01 14:26:40.599] [info] Layer /blocks.0/Constant_1 finish at 120000
[2026-04-01 14:26:40.599] [info] Total compute time 8000
[2026-04-01 14:26:40.599] [info] executable layer count 16
[2026-04-01 14:26:40.599] [info] Start layer /blocks.0/Constant_2
[2026-04-01 14:26:40.599] [info] Issue tile /blocks.0/Constant_2 on core 1, spad_id 1, accum_spad_id 1
[2026-04-01 14:26:40.734] [info] HBM2-CH_0: BW utilization 0% (1 reads, 0 writes)
[2026-04-01 14:26:40.735] [info] Layer /blocks.0/Constant_2 finish at 128000
[2026-04-01 14:26:40.744] [info] Total compute time 8000
[2026-04-01 14:26:40.744] [info] executable layer count 15
[2026-04-01 14:26:40.744] [info] Start layer /blocks.0/Constant_3
[2026-04-01 14:26:40.744] [info] Issue tile /blocks.0/Constant_3 on core 2, spad_id 1, accum_spad_id 1
[2026-04-01 14:26:40.859] [info] HBM2-CH_0: BW utilization 0% (1 reads, 0 writes)
[2026-04-01 14:26:40.860] [info] Layer /blocks.0/Constant_3 finish at 136000
[2026-04-01 14:26:40.860] [info] Total compute time 8000
[2026-04-01 14:26:40.860] [info] executable layer count 15
[2026-04-01 14:26:40.860] [info] Start layer /blocks.0/conv_proj/Gemm
[2026-04-01 14:26:40.860] [info] Issue tile Gemm on core 2, spad_id 1, accum_spad_id 1
[2026-04-01 14:26:40.860] [info] Issue tile Gemm on core 3, spad_id 1, accum_spad_id 1
[2026-04-01 14:26:41.601] [info] HBM2-CH_0: BW utilization 61% (5921 reads, 0 writes)
[2026-04-01 14:26:42.361] [info] HBM2-CH_0: BW utilization 60% (5813 reads, 0 writes)
[2026-04-01 14:26:42.367] [info] Issue tile Gemm on core 0, spad_id 1, accum_spad_id 1
[2026-04-01 14:26:42.367] [info] Issue tile Gemm on core 1, spad_id 1, accum_spad_id 1
[2026-04-01 14:26:42.367] [info] Issue tile Gemm on core 2, spad_id 1, accum_spad_id 1
[2026-04-01 14:26:42.367] [info] Issue tile Gemm on core 3, spad_id 1, accum_spad_id 1
[2026-04-01 14:26:43.182] [info] HBM2-CH_0: BW utilization 63% (6105 reads, 0 writes)
[2026-04-01 14:26:43.187] [info] Issue tile Gemm on core 0, spad_id 0, accum_spad_id 1
[2026-04-01 14:26:43.187] [info] Issue tile Gemm on core 1, spad_id 0, accum_spad_id 0
[2026-04-01 14:26:43.187] [info] Issue tile Gemm on core 2, spad_id 0, accum_spad_id 1
[2026-04-01 14:26:43.187] [info] Issue tile Gemm on core 3, spad_id 0, accum_spad_id 0
[2026-04-01 14:26:43.931] [info] HBM2-CH_0: BW utilization 63% (6072 reads, 0 writes)
[2026-04-01 14:26:43.940] [info] Issue tile Gemm on core 0, spad_id 1, accum_spad_id 1
[2026-04-01 14:26:43.940] [info] Issue tile Gemm on core 1, spad_id 1, accum_spad_id 1
[2026-04-01 14:26:43.940] [info] Issue tile Gemm on core 2, spad_id 1, accum_spad_id 1
[2026-04-01 14:26:43.940] [info] Issue tile Gemm on core 3, spad_id 1, accum_spad_id 1
[2026-04-01 14:26:44.665] [info] HBM2-CH_0: BW utilization 63% (6094 reads, 0 writes)
[2026-04-01 14:26:44.673] [info] Issue tile Gemm on core 0, spad_id 0, accum_spad_id 1
[2026-04-01 14:26:44.673] [info] Issue tile Gemm on core 1, spad_id 0, accum_spad_id 0
[2026-04-01 14:26:44.673] [info] Issue tile Gemm on core 2, spad_id 0, accum_spad_id 1
[2026-04-01 14:26:44.673] [info] Issue tile Gemm on core 3, spad_id 0, accum_spad_id 0
[2026-04-01 14:26:45.529] [info] HBM2-CH_0: BW utilization 63% (6077 reads, 0 writes)
[2026-04-01 14:26:45.760] [info] HBM2-CH_0: BW utilization 11% (1076 reads, 7 writes)
[2026-04-01 14:26:45.762] [info] Layer /blocks.0/conv_proj/Gemm finish at 192000
[2026-04-01 14:26:45.762] [info] Total compute time 56000
[2026-04-01 14:26:45.762] [info] executable layer count 15
[2026-04-01 14:26:45.762] [info] Start layer /blocks.0/Constant_4
[2026-04-01 14:26:45.762] [info] Issue tile /blocks.0/Constant_4 on core 3, spad_id 1, accum_spad_id 1
[2026-04-01 14:26:45.879] [info] HBM2-CH_0: BW utilization 0% (1 reads, 0 writes)
[2026-04-01 14:26:45.880] [info] Layer /blocks.0/Constant_4 finish at 200000
[2026-04-01 14:26:45.880] [info] Total compute time 8000
[2026-04-01 14:26:45.880] [info] executable layer count 14
[2026-04-01 14:26:45.880] [info] Start layer /blocks.0/Constant_5
[2026-04-01 14:26:45.987] [info] HBM2-CH_0: BW utilization 0% (1 reads, 0 writes)
[2026-04-01 14:26:45.988] [info] Layer /blocks.0/Constant_5 finish at 208000
[2026-04-01 14:26:45.988] [info] Total compute time 8000
[2026-04-01 14:26:45.988] [info] executable layer count 13
[2026-04-01 14:26:45.988] [info] Start layer /blocks.0/Constant_6
[2026-04-01 14:26:45.988] [info] Issue tile /blocks.0/Constant_6 on core 1, spad_id 1, accum_spad_id 1
[2026-04-01 14:26:46.111] [info] HBM2-CH_0: BW utilization 0% (1 reads, 0 writes)
[2026-04-01 14:26:46.112] [info] Layer /blocks.0/Constant_6 finish at 216000
[2026-04-01 14:26:46.112] [info] Total compute time 8000
[2026-04-01 14:26:46.112] [info] executable layer count 12
[2026-04-01 14:26:46.112] [info] Start layer /blocks.0/Constant_7
[2026-04-01 14:26:46.112] [info] Issue tile /blocks.0/Constant_7 on core 2, spad_id 1, accum_spad_id 1
[2026-04-01 14:26:46.221] [info] HBM2-CH_0: BW utilization 0% (1 reads, 0 writes)
[2026-04-01 14:26:46.223] [info] Layer /blocks.0/Constant_7 finish at 224000
[2026-04-01 14:26:46.223] [info] Total compute time 8000
[2026-04-01 14:26:46.223] [info] executable layer count 11
[2026-04-01 14:26:46.223] [info] Start layer /blocks.1/Constant
[2026-04-01 14:26:46.223] [info] Issue tile /blocks.1/Constant on core 3, spad_id 1, accum_spad_id 1
[2026-04-01 14:26:46.329] [info] HBM2-CH_0: BW utilization 0% (1 reads, 1 writes)
[2026-04-01 14:26:46.331] [info] Layer /blocks.1/Constant finish at 232000
[2026-04-01 14:26:46.331] [info] Total compute time 8000
[2026-04-01 14:26:46.331] [info] executable layer count 10
[2026-04-01 14:26:46.331] [info] Start layer /blocks.1/Constant_1
[2026-04-01 14:26:46.437] [info] HBM2-CH_0: BW utilization 0% (1 reads, 0 writes)
[2026-04-01 14:26:46.438] [info] Layer /blocks.1/Constant_1 finish at 240000
[2026-04-01 14:26:46.438] [info] Total compute time 8000
[2026-04-01 14:26:46.438] [info] executable layer count 9
[2026-04-01 14:26:46.438] [info] Start layer /blocks.1/Constant_2
[2026-04-01 14:26:46.438] [info] Issue tile /blocks.1/Constant_2 on core 1, spad_id 1, accum_spad_id 1
[2026-04-01 14:26:46.545] [info] HBM2-CH_0: BW utilization 0% (1 reads, 0 writes)
[2026-04-01 14:26:46.546] [info] Layer /blocks.1/Constant_2 finish at 248000
[2026-04-01 14:26:46.546] [info] Total compute time 8000
[2026-04-01 14:26:46.546] [info] executable layer count 8
[2026-04-01 14:26:46.546] [info] Start layer /blocks.1/Constant_3
[2026-04-01 14:26:46.546] [info] Issue tile /blocks.1/Constant_3 on core 2, spad_id 1, accum_spad_id 1
[2026-04-01 14:26:46.651] [info] HBM2-CH_0: BW utilization 0% (1 reads, 0 writes)
[2026-04-01 14:26:46.652] [info] Layer /blocks.1/Constant_3 finish at 256000
[2026-04-01 14:26:46.652] [info] Total compute time 8000
[2026-04-01 14:26:46.652] [info] executable layer count 7
[2026-04-01 14:26:46.652] [info] Start layer /blocks.1/Constant_4
[2026-04-01 14:26:46.652] [info] Issue tile /blocks.1/Constant_4 on core 3, spad_id 1, accum_spad_id 1
[2026-04-01 14:26:46.767] [info] HBM2-CH_0: BW utilization 0% (1 reads, 0 writes)
[2026-04-01 14:26:46.769] [info] Layer /blocks.1/Constant_4 finish at 264000
[2026-04-01 14:26:46.769] [info] Total compute time 8000
[2026-04-01 14:26:46.769] [info] executable layer count 6
[2026-04-01 14:26:46.769] [info] Start layer /blocks.1/Constant_5
[2026-04-01 14:26:46.885] [info] HBM2-CH_0: BW utilization 0% (1 reads, 0 writes)
[2026-04-01 14:26:46.887] [info] Layer /blocks.1/Constant_5 finish at 272000
[2026-04-01 14:26:46.887] [info] Total compute time 8000
[2026-04-01 14:26:46.887] [info] executable layer count 5
[2026-04-01 14:26:46.887] [info] Start layer /blocks.1/Constant_6
[2026-04-01 14:26:46.887] [info] Issue tile /blocks.1/Constant_6 on core 1, spad_id 1, accum_spad_id 1
[2026-04-01 14:26:47.009] [info] HBM2-CH_0: BW utilization 0% (1 reads, 0 writes)
[2026-04-01 14:26:47.011] [info] Layer /blocks.1/Constant_6 finish at 280000
[2026-04-01 14:26:47.011] [info] Total compute time 8000
[2026-04-01 14:26:47.011] [info] executable layer count 4
[2026-04-01 14:26:47.011] [info] Start layer /blocks.1/Constant_7
[2026-04-01 14:26:47.011] [info] Issue tile /blocks.1/Constant_7 on core 2, spad_id 1, accum_spad_id 1
[2026-04-01 14:26:47.166] [info] HBM2-CH_0: BW utilization 0% (1 reads, 0 writes)
[2026-04-01 14:26:47.167] [info] Layer /blocks.1/Constant_7 finish at 288000
[2026-04-01 14:26:47.167] [info] Total compute time 8000
[2026-04-01 14:26:47.167] [info] executable layer count 3
[2026-04-01 14:26:47.167] [info] Start layer /blocks.1/conv_proj/Gemm
[2026-04-01 14:26:47.167] [info] Issue tile Gemm on core 2, spad_id 1, accum_spad_id 1
[2026-04-01 14:26:47.167] [info] Issue tile Gemm on core 3, spad_id 1, accum_spad_id 1
[2026-04-01 14:26:48.066] [info] HBM2-CH_0: BW utilization 62% (6020 reads, 0 writes)
[2026-04-01 14:26:48.798] [info] HBM2-CH_0: BW utilization 63% (6076 reads, 0 writes)
[2026-04-01 14:26:48.809] [info] Issue tile Gemm on core 0, spad_id 1, accum_spad_id 1
[2026-04-01 14:26:48.809] [info] Issue tile Gemm on core 1, spad_id 1, accum_spad_id 1
[2026-04-01 14:26:48.809] [info] Issue tile Gemm on core 2, spad_id 1, accum_spad_id 1
[2026-04-01 14:26:48.809] [info] Issue tile Gemm on core 3, spad_id 1, accum_spad_id 1
[2026-04-01 14:26:49.563] [info] HBM2-CH_0: BW utilization 63% (6101 reads, 0 writes)
[2026-04-01 14:26:49.580] [info] Issue tile Gemm on core 0, spad_id 0, accum_spad_id 1
[2026-04-01 14:26:49.580] [info] Issue tile Gemm on core 1, spad_id 0, accum_spad_id 0
[2026-04-01 14:26:49.580] [info] Issue tile Gemm on core 2, spad_id 0, accum_spad_id 1
[2026-04-01 14:26:49.580] [info] Issue tile Gemm on core 3, spad_id 0, accum_spad_id 0
[2026-04-01 14:26:50.445] [info] HBM2-CH_0: BW utilization 63% (6141 reads, 0 writes)
[2026-04-01 14:26:50.461] [info] Issue tile Gemm on core 0, spad_id 1, accum_spad_id 1
[2026-04-01 14:26:50.461] [info] Issue tile Gemm on core 1, spad_id 1, accum_spad_id 1
[2026-04-01 14:26:50.461] [info] Issue tile Gemm on core 2, spad_id 1, accum_spad_id 1
[2026-04-01 14:26:50.461] [info] Issue tile Gemm on core 3, spad_id 1, accum_spad_id 1
[2026-04-01 14:26:51.330] [info] HBM2-CH_0: BW utilization 63% (6105 reads, 0 writes)
[2026-04-01 14:26:51.347] [info] Issue tile Gemm on core 0, spad_id 0, accum_spad_id 1
[2026-04-01 14:26:51.347] [info] Issue tile Gemm on core 1, spad_id 0, accum_spad_id 0
[2026-04-01 14:26:51.347] [info] Issue tile Gemm on core 2, spad_id 0, accum_spad_id 1
[2026-04-01 14:26:51.347] [info] Issue tile Gemm on core 3, spad_id 0, accum_spad_id 0
[2026-04-01 14:26:52.128] [info] HBM2-CH_0: BW utilization 62% (6020 reads, 0 writes)
[2026-04-01 14:26:52.353] [info] HBM2-CH_0: BW utilization 7% (695 reads, 5 writes)
[2026-04-01 14:26:52.355] [info] Layer /blocks.1/conv_proj/Gemm finish at 344000
[2026-04-01 14:26:52.355] [info] Total compute time 56000
[2026-04-01 14:26:52.356] [info] executable layer count 3
[2026-04-01 14:26:52.356] [info] Start layer /blocks.0/Slice
[2026-04-01 14:26:52.356] [info] Issue tile /blocks.0/Slice on core 3, spad_id 1, accum_spad_id 1
[2026-04-01 14:26:52.508] [info] HBM2-CH_0: BW utilization 0% (12 reads, 12 writes)
[2026-04-01 14:26:52.510] [info] Layer /blocks.0/Slice finish at 352000
[2026-04-01 14:26:52.510] [info] Total compute time 8000
[2026-04-01 14:26:52.510] [info] executable layer count 3
[2026-04-01 14:26:52.510] [info] Start layer /blocks.0/Sigmoid
[2026-04-01 14:26:52.649] [info] HBM2-CH_0: BW utilization 0% (7 reads, 6 writes)
[2026-04-01 14:26:52.651] [info] Layer /blocks.0/Sigmoid finish at 360000
[2026-04-01 14:26:52.651] [info] Total compute time 8000
[2026-04-01 14:26:52.651] [info] executable layer count 3
[2026-04-01 14:26:52.651] [info] Start layer /blocks.1/Sigmoid
[2026-04-01 14:26:52.651] [info] Issue tile /blocks.1/Sigmoid on core 1, spad_id 1, accum_spad_id 1
[2026-04-01 14:26:52.802] [info] HBM2-CH_0: BW utilization 0% (5 reads, 6 writes)
[2026-04-01 14:26:52.806] [info] Layer /blocks.1/Sigmoid finish at 368000
[2026-04-01 14:26:52.806] [info] Total compute time 8000
[2026-04-01 14:26:52.806] [info] executable layer count 3
[2026-04-01 14:26:52.806] [info] Start layer /blocks.0/Sigmoid_1
[2026-04-01 14:26:52.806] [info] Issue tile /blocks.0/Sigmoid_1 on core 2, spad_id 1, accum_spad_id 1
[2026-04-01 14:26:52.946] [info] HBM2-CH_0: BW utilization 0% (12 reads, 12 writes)
[2026-04-01 14:26:52.949] [info] Layer /blocks.0/Sigmoid_1 finish at 376000
[2026-04-01 14:26:52.949] [info] Total compute time 8000
[2026-04-01 14:26:52.949] [info] executable layer count 3
[2026-04-01 14:26:52.949] [info] Start layer /blocks.0/Mul
[2026-04-01 14:26:52.949] [info] Issue tile /blocks.0/Mul on core 3, spad_id 1, accum_spad_id 1
[2026-04-01 14:26:53.070] [info] HBM2-CH_0: BW utilization 0% (13 reads, 5 writes)
[2026-04-01 14:26:53.072] [info] Layer /blocks.0/Mul finish at 384000
[2026-04-01 14:26:53.072] [info] Total compute time 8000
[2026-04-01 14:26:53.072] [info] executable layer count 4
[2026-04-01 14:26:53.072] [info] Start layer /blocks.1/Mul
[2026-04-01 14:26:53.072] [info] Issue tile /blocks.1/Mul on core 3, spad_id 1, accum_spad_id 1
[2026-04-01 14:26:53.190] [info] HBM2-CH_0: BW utilization 0% (11 reads, 6 writes)
[2026-04-01 14:26:53.193] [info] Layer /blocks.1/Mul finish at 392000
[2026-04-01 14:26:53.193] [info] Total compute time 8000
[2026-04-01 14:26:53.193] [info] executable layer count 5
[2026-04-01 14:26:53.193] [info] Start layer /blocks.0/Mul_2
[2026-04-01 14:26:53.317] [info] HBM2-CH_0: BW utilization 0% (24 reads, 12 writes)
[2026-04-01 14:26:53.320] [info] Layer /blocks.0/Mul_2 finish at 400000
[2026-04-01 14:26:53.320] [info] Total compute time 8000
[2026-04-01 14:26:53.320] [info] executable layer count 4
[2026-04-01 14:26:53.320] [info] Start layer /blocks.0/x_proj/Gemm
[2026-04-01 14:26:53.320] [info] Issue tile Gemm on core 1, spad_id 1, accum_spad_id 1
[2026-04-01 14:26:53.485] [info] HBM2-CH_0: BW utilization 5% (486 reads, 0 writes)
[2026-04-01 14:26:53.488] [info] Layer /blocks.0/x_proj/Gemm finish at 408000
[2026-04-01 14:26:53.488] [info] Total compute time 8000
[2026-04-01 14:26:53.488] [info] executable layer count 4
[2026-04-01 14:26:53.488] [info] Start layer /blocks.0/Mul_1
[2026-04-01 14:26:53.488] [info] Issue tile /blocks.0/Mul_1 on core 2, spad_id 1, accum_spad_id 1
[2026-04-01 14:26:53.638] [info] HBM2-CH_0: BW utilization 0% (11 reads, 5 writes)
[2026-04-01 14:26:53.642] [info] Layer /blocks.0/Mul_1 finish at 416000
[2026-04-01 14:26:53.642] [info] Total compute time 8000
[2026-04-01 14:26:53.642] [info] executable layer count 3
[2026-04-01 14:26:53.642] [info] Start layer /blocks.1/x_proj/Gemm
[2026-04-01 14:26:53.642] [info] Issue tile Gemm on core 3, spad_id 1, accum_spad_id 1
[2026-04-01 14:26:53.825] [info] HBM2-CH_0: BW utilization 5% (487 reads, 0 writes)
[2026-04-01 14:26:53.828] [info] Layer /blocks.1/x_proj/Gemm finish at 424000
[2026-04-01 14:26:53.828] [info] Total compute time 8000
[2026-04-01 14:26:53.828] [info] executable layer count 3
[2026-04-01 14:26:53.828] [info] Start layer /blocks.1/Mul_1
[2026-04-01 14:26:54.027] [info] HBM2-CH_0: BW utilization 0% (13 reads, 6 writes)
[2026-04-01 14:26:54.029] [info] Layer /blocks.1/Mul_1 finish at 432000
[2026-04-01 14:26:54.029] [info] Total compute time 8000
[2026-04-01 14:26:54.029] [info] executable layer count 2
[2026-04-01 14:26:54.029] [info] Start layer /blocks.0/Slice_1
[2026-04-01 14:26:54.029] [info] Issue tile /blocks.0/Slice_1 on core 2, spad_id 1, accum_spad_id 1
[2026-04-01 14:26:54.145] [info] HBM2-CH_0: BW utilization 0% (0 reads, 1 writes)
[2026-04-01 14:26:54.147] [info] Layer /blocks.0/Slice_1 finish at 440000
[2026-04-01 14:26:54.147] [info] Total compute time 8000
[2026-04-01 14:26:54.147] [info] executable layer count 2
[2026-04-01 14:26:54.147] [info] Start layer /blocks.1/Slice_1
[2026-04-01 14:26:54.256] [info] HBM2-CH_0: BW utilization 0% (0 reads, 0 writes)
[2026-04-01 14:26:54.259] [info] Layer /blocks.1/Slice_1 finish at 448000
[2026-04-01 14:26:54.259] [info] Total compute time 8000
[2026-04-01 14:26:54.259] [info] executable layer count 2
[2026-04-01 14:26:54.259] [info] Start layer /blocks.0/ssm_out/Gemm
[2026-04-01 14:26:54.259] [info] Issue tile Gemm on core 1, spad_id 1, accum_spad_id 1
[2026-04-01 14:26:54.259] [info] Issue tile Gemm on core 2, spad_id 1, accum_spad_id 1
[2026-04-01 14:26:54.259] [info] Issue tile Gemm on core 3, spad_id 1, accum_spad_id 1
[2026-04-01 14:26:54.397] [info] HBM2-CH_0: BW utilization 0% (76 reads, 4 writes)
[2026-04-01 14:26:54.401] [info] Issue tile Gemm on core 0, spad_id 1, accum_spad_id 1
[2026-04-01 14:26:54.401] [info] Issue tile Gemm on core 1, spad_id 1, accum_spad_id 1
[2026-04-01 14:26:54.401] [info] Issue tile Gemm on core 2, spad_id 1, accum_spad_id 1
[2026-04-01 14:26:54.401] [info] Issue tile Gemm on core 3, spad_id 1, accum_spad_id 1
[2026-04-01 14:26:54.538] [info] HBM2-CH_0: BW utilization 0% (37 reads, 2 writes)
[2026-04-01 14:26:54.685] [info] HBM2-CH_0: BW utilization 0% (0 reads, 0 writes)
[2026-04-01 14:26:54.689] [info] Layer /blocks.0/ssm_out/Gemm finish at 472000
[2026-04-01 14:26:54.689] [info] Total compute time 24000
[2026-04-01 14:26:54.689] [info] executable layer count 2
[2026-04-01 14:26:54.689] [info] Start layer /blocks.1/ssm_out/Gemm
[2026-04-01 14:26:54.689] [info] Issue tile Gemm on core 3, spad_id 1, accum_spad_id 1
[2026-04-01 14:26:54.812] [info] HBM2-CH_0: BW utilization 0% (67 reads, 4 writes)
[2026-04-01 14:26:54.814] [info] Issue tile Gemm on core 0, spad_id 1, accum_spad_id 1
[2026-04-01 14:26:54.814] [info] Issue tile Gemm on core 1, spad_id 1, accum_spad_id 1
[2026-04-01 14:26:54.814] [info] Issue tile Gemm on core 2, spad_id 1, accum_spad_id 1
[2026-04-01 14:26:54.814] [info] Issue tile Gemm on core 3, spad_id 1, accum_spad_id 1
[2026-04-01 14:26:54.925] [info] HBM2-CH_0: BW utilization 0% (36 reads, 2 writes)
[2026-04-01 14:26:55.044] [info] HBM2-CH_0: BW utilization 0% (0 reads, 0 writes)
[2026-04-01 14:26:55.046] [info] Layer /blocks.1/ssm_out/Gemm finish at 496000
[2026-04-01 14:26:55.046] [info] Total compute time 24000
[2026-04-01 14:26:55.046] [info] executable layer count 2
[2026-04-01 14:26:55.046] [info] Start layer /blocks.0/Add
[2026-04-01 14:26:55.161] [info] HBM2-CH_0: BW utilization 0% (11 reads, 6 writes)
[2026-04-01 14:26:55.164] [info] Layer /blocks.0/Add finish at 504000
[2026-04-01 14:26:55.164] [info] Total compute time 8000
[2026-04-01 14:26:55.164] [info] executable layer count 2
[2026-04-01 14:26:55.164] [info] Start layer /blocks.1/Add
[2026-04-01 14:26:55.277] [info] HBM2-CH_0: BW utilization 0% (12 reads, 6 writes)
[2026-04-01 14:26:55.280] [info] Layer /blocks.1/Add finish at 512000
[2026-04-01 14:26:55.280] [info] Total compute time 8000
[2026-04-01 14:26:55.280] [info] executable layer count 1
[2026-04-01 14:26:55.280] [info] Start layer /blocks.0/Mul_3
[2026-04-01 14:26:55.280] [info] Issue tile /blocks.0/Mul_3 on core 1, spad_id 1, accum_spad_id 1
[2026-04-01 14:26:55.395] [info] HBM2-CH_0: BW utilization 0% (24 reads, 12 writes)
[2026-04-01 14:26:55.398] [info] Layer /blocks.0/Mul_3 finish at 520000
[2026-04-01 14:26:55.398] [info] Total compute time 8000
[2026-04-01 14:26:55.398] [info] executable layer count 1
[2026-04-01 14:26:55.398] [info] Start layer /blocks.0/out_proj/Gemm
[2026-04-01 14:26:55.398] [info] Issue tile Gemm on core 1, spad_id 1, accum_spad_id 1
[2026-04-01 14:26:55.398] [info] Issue tile Gemm on core 2, spad_id 1, accum_spad_id 1
[2026-04-01 14:26:55.398] [info] Issue tile Gemm on core 3, spad_id 1, accum_spad_id 1
[2026-04-01 14:26:55.966] [info] HBM2-CH_0: BW utilization 48% (4641 reads, 3 writes)
[2026-04-01 14:26:56.121] [info] HBM2-CH_0: BW utilization 0% (0 reads, 0 writes)
[2026-04-01 14:26:56.125] [info] Layer /blocks.0/out_proj/Gemm finish at 536000
[2026-04-01 14:26:56.125] [info] Total compute time 16000
[2026-04-01 14:26:56.125] [info] executable layer count 1
[2026-04-01 14:26:56.125] [info] Start layer /blocks.1/in_proj/Gemm
[2026-04-01 14:26:56.125] [info] Issue tile Gemm on core 3, spad_id 1, accum_spad_id 1
[2026-04-01 14:26:56.414] [info] HBM2-CH_0: BW utilization 32% (3101 reads, 5 writes)
[2026-04-01 14:26:56.417] [info] Issue tile Gemm on core 0, spad_id 1, accum_spad_id 1
[2026-04-01 14:26:56.417] [info] Issue tile Gemm on core 1, spad_id 1, accum_spad_id 1
[2026-04-01 14:26:56.417] [info] Issue tile Gemm on core 2, spad_id 1, accum_spad_id 1
[2026-04-01 14:26:56.417] [info] Issue tile Gemm on core 3, spad_id 1, accum_spad_id 1
[2026-04-01 14:26:56.579] [info] HBM2-CH_0: BW utilization 16% (1550 reads, 2 writes)
[2026-04-01 14:26:56.582] [info] Issue tile Gemm on core 0, spad_id 0, accum_spad_id 0
[2026-04-01 14:26:56.582] [info] Issue tile Gemm on core 1, spad_id 0, accum_spad_id 0
[2026-04-01 14:26:56.582] [info] Issue tile Gemm on core 2, spad_id 0, accum_spad_id 0
[2026-04-01 14:26:56.582] [info] Issue tile Gemm on core 3, spad_id 0, accum_spad_id 0
[2026-04-01 14:26:56.769] [info] HBM2-CH_0: BW utilization 16% (1548 reads, 1 writes)
[2026-04-01 14:26:56.773] [info] Issue tile Gemm on core 0, spad_id 1, accum_spad_id 1
[2026-04-01 14:26:56.773] [info] Issue tile Gemm on core 1, spad_id 1, accum_spad_id 1
[2026-04-01 14:26:56.773] [info] Issue tile Gemm on core 2, spad_id 1, accum_spad_id 1
[2026-04-01 14:26:56.773] [info] Issue tile Gemm on core 3, spad_id 1, accum_spad_id 1
[2026-04-01 14:26:57.017] [info] HBM2-CH_0: BW utilization 16% (1550 reads, 2 writes)
[2026-04-01 14:26:57.020] [info] Issue tile Gemm on core 0, spad_id 0, accum_spad_id 0
[2026-04-01 14:26:57.020] [info] Issue tile Gemm on core 1, spad_id 0, accum_spad_id 0
[2026-04-01 14:26:57.020] [info] Issue tile Gemm on core 3, spad_id 0, accum_spad_id 0
[2026-04-01 14:26:57.271] [info] HBM2-CH_0: BW utilization 12% (1163 reads, 2 writes)
[2026-04-01 14:26:57.276] [info] Issue tile Gemm on core 0, spad_id 1, accum_spad_id 1
[2026-04-01 14:26:57.427] [info] HBM2-CH_0: BW utilization 4% (388 reads, 1 writes)
[2026-04-01 14:26:57.597] [info] HBM2-CH_0: BW utilization 0% (0 reads, 0 writes)
[2026-04-01 14:26:57.602] [info] Layer /blocks.1/in_proj/Gemm finish at 592000
[2026-04-01 14:26:57.602] [info] Total compute time 56000
[2026-04-01 14:26:57.602] [info] executable layer count 1
[2026-04-01 14:26:57.602] [info] Start layer /blocks.1/Slice
[2026-04-01 14:26:57.602] [info] Issue tile /blocks.1/Slice on core 2, spad_id 1, accum_spad_id 1
[2026-04-01 14:26:57.779] [info] HBM2-CH_0: BW utilization 0% (13 reads, 12 writes)
[2026-04-01 14:26:57.785] [info] Layer /blocks.1/Slice finish at 600000
[2026-04-01 14:26:57.785] [info] Total compute time 8000
[2026-04-01 14:26:57.785] [info] executable layer count 1
[2026-04-01 14:26:57.785] [info] Start layer /blocks.1/Sigmoid_1
[2026-04-01 14:26:57.968] [info] HBM2-CH_0: BW utilization 0% (12 reads, 12 writes)
[2026-04-01 14:26:57.972] [info] Layer /blocks.1/Sigmoid_1 finish at 608000
[2026-04-01 14:26:57.972] [info] Total compute time 8000
[2026-04-01 14:26:57.972] [info] executable layer count 1
[2026-04-01 14:26:57.972] [info] Start layer /blocks.1/Mul_2
[2026-04-01 14:26:57.972] [info] Issue tile /blocks.1/Mul_2 on core 3, spad_id 1, accum_spad_id 1
[2026-04-01 14:26:58.112] [info] HBM2-CH_0: BW utilization 0% (24 reads, 12 writes)
[2026-04-01 14:26:58.116] [info] Layer /blocks.1/Mul_2 finish at 616000
[2026-04-01 14:26:58.116] [info] Total compute time 8000
[2026-04-01 14:26:58.116] [info] executable layer count 1
[2026-04-01 14:26:58.116] [info] Start layer /blocks.1/Mul_3
[2026-04-01 14:26:58.233] [info] HBM2-CH_0: BW utilization 0% (24 reads, 12 writes)
[2026-04-01 14:26:58.237] [info] Layer /blocks.1/Mul_3 finish at 624000
[2026-04-01 14:26:58.237] [info] Total compute time 8000
[2026-04-01 14:26:58.237] [info] executable layer count 1
[2026-04-01 14:26:58.237] [info] Start layer /blocks.1/out_proj/Gemm
[2026-04-01 14:26:58.237] [info] Issue tile Gemm on core 2, spad_id 1, accum_spad_id 1
[2026-04-01 14:26:58.237] [info] Issue tile Gemm on core 3, spad_id 1, accum_spad_id 1
[2026-04-01 14:26:58.703] [info] HBM2-CH_0: BW utilization 48% (4641 reads, 3 writes)
[2026-04-01 14:26:58.810] [info] HBM2-CH_0: BW utilization 0% (0 reads, 0 writes)
[2026-04-01 14:26:58.814] [info] Layer /blocks.1/out_proj/Gemm finish at 640000
[2026-04-01 14:26:58.814] [info] Total compute time 16000
[2026-04-01 14:26:58.814] [info] Model[mamba-130m-s1-b2] Request: 0 us, Start: 0 us, finish:640 us, Current Cycle:640000
[2026-04-01 14:26:58.814] [info] Check regressive: seq_len=1, past_seq_len=0, total=0
[2026-04-01 14:26:58.814] [info] Prepare regressive: seq_len=1, past_seq_len=1, total=1
[2026-04-01 14:26:58.814] [info] Model Name: mamba-130m-s1-b2 model started
[2026-04-01 14:26:58.890] [info] [GemmWs] Keys K = 768, N = 1, M = 3072
[2026-04-01 14:26:58.890] [info] [GemmWS]: total 0.0047216644 GFLOPs, 0.004732416 GB
[2026-04-01 14:26:58.890] [info] [GemmWS]: Theoretical time(ms): 0.007707518307142891 Compute time: 3.60234402307924e-05 Memory time: 0.007707518307142891
[2026-04-01 14:26:58.992] [info] [GemmWs] Keys K = 6144, N = 1, M = 1536
[2026-04-01 14:26:58.992] [info] [GemmWS]: total 0.018875906 GFLOPs, 0.018892799 GB
[2026-04-01 14:26:58.992] [info] [GemmWS]: Theoretical time(ms): 0.030770032026339322 Compute time: 0.00014401173586975347 Memory time: 0.030770032026339322
[2026-04-01 14:26:58.993] [info] [GemmWs] Keys K = 1536, N = 1, M = 80
[2026-04-01 14:26:58.993] [info] [GemmWS]: total 0.00024584 GFLOPs, 0.000249152 GB
[2026-04-01 14:26:58.993] [info] [GemmWS]: Theoretical time(ms): 0.0004057850446770317 Compute time: 1.8756103337125296e-06 Memory time: 0.0004057850446770317
[2026-04-01 14:26:58.993] [info] [GemmWs] Keys K = 16, N = 1, M = 1536
[2026-04-01 14:26:58.993] [info] [GemmWS]: total 5.0688e-05 GFLOPs, 5.5328e-05 GB
[2026-04-01 14:26:58.993] [info] [GemmWS]: Theoretical time(ms): 9.011075263742896e-05 Compute time: 3.867187403638894e-07 Memory time: 9.011075263742896e-05
[2026-04-01 14:26:59.006] [info] [GemmWs] Keys K = 1536, N = 1, M = 768
[2026-04-01 14:26:59.006] [info] [GemmWS]: total 0.0023600643 GFLOPs, 0.00236544 GB
[2026-04-01 14:26:59.006] [info] [GemmWS]: Theoretical time(ms): 0.003852508143609157 Compute time: 1.800586169053986e-05 Memory time: 0.003852508143609157
[2026-04-01 14:26:59.029] [info] [GemmWs] Keys K = 768, N = 1, M = 3072
[2026-04-01 14:26:59.029] [info] [GemmWS]: total 0.0047216644 GFLOPs, 0.004732416 GB
[2026-04-01 14:26:59.029] [info] [GemmWS]: Theoretical time(ms): 0.007707518307142891 Compute time: 3.60234402307924e-05 Memory time: 0.007707518307142891
[2026-04-01 14:26:59.135] [info] [GemmWs] Keys K = 6144, N = 1, M = 1536
[2026-04-01 14:26:59.135] [info] [GemmWS]: total 0.018875906 GFLOPs, 0.018892799 GB
[2026-04-01 14:26:59.135] [info] [GemmWS]: Theoretical time(ms): 0.030770032026339322 Compute time: 0.00014401173586975347 Memory time: 0.030770032026339322
[2026-04-01 14:26:59.137] [info] [GemmWs] Keys K = 1536, N = 1, M = 80
[2026-04-01 14:26:59.137] [info] [GemmWS]: total 0.00024584 GFLOPs, 0.000249152 GB
[2026-04-01 14:26:59.137] [info] [GemmWS]: Theoretical time(ms): 0.0004057850446770317 Compute time: 1.8756103337125296e-06 Memory time: 0.0004057850446770317
[2026-04-01 14:26:59.137] [info] [GemmWs] Keys K = 16, N = 1, M = 1536
[2026-04-01 14:26:59.137] [info] [GemmWS]: total 5.0688e-05 GFLOPs, 5.5328e-05 GB
[2026-04-01 14:26:59.137] [info] [GemmWS]: Theoretical time(ms): 9.011075263742896e-05 Compute time: 3.867187403638894e-07 Memory time: 9.011075263742896e-05
[2026-04-01 14:26:59.150] [info] [GemmWs] Keys K = 1536, N = 1, M = 768
[2026-04-01 14:26:59.150] [info] [GemmWS]: total 0.0023600643 GFLOPs, 0.00236544 GB
[2026-04-01 14:26:59.150] [info] [GemmWS]: Theoretical time(ms): 0.003852508143609157 Compute time: 1.800586169053986e-05 Memory time: 0.003852508143609157
[2026-04-01 14:26:59.150] [info] ./models/mamba-130m-s1-b2/mamba-130m-s1-b2.onnx Model initialization time: 0.335894 seconds
[2026-04-01 14:26:59.154] [info] Schedule model: mamba-130m-s1-b2 at 640002000 us
[2026-04-01 14:26:59.154] [info] MODEL mamba-130m-s1-b2 Scheduled, Total Request: 1
[2026-04-01 14:26:59.154] [info] executable layer count 25
[2026-04-01 14:26:59.154] [info] Start layer Identity_16
[2026-04-01 14:26:59.285] [info] HBM2-CH_0: BW utilization 0% (3 reads, 3 writes)
[2026-04-01 14:26:59.289] [info] Layer Identity_16 finish at 648000
[2026-04-01 14:26:59.289] [info] Total compute time 7999
[2026-04-01 14:26:59.289] [info] executable layer count 24
[2026-04-01 14:26:59.289] [info] Start layer Identity_17
[2026-04-01 14:26:59.414] [info] HBM2-CH_0: BW utilization 0% (6 reads, 5 writes)
[2026-04-01 14:26:59.418] [info] Layer Identity_17 finish at 656000
[2026-04-01 14:26:59.418] [info] Total compute time 8000
[2026-04-01 14:26:59.418] [info] executable layer count 23
[2026-04-01 14:26:59.418] [info] Start layer Identity_18
[2026-04-01 14:26:59.544] [info] HBM2-CH_0: BW utilization 0% (0 reads, 0 writes)
[2026-04-01 14:26:59.548] [info] Layer Identity_18 finish at 664000
[2026-04-01 14:26:59.548] [info] Total compute time 8000
[2026-04-01 14:26:59.548] [info] executable layer count 22
[2026-04-01 14:26:59.548] [info] Start layer Identity_19
[2026-04-01 14:26:59.548] [info] Issue tile Identity_19 on core 3, spad_id 1, accum_spad_id 1
[2026-04-01 14:26:59.661] [info] HBM2-CH_0: BW utilization 0% (6 reads, 7 writes)
[2026-04-01 14:26:59.665] [info] Layer Identity_19 finish at 672000
[2026-04-01 14:26:59.665] [info] Total compute time 8000
[2026-04-01 14:26:59.665] [info] executable layer count 22
[2026-04-01 14:26:59.665] [info] Start layer Identity_20
[2026-04-01 14:26:59.786] [info] HBM2-CH_0: BW utilization 0% (12 reads, 12 writes)
[2026-04-01 14:26:59.790] [info] Layer Identity_20 finish at 680000
[2026-04-01 14:26:59.790] [info] Total compute time 8000
[2026-04-01 14:26:59.790] [info] executable layer count 21
[2026-04-01 14:26:59.790] [info] Start layer Identity_21
[2026-04-01 14:26:59.790] [info] Issue tile Identity_21 on core 2, spad_id 1, accum_spad_id 1
[2026-04-01 14:26:59.924] [info] HBM2-CH_0: BW utilization 0% (6 reads, 5 writes)
[2026-04-01 14:26:59.929] [info] Layer Identity_21 finish at 688000
[2026-04-01 14:26:59.929] [info] Total compute time 8000
[2026-04-01 14:26:59.929] [info] executable layer count 20
[2026-04-01 14:26:59.929] [info] Start layer Identity_22
[2026-04-01 14:27:00.062] [info] HBM2-CH_0: BW utilization 0% (6 reads, 6 writes)
[2026-04-01 14:27:00.066] [info] Layer Identity_22 finish at 696000
[2026-04-01 14:27:00.066] [info] Total compute time 8000
[2026-04-01 14:27:00.066] [info] executable layer count 19
[2026-04-01 14:27:00.066] [info] Start layer /blocks.0/in_proj/Gemm
[2026-04-01 14:27:00.066] [info] Issue tile Gemm on core 0, spad_id 1, accum_spad_id 1
[2026-04-01 14:27:00.066] [info] Issue tile Gemm on core 1, spad_id 1, accum_spad_id 1
[2026-04-01 14:27:00.066] [info] Issue tile Gemm on core 2, spad_id 1, accum_spad_id 1
[2026-04-01 14:27:00.066] [info] Issue tile Gemm on core 3, spad_id 1, accum_spad_id 1
[2026-04-01 14:27:00.360] [info] HBM2-CH_0: BW utilization 32% (3092 reads, 4 writes)
[2026-04-01 14:27:00.364] [info] Issue tile Gemm on core 0, spad_id 1, accum_spad_id 1
[2026-04-01 14:27:00.364] [info] Issue tile Gemm on core 1, spad_id 1, accum_spad_id 1
[2026-04-01 14:27:00.364] [info] Issue tile Gemm on core 2, spad_id 1, accum_spad_id 1
[2026-04-01 14:27:00.364] [info] Issue tile Gemm on core 3, spad_id 1, accum_spad_id 1
[2026-04-01 14:27:00.595] [info] HBM2-CH_0: BW utilization 16% (1546 reads, 1 writes)
[2026-04-01 14:27:00.600] [info] Issue tile Gemm on core 0, spad_id 0, accum_spad_id 0
[2026-04-01 14:27:00.600] [info] Issue tile Gemm on core 1, spad_id 0, accum_spad_id 0
[2026-04-01 14:27:00.600] [info] Issue tile Gemm on core 2, spad_id 0, accum_spad_id 0
[2026-04-01 14:27:00.600] [info] Issue tile Gemm on core 3, spad_id 0, accum_spad_id 0
[2026-04-01 14:27:00.825] [info] HBM2-CH_0: BW utilization 16% (1546 reads, 2 writes)
[2026-04-01 14:27:00.829] [info] Issue tile Gemm on core 0, spad_id 1, accum_spad_id 1
[2026-04-01 14:27:00.829] [info] Issue tile Gemm on core 1, spad_id 1, accum_spad_id 1
[2026-04-01 14:27:00.829] [info] Issue tile Gemm on core 2, spad_id 1, accum_spad_id 1
[2026-04-01 14:27:00.829] [info] Issue tile Gemm on core 3, spad_id 1, accum_spad_id 1
[2026-04-01 14:27:01.022] [info] HBM2-CH_0: BW utilization 16% (1546 reads, 3 writes)
[2026-04-01 14:27:01.026] [info] Issue tile Gemm on core 0, spad_id 0, accum_spad_id 0
[2026-04-01 14:27:01.026] [info] Issue tile Gemm on core 1, spad_id 0, accum_spad_id 0
[2026-04-01 14:27:01.026] [info] Issue tile Gemm on core 2, spad_id 0, accum_spad_id 0
[2026-04-01 14:27:01.026] [info] Issue tile Gemm on core 3, spad_id 0, accum_spad_id 0
[2026-04-01 14:27:01.182] [info] HBM2-CH_0: BW utilization 16% (1546 reads, 2 writes)
[2026-04-01 14:27:01.329] [info] HBM2-CH_0: BW utilization 0% (0 reads, 0 writes)
[2026-04-01 14:27:01.335] [info] Layer /blocks.0/in_proj/Gemm finish at 744000
[2026-04-01 14:27:01.335] [info] Total compute time 48000
[2026-04-01 14:27:01.335] [info] executable layer count 18
[2026-04-01 14:27:01.335] [info] Start layer /blocks.0/Constant
[2026-04-01 14:27:01.335] [info] Issue tile /blocks.0/Constant on core 3, spad_id 1, accum_spad_id 1
[2026-04-01 14:27:01.493] [info] HBM2-CH_0: BW utilization 0% (1 reads, 0 writes)
[2026-04-01 14:27:01.497] [info] Layer /blocks.0/Constant finish at 752000
[2026-04-01 14:27:01.497] [info] Total compute time 8000
[2026-04-01 14:27:01.497] [info] executable layer count 17
[2026-04-01 14:27:01.497] [info] Start layer /blocks.0/Constant_1
[2026-04-01 14:27:01.605] [info] HBM2-CH_0: BW utilization 0% (1 reads, 0 writes)
[2026-04-01 14:27:01.609] [info] Layer /blocks.0/Constant_1 finish at 760000
[2026-04-01 14:27:01.609] [info] Total compute time 8000
[2026-04-01 14:27:01.609] [info] executable layer count 16
[2026-04-01 14:27:01.609] [info] Start layer /blocks.0/Constant_2
[2026-04-01 14:27:01.609] [info] Issue tile /blocks.0/Constant_2 on core 2, spad_id 1, accum_spad_id 1
[2026-04-01 14:27:01.724] [info] HBM2-CH_0: BW utilization 0% (1 reads, 0 writes)
[2026-04-01 14:27:01.728] [info] Layer /blocks.0/Constant_2 finish at 768000
[2026-04-01 14:27:01.728] [info] Total compute time 8000
[2026-04-01 14:27:01.728] [info] executable layer count 15
[2026-04-01 14:27:01.728] [info] Start layer /blocks.0/Constant_3
[2026-04-01 14:27:01.883] [info] HBM2-CH_0: BW utilization 0% (1 reads, 0 writes)
[2026-04-01 14:27:01.889] [info] Layer /blocks.0/Constant_3 finish at 776000
[2026-04-01 14:27:01.894] [info] Total compute time 8000
[2026-04-01 14:27:01.894] [info] executable layer count 15
[2026-04-01 14:27:01.894] [info] Start layer /blocks.0/conv_proj/Gemm
[2026-04-01 14:27:01.894] [info] Issue tile Gemm on core 0, spad_id 1, accum_spad_id 1
[2026-04-01 14:27:01.894] [info] Issue tile Gemm on core 1, spad_id 1, accum_spad_id 1
[2026-04-01 14:27:01.894] [info] Issue tile Gemm on core 2, spad_id 1, accum_spad_id 1
[2026-04-01 14:27:01.894] [info] Issue tile Gemm on core 3, spad_id 1, accum_spad_id 1
[2026-04-01 14:27:02.719] [info] HBM2-CH_0: BW utilization 57% (5500 reads, 0 writes)
[2026-04-01 14:27:03.497] [info] HBM2-CH_0: BW utilization 59% (5683 reads, 0 writes)
[2026-04-01 14:27:03.540] [info] Issue tile Gemm on core 0, spad_id 1, accum_spad_id 1
[2026-04-01 14:27:03.540] [info] Issue tile Gemm on core 1, spad_id 1, accum_spad_id 1
[2026-04-01 14:27:03.540] [info] Issue tile Gemm on core 2, spad_id 1, accum_spad_id 1
[2026-04-01 14:27:03.540] [info] Issue tile Gemm on core 3, spad_id 1, accum_spad_id 1
[2026-04-01 14:27:04.514] [info] HBM2-CH_0: BW utilization 59% (5748 reads, 0 writes)
[2026-04-01 14:27:04.545] [info] Issue tile Gemm on core 0, spad_id 0, accum_spad_id 1
[2026-04-01 14:27:04.545] [info] Issue tile Gemm on core 1, spad_id 0, accum_spad_id 1
[2026-04-01 14:27:04.545] [info] Issue tile Gemm on core 2, spad_id 0, accum_spad_id 0
[2026-04-01 14:27:04.545] [info] Issue tile Gemm on core 3, spad_id 0, accum_spad_id 0
[2026-04-01 14:27:05.410] [info] HBM2-CH_0: BW utilization 60% (5820 reads, 0 writes)
[2026-04-01 14:27:05.447] [info] Issue tile Gemm on core 0, spad_id 1, accum_spad_id 1
[2026-04-01 14:27:05.447] [info] Issue tile Gemm on core 1, spad_id 1, accum_spad_id 1
[2026-04-01 14:27:05.447] [info] Issue tile Gemm on core 2, spad_id 1, accum_spad_id 1
[2026-04-01 14:27:05.447] [info] Issue tile Gemm on core 3, spad_id 1, accum_spad_id 1
[2026-04-01 14:27:06.253] [info] HBM2-CH_0: BW utilization 60% (5775 reads, 0 writes)
[2026-04-01 14:27:06.291] [info] Issue tile Gemm on core 0, spad_id 0, accum_spad_id 1
[2026-04-01 14:27:06.291] [info] Issue tile Gemm on core 1, spad_id 0, accum_spad_id 1
[2026-04-01 14:27:06.291] [info] Issue tile Gemm on core 2, spad_id 0, accum_spad_id 0
[2026-04-01 14:27:06.291] [info] Issue tile Gemm on core 3, spad_id 0, accum_spad_id 0
[2026-04-01 14:27:07.147] [info] HBM2-CH_0: BW utilization 60% (5779 reads, 0 writes)
[2026-04-01 14:27:07.688] [info] HBM2-CH_0: BW utilization 29% (2853 reads, 5 writes)
[2026-04-01 14:27:07.694] [info] Layer /blocks.0/conv_proj/Gemm finish at 832000
[2026-04-01 14:27:07.694] [info] Total compute time 56000
[2026-04-01 14:27:07.694] [info] executable layer count 15
[2026-04-01 14:27:07.694] [info] Start layer /blocks.0/Constant_4
[2026-04-01 14:27:07.694] [info] Issue tile /blocks.0/Constant_4 on core 3, spad_id 1, accum_spad_id 1
[2026-04-01 14:27:07.817] [info] HBM2-CH_0: BW utilization 0% (1 reads, 0 writes)
[2026-04-01 14:27:07.822] [info] Layer /blocks.0/Constant_4 finish at 840000
[2026-04-01 14:27:07.822] [info] Total compute time 8000
[2026-04-01 14:27:07.822] [info] executable layer count 14
[2026-04-01 14:27:07.822] [info] Start layer /blocks.0/Constant_5
[2026-04-01 14:27:07.935] [info] HBM2-CH_0: BW utilization 0% (1 reads, 0 writes)
[2026-04-01 14:27:07.940] [info] Layer /blocks.0/Constant_5 finish at 848000
[2026-04-01 14:27:07.940] [info] Total compute time 8000
[2026-04-01 14:27:07.940] [info] executable layer count 13
[2026-04-01 14:27:07.940] [info] Start layer /blocks.0/Constant_6
[2026-04-01 14:27:07.940] [info] Issue tile /blocks.0/Constant_6 on core 2, spad_id 1, accum_spad_id 1
[2026-04-01 14:27:08.060] [info] HBM2-CH_0: BW utilization 0% (1 reads, 0 writes)
[2026-04-01 14:27:08.065] [info] Layer /blocks.0/Constant_6 finish at 856000
[2026-04-01 14:27:08.065] [info] Total compute time 8000
[2026-04-01 14:27:08.065] [info] executable layer count 12
[2026-04-01 14:27:08.065] [info] Start layer /blocks.0/Constant_7
[2026-04-01 14:27:08.184] [info] HBM2-CH_0: BW utilization 0% (1 reads, 0 writes)
[2026-04-01 14:27:08.189] [info] Layer /blocks.0/Constant_7 finish at 864000
[2026-04-01 14:27:08.189] [info] Total compute time 8000
[2026-04-01 14:27:08.189] [info] executable layer count 11
[2026-04-01 14:27:08.189] [info] Start layer /blocks.1/Constant
[2026-04-01 14:27:08.189] [info] Issue tile /blocks.1/Constant on core 3, spad_id 1, accum_spad_id 1
[2026-04-01 14:27:08.310] [info] HBM2-CH_0: BW utilization 0% (1 reads, 0 writes)
[2026-04-01 14:27:08.316] [info] Layer /blocks.1/Constant finish at 872000
[2026-04-01 14:27:08.316] [info] Total compute time 8000
[2026-04-01 14:27:08.316] [info] executable layer count 10
[2026-04-01 14:27:08.316] [info] Start layer /blocks.1/Constant_1
[2026-04-01 14:27:08.453] [info] HBM2-CH_0: BW utilization 0% (1 reads, 0 writes)
[2026-04-01 14:27:08.459] [info] Layer /blocks.1/Constant_1 finish at 880000
[2026-04-01 14:27:08.459] [info] Total compute time 8000
[2026-04-01 14:27:08.459] [info] executable layer count 9
[2026-04-01 14:27:08.459] [info] Start layer /blocks.1/Constant_2
[2026-04-01 14:27:08.459] [info] Issue tile /blocks.1/Constant_2 on core 2, spad_id 1, accum_spad_id 1
[2026-04-01 14:27:08.585] [info] HBM2-CH_0: BW utilization 0% (1 reads, 0 writes)
[2026-04-01 14:27:08.592] [info] Layer /blocks.1/Constant_2 finish at 888000
[2026-04-01 14:27:08.592] [info] Total compute time 8000
[2026-04-01 14:27:08.592] [info] executable layer count 8
[2026-04-01 14:27:08.592] [info] Start layer /blocks.1/Constant_3
[2026-04-01 14:27:08.708] [info] HBM2-CH_0: BW utilization 0% (1 reads, 0 writes)
[2026-04-01 14:27:08.713] [info] Layer /blocks.1/Constant_3 finish at 896000
[2026-04-01 14:27:08.713] [info] Total compute time 8000
[2026-04-01 14:27:08.713] [info] executable layer count 7
[2026-04-01 14:27:08.713] [info] Start layer /blocks.1/Constant_4
[2026-04-01 14:27:08.713] [info] Issue tile /blocks.1/Constant_4 on core 3, spad_id 1, accum_spad_id 1
[2026-04-01 14:27:08.829] [info] HBM2-CH_0: BW utilization 0% (1 reads, 0 writes)
[2026-04-01 14:27:08.834] [info] Layer /blocks.1/Constant_4 finish at 904000
[2026-04-01 14:27:08.834] [info] Total compute time 8000
[2026-04-01 14:27:08.834] [info] executable layer count 6
[2026-04-01 14:27:08.834] [info] Start layer /blocks.1/Constant_5
[2026-04-01 14:27:08.951] [info] HBM2-CH_0: BW utilization 0% (1 reads, 1 writes)
[2026-04-01 14:27:08.956] [info] Layer /blocks.1/Constant_5 finish at 912000
[2026-04-01 14:27:08.956] [info] Total compute time 8000
[2026-04-01 14:27:08.956] [info] executable layer count 5
[2026-04-01 14:27:08.956] [info] Start layer /blocks.1/Constant_6
[2026-04-01 14:27:08.956] [info] Issue tile /blocks.1/Constant_6 on core 2, spad_id 1, accum_spad_id 1
[2026-04-01 14:27:09.074] [info] HBM2-CH_0: BW utilization 0% (1 reads, 0 writes)
[2026-04-01 14:27:09.079] [info] Layer /blocks.1/Constant_6 finish at 920000
[2026-04-01 14:27:09.079] [info] Total compute time 8000
[2026-04-01 14:27:09.079] [info] executable layer count 4
[2026-04-01 14:27:09.079] [info] Start layer /blocks.1/Constant_7
[2026-04-01 14:27:09.197] [info] HBM2-CH_0: BW utilization 0% (1 reads, 0 writes)
[2026-04-01 14:27:09.203] [info] Layer /blocks.1/Constant_7 finish at 928000
[2026-04-01 14:27:09.203] [info] Total compute time 8000
[2026-04-01 14:27:09.203] [info] executable layer count 3
[2026-04-01 14:27:09.203] [info] Start layer /blocks.1/conv_proj/Gemm
[2026-04-01 14:27:09.203] [info] Issue tile Gemm on core 0, spad_id 1, accum_spad_id 1
[2026-04-01 14:27:09.203] [info] Issue tile Gemm on core 1, spad_id 1, accum_spad_id 1
[2026-04-01 14:27:09.203] [info] Issue tile Gemm on core 2, spad_id 1, accum_spad_id 1
[2026-04-01 14:27:09.203] [info] Issue tile Gemm on core 3, spad_id 1, accum_spad_id 1
[2026-04-01 14:27:09.925] [info] HBM2-CH_0: BW utilization 57% (5511 reads, 0 writes)
[2026-04-01 14:27:10.675] [info] HBM2-CH_0: BW utilization 60% (5855 reads, 0 writes)
[2026-04-01 14:27:10.710] [info] Issue tile Gemm on core 0, spad_id 1, accum_spad_id 1
[2026-04-01 14:27:10.710] [info] Issue tile Gemm on core 1, spad_id 1, accum_spad_id 1
[2026-04-01 14:27:10.710] [info] Issue tile Gemm on core 2, spad_id 1, accum_spad_id 1
[2026-04-01 14:27:10.710] [info] Issue tile Gemm on core 3, spad_id 1, accum_spad_id 1
[2026-04-01 14:27:11.463] [info] HBM2-CH_0: BW utilization 60% (5824 reads, 0 writes)
[2026-04-01 14:27:11.496] [info] Issue tile Gemm on core 0, spad_id 0, accum_spad_id 1
[2026-04-01 14:27:11.496] [info] Issue tile Gemm on core 1, spad_id 0, accum_spad_id 1
[2026-04-01 14:27:11.496] [info] Issue tile Gemm on core 2, spad_id 0, accum_spad_id 0
[2026-04-01 14:27:11.496] [info] Issue tile Gemm on core 3, spad_id 0, accum_spad_id 0
[2026-04-01 14:27:12.169] [info] HBM2-CH_0: BW utilization 60% (5849 reads, 0 writes)
[2026-04-01 14:27:12.203] [info] Issue tile Gemm on core 0, spad_id 1, accum_spad_id 1
[2026-04-01 14:27:12.203] [info] Issue tile Gemm on core 1, spad_id 1, accum_spad_id 1
[2026-04-01 14:27:12.203] [info] Issue tile Gemm on core 2, spad_id 1, accum_spad_id 1
[2026-04-01 14:27:12.203] [info] Issue tile Gemm on core 3, spad_id 1, accum_spad_id 1
[2026-04-01 14:27:12.908] [info] HBM2-CH_0: BW utilization 60% (5825 reads, 0 writes)
[2026-04-01 14:27:12.942] [info] Issue tile Gemm on core 0, spad_id 0, accum_spad_id 1
[2026-04-01 14:27:12.942] [info] Issue tile Gemm on core 1, spad_id 0, accum_spad_id 1
[2026-04-01 14:27:12.942] [info] Issue tile Gemm on core 2, spad_id 0, accum_spad_id 0
[2026-04-01 14:27:12.942] [info] Issue tile Gemm on core 3, spad_id 0, accum_spad_id 0
[2026-04-01 14:27:13.620] [info] HBM2-CH_0: BW utilization 60% (5818 reads, 0 writes)
[2026-04-01 14:27:14.019] [info] HBM2-CH_0: BW utilization 25% (2477 reads, 5 writes)
[2026-04-01 14:27:14.024] [info] Layer /blocks.1/conv_proj/Gemm finish at 984000
[2026-04-01 14:27:14.024] [info] Total compute time 56000
[2026-04-01 14:27:14.024] [info] executable layer count 3
[2026-04-01 14:27:14.024] [info] Start layer /blocks.0/Slice
[2026-04-01 14:27:14.024] [info] Issue tile /blocks.0/Slice on core 3, spad_id 1, accum_spad_id 1
[2026-04-01 14:27:14.129] [info] HBM2-CH_0: BW utilization 0% (12 reads, 13 writes)
[2026-04-01 14:27:14.134] [info] Layer /blocks.0/Slice finish at 992000
[2026-04-01 14:27:14.134] [info] Total compute time 8000
[2026-04-01 14:27:14.134] [info] executable layer count 3
[2026-04-01 14:27:14.134] [info] Start layer /blocks.0/Sigmoid
[2026-04-01 14:27:14.237] [info] HBM2-CH_0: BW utilization 0% (5 reads, 6 writes)
[2026-04-01 14:27:14.242] [info] Layer /blocks.0/Sigmoid finish at 1000000
[2026-04-01 14:27:14.242] [info] Total compute time 8000
[2026-04-01 14:27:14.242] [info] executable layer count 3
[2026-04-01 14:27:14.242] [info] Start layer /blocks.1/Sigmoid
[2026-04-01 14:27:14.242] [info] Issue tile /blocks.1/Sigmoid on core 2, spad_id 1, accum_spad_id 1
[2026-04-01 14:27:14.355] [info] HBM2-CH_0: BW utilization 0% (6 reads, 6 writes)
[2026-04-01 14:27:14.360] [info] Layer /blocks.1/Sigmoid finish at 1008000
[2026-04-01 14:27:14.360] [info] Total compute time 8000
[2026-04-01 14:27:14.360] [info] executable layer count 3
[2026-04-01 14:27:14.360] [info] Start layer /blocks.0/Sigmoid_1
[2026-04-01 14:27:14.473] [info] HBM2-CH_0: BW utilization 0% (12 reads, 12 writes)
[2026-04-01 14:27:14.478] [info] Layer /blocks.0/Sigmoid_1 finish at 1016000
[2026-04-01 14:27:14.478] [info] Total compute time 8000
[2026-04-01 14:27:14.478] [info] executable layer count 3
[2026-04-01 14:27:14.478] [info] Start layer /blocks.0/Mul
[2026-04-01 14:27:14.478] [info] Issue tile /blocks.0/Mul on core 3, spad_id 1, accum_spad_id 1
[2026-04-01 14:27:14.590] [info] HBM2-CH_0: BW utilization 0% (11 reads, 6 writes)
[2026-04-01 14:27:14.596] [info] Layer /blocks.0/Mul finish at 1024000
[2026-04-01 14:27:14.596] [info] Total compute time 8000
[2026-04-01 14:27:14.596] [info] executable layer count 4
[2026-04-01 14:27:14.596] [info] Start layer /blocks.1/Mul
[2026-04-01 14:27:14.708] [info] HBM2-CH_0: BW utilization 0% (12 reads, 6 writes)
[2026-04-01 14:27:14.713] [info] Layer /blocks.1/Mul finish at 1032000
[2026-04-01 14:27:14.713] [info] Total compute time 8000
[2026-04-01 14:27:14.713] [info] executable layer count 5
[2026-04-01 14:27:14.713] [info] Start layer /blocks.0/Mul_2
[2026-04-01 14:27:14.713] [info] Issue tile /blocks.0/Mul_2 on core 2, spad_id 1, accum_spad_id 1
[2026-04-01 14:27:14.826] [info] HBM2-CH_0: BW utilization 0% (24 reads, 12 writes)
[2026-04-01 14:27:14.832] [info] Layer /blocks.0/Mul_2 finish at 1040000
[2026-04-01 14:27:14.832] [info] Total compute time 8000
[2026-04-01 14:27:14.832] [info] executable layer count 4
[2026-04-01 14:27:14.832] [info] Start layer /blocks.0/x_proj/Gemm
[2026-04-01 14:27:14.968] [info] HBM2-CH_0: BW utilization 5% (487 reads, 1 writes)
[2026-04-01 14:27:14.976] [info] Layer /blocks.0/x_proj/Gemm finish at 1048000
[2026-04-01 14:27:14.976] [info] Total compute time 8000
[2026-04-01 14:27:14.976] [info] executable layer count 4
[2026-04-01 14:27:14.976] [info] Start layer /blocks.0/Mul_1
[2026-04-01 14:27:14.976] [info] Issue tile /blocks.0/Mul_1 on core 3, spad_id 1, accum_spad_id 1
[2026-04-01 14:27:15.086] [info] HBM2-CH_0: BW utilization 0% (12 reads, 7 writes)
[2026-04-01 14:27:15.092] [info] Layer /blocks.0/Mul_1 finish at 1056000
[2026-04-01 14:27:15.092] [info] Total compute time 8000
[2026-04-01 14:27:15.092] [info] executable layer count 3
[2026-04-01 14:27:15.092] [info] Start layer /blocks.1/x_proj/Gemm
[2026-04-01 14:27:15.225] [info] HBM2-CH_0: BW utilization 5% (486 reads, 0 writes)
[2026-04-01 14:27:15.232] [info] Layer /blocks.1/x_proj/Gemm finish at 1064000
[2026-04-01 14:27:15.232] [info] Total compute time 8000
[2026-04-01 14:27:15.232] [info] executable layer count 3
[2026-04-01 14:27:15.232] [info] Start layer /blocks.1/Mul_1
[2026-04-01 14:27:15.232] [info] Issue tile /blocks.1/Mul_1 on core 2, spad_id 1, accum_spad_id 1
[2026-04-01 14:27:15.342] [info] HBM2-CH_0: BW utilization 0% (11 reads, 7 writes)
[2026-04-01 14:27:15.348] [info] Layer /blocks.1/Mul_1 finish at 1072000
[2026-04-01 14:27:15.348] [info] Total compute time 8000
[2026-04-01 14:27:15.348] [info] executable layer count 2
[2026-04-01 14:27:15.348] [info] Start layer /blocks.0/Slice_1
[2026-04-01 14:27:15.348] [info] Issue tile /blocks.0/Slice_1 on core 3, spad_id 1, accum_spad_id 1
[2026-04-01 14:27:15.459] [info] HBM2-CH_0: BW utilization 0% (1 reads, 0 writes)
[2026-04-01 14:27:15.465] [info] Layer /blocks.0/Slice_1 finish at 1080000
[2026-04-01 14:27:15.465] [info] Total compute time 8000
[2026-04-01 14:27:15.465] [info] executable layer count 2
[2026-04-01 14:27:15.465] [info] Start layer /blocks.1/Slice_1
[2026-04-01 14:27:15.577] [info] HBM2-CH_0: BW utilization 0% (0 reads, 0 writes)
[2026-04-01 14:27:15.583] [info] Layer /blocks.1/Slice_1 finish at 1088000
[2026-04-01 14:27:15.583] [info] Total compute time 8000
[2026-04-01 14:27:15.583] [info] executable layer count 2
[2026-04-01 14:27:15.583] [info] Start layer /blocks.0/ssm_out/Gemm
[2026-04-01 14:27:15.583] [info] Issue tile Gemm on core 0, spad_id 1, accum_spad_id 1
[2026-04-01 14:27:15.583] [info] Issue tile Gemm on core 1, spad_id 1, accum_spad_id 1
[2026-04-01 14:27:15.583] [info] Issue tile Gemm on core 2, spad_id 1, accum_spad_id 1
[2026-04-01 14:27:15.583] [info] Issue tile Gemm on core 3, spad_id 1, accum_spad_id 1
[2026-04-01 14:27:15.686] [info] HBM2-CH_0: BW utilization 0% (68 reads, 4 writes)
[2026-04-01 14:27:15.691] [info] Issue tile Gemm on core 0, spad_id 1, accum_spad_id 1
[2026-04-01 14:27:15.691] [info] Issue tile Gemm on core 1, spad_id 1, accum_spad_id 1
[2026-04-01 14:27:15.691] [info] Issue tile Gemm on core 2, spad_id 1, accum_spad_id 1
[2026-04-01 14:27:15.691] [info] Issue tile Gemm on core 3, spad_id 1, accum_spad_id 1
[2026-04-01 14:27:15.794] [info] HBM2-CH_0: BW utilization 0% (33 reads, 2 writes)
[2026-04-01 14:27:15.910] [info] HBM2-CH_0: BW utilization 0% (0 reads, 0 writes)
[2026-04-01 14:27:15.917] [info] Layer /blocks.0/ssm_out/Gemm finish at 1112000
[2026-04-01 14:27:15.917] [info] Total compute time 24000
[2026-04-01 14:27:15.917] [info] executable layer count 2
[2026-04-01 14:27:15.917] [info] Start layer /blocks.1/ssm_out/Gemm
[2026-04-01 14:27:15.917] [info] Issue tile Gemm on core 3, spad_id 1, accum_spad_id 1
[2026-04-01 14:27:16.040] [info] HBM2-CH_0: BW utilization 0% (67 reads, 4 writes)
[2026-04-01 14:27:16.046] [info] Issue tile Gemm on core 0, spad_id 1, accum_spad_id 1
[2026-04-01 14:27:16.046] [info] Issue tile Gemm on core 1, spad_id 1, accum_spad_id 1
[2026-04-01 14:27:16.046] [info] Issue tile Gemm on core 2, spad_id 1, accum_spad_id 1
[2026-04-01 14:27:16.046] [info] Issue tile Gemm on core 3, spad_id 1, accum_spad_id 1
[2026-04-01 14:27:16.137] [info] HBM2-CH_0: BW utilization 0% (34 reads, 2 writes)
[2026-04-01 14:27:16.283] [info] HBM2-CH_0: BW utilization 0% (0 reads, 0 writes)
[2026-04-01 14:27:16.293] [info] Layer /blocks.1/ssm_out/Gemm finish at 1136000
[2026-04-01 14:27:16.293] [info] Total compute time 24000
[2026-04-01 14:27:16.293] [info] executable layer count 2
[2026-04-01 14:27:16.293] [info] Start layer /blocks.0/Add
[2026-04-01 14:27:16.437] [info] HBM2-CH_0: BW utilization 0% (13 reads, 6 writes)
[2026-04-01 14:27:16.444] [info] Layer /blocks.0/Add finish at 1144000
[2026-04-01 14:27:16.444] [info] Total compute time 8000
[2026-04-01 14:27:16.444] [info] executable layer count 2
[2026-04-01 14:27:16.444] [info] Start layer /blocks.1/Add
[2026-04-01 14:27:16.444] [info] Issue tile /blocks.1/Add on core 2, spad_id 1, accum_spad_id 1
[2026-04-01 14:27:16.579] [info] HBM2-CH_0: BW utilization 0% (13 reads, 6 writes)
[2026-04-01 14:27:16.591] [info] Layer /blocks.1/Add finish at 1152000
[2026-04-01 14:27:16.591] [info] Total compute time 8000
[2026-04-01 14:27:16.591] [info] executable layer count 1
[2026-04-01 14:27:16.591] [info] Start layer /blocks.0/Mul_3
[2026-04-01 14:27:16.591] [info] Issue tile /blocks.0/Mul_3 on core 3, spad_id 1, accum_spad_id 1
[2026-04-01 14:27:16.783] [info] HBM2-CH_0: BW utilization 0% (24 reads, 12 writes)
[2026-04-01 14:27:16.792] [info] Layer /blocks.0/Mul_3 finish at 1160000
[2026-04-01 14:27:16.792] [info] Total compute time 8000
[2026-04-01 14:27:16.792] [info] executable layer count 1
[2026-04-01 14:27:16.792] [info] Start layer /blocks.0/out_proj/Gemm
[2026-04-01 14:27:16.792] [info] Issue tile Gemm on core 3, spad_id 1, accum_spad_id 1
[2026-04-01 14:27:17.354] [info] HBM2-CH_0: BW utilization 48% (4647 reads, 3 writes)
[2026-04-01 14:27:17.505] [info] HBM2-CH_0: BW utilization 0% (0 reads, 0 writes)
[2026-04-01 14:27:17.514] [info] Layer /blocks.0/out_proj/Gemm finish at 1176000
[2026-04-01 14:27:17.514] [info] Total compute time 16000
[2026-04-01 14:27:17.514] [info] executable layer count 1
[2026-04-01 14:27:17.514] [info] Start layer /blocks.1/in_proj/Gemm
[2026-04-01 14:27:17.514] [info] Issue tile Gemm on core 1, spad_id 1, accum_spad_id 1
[2026-04-01 14:27:17.514] [info] Issue tile Gemm on core 2, spad_id 1, accum_spad_id 1
[2026-04-01 14:27:17.514] [info] Issue tile Gemm on core 3, spad_id 1, accum_spad_id 1
[2026-04-01 14:27:17.851] [info] HBM2-CH_0: BW utilization 32% (3100 reads, 4 writes)
[2026-04-01 14:27:17.859] [info] Issue tile Gemm on core 0, spad_id 1, accum_spad_id 1
[2026-04-01 14:27:17.859] [info] Issue tile Gemm on core 1, spad_id 1, accum_spad_id 1
[2026-04-01 14:27:17.859] [info] Issue tile Gemm on core 2, spad_id 1, accum_spad_id 1
[2026-04-01 14:27:17.859] [info] Issue tile Gemm on core 3, spad_id 1, accum_spad_id 1
[2026-04-01 14:27:18.042] [info] HBM2-CH_0: BW utilization 16% (1550 reads, 2 writes)
[2026-04-01 14:27:18.048] [info] Issue tile Gemm on core 0, spad_id 0, accum_spad_id 0
[2026-04-01 14:27:18.048] [info] Issue tile Gemm on core 1, spad_id 0, accum_spad_id 0
[2026-04-01 14:27:18.048] [info] Issue tile Gemm on core 2, spad_id 0, accum_spad_id 0
[2026-04-01 14:27:18.048] [info] Issue tile Gemm on core 3, spad_id 0, accum_spad_id 0
[2026-04-01 14:27:18.248] [info] HBM2-CH_0: BW utilization 16% (1550 reads, 3 writes)
[2026-04-01 14:27:18.258] [info] Issue tile Gemm on core 0, spad_id 1, accum_spad_id 1
[2026-04-01 14:27:18.258] [info] Issue tile Gemm on core 1, spad_id 1, accum_spad_id 1
[2026-04-01 14:27:18.258] [info] Issue tile Gemm on core 2, spad_id 1, accum_spad_id 1
[2026-04-01 14:27:18.258] [info] Issue tile Gemm on core 3, spad_id 1, accum_spad_id 1
[2026-04-01 14:27:18.493] [info] HBM2-CH_0: BW utilization 16% (1550 reads, 2 writes)
[2026-04-01 14:27:18.502] [info] Issue tile Gemm on core 0, spad_id 0, accum_spad_id 0
[2026-04-01 14:27:18.502] [info] Issue tile Gemm on core 1, spad_id 0, accum_spad_id 0
[2026-04-01 14:27:18.502] [info] Issue tile Gemm on core 2, spad_id 0, accum_spad_id 0
[2026-04-01 14:27:18.502] [info] Issue tile Gemm on core 3, spad_id 0, accum_spad_id 0
[2026-04-01 14:27:18.775] [info] HBM2-CH_0: BW utilization 16% (1550 reads, 2 writes)
[2026-04-01 14:27:18.885] [info] HBM2-CH_0: BW utilization 0% (0 reads, 0 writes)
[2026-04-01 14:27:18.891] [info] Layer /blocks.1/in_proj/Gemm finish at 1224000
[2026-04-01 14:27:18.891] [info] Total compute time 48000
[2026-04-01 14:27:18.891] [info] executable layer count 1
[2026-04-01 14:27:18.891] [info] Start layer /blocks.1/Slice
[2026-04-01 14:27:19.012] [info] HBM2-CH_0: BW utilization 0% (13 reads, 12 writes)
[2026-04-01 14:27:19.018] [info] Layer /blocks.1/Slice finish at 1232000
[2026-04-01 14:27:19.018] [info] Total compute time 8000
[2026-04-01 14:27:19.018] [info] executable layer count 1
[2026-04-01 14:27:19.018] [info] Start layer /blocks.1/Sigmoid_1
[2026-04-01 14:27:19.018] [info] Issue tile /blocks.1/Sigmoid_1 on core 3, spad_id 1, accum_spad_id 1
[2026-04-01 14:27:19.217] [info] HBM2-CH_0: BW utilization 0% (12 reads, 12 writes)
[2026-04-01 14:27:19.227] [info] Layer /blocks.1/Sigmoid_1 finish at 1240000
[2026-04-01 14:27:19.227] [info] Total compute time 8000
[2026-04-01 14:27:19.227] [info] executable layer count 1
[2026-04-01 14:27:19.227] [info] Start layer /blocks.1/Mul_2
[2026-04-01 14:27:19.379] [info] HBM2-CH_0: BW utilization 0% (24 reads, 12 writes)
[2026-04-01 14:27:19.392] [info] Layer /blocks.1/Mul_2 finish at 1248000
[2026-04-01 14:27:19.392] [info] Total compute time 8000
[2026-04-01 14:27:19.392] [info] executable layer count 1
[2026-04-01 14:27:19.392] [info] Start layer /blocks.1/Mul_3
[2026-04-01 14:27:19.392] [info] Issue tile /blocks.1/Mul_3 on core 1, spad_id 1, accum_spad_id 1
[2026-04-01 14:27:19.545] [info] HBM2-CH_0: BW utilization 0% (24 reads, 12 writes)
[2026-04-01 14:27:19.558] [info] Layer /blocks.1/Mul_3 finish at 1256000
[2026-04-01 14:27:19.558] [info] Total compute time 8000
[2026-04-01 14:27:19.558] [info] executable layer count 1
[2026-04-01 14:27:19.558] [info] Start layer /blocks.1/out_proj/Gemm
[2026-04-01 14:27:19.558] [info] Issue tile Gemm on core 1, spad_id 1, accum_spad_id 1
[2026-04-01 14:27:19.558] [info] Issue tile Gemm on core 2, spad_id 1, accum_spad_id 1
[2026-04-01 14:27:19.558] [info] Issue tile Gemm on core 3, spad_id 1, accum_spad_id 1
[2026-04-01 14:27:20.103] [info] HBM2-CH_0: BW utilization 48% (4653 reads, 3 writes)
[2026-04-01 14:27:20.265] [info] HBM2-CH_0: BW utilization 0% (0 reads, 0 writes)
[2026-04-01 14:27:20.276] [info] Layer /blocks.1/out_proj/Gemm finish at 1272000
[2026-04-01 14:27:20.276] [info] Total compute time 16000
[2026-04-01 14:27:20.277] [info] Model[mamba-130m-s1-b2] Request: 640 us, Start: 0 us, finish:1272 us, Current Cycle:1272000
[2026-04-01 14:27:20.277] [info] Check regressive: seq_len=1, past_seq_len=1, total=1
[2026-04-01 14:27:20.277] [info] Reached output seq len
[2026-04-01 14:27:20.277] [info] Simulation Finished at 1272001 cycle 1272 us
[2026-04-01 14:27:20.277] [info] [ICNT] Core->ICNT request 0GB/Sec,0
[2026-04-01 14:27:20.277] [info] [ICNT] Core<-ICNT request 0GB/Sec,0
[2026-04-01 14:27:20.277] [info] [ICNT] ICNT->MEM request 0GB/Sec,0
[2026-04-01 14:27:20.277] [info] [ICNT] ICNT<-MEM request 0GB/Sec,0
[2026-04-01 14:27:20.277] [info] ===== SRAM stats =====
[2026-04-01 14:27:20.277] [info]   Hits           : 6053
[2026-04-01 14:27:20.277] [info]   Misses         : 1017403
[2026-04-01 14:27:20.277] [info]   Hit rate       : 0.0059
[2026-04-01 14:27:20.277] [info]   Read hits      : 6053
[2026-04-01 14:27:20.277] [info]   Write hits     : 0
[2026-04-01 14:27:20.277] [info]   Prefetches     : 163
[2026-04-01 14:27:20.277] [info]   Bytes requested: 26727360
[2026-04-01 14:27:20.277] [info]   Bytes received : 26764224
[2026-04-01 14:27:20.277] [info] ===== Acc-SRAM stats =====
[2026-04-01 14:27:20.277] [info]   Hits           : 136
[2026-04-01 14:27:20.277] [info]   Misses         : 131043
[2026-04-01 14:27:20.277] [info]   Hit rate       : 0.0010
[2026-04-01 14:27:20.277] [info]   Read hits      : 0
[2026-04-01 14:27:20.277] [info]   Write hits     : 136
[2026-04-01 14:27:20.277] [info]   Prefetches     : 48
[2026-04-01 14:27:20.277] [info]   Bytes requested: 11296
[2026-04-01 14:27:20.277] [info]   Bytes received : 23104
[2026-04-01 14:27:20.277] [info] Core [0] : MatMul active cycle 798 Vector active cycle 12 
[2026-04-01 14:27:20.277] [info] Core [0] : Memory unit idle cycle 1219626 Systolic bubble cycle 0 Core idle cycle 544032 
[2026-04-01 14:27:20.277] [info] Core [0] : Systolic Array Utilization(%) 8.91 (0.06% PE util), Vector Unit Utilization(%) 0.00, Total cycle: 1272001
[2026-04-01 14:27:20.277] [info] Core [0] Tile Stats | Issued: 87 Running: 0 Finished: 87
[2026-04-01 14:27:20.277] [info] ins executed [1124] ins executed per tile 12.92
[2026-04-01 14:27:20.277] [info] Core [0] : Systolic Inst Issue Count : 822
[2026-04-01 14:27:20.277] [info] Core [0] : Systolic PRELOAD Issue Count : 822
[2026-04-01 14:27:20.277] [info] ===== SRAM stats =====
[2026-04-01 14:27:20.277] [info]   Hits           : 6062
[2026-04-01 14:27:20.277] [info]   Misses         : 1018477
[2026-04-01 14:27:20.277] [info]   Hit rate       : 0.0059
[2026-04-01 14:27:20.277] [info]   Read hits      : 6062
[2026-04-01 14:27:20.277] [info]   Write hits     : 0
[2026-04-01 14:27:20.277] [info]   Prefetches     : 163
[2026-04-01 14:27:20.277] [info]   Bytes requested: 26782496
[2026-04-01 14:27:20.277] [info]   Bytes received : 26831648
[2026-04-01 14:27:20.277] [info] ===== Acc-SRAM stats =====
[2026-04-01 14:27:20.277] [info]   Hits           : 112
[2026-04-01 14:27:20.277] [info]   Misses         : 90654
[2026-04-01 14:27:20.277] [info]   Hit rate       : 0.0012
[2026-04-01 14:27:20.277] [info]   Read hits      : 0
[2026-04-01 14:27:20.277] [info]   Write hits     : 112
[2026-04-01 14:27:20.277] [info]   Prefetches     : 58
[2026-04-01 14:27:20.277] [info]   Bytes requested: 14208
[2026-04-01 14:27:20.277] [info]   Bytes received : 28416
[2026-04-01 14:27:20.277] [info] Core [1] : MatMul active cycle 792 Vector active cycle 16 
[2026-04-01 14:27:20.277] [info] Core [1] : Memory unit idle cycle 1219511 Systolic bubble cycle 0 Core idle cycle 544020 
[2026-04-01 14:27:20.277] [info] Core [1] : Systolic Array Utilization(%) 8.97 (0.06% PE util), Vector Unit Utilization(%) 0.00, Total cycle: 1272001
[2026-04-01 14:27:20.277] [info] Core [1] Tile Stats | Issued: 87 Running: 0 Finished: 87
[2026-04-01 14:27:20.277] [info] ins executed [1134] ins executed per tile 13.03
[2026-04-01 14:27:20.277] [info] Core [1] : Systolic Inst Issue Count : 828
[2026-04-01 14:27:20.277] [info] Core [1] : Systolic PRELOAD Issue Count : 828
[2026-04-01 14:27:20.277] [info] ===== SRAM stats =====
[2026-04-01 14:27:20.277] [info]   Hits           : 5961
[2026-04-01 14:27:20.277] [info]   Misses         : 1011399
[2026-04-01 14:27:20.277] [info]   Hit rate       : 0.0059
[2026-04-01 14:27:20.277] [info]   Read hits      : 5961
[2026-04-01 14:27:20.277] [info]   Write hits     : 0
[2026-04-01 14:27:20.277] [info]   Prefetches     : 165
[2026-04-01 14:27:20.277] [info]   Bytes requested: 26111424
[2026-04-01 14:27:20.277] [info]   Bytes received : 26148288
[2026-04-01 14:27:20.277] [info] ===== Acc-SRAM stats =====
[2026-04-01 14:27:20.277] [info]   Hits           : 106
[2026-04-01 14:27:20.277] [info]   Misses         : 85729
[2026-04-01 14:27:20.277] [info]   Hit rate       : 0.0012
[2026-04-01 14:27:20.277] [info]   Read hits      : 0
[2026-04-01 14:27:20.277] [info]   Write hits     : 106
[2026-04-01 14:27:20.277] [info]   Prefetches     : 55
[2026-04-01 14:27:20.277] [info]   Bytes requested: 13632
[2026-04-01 14:27:20.277] [info]   Bytes received : 27264
[2026-04-01 14:27:20.277] [info] Core [2] : MatMul active cycle 786 Vector active cycle 14 
[2026-04-01 14:27:20.277] [info] Core [2] : Memory unit idle cycle 1220814 Systolic bubble cycle 0 Core idle cycle 536009 
[2026-04-01 14:27:20.277] [info] Core [2] : Systolic Array Utilization(%) 8.63 (0.06% PE util), Vector Unit Utilization(%) 0.00, Total cycle: 1272001
[2026-04-01 14:27:20.277] [info] Core [2] Tile Stats | Issued: 88 Running: 0 Finished: 88
[2026-04-01 14:27:20.277] [info] ins executed [1100] ins executed per tile 12.50
[2026-04-01 14:27:20.277] [info] Core [2] : Systolic Inst Issue Count : 798
[2026-04-01 14:27:20.277] [info] Core [2] : Systolic PRELOAD Issue Count : 798
[2026-04-01 14:27:20.277] [info] ===== SRAM stats =====
[2026-04-01 14:27:20.277] [info]   Hits           : 5766
[2026-04-01 14:27:20.277] [info]   Misses         : 1016228
[2026-04-01 14:27:20.277] [info]   Hit rate       : 0.0056
[2026-04-01 14:27:20.277] [info]   Read hits      : 5766
[2026-04-01 14:27:20.277] [info]   Write hits     : 0
[2026-04-01 14:27:20.277] [info]   Prefetches     : 167
[2026-04-01 14:27:20.277] [info]   Bytes requested: 26553632
[2026-04-01 14:27:20.277] [info]   Bytes received : 26578208
[2026-04-01 14:27:20.277] [info] ===== Acc-SRAM stats =====
[2026-04-01 14:27:20.277] [info]   Hits           : 86
[2026-04-01 14:27:20.277] [info]   Misses         : 47489
[2026-04-01 14:27:20.277] [info]   Hit rate       : 0.0018
[2026-04-01 14:27:20.277] [info]   Read hits      : 0
[2026-04-01 14:27:20.277] [info]   Write hits     : 86
[2026-04-01 14:27:20.277] [info]   Prefetches     : 67
[2026-04-01 14:27:20.277] [info]   Bytes requested: 17056
[2026-04-01 14:27:20.277] [info]   Bytes received : 34112
[2026-04-01 14:27:20.277] [info] Core [3] : MatMul active cycle 792 Vector active cycle 10 
[2026-04-01 14:27:20.277] [info] Core [3] : Memory unit idle cycle 1219957 Systolic bubble cycle 0 Core idle cycle 536002 
[2026-04-01 14:27:20.277] [info] Core [3] : Systolic Array Utilization(%) 8.83 (0.06% PE util), Vector Unit Utilization(%) 0.00, Total cycle: 1272001
[2026-04-01 14:27:20.277] [info] Core [3] Tile Stats | Issued: 88 Running: 0 Finished: 88
[2026-04-01 14:27:20.277] [info] ins executed [1118] ins executed per tile 12.70
[2026-04-01 14:27:20.277] [info] Core [3] : Systolic Inst Issue Count : 816
[2026-04-01 14:27:20.277] [info] Core [3] : Systolic PRELOAD Issue Count : 816
Frontend:
  impl: GEM5

[2026-04-01 14:27:20.288] [info] Row hits: 157430, Row misses: 2415, Row conflicts: 47934
MemorySystem:
  impl: GenericDRAM
  total_num_other_requests: 0
  total_num_write_requests: 481
  total_num_read_requests: 207298
  memory_system_cycles: 1527011
  DRAM:
    impl: HBM2
  AddrMapper:
    impl: RoBaRaCoCh
  Controller:
    impl: Generic
    id: Channel 0
    Scheduler:
      impl: FRFCFS
    RefreshManager:
      impl: AllBank



[2026-04-01 14:27:20.288] [info] HBM2-CH_0: avg BW utilization 13% (207298 reads, 481 writes)
Frontend:
  impl: GEM5

[2026-04-01 14:27:20.288] [info] Row hits: 157319, Row misses: 2142, Row conflicts: 48377
MemorySystem:
  impl: GenericDRAM
  total_num_other_requests: 0
  total_num_write_requests: 476
  total_num_read_requests: 207362
  memory_system_cycles: 1527011
  DRAM:
    impl: HBM2
  AddrMapper:
    impl: RoBaRaCoCh
  Controller:
    impl: Generic
    id: Channel 0
    Scheduler:
      impl: FRFCFS
    RefreshManager:
      impl: AllBank



Frontend:
  impl: GEM5

[2026-04-01 14:27:20.288] [info] Row hits: 157354, Row misses: 2231, Row conflicts: 48257
MemorySystem:
  impl: GenericDRAM
  total_num_other_requests: 0
  total_num_write_requests: 480
  total_num_read_requests: 207362
  memory_system_cycles: 1527011
  DRAM:
    impl: HBM2
  AddrMapper:
    impl: RoBaRaCoCh
  Controller:
    impl: Generic
    id: Channel 0
    Scheduler:
      impl: FRFCFS
    RefreshManager:
      impl: AllBank



Frontend:
  impl: GEM5

[2026-04-01 14:27:20.288] [info] Row hits: 158150, Row misses: 2487, Row conflicts: 47099
MemorySystem:
  impl: GenericDRAM
  total_num_other_requests: 0
  total_num_write_requests: 481
  total_num_read_requests: 207255
  memory_system_cycles: 1527011
  DRAM:
    impl: HBM2
  AddrMapper:
    impl: RoBaRaCoCh
  Controller:
    impl: Generic
    id: Channel 0
    Scheduler:
      impl: FRFCFS
    RefreshManager:
      impl: AllBank



Frontend:
  impl: GEM5

[2026-04-01 14:27:20.288] [info] Row hits: 156762, Row misses: 2086, Row conflicts: 48993
MemorySystem:
  impl: GenericDRAM
  total_num_other_requests: 0
  total_num_write_requests: 478
  total_num_read_requests: 207363
  memory_system_cycles: 1527011
  DRAM:
    impl: HBM2
  AddrMapper:
    impl: RoBaRaCoCh
  Controller:
    impl: Generic
    id: Channel 0
    Scheduler:
      impl: FRFCFS
    RefreshManager:
      impl: AllBank



Frontend:
  impl: GEM5

[2026-04-01 14:27:20.288] [info] Row hits: 157230, Row misses: 2334, Row conflicts: 48177
MemorySystem:
  impl: GenericDRAM
  total_num_other_requests: 0
  total_num_write_requests: 483
  total_num_read_requests: 207258
  memory_system_cycles: 1527011
  DRAM:
    impl: HBM2
  AddrMapper:
    impl: RoBaRaCoCh
  Controller:
    impl: Generic
    id: Channel 0
    Scheduler:
      impl: FRFCFS
    RefreshManager:
      impl: AllBank



Frontend:
  impl: GEM5

[2026-04-01 14:27:20.288] [info] Row hits: 157732, Row misses: 2448, Row conflicts: 47555
MemorySystem:
  impl: GenericDRAM
  total_num_other_requests: 0
  total_num_write_requests: 481
  total_num_read_requests: 207254
  memory_system_cycles: 1527011
  DRAM:
    impl: HBM2
  AddrMapper:
    impl: RoBaRaCoCh
  Controller:
    impl: Generic
    id: Channel 0
    Scheduler:
      impl: FRFCFS
    RefreshManager:
      impl: AllBank



Frontend:
  impl: GEM5

[2026-04-01 14:27:20.288] [info] Row hits: 157268, Row misses: 2173, Row conflicts: 48409
MemorySystem:
  impl: GenericDRAM
  total_num_other_requests: 0
  total_num_write_requests: 476
  total_num_read_requests: 207374
  memory_system_cycles: 1527011
  DRAM:
    impl: HBM2
  AddrMapper:
    impl: RoBaRaCoCh
  Controller:
    impl: Generic
    id: Channel 0
    Scheduler:
      impl: FRFCFS
    RefreshManager:
      impl: AllBank



Frontend:
  impl: GEM5

[2026-04-01 14:27:20.288] [info] Row hits: 157025, Row misses: 2177, Row conflicts: 48633
MemorySystem:
  impl: GenericDRAM
  total_num_other_requests: 0
  total_num_write_requests: 474
  total_num_read_requests: 207361
  memory_system_cycles: 1527011
  DRAM:
    impl: HBM2
  AddrMapper:
    impl: RoBaRaCoCh
  Controller:
    impl: Generic
    id: Channel 0
    Scheduler:
      impl: FRFCFS
    RefreshManager:
      impl: AllBank



Frontend:
  impl: GEM5

[2026-04-01 14:27:20.288] [info] Row hits: 157565, Row misses: 2254, Row conflicts: 47931
MemorySystem:
  impl: GenericDRAM
  total_num_other_requests: 0
  total_num_write_requests: 481
  total_num_read_requests: 207269
  memory_system_cycles: 1527011
  DRAM:
    impl: HBM2
  AddrMapper:
    impl: RoBaRaCoCh
  Controller:
    impl: Generic
    id: Channel 0
    Scheduler:
      impl: FRFCFS
    RefreshManager:
      impl: AllBank



Frontend:
  impl: GEM5

[2026-04-01 14:27:20.289] [info] Row hits: 157607, Row misses: 2291, Row conflicts: 47843
MemorySystem:
  impl: GenericDRAM
  total_num_other_requests: 0
  total_num_write_requests: 482
  total_num_read_requests: 207259
  memory_system_cycles: 1527011
  DRAM:
    impl: HBM2
  AddrMapper:
    impl: RoBaRaCoCh
  Controller:
    impl: Generic
    id: Channel 0
    Scheduler:
      impl: FRFCFS
    RefreshManager:
      impl: AllBank



Frontend:
  impl: GEM5

[2026-04-01 14:27:20.289] [info] Row hits: 157540, Row misses: 2128, Row conflicts: 48171
MemorySystem:
  impl: GenericDRAM
  total_num_other_requests: 0
  total_num_write_requests: 478
  total_num_read_requests: 207361
  memory_system_cycles: 1527011
  DRAM:
    impl: HBM2
  AddrMapper:
    impl: RoBaRaCoCh
  Controller:
    impl: Generic
    id: Channel 0
    Scheduler:
      impl: FRFCFS
    RefreshManager:
      impl: AllBank



Frontend:
  impl: GEM5

[2026-04-01 14:27:20.289] [info] Row hits: 157483, Row misses: 2345, Row conflicts: 47910
MemorySystem:
  impl: GenericDRAM
  total_num_other_requests: 0
  total_num_write_requests: 481
  total_num_read_requests: 207257
  memory_system_cycles: 1527011
  DRAM:
    impl: HBM2
  AddrMapper:
    impl: RoBaRaCoCh
  Controller:
    impl: Generic
    id: Channel 0
    Scheduler:
      impl: FRFCFS
    RefreshManager:
      impl: AllBank



Frontend:
  impl: GEM5

[2026-04-01 14:27:20.289] [info] Row hits: 157390, Row misses: 2289, Row conflicts: 48161
MemorySystem:
  impl: GenericDRAM
  total_num_other_requests: 0
  total_num_write_requests: 478
  total_num_read_requests: 207362
  memory_system_cycles: 1527011
  DRAM:
    impl: HBM2
  AddrMapper:
    impl: RoBaRaCoCh
  Controller:
    impl: Generic
    id: Channel 0
    Scheduler:
      impl: FRFCFS
    RefreshManager:
      impl: AllBank



Frontend:
  impl: GEM5

[2026-04-01 14:27:20.289] [info] Row hits: 157006, Row misses: 2148, Row conflicts: 48697
MemorySystem:
  impl: GenericDRAM
  total_num_other_requests: 0
  total_num_write_requests: 477
  total_num_read_requests: 207374
  memory_system_cycles: 1527011
  DRAM:
    impl: HBM2
  AddrMapper:
    impl: RoBaRaCoCh
  Controller:
    impl: Generic
    id: Channel 0
    Scheduler:
      impl: FRFCFS
    RefreshManager:
      impl: AllBank



Frontend:
  impl: GEM5

[2026-04-01 14:27:20.289] [info] Row hits: 157409, Row misses: 2462, Row conflicts: 47865
MemorySystem:
  impl: GenericDRAM
  total_num_other_requests: 0
  total_num_write_requests: 479
  total_num_read_requests: 207257
  memory_system_cycles: 1527011
  DRAM:
    impl: HBM2
  AddrMapper:
    impl: RoBaRaCoCh
  Controller:
    impl: Generic
    id: Channel 0
    Scheduler:
      impl: FRFCFS
    RefreshManager:
      impl: AllBank



Object Size Histogram
393216 bytes : 294912  cumulative_bytes: 115964116992
4096 bytes : 6144  cumulative_bytes: 115989282816
786432 bytes : 2359296  cumulative_bytes: 1971415154688
32 bytes : 112  cumulative_bytes: 1971415158272
196608 bytes : 589824  cumulative_bytes: 2087379275264
256 bytes : 3456  cumulative_bytes: 2087380160000
245760 bytes : 30720  cumulative_bytes: 2094929907200
6144 bytes : 26880  cumulative_bytes: 2095095057920
160 bytes : 100  cumulative_bytes: 2095095073920
3072 bytes : 8448  cumulative_bytes: 2095121026176
1536 bytes : 4800  cumulative_bytes: 2095128398976
[2026-04-01 14:27:20.289] [info] Simulation time: 42.468464 seconds
[2026-04-01 14:27:20.289] [info] no.of tiles :[41.327296329]
[2026-04-01 14:27:20.289] [info] Total tile: 350, simulated tile per seconds(TPS): 8.468979
