[2026-03-13 16:30:28.872] [info] CPU 0: Partition 0
[2026-03-13 16:30:28.872] [info] CPU 1: Partition 0
[2026-03-13 16:30:28.872] [info] CPU 2: Partition 0
[2026-03-13 16:30:28.872] [info] CPU 3: Partition 0
[2026-03-13 16:30:28.872] [info] Running in default mode
[2026-03-13 16:30:28.872] [info] Simulator Configuration:
[2026-03-13 16:30:28.872] [info] [Core 0] Systolic Array Throughput: 131072 GFLOPS, Spad size: 32768 KB, Accumulator size: 4096 KB
[2026-03-13 16:30:28.872] [info] [Core 1] Systolic Array Throughput: 131072 GFLOPS, Spad size: 32768 KB, Accumulator size: 4096 KB
[2026-03-13 16:30:28.872] [info] [Core 2] Systolic Array Throughput: 131072 GFLOPS, Spad size: 32768 KB, Accumulator size: 4096 KB
[2026-03-13 16:30:28.872] [info] [Core 3] Systolic Array Throughput: 131072 GFLOPS, Spad size: 32768 KB, Accumulator size: 4096 KB
[2026-03-13 16:30:28.872] [info] DRAM Bandwidth 614 GB/s
[2026-03-13 16:30:28.872] [info] Ramulator2 config: ./configs/../configs/ramulator2_configs/HBM2.yaml
[2026-03-13 16:30:28.894] [info] Initialize SimpleInterconnect
[2026-03-13 16:30:28.897] [info] ICNT print interval: 8000 cycles
[2026-03-13 16:30:28.897] [info] num cores : [4]
[2026-03-13 16:30:28.898] [info] No mapping file path : ./models/inception/inception.mapping
[2026-03-13 16:30:28.898] [info] Register model: inception
[2026-03-13 16:30:28.898] [info] Model Name
[2026-03-13 16:30:29.002] [info] has_l2,[false]
[2026-03-13 16:30:29.002] [info] ======Start Simulation=====
[2026-03-13 16:30:29.046] [info] [ReLU] tokens_per_tile: 710432
[2026-03-13 16:30:29.046] [info] [ReLU] tokens_per_tile: 691488
[2026-03-13 16:30:29.046] [info] [ReLU] tokens_per_tile: 1382976
[2026-03-13 16:30:29.046] [info] [ReLU] tokens_per_tile: 426320
[2026-03-13 16:30:29.046] [info] [ReLU] tokens_per_tile: 967872
[2026-03-13 16:30:29.046] [info] [ReLU] tokens_per_tile: 78400
[2026-03-13 16:30:29.046] [info] [ReLU] tokens_per_tile: 58800
[2026-03-13 16:30:29.046] [info] [ReLU] tokens_per_tile: 78400
[2026-03-13 16:30:29.046] [info] [ReLU] tokens_per_tile: 78400
[2026-03-13 16:30:29.046] [info] [ReLU] tokens_per_tile: 117600
[2026-03-13 16:30:29.046] [info] [ReLU] tokens_per_tile: 117600
[2026-03-13 16:30:29.046] [info] [ReLU] tokens_per_tile: 34848
[2026-03-13 16:30:29.046] [info] [ReLU] tokens_per_tile: 309120
[2026-03-13 16:30:29.046] [info] [ReLU] tokens_per_tile: 231840
[2026-03-13 16:30:29.046] [info] [ReLU] tokens_per_tile: 309120
[2026-03-13 16:30:29.046] [info] [ReLU] tokens_per_tile: 309120
[2026-03-13 16:30:29.046] [info] [ReLU] tokens_per_tile: 463680
[2026-03-13 16:30:29.046] [info] [ReLU] tokens_per_tile: 463680
[2026-03-13 16:30:29.046] [info] [ReLU] tokens_per_tile: 287232
[2026-03-13 16:30:29.047] [info] [ReLU] tokens_per_tile: 1232000
[2026-03-13 16:30:29.047] [info] [ReLU] tokens_per_tile: 924000
[2026-03-13 16:30:29.047] [info] [ReLU] tokens_per_tile: 1232000
[2026-03-13 16:30:29.047] [info] [ReLU] tokens_per_tile: 1232000
[2026-03-13 16:30:29.047] [info] [ReLU] tokens_per_tile: 1848000
[2026-03-13 16:30:29.047] [info] [ReLU] tokens_per_tile: 1848000
[2026-03-13 16:30:29.047] [info] [ReLU] tokens_per_tile: 1157376
[2026-03-13 16:30:29.047] [info] [ReLU] tokens_per_tile: 7167744
[2026-03-13 16:30:29.047] [info] [ReLU] tokens_per_tile: 4923520
[2026-03-13 16:30:29.047] [info] [ReLU] tokens_per_tile: 7385280
[2026-03-13 16:30:29.047] [info] [ReLU] tokens_per_tile: 1791936
[2026-03-13 16:30:29.047] [info] [ReLU] tokens_per_tile: 8388608
[2026-03-13 16:30:29.047] [info] [ReLU] tokens_per_tile: 7167744
[2026-03-13 16:30:29.047] [info] [ReLU] tokens_per_tile: 7167744
[2026-03-13 16:30:29.047] [info] [ReLU] tokens_per_tile: 8388608
[2026-03-13 16:30:29.047] [info] [ReLU] tokens_per_tile: 7167744
[2026-03-13 16:30:29.047] [info] [ReLU] tokens_per_tile: 7167744
[2026-03-13 16:30:29.047] [info] [ReLU] tokens_per_tile: 7167744
[2026-03-13 16:30:29.047] [info] [ReLU] tokens_per_tile: 7167744
[2026-03-13 16:30:29.047] [info] [ReLU] tokens_per_tile: 8388608
[2026-03-13 16:30:29.047] [info] [ReLU] tokens_per_tile: 8388608
[2026-03-13 16:30:29.047] [info] [ReLU] tokens_per_tile: 8388608
[2026-03-13 16:30:29.047] [info] [ReLU] tokens_per_tile: 8388608
[2026-03-13 16:30:29.047] [info] [ReLU] tokens_per_tile: 8388608
[2026-03-13 16:30:29.047] [info] [ReLU] tokens_per_tile: 8388608
[2026-03-13 16:30:29.047] [info] [ReLU] tokens_per_tile: 8388608
[2026-03-13 16:30:29.047] [info] [ReLU] tokens_per_tile: 8388608
[2026-03-13 16:30:29.047] [info] [ReLU] tokens_per_tile: 8388608
[2026-03-13 16:30:29.047] [info] [ReLU] tokens_per_tile: 8388608
[2026-03-13 16:30:29.047] [info] [ReLU] tokens_per_tile: 8388608
[2026-03-13 16:30:29.047] [info] [ReLU] tokens_per_tile: 8388608
[2026-03-13 16:30:29.047] [info] [ReLU] tokens_per_tile: 8388608
[2026-03-13 16:30:29.047] [info] [ReLU] tokens_per_tile: 8388608
[2026-03-13 16:30:29.047] [info] [ReLU] tokens_per_tile: 8388608
[2026-03-13 16:30:29.047] [info] [ReLU] tokens_per_tile: 8388608
[2026-03-13 16:30:29.047] [info] [ReLU] tokens_per_tile: 8388608
[2026-03-13 16:30:29.047] [info] [ReLU] tokens_per_tile: 8388608
[2026-03-13 16:30:29.047] [info] [ReLU] tokens_per_tile: 8388608
[2026-03-13 16:30:29.047] [info] [ReLU] tokens_per_tile: 8388608
[2026-03-13 16:30:29.047] [info] [ReLU] tokens_per_tile: 8388608
[2026-03-13 16:30:29.047] [info] [ReLU] tokens_per_tile: 8388608
[2026-03-13 16:30:29.047] [info] [ReLU] tokens_per_tile: 8388608
[2026-03-13 16:30:29.047] [info] [ReLU] tokens_per_tile: 8388608
[2026-03-13 16:30:29.048] [info] [ReLU] tokens_per_tile: 8388608
[2026-03-13 16:30:29.048] [info] [ReLU] tokens_per_tile: 8388608
[2026-03-13 16:30:29.048] [info] [ReLU] tokens_per_tile: 8388608
[2026-03-13 16:30:29.048] [info] [ReLU] tokens_per_tile: 8388608
[2026-03-13 16:30:29.048] [info] [ReLU] tokens_per_tile: 8388608
[2026-03-13 16:30:29.048] [info] [ReLU] tokens_per_tile: 8388608
[2026-03-13 16:30:29.048] [info] [ReLU] tokens_per_tile: 8388608
[2026-03-13 16:30:29.048] [info] [ReLU] tokens_per_tile: 8388608
[2026-03-13 16:30:29.048] [info] [ReLU] tokens_per_tile: 8388608
[2026-03-13 16:30:29.048] [info] [ReLU] tokens_per_tile: 8388608
[2026-03-13 16:30:29.048] [info] [ReLU] tokens_per_tile: 8388608
[2026-03-13 16:30:29.048] [info] [ReLU] tokens_per_tile: 8388608
[2026-03-13 16:30:29.048] [info] [ReLU] tokens_per_tile: 8388608
[2026-03-13 16:30:29.048] [info] [ReLU] tokens_per_tile: 8388608
[2026-03-13 16:30:29.048] [info] [ReLU] tokens_per_tile: 8388608
[2026-03-13 16:30:29.048] [info] [ReLU] tokens_per_tile: 8388608
[2026-03-13 16:30:29.048] [info] [ReLU] tokens_per_tile: 8388608
[2026-03-13 16:30:29.048] [info] [ReLU] tokens_per_tile: 8388608
[2026-03-13 16:30:29.048] [info] [ReLU] tokens_per_tile: 8388608
[2026-03-13 16:30:29.048] [info] [ReLU] tokens_per_tile: 8388608
[2026-03-13 16:30:29.048] [info] [ReLU] tokens_per_tile: 8388608
[2026-03-13 16:30:29.048] [info] [ReLU] tokens_per_tile: 8388608
[2026-03-13 16:30:29.048] [info] [ReLU] tokens_per_tile: 8388608
[2026-03-13 16:30:29.048] [info] [ReLU] tokens_per_tile: 8388608
[2026-03-13 16:30:29.048] [info] [ReLU] tokens_per_tile: 8388608
[2026-03-13 16:30:29.048] [info] [ReLU] tokens_per_tile: 8388608
[2026-03-13 16:30:29.048] [info] [ReLU] tokens_per_tile: 8388608
[2026-03-13 16:30:29.048] [info] [ReLU] tokens_per_tile: 8388608
[2026-03-13 16:30:29.048] [info] [ReLU] tokens_per_tile: 8388608
[2026-03-13 16:30:29.048] [info] [ReLU] tokens_per_tile: 8388608
[2026-03-13 16:30:29.048] [info] [ReLU] tokens_per_tile: 8388608
[2026-03-13 16:30:29.048] [info] [ReLU] tokens_per_tile: 8388608
[2026-03-13 16:30:29.048] [info] [Conv] Used gemmini convolution mapping: [T] N1 C3 M32 P149 Q149 S3 R3 - [O] N1 C1 M1 P5 Q2 S1 R1 - [I] N1 C3 M32 P32 Q128 S3 R3
[2026-03-13 16:30:29.088] [info] [Conv] Used gemmini convolution mapping: [T] N1 C32 M32 P147 Q147 S3 R3 - [O] N1 C1 M1 P5 Q2 S1 R1 - [I] N1 C32 M32 P32 Q128 S3 R3
[2026-03-13 16:30:29.150] [info] [Conv] Used gemmini convolution mapping: [T] N1 C32 M64 P147 Q147 S3 R3 - [O] N1 C1 M1 P5 Q2 S1 R1 - [I] N1 C32 M64 P32 Q128 S3 R3
[2026-03-13 16:30:29.254] [info] [Conv] Used gemmini convolution mapping: [T] N1 C64 M80 P73 Q73 S1 R1 - [O] N1 C1 M1 P2 Q1 S1 R1 - [I] N1 C64 M80 P56 Q73 S1 R1
[2026-03-13 16:30:29.289] [info] [Conv] Used gemmini convolution mapping: [T] N1 C80 M192 P71 Q71 S3 R3 - [O] N1 C1 M2 P2 Q1 S1 R1 - [I] N1 C80 M128 P57 Q71 S3 R3
[2026-03-13 16:30:29.381] [info] [Conv] Used gemmini convolution mapping: [T] N1 C192 M64 P35 Q35 S1 R1 - [O] N1 C1 M1 P1 Q1 S1 R1 - [I] N1 C192 M64 P35 Q35 S1 R1
[2026-03-13 16:30:29.394] [info] [Conv] Used gemmini convolution mapping: [T] N1 C192 M48 P35 Q35 S1 R1 - [O] N1 C1 M1 P1 Q1 S1 R1 - [I] N1 C192 M48 P35 Q35 S1 R1
[2026-03-13 16:30:29.407] [info] [Conv] Used gemmini convolution mapping: [T] N1 C48 M64 P35 Q35 S5 R5 - [O] N1 C1 M1 P1 Q1 S1 R1 - [I] N1 C48 M64 P35 Q35 S5 R5
[2026-03-13 16:30:29.427] [info] [Conv] Used gemmini convolution mapping: [T] N1 C64 M96 P35 Q35 S3 R3 - [O] N1 C1 M1 P1 Q1 S1 R1 - [I] N1 C64 M96 P35 Q35 S3 R3
[2026-03-13 16:30:29.436] [info] [Conv] Used gemmini convolution mapping: [T] N1 C96 M96 P35 Q35 S3 R3 - [O] N1 C1 M1 P1 Q1 S1 R1 - [I] N1 C96 M96 P35 Q35 S3 R3
[2026-03-13 16:30:29.449] [info] [Conv] Used gemmini convolution mapping: [T] N1 C192 M32 P33 Q33 S1 R1 - [O] N1 C1 M1 P1 Q1 S1 R1 - [I] N1 C192 M32 P33 Q33 S1 R1
[2026-03-13 16:30:29.461] [error] Key not found: N: 1 C: 256 M: 64 P: 35 Q: 138 S: 1 R: 1
