[2026-03-13 16:30:57.147] [info] CPU 0: Partition 0
[2026-03-13 16:30:57.151] [info] CPU 1: Partition 0
[2026-03-13 16:30:57.151] [info] CPU 2: Partition 0
[2026-03-13 16:30:57.151] [info] CPU 3: Partition 0
[2026-03-13 16:30:57.151] [info] Running in language mode
[2026-03-13 16:30:57.151] [info] Simulator Configuration:
[2026-03-13 16:30:57.151] [info] [Core 0] Systolic Array Throughput: 131072 GFLOPS, Spad size: 32768 KB, Accumulator size: 4096 KB
[2026-03-13 16:30:57.151] [info] [Core 1] Systolic Array Throughput: 131072 GFLOPS, Spad size: 32768 KB, Accumulator size: 4096 KB
[2026-03-13 16:30:57.151] [info] [Core 2] Systolic Array Throughput: 131072 GFLOPS, Spad size: 32768 KB, Accumulator size: 4096 KB
[2026-03-13 16:30:57.151] [info] [Core 3] Systolic Array Throughput: 131072 GFLOPS, Spad size: 32768 KB, Accumulator size: 4096 KB
[2026-03-13 16:30:57.151] [info] DRAM Bandwidth 614 GB/s
[2026-03-13 16:30:57.151] [info] Ramulator2 config: ./configs/../configs/ramulator2_configs/HBM2.yaml
[2026-03-13 16:30:57.167] [info] Initialize SimpleInterconnect
[2026-03-13 16:30:57.170] [info] ICNT print interval: 8000 cycles
[2026-03-13 16:30:57.170] [info] num cores : [4]
[2026-03-13 16:30:57.171] [info] Register Language Model: opt-125m
[2026-03-13 16:30:57.171] [info] Tensor Parallelsim 1, Pipeline Parallelism 1
[2026-03-13 16:30:57.171] [info] Weight size: 0.09 GB
[2026-03-13 16:30:57.171] [info] Simple Language scheduler selected
[2026-03-13 16:30:57.171] [info] num layer 1 num sim layer 1
[2026-03-13 16:30:57.171] [info] has_l2,[false]
[2026-03-13 16:30:57.171] [info] ======Start Simulation=====
[2026-03-13 16:30:57.171] [info] Total Memory Usage: 0.09 GB
[2026-03-13 16:30:57.171] [info] Weight Memory Usage: 0.09 GB
[2026-03-13 16:30:57.171] [info] KV Memory Usage: 0.00 GB
[2026-03-13 16:30:57.171] [info] Activation Memory Usage: 0.00 GB
[2026-03-13 16:30:57.171] [info] [GEMM] spad_size: 33554432 accum_size: 4194304
[2026-03-13 16:30:57.171] [info] [GEMM] required_sram_size: 983040 required_accum_size: 131072
[2026-03-13 16:30:57.171] [info] [GEMM] Used gemmini gemm mapping: Total N:100 C:768 M:2304, Outer N:1 C:1 M:5, Inner N:128 C:768 M:512
[2026-03-13 16:30:57.214] [info] [GemmWs] Keys K = 768, N = 100, M = 2304
[2026-03-13 16:30:57.214] [info] [GemmWS]: total 0.3541248 GFLOPs, 0.004157952 GB
[2026-03-13 16:30:57.214] [info] [GemmWS]: Theoretical time(ms): 0.006771908829250606 Compute time: 0.002701757921386161 Memory time: 0.006771908829250606
[2026-03-13 16:30:57.217] [info] [Attention] total_spad_size_per_head: 38400 B
[2026-03-13 16:30:57.217] [info] [Attention] total_acc_size_per_head: 20000 B
[2026-03-13 16:30:57.217] [info] [Attention] q_len: 100, seq_len: 100, dk: 64, heads per tile 1
[2026-03-13 16:30:57.217] [info] [Attention] Spad size 16777216
[2026-03-13 16:30:57.217] [info] [Attention] Accum spad size 2097152
[2026-03-13 16:30:57.217] [info] Mapping info Total Loop: N1200 C64 M100 S1 R1 Q1 P1 Tile Out Loop: N12 C1 M1 S1 R1 Q1 P1 Tile In Loop: N100 C64 M100 S1 R1 Q1 P1
[2026-03-13 16:30:57.230] [info] [Attention] QK 0.01536 GFLOPs
[2026-03-13 16:30:57.230] [info] [Attention] total 0.03192 GFLOPs, 0.0006144 GB
[2026-03-13 16:30:57.230] [info] [Attention] Theoretical time(ms): 0.0010006515 Compute time: 0.0003808594 Memory time: 0.0010006515
[2026-03-13 16:30:57.230] [info] [Attention] QK compute 0.0001ms Softmax compute 0.0001ms SV compute 0.0001ms
