[2026-03-14 11:31:03.041] [info] CPU 0: Partition 0
[2026-03-14 11:31:03.042] [info] CPU 1: Partition 0
[2026-03-14 11:31:03.042] [info] CPU 2: Partition 0
[2026-03-14 11:31:03.042] [info] CPU 3: Partition 0
[2026-03-14 11:31:03.042] [info] Running in default mode
[2026-03-14 11:31:03.043] [info] Simulator Configuration:
[2026-03-14 11:31:03.043] [info] [Core 0] Systolic Array Throughput: 131072 GFLOPS, Spad size: 32768 KB, Accumulator size: 4096 KB
[2026-03-14 11:31:03.043] [info] [Core 1] Systolic Array Throughput: 131072 GFLOPS, Spad size: 32768 KB, Accumulator size: 4096 KB
[2026-03-14 11:31:03.043] [info] [Core 2] Systolic Array Throughput: 131072 GFLOPS, Spad size: 32768 KB, Accumulator size: 4096 KB
[2026-03-14 11:31:03.043] [info] [Core 3] Systolic Array Throughput: 131072 GFLOPS, Spad size: 32768 KB, Accumulator size: 4096 KB
[2026-03-14 11:31:03.043] [info] DRAM Bandwidth 614 GB/s
[2026-03-14 11:31:03.044] [info] Ramulator2 config: ./configs/../configs/ramulator2_configs/HBM2.yaml
[2026-03-14 11:31:03.065] [info] Initialize SimpleInterconnect
[2026-03-14 11:31:03.069] [info] ICNT print interval: 8000 cycles
[2026-03-14 11:31:03.069] [info] num cores : [4]
[2026-03-14 11:31:03.070] [info] No mapping file path : ./models/mamba_custom/mamba_custom.mapping
[2026-03-14 11:31:03.070] [info] Register model: mamba_custom
[2026-03-14 11:31:03.070] [info] Model Name
[2026-03-14 11:31:03.073] [info] has_l2,[false]
[2026-03-14 11:31:03.073] [info] ======Start Simulation=====
[2026-03-14 11:31:03.073] [info] Model Name: mamba_custom model started
[2026-03-14 11:31:03.100] [info] [GEMM] spad_size: 33554432 accum_size: 4194304
[2026-03-14 11:31:03.100] [info] [GEMM] required_sram_size: 589824 required_accum_size: 65536
[2026-03-14 11:31:03.100] [info] [GEMM] Used gemmini gemm mapping: Total N:1000 C:768 M:16, Outer N:4 C:1 M:1, Inner N:256 C:768 M:128
[2026-03-14 11:31:03.111] [info] [GemmWs] Keys K = 768, N = 1000, M = 16
[2026-03-14 11:31:03.111] [info] [GemmWS]: total 0.024576 GFLOPs, 0.001592576 GB
[2026-03-14 11:31:03.111] [info] [GemmWS]: Theoretical time(ms): 0.002593772023828933 Compute time: 0.00018750000663203537 Memory time: 0.002593772023828933
[2026-03-14 11:31:03.121] [info] [GemmWs] Keys K = 768, N = 1000, M = 16
[2026-03-14 11:31:03.121] [info] [GemmWS]: total 0.024576 GFLOPs, 0.001592576 GB
[2026-03-14 11:31:03.121] [info] [GemmWS]: Theoretical time(ms): 0.002593772023828933 Compute time: 0.00018750000663203537 Memory time: 0.002593772023828933
[2026-03-14 11:31:03.123] [info] [GEMM] spad_size: 33554432 accum_size: 4194304
[2026-03-14 11:31:03.123] [info] [GEMM] required_sram_size: 229376 required_accum_size: 393216
[2026-03-14 11:31:03.123] [info] [GEMM] Used gemmini gemm mapping: Total N:1000 C:16 M:768, Outer N:2 C:1 M:2, Inner N:512 C:128 M:384
[2026-03-14 11:31:03.136] [info] [GemmWs] Keys K = 16, N = 1000, M = 768
[2026-03-14 11:31:03.136] [info] [GemmWS]: total 0.024576 GFLOPs, 0.001592576 GB
[2026-03-14 11:31:03.136] [info] [GemmWS]: Theoretical time(ms): 0.002593772023828933 Compute time: 0.00018750000663203537 Memory time: 0.002593772023828933
[2026-03-14 11:31:03.141] [info] [GemmWs] Keys K = 768, N = 1000, M = 16
[2026-03-14 11:31:03.141] [info] [GemmWS]: total 0.024576 GFLOPs, 0.001592576 GB
[2026-03-14 11:31:03.141] [info] [GemmWS]: Theoretical time(ms): 0.002593772023828933 Compute time: 0.00018750000663203537 Memory time: 0.002593772023828933
[2026-03-14 11:31:03.146] [info] [GemmWs] Keys K = 768, N = 1000, M = 16
[2026-03-14 11:31:03.146] [info] [GemmWS]: total 0.024576 GFLOPs, 0.001592576 GB
[2026-03-14 11:31:03.146] [info] [GemmWS]: Theoretical time(ms): 0.002593772023828933 Compute time: 0.00018750000663203537 Memory time: 0.002593772023828933
[2026-03-14 11:31:03.151] [info] [GemmWs] Keys K = 16, N = 1000, M = 768
[2026-03-14 11:31:03.151] [info] [GemmWS]: total 0.024576 GFLOPs, 0.001592576 GB
[2026-03-14 11:31:03.151] [info] [GemmWS]: Theoretical time(ms): 0.002593772023828933 Compute time: 0.00018750000663203537 Memory time: 0.002593772023828933
[2026-03-14 11:31:03.157] [info] [GemmWs] Keys K = 768, N = 1000, M = 16
[2026-03-14 11:31:03.157] [info] [GemmWS]: total 0.024576 GFLOPs, 0.001592576 GB
[2026-03-14 11:31:03.157] [info] [GemmWS]: Theoretical time(ms): 0.002593772023828933 Compute time: 0.00018750000663203537 Memory time: 0.002593772023828933
[2026-03-14 11:31:03.161] [info] [GemmWs] Keys K = 768, N = 1000, M = 16
[2026-03-14 11:31:03.161] [info] [GemmWS]: total 0.024576 GFLOPs, 0.001592576 GB
[2026-03-14 11:31:03.161] [info] [GemmWS]: Theoretical time(ms): 0.002593772023828933 Compute time: 0.00018750000663203537 Memory time: 0.002593772023828933
[2026-03-14 11:31:03.166] [info] [GemmWs] Keys K = 16, N = 1000, M = 768
[2026-03-14 11:31:03.166] [info] [GemmWS]: total 0.024576 GFLOPs, 0.001592576 GB
[2026-03-14 11:31:03.166] [info] [GemmWS]: Theoretical time(ms): 0.002593772023828933 Compute time: 0.00018750000663203537 Memory time: 0.002593772023828933
[2026-03-14 11:31:03.171] [info] [GemmWs] Keys K = 768, N = 1000, M = 16
[2026-03-14 11:31:03.171] [info] [GemmWS]: total 0.024576 GFLOPs, 0.001592576 GB
[2026-03-14 11:31:03.171] [info] [GemmWS]: Theoretical time(ms): 0.002593772023828933 Compute time: 0.00018750000663203537 Memory time: 0.002593772023828933
[2026-03-14 11:31:03.176] [info] [GemmWs] Keys K = 768, N = 1000, M = 16
[2026-03-14 11:31:03.176] [info] [GemmWS]: total 0.024576 GFLOPs, 0.001592576 GB
[2026-03-14 11:31:03.176] [info] [GemmWS]: Theoretical time(ms): 0.002593772023828933 Compute time: 0.00018750000663203537 Memory time: 0.002593772023828933
[2026-03-14 11:31:03.181] [info] [GemmWs] Keys K = 16, N = 1000, M = 768
[2026-03-14 11:31:03.181] [info] [GemmWS]: total 0.024576 GFLOPs, 0.001592576 GB
[2026-03-14 11:31:03.181] [info] [GemmWS]: Theoretical time(ms): 0.002593772023828933 Compute time: 0.00018750000663203537 Memory time: 0.002593772023828933
[2026-03-14 11:31:03.188] [info] [GemmWs] Keys K = 768, N = 1000, M = 16
[2026-03-14 11:31:03.188] [info] [GemmWS]: total 0.024576 GFLOPs, 0.001592576 GB
[2026-03-14 11:31:03.188] [info] [GemmWS]: Theoretical time(ms): 0.002593772023828933 Compute time: 0.00018750000663203537 Memory time: 0.002593772023828933
[2026-03-14 11:31:03.196] [info] [GemmWs] Keys K = 768, N = 1000, M = 16
[2026-03-14 11:31:03.196] [info] [GemmWS]: total 0.024576 GFLOPs, 0.001592576 GB
[2026-03-14 11:31:03.196] [info] [GemmWS]: Theoretical time(ms): 0.002593772023828933 Compute time: 0.00018750000663203537 Memory time: 0.002593772023828933
[2026-03-14 11:31:03.203] [info] [GemmWs] Keys K = 16, N = 1000, M = 768
[2026-03-14 11:31:03.203] [info] [GemmWS]: total 0.024576 GFLOPs, 0.001592576 GB
[2026-03-14 11:31:03.203] [info] [GemmWS]: Theoretical time(ms): 0.002593772023828933 Compute time: 0.00018750000663203537 Memory time: 0.002593772023828933
[2026-03-14 11:31:03.210] [info] [GemmWs] Keys K = 768, N = 1000, M = 16
[2026-03-14 11:31:03.210] [info] [GemmWS]: total 0.024576 GFLOPs, 0.001592576 GB
[2026-03-14 11:31:03.210] [info] [GemmWS]: Theoretical time(ms): 0.002593772023828933 Compute time: 0.00018750000663203537 Memory time: 0.002593772023828933
[2026-03-14 11:31:03.219] [info] [GemmWs] Keys K = 768, N = 1000, M = 16
[2026-03-14 11:31:03.219] [info] [GemmWS]: total 0.024576 GFLOPs, 0.001592576 GB
[2026-03-14 11:31:03.220] [info] [GemmWS]: Theoretical time(ms): 0.002593772023828933 Compute time: 0.00018750000663203537 Memory time: 0.002593772023828933
[2026-03-14 11:31:03.230] [info] [GemmWs] Keys K = 16, N = 1000, M = 768
[2026-03-14 11:31:03.230] [info] [GemmWS]: total 0.024576 GFLOPs, 0.001592576 GB
[2026-03-14 11:31:03.230] [info] [GemmWS]: Theoretical time(ms): 0.002593772023828933 Compute time: 0.00018750000663203537 Memory time: 0.002593772023828933
[2026-03-14 11:31:03.240] [info] [GemmWs] Keys K = 768, N = 1000, M = 16
[2026-03-14 11:31:03.240] [info] [GemmWS]: total 0.024576 GFLOPs, 0.001592576 GB
[2026-03-14 11:31:03.240] [info] [GemmWS]: Theoretical time(ms): 0.002593772023828933 Compute time: 0.00018750000663203537 Memory time: 0.002593772023828933
[2026-03-14 11:31:03.249] [info] [GemmWs] Keys K = 768, N = 1000, M = 16
[2026-03-14 11:31:03.249] [info] [GemmWS]: total 0.024576 GFLOPs, 0.001592576 GB
[2026-03-14 11:31:03.249] [info] [GemmWS]: Theoretical time(ms): 0.002593772023828933 Compute time: 0.00018750000663203537 Memory time: 0.002593772023828933
[2026-03-14 11:31:03.256] [info] [GemmWs] Keys K = 16, N = 1000, M = 768
[2026-03-14 11:31:03.256] [info] [GemmWS]: total 0.024576 GFLOPs, 0.001592576 GB
[2026-03-14 11:31:03.256] [info] [GemmWS]: Theoretical time(ms): 0.002593772023828933 Compute time: 0.00018750000663203537 Memory time: 0.002593772023828933
[2026-03-14 11:31:03.262] [info] [GemmWs] Keys K = 768, N = 1000, M = 16
[2026-03-14 11:31:03.262] [info] [GemmWS]: total 0.024576 GFLOPs, 0.001592576 GB
[2026-03-14 11:31:03.262] [info] [GemmWS]: Theoretical time(ms): 0.002593772023828933 Compute time: 0.00018750000663203537 Memory time: 0.002593772023828933
[2026-03-14 11:31:03.267] [info] [GemmWs] Keys K = 768, N = 1000, M = 16
[2026-03-14 11:31:03.267] [info] [GemmWS]: total 0.024576 GFLOPs, 0.001592576 GB
[2026-03-14 11:31:03.267] [info] [GemmWS]: Theoretical time(ms): 0.002593772023828933 Compute time: 0.00018750000663203537 Memory time: 0.002593772023828933
[2026-03-14 11:31:03.272] [info] [GemmWs] Keys K = 16, N = 1000, M = 768
[2026-03-14 11:31:03.272] [info] [GemmWS]: total 0.024576 GFLOPs, 0.001592576 GB
[2026-03-14 11:31:03.272] [info] [GemmWS]: Theoretical time(ms): 0.002593772023828933 Compute time: 0.00018750000663203537 Memory time: 0.002593772023828933
[2026-03-14 11:31:03.277] [info] [GemmWs] Keys K = 768, N = 1000, M = 16
[2026-03-14 11:31:03.277] [info] [GemmWS]: total 0.024576 GFLOPs, 0.001592576 GB
[2026-03-14 11:31:03.277] [info] [GemmWS]: Theoretical time(ms): 0.002593772023828933 Compute time: 0.00018750000663203537 Memory time: 0.002593772023828933
[2026-03-14 11:31:03.282] [info] [GemmWs] Keys K = 768, N = 1000, M = 16
[2026-03-14 11:31:03.282] [info] [GemmWS]: total 0.024576 GFLOPs, 0.001592576 GB
[2026-03-14 11:31:03.282] [info] [GemmWS]: Theoretical time(ms): 0.002593772023828933 Compute time: 0.00018750000663203537 Memory time: 0.002593772023828933
[2026-03-14 11:31:03.288] [info] [GemmWs] Keys K = 16, N = 1000, M = 768
[2026-03-14 11:31:03.288] [info] [GemmWS]: total 0.024576 GFLOPs, 0.001592576 GB
[2026-03-14 11:31:03.288] [info] [GemmWS]: Theoretical time(ms): 0.002593772023828933 Compute time: 0.00018750000663203537 Memory time: 0.002593772023828933
[2026-03-14 11:31:03.293] [info] [GemmWs] Keys K = 768, N = 1000, M = 16
[2026-03-14 11:31:03.293] [info] [GemmWS]: total 0.024576 GFLOPs, 0.001592576 GB
[2026-03-14 11:31:03.293] [info] [GemmWS]: Theoretical time(ms): 0.002593772023828933 Compute time: 0.00018750000663203537 Memory time: 0.002593772023828933
[2026-03-14 11:31:03.298] [info] [GemmWs] Keys K = 768, N = 1000, M = 16
[2026-03-14 11:31:03.298] [info] [GemmWS]: total 0.024576 GFLOPs, 0.001592576 GB
[2026-03-14 11:31:03.298] [info] [GemmWS]: Theoretical time(ms): 0.002593772023828933 Compute time: 0.00018750000663203537 Memory time: 0.002593772023828933
[2026-03-14 11:31:03.303] [info] [GemmWs] Keys K = 16, N = 1000, M = 768
[2026-03-14 11:31:03.303] [info] [GemmWS]: total 0.024576 GFLOPs, 0.001592576 GB
[2026-03-14 11:31:03.303] [info] [GemmWS]: Theoretical time(ms): 0.002593772023828933 Compute time: 0.00018750000663203537 Memory time: 0.002593772023828933
[2026-03-14 11:31:03.309] [info] [GemmWs] Keys K = 768, N = 1000, M = 16
[2026-03-14 11:31:03.309] [info] [GemmWS]: total 0.024576 GFLOPs, 0.001592576 GB
[2026-03-14 11:31:03.309] [info] [GemmWS]: Theoretical time(ms): 0.002593772023828933 Compute time: 0.00018750000663203537 Memory time: 0.002593772023828933
[2026-03-14 11:31:03.314] [info] [GemmWs] Keys K = 768, N = 1000, M = 16
[2026-03-14 11:31:03.314] [info] [GemmWS]: total 0.024576 GFLOPs, 0.001592576 GB
[2026-03-14 11:31:03.314] [info] [GemmWS]: Theoretical time(ms): 0.002593772023828933 Compute time: 0.00018750000663203537 Memory time: 0.002593772023828933
[2026-03-14 11:31:03.319] [info] [GemmWs] Keys K = 16, N = 1000, M = 768
[2026-03-14 11:31:03.319] [info] [GemmWS]: total 0.024576 GFLOPs, 0.001592576 GB
[2026-03-14 11:31:03.319] [info] [GemmWS]: Theoretical time(ms): 0.002593772023828933 Compute time: 0.00018750000663203537 Memory time: 0.002593772023828933
[2026-03-14 11:31:03.325] [info] [GemmWs] Keys K = 768, N = 1000, M = 16
[2026-03-14 11:31:03.325] [info] [GemmWS]: total 0.024576 GFLOPs, 0.001592576 GB
[2026-03-14 11:31:03.325] [info] [GemmWS]: Theoretical time(ms): 0.002593772023828933 Compute time: 0.00018750000663203537 Memory time: 0.002593772023828933
[2026-03-14 11:31:03.330] [info] [GemmWs] Keys K = 768, N = 1000, M = 16
[2026-03-14 11:31:03.330] [info] [GemmWS]: total 0.024576 GFLOPs, 0.001592576 GB
[2026-03-14 11:31:03.330] [info] [GemmWS]: Theoretical time(ms): 0.002593772023828933 Compute time: 0.00018750000663203537 Memory time: 0.002593772023828933
[2026-03-14 11:31:03.335] [info] [GemmWs] Keys K = 16, N = 1000, M = 768
[2026-03-14 11:31:03.335] [info] [GemmWS]: total 0.024576 GFLOPs, 0.001592576 GB
[2026-03-14 11:31:03.335] [info] [GemmWS]: Theoretical time(ms): 0.002593772023828933 Compute time: 0.00018750000663203537 Memory time: 0.002593772023828933
[2026-03-14 11:31:03.340] [info] [GemmWs] Keys K = 768, N = 1000, M = 16
[2026-03-14 11:31:03.340] [info] [GemmWS]: total 0.024576 GFLOPs, 0.001592576 GB
[2026-03-14 11:31:03.340] [info] [GemmWS]: Theoretical time(ms): 0.002593772023828933 Compute time: 0.00018750000663203537 Memory time: 0.002593772023828933
[2026-03-14 11:31:03.345] [info] [GemmWs] Keys K = 768, N = 1000, M = 16
[2026-03-14 11:31:03.345] [info] [GemmWS]: total 0.024576 GFLOPs, 0.001592576 GB
[2026-03-14 11:31:03.345] [info] [GemmWS]: Theoretical time(ms): 0.002593772023828933 Compute time: 0.00018750000663203537 Memory time: 0.002593772023828933
[2026-03-14 11:31:03.351] [info] [GemmWs] Keys K = 16, N = 1000, M = 768
[2026-03-14 11:31:03.351] [info] [GemmWS]: total 0.024576 GFLOPs, 0.001592576 GB
[2026-03-14 11:31:03.351] [info] [GemmWS]: Theoretical time(ms): 0.002593772023828933 Compute time: 0.00018750000663203537 Memory time: 0.002593772023828933
[2026-03-14 11:31:03.356] [info] [GemmWs] Keys K = 768, N = 1000, M = 16
[2026-03-14 11:31:03.356] [info] [GemmWS]: total 0.024576 GFLOPs, 0.001592576 GB
[2026-03-14 11:31:03.356] [info] [GemmWS]: Theoretical time(ms): 0.002593772023828933 Compute time: 0.00018750000663203537 Memory time: 0.002593772023828933
[2026-03-14 11:31:03.361] [info] [GemmWs] Keys K = 768, N = 1000, M = 16
[2026-03-14 11:31:03.361] [info] [GemmWS]: total 0.024576 GFLOPs, 0.001592576 GB
[2026-03-14 11:31:03.361] [info] [GemmWS]: Theoretical time(ms): 0.002593772023828933 Compute time: 0.00018750000663203537 Memory time: 0.002593772023828933
[2026-03-14 11:31:03.366] [info] [GemmWs] Keys K = 16, N = 1000, M = 768
[2026-03-14 11:31:03.366] [info] [GemmWS]: total 0.024576 GFLOPs, 0.001592576 GB
[2026-03-14 11:31:03.366] [info] [GemmWS]: Theoretical time(ms): 0.002593772023828933 Compute time: 0.00018750000663203537 Memory time: 0.002593772023828933
[2026-03-14 11:31:03.372] [info] [GemmWs] Keys K = 768, N = 1000, M = 16
[2026-03-14 11:31:03.372] [info] [GemmWS]: total 0.024576 GFLOPs, 0.001592576 GB
[2026-03-14 11:31:03.372] [info] [GemmWS]: Theoretical time(ms): 0.002593772023828933 Compute time: 0.00018750000663203537 Memory time: 0.002593772023828933
[2026-03-14 11:31:03.377] [info] [GemmWs] Keys K = 768, N = 1000, M = 16
[2026-03-14 11:31:03.377] [info] [GemmWS]: total 0.024576 GFLOPs, 0.001592576 GB
[2026-03-14 11:31:03.377] [info] [GemmWS]: Theoretical time(ms): 0.002593772023828933 Compute time: 0.00018750000663203537 Memory time: 0.002593772023828933
[2026-03-14 11:31:03.382] [info] [GemmWs] Keys K = 16, N = 1000, M = 768
[2026-03-14 11:31:03.382] [info] [GemmWS]: total 0.024576 GFLOPs, 0.001592576 GB
[2026-03-14 11:31:03.382] [info] [GemmWS]: Theoretical time(ms): 0.002593772023828933 Compute time: 0.00018750000663203537 Memory time: 0.002593772023828933
[2026-03-14 11:31:03.388] [info] [GemmWs] Keys K = 768, N = 1000, M = 16
[2026-03-14 11:31:03.388] [info] [GemmWS]: total 0.024576 GFLOPs, 0.001592576 GB
[2026-03-14 11:31:03.388] [info] [GemmWS]: Theoretical time(ms): 0.002593772023828933 Compute time: 0.00018750000663203537 Memory time: 0.002593772023828933
[2026-03-14 11:31:03.393] [info] [GemmWs] Keys K = 768, N = 1000, M = 16
[2026-03-14 11:31:03.393] [info] [GemmWS]: total 0.024576 GFLOPs, 0.001592576 GB
[2026-03-14 11:31:03.393] [info] [GemmWS]: Theoretical time(ms): 0.002593772023828933 Compute time: 0.00018750000663203537 Memory time: 0.002593772023828933
[2026-03-14 11:31:03.399] [info] [GemmWs] Keys K = 16, N = 1000, M = 768
[2026-03-14 11:31:03.399] [info] [GemmWS]: total 0.024576 GFLOPs, 0.001592576 GB
[2026-03-14 11:31:03.399] [info] [GemmWS]: Theoretical time(ms): 0.002593772023828933 Compute time: 0.00018750000663203537 Memory time: 0.002593772023828933
[2026-03-14 11:31:03.404] [info] [GemmWs] Keys K = 768, N = 1000, M = 16
[2026-03-14 11:31:03.404] [info] [GemmWS]: total 0.024576 GFLOPs, 0.001592576 GB
[2026-03-14 11:31:03.404] [info] [GemmWS]: Theoretical time(ms): 0.002593772023828933 Compute time: 0.00018750000663203537 Memory time: 0.002593772023828933
[2026-03-14 11:31:03.409] [info] [GemmWs] Keys K = 768, N = 1000, M = 16
[2026-03-14 11:31:03.409] [info] [GemmWS]: total 0.024576 GFLOPs, 0.001592576 GB
[2026-03-14 11:31:03.409] [info] [GemmWS]: Theoretical time(ms): 0.002593772023828933 Compute time: 0.00018750000663203537 Memory time: 0.002593772023828933
[2026-03-14 11:31:03.415] [info] [GemmWs] Keys K = 16, N = 1000, M = 768
[2026-03-14 11:31:03.415] [info] [GemmWS]: total 0.024576 GFLOPs, 0.001592576 GB
[2026-03-14 11:31:03.415] [info] [GemmWS]: Theoretical time(ms): 0.002593772023828933 Compute time: 0.00018750000663203537 Memory time: 0.002593772023828933
[2026-03-14 11:31:03.420] [info] [GemmWs] Keys K = 768, N = 1000, M = 16
[2026-03-14 11:31:03.420] [info] [GemmWS]: total 0.024576 GFLOPs, 0.001592576 GB
[2026-03-14 11:31:03.420] [info] [GemmWS]: Theoretical time(ms): 0.002593772023828933 Compute time: 0.00018750000663203537 Memory time: 0.002593772023828933
[2026-03-14 11:31:03.425] [info] [GemmWs] Keys K = 768, N = 1000, M = 16
[2026-03-14 11:31:03.425] [info] [GemmWS]: total 0.024576 GFLOPs, 0.001592576 GB
[2026-03-14 11:31:03.425] [info] [GemmWS]: Theoretical time(ms): 0.002593772023828933 Compute time: 0.00018750000663203537 Memory time: 0.002593772023828933
[2026-03-14 11:31:03.430] [info] [GemmWs] Keys K = 16, N = 1000, M = 768
[2026-03-14 11:31:03.430] [info] [GemmWS]: total 0.024576 GFLOPs, 0.001592576 GB
[2026-03-14 11:31:03.430] [info] [GemmWS]: Theoretical time(ms): 0.002593772023828933 Compute time: 0.00018750000663203537 Memory time: 0.002593772023828933
[2026-03-14 11:31:03.436] [info] [GemmWs] Keys K = 768, N = 1000, M = 16
[2026-03-14 11:31:03.436] [info] [GemmWS]: total 0.024576 GFLOPs, 0.001592576 GB
[2026-03-14 11:31:03.436] [info] [GemmWS]: Theoretical time(ms): 0.002593772023828933 Compute time: 0.00018750000663203537 Memory time: 0.002593772023828933
[2026-03-14 11:31:03.441] [info] [GemmWs] Keys K = 768, N = 1000, M = 16
[2026-03-14 11:31:03.441] [info] [GemmWS]: total 0.024576 GFLOPs, 0.001592576 GB
[2026-03-14 11:31:03.441] [info] [GemmWS]: Theoretical time(ms): 0.002593772023828933 Compute time: 0.00018750000663203537 Memory time: 0.002593772023828933
[2026-03-14 11:31:03.446] [info] [GemmWs] Keys K = 16, N = 1000, M = 768
[2026-03-14 11:31:03.446] [info] [GemmWS]: total 0.024576 GFLOPs, 0.001592576 GB
[2026-03-14 11:31:03.446] [info] [GemmWS]: Theoretical time(ms): 0.002593772023828933 Compute time: 0.00018750000663203537 Memory time: 0.002593772023828933
[2026-03-14 11:31:03.451] [info] [GemmWs] Keys K = 768, N = 1000, M = 16
[2026-03-14 11:31:03.451] [info] [GemmWS]: total 0.024576 GFLOPs, 0.001592576 GB
[2026-03-14 11:31:03.451] [info] [GemmWS]: Theoretical time(ms): 0.002593772023828933 Compute time: 0.00018750000663203537 Memory time: 0.002593772023828933
[2026-03-14 11:31:03.456] [info] [GemmWs] Keys K = 768, N = 1000, M = 16
[2026-03-14 11:31:03.456] [info] [GemmWS]: total 0.024576 GFLOPs, 0.001592576 GB
[2026-03-14 11:31:03.456] [info] [GemmWS]: Theoretical time(ms): 0.002593772023828933 Compute time: 0.00018750000663203537 Memory time: 0.002593772023828933
[2026-03-14 11:31:03.462] [info] [GemmWs] Keys K = 16, N = 1000, M = 768
[2026-03-14 11:31:03.462] [info] [GemmWS]: total 0.024576 GFLOPs, 0.001592576 GB
[2026-03-14 11:31:03.462] [info] [GemmWS]: Theoretical time(ms): 0.002593772023828933 Compute time: 0.00018750000663203537 Memory time: 0.002593772023828933
[2026-03-14 11:31:03.467] [info] [GemmWs] Keys K = 768, N = 1000, M = 16
[2026-03-14 11:31:03.467] [info] [GemmWS]: total 0.024576 GFLOPs, 0.001592576 GB
[2026-03-14 11:31:03.467] [info] [GemmWS]: Theoretical time(ms): 0.002593772023828933 Compute time: 0.00018750000663203537 Memory time: 0.002593772023828933
[2026-03-14 11:31:03.472] [info] [GemmWs] Keys K = 768, N = 1000, M = 16
[2026-03-14 11:31:03.472] [info] [GemmWS]: total 0.024576 GFLOPs, 0.001592576 GB
[2026-03-14 11:31:03.472] [info] [GemmWS]: Theoretical time(ms): 0.002593772023828933 Compute time: 0.00018750000663203537 Memory time: 0.002593772023828933
[2026-03-14 11:31:03.478] [info] [GemmWs] Keys K = 16, N = 1000, M = 768
[2026-03-14 11:31:03.478] [info] [GemmWS]: total 0.024576 GFLOPs, 0.001592576 GB
[2026-03-14 11:31:03.478] [info] [GemmWS]: Theoretical time(ms): 0.002593772023828933 Compute time: 0.00018750000663203537 Memory time: 0.002593772023828933
[2026-03-14 11:31:03.483] [info] [GemmWs] Keys K = 768, N = 1000, M = 16
[2026-03-14 11:31:03.483] [info] [GemmWS]: total 0.024576 GFLOPs, 0.001592576 GB
[2026-03-14 11:31:03.483] [info] [GemmWS]: Theoretical time(ms): 0.002593772023828933 Compute time: 0.00018750000663203537 Memory time: 0.002593772023828933
[2026-03-14 11:31:03.488] [info] [GemmWs] Keys K = 768, N = 1000, M = 16
[2026-03-14 11:31:03.488] [info] [GemmWS]: total 0.024576 GFLOPs, 0.001592576 GB
[2026-03-14 11:31:03.488] [info] [GemmWS]: Theoretical time(ms): 0.002593772023828933 Compute time: 0.00018750000663203537 Memory time: 0.002593772023828933
[2026-03-14 11:31:03.494] [info] [GemmWs] Keys K = 16, N = 1000, M = 768
[2026-03-14 11:31:03.494] [info] [GemmWS]: total 0.024576 GFLOPs, 0.001592576 GB
[2026-03-14 11:31:03.494] [info] [GemmWS]: Theoretical time(ms): 0.002593772023828933 Compute time: 0.00018750000663203537 Memory time: 0.002593772023828933
[2026-03-14 11:31:03.499] [info] [GemmWs] Keys K = 768, N = 1000, M = 16
[2026-03-14 11:31:03.499] [info] [GemmWS]: total 0.024576 GFLOPs, 0.001592576 GB
[2026-03-14 11:31:03.499] [info] [GemmWS]: Theoretical time(ms): 0.002593772023828933 Compute time: 0.00018750000663203537 Memory time: 0.002593772023828933
[2026-03-14 11:31:03.505] [info] [GemmWs] Keys K = 768, N = 1000, M = 16
[2026-03-14 11:31:03.505] [info] [GemmWS]: total 0.024576 GFLOPs, 0.001592576 GB
[2026-03-14 11:31:03.505] [info] [GemmWS]: Theoretical time(ms): 0.002593772023828933 Compute time: 0.00018750000663203537 Memory time: 0.002593772023828933
[2026-03-14 11:31:03.510] [info] [GemmWs] Keys K = 16, N = 1000, M = 768
[2026-03-14 11:31:03.510] [info] [GemmWS]: total 0.024576 GFLOPs, 0.001592576 GB
[2026-03-14 11:31:03.510] [info] [GemmWS]: Theoretical time(ms): 0.002593772023828933 Compute time: 0.00018750000663203537 Memory time: 0.002593772023828933
[2026-03-14 11:31:03.515] [info] [GemmWs] Keys K = 768, N = 1000, M = 16
[2026-03-14 11:31:03.515] [info] [GemmWS]: total 0.024576 GFLOPs, 0.001592576 GB
[2026-03-14 11:31:03.515] [info] [GemmWS]: Theoretical time(ms): 0.002593772023828933 Compute time: 0.00018750000663203537 Memory time: 0.002593772023828933
[2026-03-14 11:31:03.520] [info] [GemmWs] Keys K = 768, N = 1000, M = 16
[2026-03-14 11:31:03.520] [info] [GemmWS]: total 0.024576 GFLOPs, 0.001592576 GB
[2026-03-14 11:31:03.520] [info] [GemmWS]: Theoretical time(ms): 0.002593772023828933 Compute time: 0.00018750000663203537 Memory time: 0.002593772023828933
[2026-03-14 11:31:03.526] [info] [GemmWs] Keys K = 16, N = 1000, M = 768
[2026-03-14 11:31:03.526] [info] [GemmWS]: total 0.024576 GFLOPs, 0.001592576 GB
[2026-03-14 11:31:03.526] [info] [GemmWS]: Theoretical time(ms): 0.002593772023828933 Compute time: 0.00018750000663203537 Memory time: 0.002593772023828933
[2026-03-14 11:31:03.526] [info] [GEMM] spad_size: 33554432 accum_size: 4194304
[2026-03-14 11:31:03.526] [info] [GEMM] required_sram_size: 1572864 required_accum_size: 524288
[2026-03-14 11:31:03.526] [info] [GEMM] Used gemmini gemm mapping: Total N:1000 C:768 M:1000, Outer N:2 C:1 M:2, Inner N:512 C:768 M:512
[2026-03-14 11:31:03.551] [info] [GemmWs] Keys K = 768, N = 1000, M = 1000
[2026-03-14 11:31:03.551] [info] [GemmWS]: total 1.536 GFLOPs, 0.005072 GB
[2026-03-14 11:31:03.551] [info] [GemmWS]: Theoretical time(ms): 0.011718750101863407 Compute time: 0.011718750101863407 Memory time: 0.008260586582764518
[2026-03-14 11:31:03.575] [info] ./models/mamba_custom/mamba_custom.onnx Model initialization time: 0.502102 seconds
[2026-03-14 11:31:03.575] [info] Schedule model: mamba_custom at 1000 us
[2026-03-14 11:31:03.575] [info] MODEL mamba_custom Scheduled, Total Request: 1
[2026-03-14 11:31:03.585] [info] executable layer count 1
[2026-03-14 11:31:03.585] [info] Start layer node_embedding
[2026-03-14 11:31:03.585] [info] HBM2-CH_0: BW utilization 0% (0 reads, 0 writes)
[2026-03-14 11:31:03.752] [info] Layer node_embedding finish at 3086
[2026-03-14 11:31:03.752] [info] Total compute time 3086
[2026-03-14 11:31:03.752] [info] executable layer count 2
[2026-03-14 11:31:03.752] [info] Start layer node_matmul
[2026-03-14 11:31:04.132] [info] HBM2-CH_0: BW utilization 80% (5406 reads, 2340 writes)
[2026-03-14 11:31:04.298] [info] Layer node_matmul finish at 11317
[2026-03-14 11:31:04.298] [info] Total compute time 8231
[2026-03-14 11:31:04.298] [info] executable layer count 1
[2026-03-14 11:31:04.298] [info] Start layer node_matmul_1
[2026-03-14 11:31:04.582] [info] HBM2-CH_0: BW utilization 49% (3978 reads, 755 writes)
[2026-03-14 11:31:04.589] [info] Layer node_matmul_1 finish at 16424
[2026-03-14 11:31:04.589] [info] Total compute time 5107
[2026-03-14 11:31:04.589] [info] executable layer count 2
[2026-03-14 11:31:04.589] [info] Start layer n3
[2026-03-14 11:31:04.593] [info] Layer n3 finish at 16538
[2026-03-14 11:31:04.593] [info] Total compute time 114
[2026-03-14 11:31:04.593] [info] executable layer count 1
[2026-03-14 11:31:04.593] [info] Start layer n9
[2026-03-14 11:31:04.601] [info] Layer n9 finish at 16787
[2026-03-14 11:31:04.601] [info] Total compute time 249
[2026-03-14 11:31:04.601] [info] executable layer count 1
[2026-03-14 11:31:04.601] [info] Start layer n10
[2026-03-14 11:31:04.608] [info] Layer n10 finish at 17031
[2026-03-14 11:31:04.608] [info] Total compute time 244
[2026-03-14 11:31:04.608] [info] executable layer count 1
[2026-03-14 11:31:04.608] [info] Start layer node_exp
[2026-03-14 11:31:04.613] [info] Layer node_exp finish at 17195
[2026-03-14 11:31:04.613] [info] Total compute time 164
[2026-03-14 11:31:04.613] [info] executable layer count 1
[2026-03-14 11:31:04.613] [info] Start layer node_mul
[2026-03-14 11:31:04.620] [info] Layer node_mul finish at 17441
[2026-03-14 11:31:04.620] [info] Total compute time 246
[2026-03-14 11:31:04.620] [info] executable layer count 1
[2026-03-14 11:31:04.620] [info] Start layer node_add
[2026-03-14 11:31:04.628] [info] Layer node_add finish at 17690
[2026-03-14 11:31:04.628] [info] Total compute time 249
[2026-03-14 11:31:04.628] [info] executable layer count 1
[2026-03-14 11:31:04.628] [info] Start layer node_matmul_2
[2026-03-14 11:31:04.858] [info] Layer node_matmul_2 finish at 20022
[2026-03-14 11:31:04.858] [info] Total compute time 2332
[2026-03-14 11:31:04.858] [info] executable layer count 2
[2026-03-14 11:31:04.858] [info] Start layer node_matmul_3
[2026-03-14 11:31:05.233] [info] HBM2-CH_0: BW utilization 46% (1082 reads, 3383 writes)
[2026-03-14 11:31:05.525] [info] Layer node_matmul_3 finish at 28846
[2026-03-14 11:31:05.525] [info] Total compute time 8824
[2026-03-14 11:31:05.525] [info] executable layer count 1
[2026-03-14 11:31:05.525] [info] Start layer node_matmul_4
[2026-03-14 11:31:05.778] [info] HBM2-CH_0: BW utilization 58% (5553 reads, 74 writes)
[2026-03-14 11:31:05.846] [info] Layer node_matmul_4 finish at 34004
[2026-03-14 11:31:05.846] [info] Total compute time 5158
[2026-03-14 11:31:05.846] [info] executable layer count 2
[2026-03-14 11:31:05.846] [info] Start layer n3_2
[2026-03-14 11:31:05.849] [info] Layer n3_2 finish at 34120
[2026-03-14 11:31:05.849] [info] Total compute time 116
[2026-03-14 11:31:05.849] [info] executable layer count 1
[2026-03-14 11:31:05.849] [info] Start layer n9_2
[2026-03-14 11:31:05.857] [info] Layer n9_2 finish at 34381
[2026-03-14 11:31:05.857] [info] Total compute time 261
[2026-03-14 11:31:05.857] [info] executable layer count 1
[2026-03-14 11:31:05.857] [info] Start layer n10_2
[2026-03-14 11:31:05.864] [info] Layer n10_2 finish at 34643
[2026-03-14 11:31:05.864] [info] Total compute time 262
[2026-03-14 11:31:05.864] [info] executable layer count 1
[2026-03-14 11:31:05.864] [info] Start layer node_exp_1
[2026-03-14 11:31:05.870] [info] Layer node_exp_1 finish at 34848
[2026-03-14 11:31:05.870] [info] Total compute time 205
[2026-03-14 11:31:05.870] [info] executable layer count 1
[2026-03-14 11:31:05.870] [info] Start layer node_mul_1
[2026-03-14 11:31:05.877] [info] Layer node_mul_1 finish at 35095
[2026-03-14 11:31:05.877] [info] Total compute time 247
[2026-03-14 11:31:05.877] [info] executable layer count 1
[2026-03-14 11:31:05.877] [info] Start layer node_add_1
[2026-03-14 11:31:05.886] [info] Layer node_add_1 finish at 35347
[2026-03-14 11:31:05.886] [info] Total compute time 252
[2026-03-14 11:31:05.886] [info] executable layer count 1
[2026-03-14 11:31:05.886] [info] Start layer node_matmul_5
[2026-03-14 11:31:06.008] [info] Layer node_matmul_5 finish at 37693
[2026-03-14 11:31:06.008] [info] Total compute time 2346
[2026-03-14 11:31:06.008] [info] executable layer count 2
[2026-03-14 11:31:06.008] [info] Start layer node_matmul_6
[2026-03-14 11:31:06.182] [info] HBM2-CH_0: BW utilization 42% (1434 reads, 2677 writes)
[2026-03-14 11:31:06.658] [info] Layer node_matmul_6 finish at 46515
[2026-03-14 11:31:06.658] [info] Total compute time 8822
[2026-03-14 11:31:06.658] [info] executable layer count 1
[2026-03-14 11:31:06.658] [info] Start layer node_matmul_7
[2026-03-14 11:31:06.750] [info] HBM2-CH_0: BW utilization 54% (4392 reads, 825 writes)
[2026-03-14 11:31:07.033] [info] Layer node_matmul_7 finish at 51847
[2026-03-14 11:31:07.033] [info] Total compute time 5332
[2026-03-14 11:31:07.033] [info] executable layer count 2
[2026-03-14 11:31:07.033] [info] Start layer n3_3
[2026-03-14 11:31:07.037] [info] Layer n3_3 finish at 51962
[2026-03-14 11:31:07.037] [info] Total compute time 115
[2026-03-14 11:31:07.037] [info] executable layer count 1
[2026-03-14 11:31:07.037] [info] Start layer n9_3
[2026-03-14 11:31:07.050] [info] Layer n9_3 finish at 52211
[2026-03-14 11:31:07.050] [info] Total compute time 249
[2026-03-14 11:31:07.050] [info] executable layer count 1
[2026-03-14 11:31:07.050] [info] Start layer n10_3
[2026-03-14 11:31:07.060] [info] Layer n10_3 finish at 52442
[2026-03-14 11:31:07.060] [info] Total compute time 231
[2026-03-14 11:31:07.060] [info] executable layer count 1
[2026-03-14 11:31:07.060] [info] Start layer node_exp_2
[2026-03-14 11:31:07.066] [info] Layer node_exp_2 finish at 52619
[2026-03-14 11:31:07.066] [info] Total compute time 177
[2026-03-14 11:31:07.066] [info] executable layer count 1
[2026-03-14 11:31:07.066] [info] Start layer node_mul_2
[2026-03-14 11:31:07.078] [info] Layer node_mul_2 finish at 52879
[2026-03-14 11:31:07.078] [info] Total compute time 260
[2026-03-14 11:31:07.078] [info] executable layer count 1
[2026-03-14 11:31:07.078] [info] Start layer node_add_2
[2026-03-14 11:31:07.089] [info] Layer node_add_2 finish at 53121
[2026-03-14 11:31:07.089] [info] Total compute time 242
[2026-03-14 11:31:07.089] [info] executable layer count 1
[2026-03-14 11:31:07.089] [info] Start layer node_matmul_8
[2026-03-14 11:31:07.272] [info] Layer node_matmul_8 finish at 55455
[2026-03-14 11:31:07.272] [info] Total compute time 2334
[2026-03-14 11:31:07.272] [info] executable layer count 2
[2026-03-14 11:31:07.273] [info] Start layer node_matmul_9
[2026-03-14 11:31:07.310] [info] HBM2-CH_0: BW utilization 46% (2840 reads, 1645 writes)
[2026-03-14 11:31:07.989] [info] HBM2-CH_0: BW utilization 52% (3187 reads, 1833 writes)
[2026-03-14 11:31:08.008] [info] Layer node_matmul_9 finish at 64832
[2026-03-14 11:31:08.008] [info] Total compute time 9377
[2026-03-14 11:31:08.018] [info] executable layer count 1
[2026-03-14 11:31:08.018] [info] Start layer node_matmul_10
[2026-03-14 11:31:08.434] [info] Layer node_matmul_10 finish at 70233
[2026-03-14 11:31:08.434] [info] Total compute time 5401
[2026-03-14 11:31:08.434] [info] executable layer count 2
[2026-03-14 11:31:08.434] [info] Start layer n3_4
[2026-03-14 11:31:08.438] [info] Layer n3_4 finish at 70347
[2026-03-14 11:31:08.438] [info] Total compute time 114
[2026-03-14 11:31:08.438] [info] executable layer count 1
[2026-03-14 11:31:08.438] [info] Start layer n9_4
[2026-03-14 11:31:08.450] [info] Layer n9_4 finish at 70603
[2026-03-14 11:31:08.450] [info] Total compute time 256
[2026-03-14 11:31:08.450] [info] executable layer count 1
[2026-03-14 11:31:08.450] [info] Start layer n10_4
[2026-03-14 11:31:08.461] [info] Layer n10_4 finish at 70862
[2026-03-14 11:31:08.461] [info] Total compute time 259
[2026-03-14 11:31:08.461] [info] executable layer count 1
[2026-03-14 11:31:08.461] [info] Start layer node_exp_3
[2026-03-14 11:31:08.467] [info] Layer node_exp_3 finish at 71058
[2026-03-14 11:31:08.467] [info] Total compute time 196
[2026-03-14 11:31:08.467] [info] executable layer count 1
[2026-03-14 11:31:08.467] [info] Start layer node_mul_3
[2026-03-14 11:31:08.477] [info] Layer node_mul_3 finish at 71302
[2026-03-14 11:31:08.477] [info] Total compute time 244
[2026-03-14 11:31:08.477] [info] executable layer count 1
[2026-03-14 11:31:08.477] [info] Start layer node_add_3
[2026-03-14 11:31:08.487] [info] Layer node_add_3 finish at 71555
[2026-03-14 11:31:08.487] [info] Total compute time 253
[2026-03-14 11:31:08.487] [info] executable layer count 1
[2026-03-14 11:31:08.487] [info] Start layer node_matmul_11
[2026-03-14 11:31:08.504] [info] HBM2-CH_0: BW utilization 46% (4034 reads, 466 writes)
[2026-03-14 11:31:08.660] [info] Layer node_matmul_11 finish at 73898
[2026-03-14 11:31:08.660] [info] Total compute time 2343
[2026-03-14 11:31:08.660] [info] executable layer count 2
[2026-03-14 11:31:08.660] [info] Start layer node_matmul_12
[2026-03-14 11:31:09.237] [info] HBM2-CH_0: BW utilization 52% (2065 reads, 2959 writes)
[2026-03-14 11:31:09.429] [info] Layer node_matmul_12 finish at 83000
[2026-03-14 11:31:09.429] [info] Total compute time 9102
[2026-03-14 11:31:09.429] [info] executable layer count 1
[2026-03-14 11:31:09.429] [info] Start layer node_matmul_13
[2026-03-14 11:31:09.771] [info] HBM2-CH_0: BW utilization 46% (4319 reads, 142 writes)
[2026-03-14 11:31:09.772] [info] Layer node_matmul_13 finish at 88030
[2026-03-14 11:31:09.772] [info] Total compute time 5030
[2026-03-14 11:31:09.772] [info] executable layer count 2
[2026-03-14 11:31:09.772] [info] Start layer n3_5
[2026-03-14 11:31:09.777] [info] Layer n3_5 finish at 88143
[2026-03-14 11:31:09.777] [info] Total compute time 113
[2026-03-14 11:31:09.777] [info] executable layer count 1
[2026-03-14 11:31:09.777] [info] Start layer n9_5
[2026-03-14 11:31:09.786] [info] Layer n9_5 finish at 88393
[2026-03-14 11:31:09.786] [info] Total compute time 250
[2026-03-14 11:31:09.786] [info] executable layer count 1
[2026-03-14 11:31:09.786] [info] Start layer n10_5
[2026-03-14 11:31:09.795] [info] Layer n10_5 finish at 88626
[2026-03-14 11:31:09.795] [info] Total compute time 233
[2026-03-14 11:31:09.795] [info] executable layer count 1
[2026-03-14 11:31:09.795] [info] Start layer node_exp_4
[2026-03-14 11:31:09.800] [info] Layer node_exp_4 finish at 88795
[2026-03-14 11:31:09.800] [info] Total compute time 169
[2026-03-14 11:31:09.800] [info] executable layer count 1
[2026-03-14 11:31:09.800] [info] Start layer node_mul_4
[2026-03-14 11:31:09.809] [info] Layer node_mul_4 finish at 89035
[2026-03-14 11:31:09.809] [info] Total compute time 240
[2026-03-14 11:31:09.809] [info] executable layer count 1
[2026-03-14 11:31:09.809] [info] Start layer node_add_4
[2026-03-14 11:31:09.818] [info] Layer node_add_4 finish at 89281
[2026-03-14 11:31:09.818] [info] Total compute time 246
[2026-03-14 11:31:09.818] [info] executable layer count 1
[2026-03-14 11:31:09.818] [info] Start layer node_matmul_14
[2026-03-14 11:31:09.972] [info] Layer node_matmul_14 finish at 91620
[2026-03-14 11:31:09.972] [info] Total compute time 2339
[2026-03-14 11:31:09.972] [info] executable layer count 2
[2026-03-14 11:31:09.972] [info] Start layer node_matmul_15
[2026-03-14 11:31:10.346] [info] HBM2-CH_0: BW utilization 49% (1437 reads, 3356 writes)
[2026-03-14 11:31:10.678] [info] Layer node_matmul_15 finish at 100983
[2026-03-14 11:31:10.678] [info] Total compute time 9363
[2026-03-14 11:31:10.678] [info] executable layer count 1
[2026-03-14 11:31:10.678] [info] Start layer node_matmul_16
[2026-03-14 11:31:10.912] [info] HBM2-CH_0: BW utilization 53% (5021 reads, 95 writes)
[2026-03-14 11:31:11.005] [info] Layer node_matmul_16 finish at 106157
[2026-03-14 11:31:11.005] [info] Total compute time 5174
[2026-03-14 11:31:11.005] [info] executable layer count 2
[2026-03-14 11:31:11.005] [info] Start layer n3_6
[2026-03-14 11:31:11.010] [info] Layer n3_6 finish at 106278
[2026-03-14 11:31:11.010] [info] Total compute time 121
[2026-03-14 11:31:11.010] [info] executable layer count 1
[2026-03-14 11:31:11.010] [info] Start layer n9_6
[2026-03-14 11:31:11.021] [info] Layer n9_6 finish at 106532
[2026-03-14 11:31:11.021] [info] Total compute time 254
[2026-03-14 11:31:11.021] [info] executable layer count 1
[2026-03-14 11:31:11.021] [info] Start layer n10_6
[2026-03-14 11:31:11.032] [info] Layer n10_6 finish at 106774
[2026-03-14 11:31:11.032] [info] Total compute time 242
[2026-03-14 11:31:11.032] [info] executable layer count 1
[2026-03-14 11:31:11.032] [info] Start layer node_exp_5
[2026-03-14 11:31:11.040] [info] Layer node_exp_5 finish at 106955
[2026-03-14 11:31:11.040] [info] Total compute time 181
[2026-03-14 11:31:11.040] [info] executable layer count 1
[2026-03-14 11:31:11.040] [info] Start layer node_mul_5
[2026-03-14 11:31:11.050] [info] Layer node_mul_5 finish at 107230
[2026-03-14 11:31:11.050] [info] Total compute time 275
[2026-03-14 11:31:11.050] [info] executable layer count 1
[2026-03-14 11:31:11.050] [info] Start layer node_add_5
[2026-03-14 11:31:11.058] [info] Layer node_add_5 finish at 107481
[2026-03-14 11:31:11.058] [info] Total compute time 251
[2026-03-14 11:31:11.058] [info] executable layer count 1
[2026-03-14 11:31:11.058] [info] Start layer node_matmul_17
[2026-03-14 11:31:11.193] [info] Layer node_matmul_17 finish at 109843
[2026-03-14 11:31:11.193] [info] Total compute time 2362
[2026-03-14 11:31:11.193] [info] executable layer count 2
[2026-03-14 11:31:11.193] [info] Start layer node_matmul_18
[2026-03-14 11:31:11.341] [info] HBM2-CH_0: BW utilization 43% (1616 reads, 2539 writes)
[2026-03-14 11:31:11.796] [info] Layer node_matmul_18 finish at 118895
[2026-03-14 11:31:11.796] [info] Total compute time 9052
[2026-03-14 11:31:11.796] [info] executable layer count 1
[2026-03-14 11:31:11.796] [info] Start layer node_matmul_19
[2026-03-14 11:31:11.861] [info] HBM2-CH_0: BW utilization 52% (4081 reads, 963 writes)
[2026-03-14 11:31:12.070] [info] Layer node_matmul_19 finish at 123939
[2026-03-14 11:31:12.070] [info] Total compute time 5044
[2026-03-14 11:31:12.070] [info] executable layer count 2
[2026-03-14 11:31:12.070] [info] Start layer n3_7
[2026-03-14 11:31:12.073] [info] Layer n3_7 finish at 124054
[2026-03-14 11:31:12.073] [info] Total compute time 115
[2026-03-14 11:31:12.073] [info] executable layer count 1
[2026-03-14 11:31:12.073] [info] Start layer n9_7
[2026-03-14 11:31:12.081] [info] Layer n9_7 finish at 124305
[2026-03-14 11:31:12.081] [info] Total compute time 251
[2026-03-14 11:31:12.081] [info] executable layer count 1
[2026-03-14 11:31:12.081] [info] Start layer n10_7
[2026-03-14 11:31:12.087] [info] Layer n10_7 finish at 124532
[2026-03-14 11:31:12.087] [info] Total compute time 227
[2026-03-14 11:31:12.087] [info] executable layer count 1
[2026-03-14 11:31:12.087] [info] Start layer node_exp_6
[2026-03-14 11:31:12.092] [info] Layer node_exp_6 finish at 124706
[2026-03-14 11:31:12.092] [info] Total compute time 174
[2026-03-14 11:31:12.092] [info] executable layer count 1
[2026-03-14 11:31:12.092] [info] Start layer node_mul_6
[2026-03-14 11:31:12.099] [info] Layer node_mul_6 finish at 124955
[2026-03-14 11:31:12.099] [info] Total compute time 249
[2026-03-14 11:31:12.099] [info] executable layer count 1
[2026-03-14 11:31:12.099] [info] Start layer node_add_6
[2026-03-14 11:31:12.106] [info] Layer node_add_6 finish at 125218
[2026-03-14 11:31:12.106] [info] Total compute time 263
[2026-03-14 11:31:12.106] [info] executable layer count 1
[2026-03-14 11:31:12.106] [info] Start layer node_matmul_20
[2026-03-14 11:31:12.227] [info] Layer node_matmul_20 finish at 127546
[2026-03-14 11:31:12.227] [info] Total compute time 2328
[2026-03-14 11:31:12.227] [info] executable layer count 2
[2026-03-14 11:31:12.227] [info] Start layer node_matmul_21
[2026-03-14 11:31:12.263] [info] HBM2-CH_0: BW utilization 49% (3145 reads, 1598 writes)
[2026-03-14 11:31:12.819] [info] HBM2-CH_0: BW utilization 52% (3193 reads, 1880 writes)
[2026-03-14 11:31:12.828] [info] Layer node_matmul_21 finish at 136471
[2026-03-14 11:31:12.828] [info] Total compute time 8925
[2026-03-14 11:31:12.828] [info] executable layer count 1
[2026-03-14 11:31:12.828] [info] Start layer node_matmul_22
[2026-03-14 11:31:13.096] [info] Layer node_matmul_22 finish at 141545
[2026-03-14 11:31:13.096] [info] Total compute time 5074
[2026-03-14 11:31:13.096] [info] executable layer count 2
[2026-03-14 11:31:13.096] [info] Start layer n3_8
[2026-03-14 11:31:13.099] [info] Layer n3_8 finish at 141665
[2026-03-14 11:31:13.099] [info] Total compute time 120
[2026-03-14 11:31:13.099] [info] executable layer count 1
[2026-03-14 11:31:13.099] [info] Start layer n9_8
[2026-03-14 11:31:13.107] [info] Layer n9_8 finish at 141925
[2026-03-14 11:31:13.107] [info] Total compute time 260
[2026-03-14 11:31:13.107] [info] executable layer count 1
[2026-03-14 11:31:13.107] [info] Start layer n10_8
[2026-03-14 11:31:13.114] [info] Layer n10_8 finish at 142165
[2026-03-14 11:31:13.114] [info] Total compute time 240
[2026-03-14 11:31:13.114] [info] executable layer count 1
[2026-03-14 11:31:13.114] [info] Start layer node_exp_7
[2026-03-14 11:31:13.118] [info] Layer node_exp_7 finish at 142350
[2026-03-14 11:31:13.118] [info] Total compute time 185
[2026-03-14 11:31:13.118] [info] executable layer count 1
[2026-03-14 11:31:13.118] [info] Start layer node_mul_7
[2026-03-14 11:31:13.125] [info] Layer node_mul_7 finish at 142593
[2026-03-14 11:31:13.125] [info] Total compute time 243
[2026-03-14 11:31:13.125] [info] executable layer count 1
[2026-03-14 11:31:13.125] [info] Start layer node_add_7
[2026-03-14 11:31:13.133] [info] Layer node_add_7 finish at 142864
[2026-03-14 11:31:13.133] [info] Total compute time 271
[2026-03-14 11:31:13.133] [info] executable layer count 1
[2026-03-14 11:31:13.133] [info] Start layer node_matmul_23
[2026-03-14 11:31:13.167] [info] HBM2-CH_0: BW utilization 48% (4041 reads, 642 writes)
[2026-03-14 11:31:13.255] [info] Layer node_matmul_23 finish at 145199
[2026-03-14 11:31:13.255] [info] Total compute time 2335
[2026-03-14 11:31:13.255] [info] executable layer count 2
[2026-03-14 11:31:13.255] [info] Start layer node_matmul_24
[2026-03-14 11:31:13.846] [info] HBM2-CH_0: BW utilization 57% (2693 reads, 2787 writes)
[2026-03-14 11:31:13.918] [info] Layer node_matmul_24 finish at 153950
[2026-03-14 11:31:13.918] [info] Total compute time 8751
[2026-03-14 11:31:13.918] [info] executable layer count 1
[2026-03-14 11:31:13.918] [info] Start layer node_matmul_25
[2026-03-14 11:31:14.336] [info] Layer node_matmul_25 finish at 159168
[2026-03-14 11:31:14.336] [info] Total compute time 5218
[2026-03-14 11:31:14.336] [info] executable layer count 2
[2026-03-14 11:31:14.336] [info] Start layer n3_9
[2026-03-14 11:31:14.339] [info] Layer n3_9 finish at 159282
[2026-03-14 11:31:14.339] [info] Total compute time 114
[2026-03-14 11:31:14.339] [info] executable layer count 1
[2026-03-14 11:31:14.339] [info] Start layer n9_9
[2026-03-14 11:31:14.347] [info] Layer n9_9 finish at 159532
[2026-03-14 11:31:14.347] [info] Total compute time 250
[2026-03-14 11:31:14.347] [info] executable layer count 1
[2026-03-14 11:31:14.347] [info] Start layer n10_9
[2026-03-14 11:31:14.354] [info] Layer n10_9 finish at 159763
[2026-03-14 11:31:14.354] [info] Total compute time 231
[2026-03-14 11:31:14.354] [info] executable layer count 1
[2026-03-14 11:31:14.354] [info] Start layer node_exp_8
[2026-03-14 11:31:14.358] [info] Layer node_exp_8 finish at 159924
[2026-03-14 11:31:14.358] [info] Total compute time 161
[2026-03-14 11:31:14.358] [info] executable layer count 1
[2026-03-14 11:31:14.358] [info] Start layer node_mul_8
[2026-03-14 11:31:14.358] [info] HBM2-CH_0: BW utilization 46% (4062 reads, 357 writes)
[2026-03-14 11:31:14.365] [info] Layer node_mul_8 finish at 160165
[2026-03-14 11:31:14.365] [info] Total compute time 241
[2026-03-14 11:31:14.365] [info] executable layer count 1
[2026-03-14 11:31:14.365] [info] Start layer node_add_8
[2026-03-14 11:31:14.372] [info] Layer node_add_8 finish at 160410
[2026-03-14 11:31:14.372] [info] Total compute time 245
[2026-03-14 11:31:14.372] [info] executable layer count 1
[2026-03-14 11:31:14.372] [info] Start layer node_matmul_26
[2026-03-14 11:31:14.492] [info] Layer node_matmul_26 finish at 162719
[2026-03-14 11:31:14.492] [info] Total compute time 2309
[2026-03-14 11:31:14.492] [info] executable layer count 2
[2026-03-14 11:31:14.492] [info] Start layer node_matmul_27
[2026-03-14 11:31:14.897] [info] HBM2-CH_0: BW utilization 51% (1793 reads, 3164 writes)
[2026-03-14 11:31:15.092] [info] Layer node_matmul_27 finish at 171699
[2026-03-14 11:31:15.092] [info] Total compute time 8980
[2026-03-14 11:31:15.092] [info] executable layer count 1
[2026-03-14 11:31:15.092] [info] Start layer node_matmul_28
[2026-03-14 11:31:15.391] [info] HBM2-CH_0: BW utilization 53% (5064 reads, 118 writes)
[2026-03-14 11:31:15.406] [info] Layer node_matmul_28 finish at 176998
[2026-03-14 11:31:15.406] [info] Total compute time 5299
[2026-03-14 11:31:15.406] [info] executable layer count 2
[2026-03-14 11:31:15.406] [info] Start layer n3_10
[2026-03-14 11:31:15.409] [info] Layer n3_10 finish at 177111
[2026-03-14 11:31:15.409] [info] Total compute time 113
[2026-03-14 11:31:15.409] [info] executable layer count 1
[2026-03-14 11:31:15.409] [info] Start layer n9_10
[2026-03-14 11:31:15.417] [info] Layer n9_10 finish at 177365
[2026-03-14 11:31:15.417] [info] Total compute time 254
[2026-03-14 11:31:15.417] [info] executable layer count 1
[2026-03-14 11:31:15.417] [info] Start layer n10_10
[2026-03-14 11:31:15.424] [info] Layer n10_10 finish at 177603
[2026-03-14 11:31:15.424] [info] Total compute time 238
[2026-03-14 11:31:15.424] [info] executable layer count 1
[2026-03-14 11:31:15.424] [info] Start layer node_exp_9
[2026-03-14 11:31:15.429] [info] Layer node_exp_9 finish at 177781
[2026-03-14 11:31:15.429] [info] Total compute time 178
[2026-03-14 11:31:15.429] [info] executable layer count 1
[2026-03-14 11:31:15.429] [info] Start layer node_mul_9
[2026-03-14 11:31:15.436] [info] Layer node_mul_9 finish at 178027
[2026-03-14 11:31:15.436] [info] Total compute time 246
[2026-03-14 11:31:15.436] [info] executable layer count 1
[2026-03-14 11:31:15.436] [info] Start layer node_add_9
[2026-03-14 11:31:15.443] [info] Layer node_add_9 finish at 178296
[2026-03-14 11:31:15.443] [info] Total compute time 269
[2026-03-14 11:31:15.443] [info] executable layer count 1
[2026-03-14 11:31:15.443] [info] Start layer node_matmul_29
[2026-03-14 11:31:15.575] [info] Layer node_matmul_29 finish at 180623
[2026-03-14 11:31:15.575] [info] Total compute time 2327
[2026-03-14 11:31:15.575] [info] executable layer count 2
[2026-03-14 11:31:15.575] [info] Start layer node_matmul_30
[2026-03-14 11:31:15.951] [info] HBM2-CH_0: BW utilization 42% (842 reads, 3197 writes)
[2026-03-14 11:31:16.377] [info] Layer node_matmul_30 finish at 189574
[2026-03-14 11:31:16.377] [info] Total compute time 8951
[2026-03-14 11:31:16.377] [info] executable layer count 1
[2026-03-14 11:31:16.377] [info] Start layer node_matmul_31
[2026-03-14 11:31:16.538] [info] HBM2-CH_0: BW utilization 55% (5058 reads, 263 writes)
[2026-03-14 11:31:16.698] [info] Layer node_matmul_31 finish at 194909
[2026-03-14 11:31:16.698] [info] Total compute time 5335
[2026-03-14 11:31:16.698] [info] executable layer count 2
[2026-03-14 11:31:16.698] [info] Start layer n3_11
[2026-03-14 11:31:16.701] [info] Layer n3_11 finish at 195022
[2026-03-14 11:31:16.701] [info] Total compute time 113
[2026-03-14 11:31:16.701] [info] executable layer count 1
[2026-03-14 11:31:16.701] [info] Start layer n9_11
[2026-03-14 11:31:16.711] [info] Layer n9_11 finish at 195285
[2026-03-14 11:31:16.711] [info] Total compute time 263
[2026-03-14 11:31:16.711] [info] executable layer count 1
[2026-03-14 11:31:16.711] [info] Start layer n10_11
[2026-03-14 11:31:16.718] [info] Layer n10_11 finish at 195528
[2026-03-14 11:31:16.718] [info] Total compute time 243
[2026-03-14 11:31:16.718] [info] executable layer count 1
[2026-03-14 11:31:16.718] [info] Start layer node_exp_10
[2026-03-14 11:31:16.722] [info] Layer node_exp_10 finish at 195690
[2026-03-14 11:31:16.722] [info] Total compute time 162
[2026-03-14 11:31:16.722] [info] executable layer count 1
[2026-03-14 11:31:16.722] [info] Start layer node_mul_10
[2026-03-14 11:31:16.730] [info] Layer node_mul_10 finish at 195937
[2026-03-14 11:31:16.730] [info] Total compute time 247
[2026-03-14 11:31:16.730] [info] executable layer count 1
[2026-03-14 11:31:16.730] [info] Start layer node_add_10
[2026-03-14 11:31:16.737] [info] Layer node_add_10 finish at 196193
[2026-03-14 11:31:16.737] [info] Total compute time 256
[2026-03-14 11:31:16.737] [info] executable layer count 1
[2026-03-14 11:31:16.737] [info] Start layer node_matmul_32
[2026-03-14 11:31:16.869] [info] Layer node_matmul_32 finish at 198536
[2026-03-14 11:31:16.869] [info] Total compute time 2343
[2026-03-14 11:31:16.869] [info] executable layer count 2
[2026-03-14 11:31:16.869] [info] Start layer node_matmul_33
[2026-03-14 11:31:17.006] [info] HBM2-CH_0: BW utilization 44% (2169 reads, 2141 writes)
[2026-03-14 11:31:17.592] [info] Layer node_matmul_33 finish at 207343
[2026-03-14 11:31:17.593] [info] Total compute time 8807
[2026-03-14 11:31:17.593] [info] executable layer count 1
[2026-03-14 11:31:17.593] [info] Start layer node_matmul_34
[2026-03-14 11:31:17.637] [info] HBM2-CH_0: BW utilization 52% (3656 reads, 1356 writes)
[2026-03-14 11:31:17.938] [info] Layer node_matmul_34 finish at 212756
[2026-03-14 11:31:17.938] [info] Total compute time 5413
[2026-03-14 11:31:17.939] [info] executable layer count 2
[2026-03-14 11:31:17.939] [info] Start layer n3_12
[2026-03-14 11:31:17.943] [info] Layer n3_12 finish at 212868
[2026-03-14 11:31:17.943] [info] Total compute time 112
[2026-03-14 11:31:17.943] [info] executable layer count 1
[2026-03-14 11:31:17.944] [info] Start layer n9_12
[2026-03-14 11:31:17.956] [info] Layer n9_12 finish at 213120
[2026-03-14 11:31:17.956] [info] Total compute time 252
[2026-03-14 11:31:17.956] [info] executable layer count 1
[2026-03-14 11:31:17.956] [info] Start layer n10_12
[2026-03-14 11:31:17.967] [info] Layer n10_12 finish at 213378
[2026-03-14 11:31:17.967] [info] Total compute time 258
[2026-03-14 11:31:17.967] [info] executable layer count 1
[2026-03-14 11:31:17.967] [info] Start layer node_exp_11
[2026-03-14 11:31:17.974] [info] Layer node_exp_11 finish at 213554
[2026-03-14 11:31:17.974] [info] Total compute time 176
[2026-03-14 11:31:17.974] [info] executable layer count 1
[2026-03-14 11:31:17.974] [info] Start layer node_mul_11
[2026-03-14 11:31:17.986] [info] Layer node_mul_11 finish at 213803
[2026-03-14 11:31:17.986] [info] Total compute time 249
[2026-03-14 11:31:17.986] [info] executable layer count 1
[2026-03-14 11:31:17.986] [info] Start layer node_add_11
[2026-03-14 11:31:18.000] [info] Layer node_add_11 finish at 214058
[2026-03-14 11:31:18.000] [info] Total compute time 255
[2026-03-14 11:31:18.000] [info] executable layer count 1
[2026-03-14 11:31:18.000] [info] Start layer node_matmul_35
[2026-03-14 11:31:18.149] [info] HBM2-CH_0: BW utilization 48% (3569 reads, 1069 writes)
[2026-03-14 11:31:18.204] [info] Layer node_matmul_35 finish at 216388
[2026-03-14 11:31:18.204] [info] Total compute time 2330
[2026-03-14 11:31:18.204] [info] executable layer count 2
[2026-03-14 11:31:18.204] [info] Start layer node_matmul_36
[2026-03-14 11:31:19.016] [info] HBM2-CH_0: BW utilization 57% (3165 reads, 2331 writes)
[2026-03-14 11:31:19.055] [info] Layer node_matmul_36 finish at 225521
[2026-03-14 11:31:19.055] [info] Total compute time 9133
[2026-03-14 11:31:19.055] [info] executable layer count 1
[2026-03-14 11:31:19.055] [info] Start layer node_matmul_37
[2026-03-14 11:31:19.442] [info] Layer node_matmul_37 finish at 230608
[2026-03-14 11:31:19.442] [info] Total compute time 5087
[2026-03-14 11:31:19.442] [info] executable layer count 2
[2026-03-14 11:31:19.442] [info] Start layer n3_13
[2026-03-14 11:31:19.446] [info] Layer n3_13 finish at 230725
[2026-03-14 11:31:19.446] [info] Total compute time 117
[2026-03-14 11:31:19.446] [info] executable layer count 1
[2026-03-14 11:31:19.446] [info] Start layer n9_13
[2026-03-14 11:31:19.455] [info] Layer n9_13 finish at 230972
[2026-03-14 11:31:19.455] [info] Total compute time 247
[2026-03-14 11:31:19.455] [info] executable layer count 1
[2026-03-14 11:31:19.455] [info] Start layer n10_13
[2026-03-14 11:31:19.464] [info] Layer n10_13 finish at 231202
[2026-03-14 11:31:19.464] [info] Total compute time 230
[2026-03-14 11:31:19.464] [info] executable layer count 1
[2026-03-14 11:31:19.464] [info] Start layer node_exp_12
[2026-03-14 11:31:19.469] [info] Layer node_exp_12 finish at 231365
[2026-03-14 11:31:19.469] [info] Total compute time 163
[2026-03-14 11:31:19.469] [info] executable layer count 1
[2026-03-14 11:31:19.469] [info] Start layer node_mul_12
[2026-03-14 11:31:19.480] [info] Layer node_mul_12 finish at 231604
[2026-03-14 11:31:19.480] [info] Total compute time 239
[2026-03-14 11:31:19.480] [info] executable layer count 1
[2026-03-14 11:31:19.480] [info] Start layer node_add_12
[2026-03-14 11:31:19.489] [info] Layer node_add_12 finish at 231846
[2026-03-14 11:31:19.489] [info] Total compute time 242
[2026-03-14 11:31:19.489] [info] executable layer count 1
[2026-03-14 11:31:19.489] [info] Start layer node_matmul_38
[2026-03-14 11:31:19.492] [info] HBM2-CH_0: BW utilization 45% (3865 reads, 482 writes)
[2026-03-14 11:31:19.655] [info] Layer node_matmul_38 finish at 234208
[2026-03-14 11:31:19.655] [info] Total compute time 2362
[2026-03-14 11:31:19.655] [info] executable layer count 2
[2026-03-14 11:31:19.655] [info] Start layer node_matmul_39
[2026-03-14 11:31:20.105] [info] HBM2-CH_0: BW utilization 51% (1887 reads, 3013 writes)
[2026-03-14 11:31:20.311] [info] Layer node_matmul_39 finish at 243123
[2026-03-14 11:31:20.311] [info] Total compute time 8915
[2026-03-14 11:31:20.311] [info] executable layer count 1
[2026-03-14 11:31:20.311] [info] Start layer node_matmul_40
[2026-03-14 11:31:20.649] [info] HBM2-CH_0: BW utilization 50% (4689 reads, 139 writes)
[2026-03-14 11:31:20.659] [info] Layer node_matmul_40 finish at 248326
[2026-03-14 11:31:20.659] [info] Total compute time 5203
[2026-03-14 11:31:20.659] [info] executable layer count 2
[2026-03-14 11:31:20.659] [info] Start layer n3_14
[2026-03-14 11:31:20.664] [info] Layer n3_14 finish at 248445
[2026-03-14 11:31:20.664] [info] Total compute time 119
[2026-03-14 11:31:20.664] [info] executable layer count 1
[2026-03-14 11:31:20.664] [info] Start layer n9_14
[2026-03-14 11:31:20.675] [info] Layer n9_14 finish at 248696
[2026-03-14 11:31:20.675] [info] Total compute time 251
[2026-03-14 11:31:20.675] [info] executable layer count 1
[2026-03-14 11:31:20.675] [info] Start layer n10_14
[2026-03-14 11:31:20.683] [info] Layer n10_14 finish at 248936
[2026-03-14 11:31:20.683] [info] Total compute time 240
[2026-03-14 11:31:20.683] [info] executable layer count 1
[2026-03-14 11:31:20.683] [info] Start layer node_exp_13
[2026-03-14 11:31:20.691] [info] Layer node_exp_13 finish at 249137
[2026-03-14 11:31:20.691] [info] Total compute time 201
[2026-03-14 11:31:20.691] [info] executable layer count 1
[2026-03-14 11:31:20.691] [info] Start layer node_mul_13
[2026-03-14 11:31:20.699] [info] Layer node_mul_13 finish at 249386
[2026-03-14 11:31:20.699] [info] Total compute time 249
[2026-03-14 11:31:20.699] [info] executable layer count 1
[2026-03-14 11:31:20.699] [info] Start layer node_add_13
[2026-03-14 11:31:20.709] [info] Layer node_add_13 finish at 249631
[2026-03-14 11:31:20.709] [info] Total compute time 245
[2026-03-14 11:31:20.709] [info] executable layer count 1
[2026-03-14 11:31:20.709] [info] Start layer node_matmul_41
[2026-03-14 11:31:20.853] [info] Layer node_matmul_41 finish at 251961
[2026-03-14 11:31:20.853] [info] Total compute time 2330
[2026-03-14 11:31:20.853] [info] executable layer count 2
[2026-03-14 11:31:20.853] [info] Start layer node_matmul_42
[2026-03-14 11:31:21.205] [info] HBM2-CH_0: BW utilization 46% (1076 reads, 3377 writes)
[2026-03-14 11:31:21.625] [info] Layer node_matmul_42 finish at 261157
[2026-03-14 11:31:21.625] [info] Total compute time 9196
[2026-03-14 11:31:21.625] [info] executable layer count 1
[2026-03-14 11:31:21.625] [info] Start layer node_matmul_43
[2026-03-14 11:31:21.822] [info] HBM2-CH_0: BW utilization 56% (5318 reads, 87 writes)
[2026-03-14 11:31:21.935] [info] Layer node_matmul_43 finish at 266260
[2026-03-14 11:31:21.935] [info] Total compute time 5103
[2026-03-14 11:31:21.935] [info] executable layer count 2
[2026-03-14 11:31:21.935] [info] Start layer n3_15
[2026-03-14 11:31:21.942] [info] Layer n3_15 finish at 266375
[2026-03-14 11:31:21.942] [info] Total compute time 115
[2026-03-14 11:31:21.942] [info] executable layer count 1
[2026-03-14 11:31:21.942] [info] Start layer n9_15
[2026-03-14 11:31:21.956] [info] Layer n9_15 finish at 266622
[2026-03-14 11:31:21.956] [info] Total compute time 247
[2026-03-14 11:31:21.956] [info] executable layer count 1
[2026-03-14 11:31:21.956] [info] Start layer n10_15
[2026-03-14 11:31:21.966] [info] Layer n10_15 finish at 266857
[2026-03-14 11:31:21.966] [info] Total compute time 235
[2026-03-14 11:31:21.966] [info] executable layer count 1
[2026-03-14 11:31:21.966] [info] Start layer node_exp_14
[2026-03-14 11:31:21.976] [info] Layer node_exp_14 finish at 267024
[2026-03-14 11:31:21.976] [info] Total compute time 167
[2026-03-14 11:31:21.976] [info] executable layer count 1
[2026-03-14 11:31:21.976] [info] Start layer node_mul_14
[2026-03-14 11:31:21.987] [info] Layer node_mul_14 finish at 267260
[2026-03-14 11:31:21.987] [info] Total compute time 236
[2026-03-14 11:31:21.987] [info] executable layer count 1
[2026-03-14 11:31:21.987] [info] Start layer node_add_14
[2026-03-14 11:31:22.000] [info] Layer node_add_14 finish at 267497
[2026-03-14 11:31:22.000] [info] Total compute time 237
[2026-03-14 11:31:22.000] [info] executable layer count 1
[2026-03-14 11:31:22.000] [info] Start layer node_matmul_44
[2026-03-14 11:31:22.214] [info] Layer node_matmul_44 finish at 269843
[2026-03-14 11:31:22.214] [info] Total compute time 2346
[2026-03-14 11:31:22.214] [info] executable layer count 2
[2026-03-14 11:31:22.214] [info] Start layer node_matmul_45
[2026-03-14 11:31:22.420] [info] HBM2-CH_0: BW utilization 43% (1687 reads, 2529 writes)
[2026-03-14 11:31:22.966] [info] Layer node_matmul_45 finish at 279091
[2026-03-14 11:31:22.966] [info] Total compute time 9248
[2026-03-14 11:31:22.966] [info] executable layer count 1
[2026-03-14 11:31:22.966] [info] Start layer node_matmul_46
[2026-03-14 11:31:23.032] [info] HBM2-CH_0: BW utilization 50% (3855 reads, 972 writes)
[2026-03-14 11:31:23.328] [info] Layer node_matmul_46 finish at 284193
[2026-03-14 11:31:23.328] [info] Total compute time 5102
[2026-03-14 11:31:23.328] [info] executable layer count 2
[2026-03-14 11:31:23.328] [info] Start layer n3_16
[2026-03-14 11:31:23.331] [info] Layer n3_16 finish at 284303
[2026-03-14 11:31:23.331] [info] Total compute time 110
[2026-03-14 11:31:23.331] [info] executable layer count 1
[2026-03-14 11:31:23.331] [info] Start layer n9_16
[2026-03-14 11:31:23.342] [info] Layer n9_16 finish at 284556
[2026-03-14 11:31:23.342] [info] Total compute time 253
[2026-03-14 11:31:23.342] [info] executable layer count 1
[2026-03-14 11:31:23.342] [info] Start layer n10_16
[2026-03-14 11:31:23.350] [info] Layer n10_16 finish at 284796
[2026-03-14 11:31:23.350] [info] Total compute time 240
[2026-03-14 11:31:23.350] [info] executable layer count 1
[2026-03-14 11:31:23.350] [info] Start layer node_exp_15
[2026-03-14 11:31:23.356] [info] Layer node_exp_15 finish at 284995
[2026-03-14 11:31:23.356] [info] Total compute time 199
[2026-03-14 11:31:23.356] [info] executable layer count 1
[2026-03-14 11:31:23.356] [info] Start layer node_mul_15
[2026-03-14 11:31:23.366] [info] Layer node_mul_15 finish at 285243
[2026-03-14 11:31:23.366] [info] Total compute time 248
[2026-03-14 11:31:23.366] [info] executable layer count 1
[2026-03-14 11:31:23.366] [info] Start layer node_add_15
[2026-03-14 11:31:23.377] [info] Layer node_add_15 finish at 285505
[2026-03-14 11:31:23.377] [info] Total compute time 262
[2026-03-14 11:31:23.377] [info] executable layer count 1
[2026-03-14 11:31:23.377] [info] Start layer node_matmul_47
[2026-03-14 11:31:23.536] [info] Layer node_matmul_47 finish at 287825
[2026-03-14 11:31:23.536] [info] Total compute time 2320
[2026-03-14 11:31:23.536] [info] executable layer count 2
[2026-03-14 11:31:23.536] [info] Start layer node_matmul_48
[2026-03-14 11:31:23.543] [info] HBM2-CH_0: BW utilization 49% (3375 reads, 1350 writes)
[2026-03-14 11:31:24.174] [info] HBM2-CH_0: BW utilization 55% (3192 reads, 2127 writes)
[2026-03-14 11:31:24.193] [info] Layer node_matmul_48 finish at 297025
[2026-03-14 11:31:24.193] [info] Total compute time 9200
[2026-03-14 11:31:24.193] [info] executable layer count 1
[2026-03-14 11:31:24.193] [info] Start layer node_matmul_49
[2026-03-14 11:31:24.542] [info] Layer node_matmul_49 finish at 302315
[2026-03-14 11:31:24.542] [info] Total compute time 5290
[2026-03-14 11:31:24.542] [info] executable layer count 2
[2026-03-14 11:31:24.542] [info] Start layer n3_17
[2026-03-14 11:31:24.545] [info] Layer n3_17 finish at 302424
[2026-03-14 11:31:24.545] [info] Total compute time 109
[2026-03-14 11:31:24.545] [info] executable layer count 1
[2026-03-14 11:31:24.545] [info] Start layer n9_17
[2026-03-14 11:31:24.554] [info] Layer n9_17 finish at 302673
[2026-03-14 11:31:24.554] [info] Total compute time 249
[2026-03-14 11:31:24.554] [info] executable layer count 1
[2026-03-14 11:31:24.554] [info] Start layer n10_17
[2026-03-14 11:31:24.561] [info] Layer n10_17 finish at 302921
[2026-03-14 11:31:24.562] [info] Total compute time 248
[2026-03-14 11:31:24.562] [info] executable layer count 1
[2026-03-14 11:31:24.562] [info] Start layer node_exp_16
[2026-03-14 11:31:24.566] [info] Layer node_exp_16 finish at 303095
[2026-03-14 11:31:24.566] [info] Total compute time 174
[2026-03-14 11:31:24.566] [info] executable layer count 1
[2026-03-14 11:31:24.566] [info] Start layer node_mul_16
[2026-03-14 11:31:24.574] [info] Layer node_mul_16 finish at 303332
[2026-03-14 11:31:24.574] [info] Total compute time 237
[2026-03-14 11:31:24.574] [info] executable layer count 1
[2026-03-14 11:31:24.574] [info] Start layer node_add_16
[2026-03-14 11:31:24.581] [info] Layer node_add_16 finish at 303565
[2026-03-14 11:31:24.581] [info] Total compute time 233
[2026-03-14 11:31:24.581] [info] executable layer count 1
[2026-03-14 11:31:24.581] [info] Start layer node_matmul_50
[2026-03-14 11:31:24.591] [info] HBM2-CH_0: BW utilization 46% (4029 reads, 466 writes)
[2026-03-14 11:31:24.712] [info] Layer node_matmul_50 finish at 305903
[2026-03-14 11:31:24.712] [info] Total compute time 2338
[2026-03-14 11:31:24.712] [info] executable layer count 2
[2026-03-14 11:31:24.712] [info] Start layer node_matmul_51
[2026-03-14 11:31:25.182] [info] HBM2-CH_0: BW utilization 51% (1961 reads, 2967 writes)
[2026-03-14 11:31:25.345] [info] Layer node_matmul_51 finish at 315000
[2026-03-14 11:31:25.345] [info] Total compute time 9097
[2026-03-14 11:31:25.345] [info] executable layer count 1
[2026-03-14 11:31:25.345] [info] Start layer node_matmul_52
[2026-03-14 11:31:25.757] [info] HBM2-CH_0: BW utilization 47% (4421 reads, 126 writes)
[2026-03-14 11:31:25.770] [info] Layer node_matmul_52 finish at 320479
[2026-03-14 11:31:25.770] [info] Total compute time 5479
[2026-03-14 11:31:25.770] [info] executable layer count 2
[2026-03-14 11:31:25.770] [info] Start layer n3_18
[2026-03-14 11:31:25.775] [info] Layer n3_18 finish at 320588
[2026-03-14 11:31:25.775] [info] Total compute time 109
[2026-03-14 11:31:25.775] [info] executable layer count 1
[2026-03-14 11:31:25.775] [info] Start layer n9_18
[2026-03-14 11:31:25.786] [info] Layer n9_18 finish at 320838
[2026-03-14 11:31:25.786] [info] Total compute time 250
[2026-03-14 11:31:25.786] [info] executable layer count 1
[2026-03-14 11:31:25.786] [info] Start layer n10_18
[2026-03-14 11:31:25.797] [info] Layer n10_18 finish at 321073
[2026-03-14 11:31:25.797] [info] Total compute time 235
[2026-03-14 11:31:25.797] [info] executable layer count 1
[2026-03-14 11:31:25.797] [info] Start layer node_exp_17
[2026-03-14 11:31:25.803] [info] Layer node_exp_17 finish at 321248
[2026-03-14 11:31:25.803] [info] Total compute time 175
[2026-03-14 11:31:25.803] [info] executable layer count 1
[2026-03-14 11:31:25.803] [info] Start layer node_mul_17
[2026-03-14 11:31:25.813] [info] Layer node_mul_17 finish at 321494
[2026-03-14 11:31:25.813] [info] Total compute time 246
[2026-03-14 11:31:25.813] [info] executable layer count 1
[2026-03-14 11:31:25.813] [info] Start layer node_add_17
[2026-03-14 11:31:25.822] [info] Layer node_add_17 finish at 321746
[2026-03-14 11:31:25.822] [info] Total compute time 252
[2026-03-14 11:31:25.822] [info] executable layer count 1
[2026-03-14 11:31:25.822] [info] Start layer node_matmul_53
[2026-03-14 11:31:26.010] [info] Layer node_matmul_53 finish at 324086
[2026-03-14 11:31:26.010] [info] Total compute time 2340
[2026-03-14 11:31:26.010] [info] executable layer count 2
[2026-03-14 11:31:26.010] [info] Start layer node_matmul_54
[2026-03-14 11:31:26.421] [info] HBM2-CH_0: BW utilization 46% (1124 reads, 3370 writes)
[2026-03-14 11:31:26.844] [info] Layer node_matmul_54 finish at 332560
[2026-03-14 11:31:26.844] [info] Total compute time 8474
[2026-03-14 11:31:26.844] [info] executable layer count 1
[2026-03-14 11:31:26.844] [info] Start layer node_matmul_55
[2026-03-14 11:31:27.240] [info] HBM2-CH_0: BW utilization 58% (5550 reads, 92 writes)
[2026-03-14 11:31:27.349] [info] Layer node_matmul_55 finish at 337934
[2026-03-14 11:31:27.349] [info] Total compute time 5374
[2026-03-14 11:31:27.349] [info] executable layer count 2
[2026-03-14 11:31:27.349] [info] Start layer n3_19
[2026-03-14 11:31:27.353] [info] Layer n3_19 finish at 338045
[2026-03-14 11:31:27.353] [info] Total compute time 111
[2026-03-14 11:31:27.353] [info] executable layer count 1
[2026-03-14 11:31:27.353] [info] Start layer n9_19
[2026-03-14 11:31:27.367] [info] Layer n9_19 finish at 338291
[2026-03-14 11:31:27.367] [info] Total compute time 246
[2026-03-14 11:31:27.367] [info] executable layer count 1
[2026-03-14 11:31:27.367] [info] Start layer n10_19
[2026-03-14 11:31:27.379] [info] Layer n10_19 finish at 338529
[2026-03-14 11:31:27.379] [info] Total compute time 238
[2026-03-14 11:31:27.379] [info] executable layer count 1
[2026-03-14 11:31:27.379] [info] Start layer node_exp_18
[2026-03-14 11:31:27.385] [info] Layer node_exp_18 finish at 338715
[2026-03-14 11:31:27.385] [info] Total compute time 186
[2026-03-14 11:31:27.385] [info] executable layer count 1
[2026-03-14 11:31:27.385] [info] Start layer node_mul_18
[2026-03-14 11:31:27.395] [info] Layer node_mul_18 finish at 338963
[2026-03-14 11:31:27.395] [info] Total compute time 248
[2026-03-14 11:31:27.395] [info] executable layer count 1
[2026-03-14 11:31:27.395] [info] Start layer node_add_18
[2026-03-14 11:31:27.405] [info] Layer node_add_18 finish at 339195
[2026-03-14 11:31:27.405] [info] Total compute time 232
[2026-03-14 11:31:27.405] [info] executable layer count 1
[2026-03-14 11:31:27.405] [info] Start layer node_matmul_56
[2026-03-14 11:31:27.557] [info] Layer node_matmul_56 finish at 341528
[2026-03-14 11:31:27.558] [info] Total compute time 2333
[2026-03-14 11:31:27.558] [info] executable layer count 2
[2026-03-14 11:31:27.558] [info] Start layer node_matmul_57
[2026-03-14 11:31:27.766] [info] HBM2-CH_0: BW utilization 42% (1399 reads, 2681 writes)
[2026-03-14 11:31:28.403] [info] Layer node_matmul_57 finish at 350277
[2026-03-14 11:31:28.403] [info] Total compute time 8749
[2026-03-14 11:31:28.403] [info] executable layer count 1
[2026-03-14 11:31:28.403] [info] Start layer node_matmul_58
[2026-03-14 11:31:28.580] [info] HBM2-CH_0: BW utilization 55% (4485 reads, 817 writes)
[2026-03-14 11:31:28.828] [info] Layer node_matmul_58 finish at 355610
[2026-03-14 11:31:28.828] [info] Total compute time 5333
[2026-03-14 11:31:28.828] [info] executable layer count 2
[2026-03-14 11:31:28.828] [info] Start layer n3_20
[2026-03-14 11:31:28.830] [info] Layer n3_20 finish at 355719
[2026-03-14 11:31:28.830] [info] Total compute time 109
[2026-03-14 11:31:28.830] [info] executable layer count 1
[2026-03-14 11:31:28.830] [info] Start layer n9_20
[2026-03-14 11:31:28.839] [info] Layer n9_20 finish at 355969
[2026-03-14 11:31:28.839] [info] Total compute time 250
[2026-03-14 11:31:28.839] [info] executable layer count 1
[2026-03-14 11:31:28.839] [info] Start layer n10_20
[2026-03-14 11:31:28.846] [info] Layer n10_20 finish at 356214
[2026-03-14 11:31:28.846] [info] Total compute time 245
[2026-03-14 11:31:28.846] [info] executable layer count 1
[2026-03-14 11:31:28.846] [info] Start layer node_exp_19
[2026-03-14 11:31:28.851] [info] Layer node_exp_19 finish at 356394
[2026-03-14 11:31:28.851] [info] Total compute time 180
[2026-03-14 11:31:28.851] [info] executable layer count 1
[2026-03-14 11:31:28.851] [info] Start layer node_mul_19
[2026-03-14 11:31:28.859] [info] Layer node_mul_19 finish at 356651
[2026-03-14 11:31:28.859] [info] Total compute time 257
[2026-03-14 11:31:28.859] [info] executable layer count 1
[2026-03-14 11:31:28.859] [info] Start layer node_add_19
[2026-03-14 11:31:28.866] [info] Layer node_add_19 finish at 356883
[2026-03-14 11:31:28.866] [info] Total compute time 232
[2026-03-14 11:31:28.866] [info] executable layer count 1
[2026-03-14 11:31:28.866] [info] Start layer node_matmul_59
[2026-03-14 11:31:28.995] [info] Layer node_matmul_59 finish at 359208
[2026-03-14 11:31:28.995] [info] Total compute time 2325
[2026-03-14 11:31:28.995] [info] executable layer count 2
[2026-03-14 11:31:28.995] [info] Start layer node_matmul_60
[2026-03-14 11:31:29.057] [info] HBM2-CH_0: BW utilization 46% (2738 reads, 1690 writes)
[2026-03-14 11:31:29.602] [info] HBM2-CH_0: BW utilization 51% (3192 reads, 1784 writes)
[2026-03-14 11:31:29.611] [info] Layer node_matmul_60 finish at 368413
[2026-03-14 11:31:29.611] [info] Total compute time 9205
[2026-03-14 11:31:29.611] [info] executable layer count 1
[2026-03-14 11:31:29.611] [info] Start layer node_matmul_61
[2026-03-14 11:31:29.910] [info] Layer node_matmul_61 finish at 373521
[2026-03-14 11:31:29.910] [info] Total compute time 5108
[2026-03-14 11:31:29.910] [info] executable layer count 2
[2026-03-14 11:31:29.910] [info] Start layer n3_21
[2026-03-14 11:31:29.913] [info] Layer n3_21 finish at 373630
[2026-03-14 11:31:29.913] [info] Total compute time 109
[2026-03-14 11:31:29.913] [info] executable layer count 1
[2026-03-14 11:31:29.913] [info] Start layer n9_21
[2026-03-14 11:31:29.921] [info] Layer n9_21 finish at 373885
[2026-03-14 11:31:29.921] [info] Total compute time 255
[2026-03-14 11:31:29.921] [info] executable layer count 1
[2026-03-14 11:31:29.921] [info] Start layer n10_21
[2026-03-14 11:31:29.928] [info] Layer n10_21 finish at 374123
[2026-03-14 11:31:29.928] [info] Total compute time 238
[2026-03-14 11:31:29.928] [info] executable layer count 1
[2026-03-14 11:31:29.928] [info] Start layer node_exp_20
[2026-03-14 11:31:29.932] [info] Layer node_exp_20 finish at 374299
[2026-03-14 11:31:29.932] [info] Total compute time 176
[2026-03-14 11:31:29.932] [info] executable layer count 1
[2026-03-14 11:31:29.932] [info] Start layer node_mul_20
[2026-03-14 11:31:29.940] [info] Layer node_mul_20 finish at 374548
[2026-03-14 11:31:29.940] [info] Total compute time 249
[2026-03-14 11:31:29.940] [info] executable layer count 1
[2026-03-14 11:31:29.940] [info] Start layer node_add_20
[2026-03-14 11:31:29.948] [info] Layer node_add_20 finish at 374790
[2026-03-14 11:31:29.948] [info] Total compute time 242
[2026-03-14 11:31:29.948] [info] executable layer count 1
[2026-03-14 11:31:29.948] [info] Start layer node_matmul_62
[2026-03-14 11:31:29.981] [info] HBM2-CH_0: BW utilization 48% (4039 reads, 657 writes)
[2026-03-14 11:31:30.073] [info] Layer node_matmul_62 finish at 377128
[2026-03-14 11:31:30.073] [info] Total compute time 2338
[2026-03-14 11:31:30.073] [info] executable layer count 2
[2026-03-14 11:31:30.073] [info] Start layer node_matmul_63
[2026-03-14 11:31:30.593] [info] HBM2-CH_0: BW utilization 55% (2547 reads, 2796 writes)
[2026-03-14 11:31:30.664] [info] Layer node_matmul_63 finish at 386089
[2026-03-14 11:31:30.664] [info] Total compute time 8961
[2026-03-14 11:31:30.664] [info] executable layer count 1
[2026-03-14 11:31:30.664] [info] Start layer node_matmul_64
[2026-03-14 11:31:30.954] [info] Layer node_matmul_64 finish at 391223
[2026-03-14 11:31:30.954] [info] Total compute time 5134
[2026-03-14 11:31:30.954] [info] executable layer count 2
[2026-03-14 11:31:30.954] [info] Start layer n3_22
[2026-03-14 11:31:30.957] [info] Layer n3_22 finish at 391331
[2026-03-14 11:31:30.957] [info] Total compute time 108
[2026-03-14 11:31:30.957] [info] executable layer count 1
[2026-03-14 11:31:30.957] [info] Start layer n9_22
[2026-03-14 11:31:30.965] [info] Layer n9_22 finish at 391580
[2026-03-14 11:31:30.965] [info] Total compute time 249
[2026-03-14 11:31:30.965] [info] executable layer count 1
[2026-03-14 11:31:30.965] [info] Start layer n10_22
[2026-03-14 11:31:30.972] [info] Layer n10_22 finish at 391816
[2026-03-14 11:31:30.972] [info] Total compute time 236
[2026-03-14 11:31:30.972] [info] executable layer count 1
[2026-03-14 11:31:30.972] [info] Start layer node_exp_21
[2026-03-14 11:31:30.972] [info] HBM2-CH_0: BW utilization 46% (4161 reads, 272 writes)
[2026-03-14 11:31:30.977] [info] Layer node_exp_21 finish at 391994
[2026-03-14 11:31:30.977] [info] Total compute time 178
[2026-03-14 11:31:30.977] [info] executable layer count 1
[2026-03-14 11:31:30.977] [info] Start layer node_mul_21
[2026-03-14 11:31:30.985] [info] Layer node_mul_21 finish at 392244
[2026-03-14 11:31:30.985] [info] Total compute time 250
[2026-03-14 11:31:30.985] [info] executable layer count 1
[2026-03-14 11:31:30.985] [info] Start layer node_add_21
[2026-03-14 11:31:30.992] [info] Layer node_add_21 finish at 392481
[2026-03-14 11:31:30.992] [info] Total compute time 237
[2026-03-14 11:31:30.992] [info] executable layer count 1
[2026-03-14 11:31:30.992] [info] Start layer node_matmul_65
[2026-03-14 11:31:31.118] [info] Layer node_matmul_65 finish at 394827
[2026-03-14 11:31:31.118] [info] Total compute time 2346
[2026-03-14 11:31:31.118] [info] executable layer count 2
[2026-03-14 11:31:31.118] [info] Start layer node_matmul_66
[2026-03-14 11:31:31.497] [info] HBM2-CH_0: BW utilization 50% (1629 reads, 3226 writes)
[2026-03-14 11:31:31.747] [info] Layer node_matmul_66 finish at 404066
[2026-03-14 11:31:31.747] [info] Total compute time 9239
[2026-03-14 11:31:31.747] [info] executable layer count 1
[2026-03-14 11:31:31.747] [info] Start layer node_matmul_67
[2026-03-14 11:31:32.020] [info] HBM2-CH_0: BW utilization 56% (5283 reads, 119 writes)
[2026-03-14 11:31:32.039] [info] Layer node_matmul_67 finish at 409065
[2026-03-14 11:31:32.039] [info] Total compute time 4999
[2026-03-14 11:31:32.039] [info] executable layer count 2
[2026-03-14 11:31:32.039] [info] Start layer n3_23
[2026-03-14 11:31:32.042] [info] Layer n3_23 finish at 409174
[2026-03-14 11:31:32.042] [info] Total compute time 109
[2026-03-14 11:31:32.042] [info] executable layer count 1
[2026-03-14 11:31:32.042] [info] Start layer n9_23
[2026-03-14 11:31:32.050] [info] Layer n9_23 finish at 409425
[2026-03-14 11:31:32.050] [info] Total compute time 251
[2026-03-14 11:31:32.050] [info] executable layer count 1
[2026-03-14 11:31:32.050] [info] Start layer n10_23
[2026-03-14 11:31:32.057] [info] Layer n10_23 finish at 409663
[2026-03-14 11:31:32.057] [info] Total compute time 238
[2026-03-14 11:31:32.057] [info] executable layer count 1
[2026-03-14 11:31:32.057] [info] Start layer node_exp_22
[2026-03-14 11:31:32.061] [info] Layer node_exp_22 finish at 409839
[2026-03-14 11:31:32.061] [info] Total compute time 176
[2026-03-14 11:31:32.061] [info] executable layer count 1
[2026-03-14 11:31:32.061] [info] Start layer node_mul_22
[2026-03-14 11:31:32.070] [info] Layer node_mul_22 finish at 410093
[2026-03-14 11:31:32.070] [info] Total compute time 254
[2026-03-14 11:31:32.070] [info] executable layer count 1
[2026-03-14 11:31:32.070] [info] Start layer node_add_22
[2026-03-14 11:31:32.077] [info] Layer node_add_22 finish at 410337
[2026-03-14 11:31:32.077] [info] Total compute time 244
[2026-03-14 11:31:32.077] [info] executable layer count 1
[2026-03-14 11:31:32.077] [info] Start layer node_matmul_68
[2026-03-14 11:31:32.203] [info] Layer node_matmul_68 finish at 412664
[2026-03-14 11:31:32.203] [info] Total compute time 2327
[2026-03-14 11:31:32.203] [info] executable layer count 2
[2026-03-14 11:31:32.203] [info] Start layer node_matmul_69
[2026-03-14 11:31:32.445] [info] HBM2-CH_0: BW utilization 41% (846 reads, 3092 writes)
[2026-03-14 11:31:32.798] [info] Layer node_matmul_69 finish at 421563
[2026-03-14 11:31:32.798] [info] Total compute time 8899
[2026-03-14 11:31:32.798] [info] executable layer count 1
[2026-03-14 11:31:32.798] [info] Start layer node_matmul_70
[2026-03-14 11:31:32.963] [info] HBM2-CH_0: BW utilization 57% (5139 reads, 370 writes)
[2026-03-14 11:31:33.089] [info] Layer node_matmul_70 finish at 426801
[2026-03-14 11:31:33.089] [info] Total compute time 5238
[2026-03-14 11:31:33.089] [info] executable layer count 2
[2026-03-14 11:31:33.089] [info] Start layer n3_24
[2026-03-14 11:31:33.093] [info] Layer n3_24 finish at 426910
[2026-03-14 11:31:33.093] [info] Total compute time 109
[2026-03-14 11:31:33.093] [info] executable layer count 1
[2026-03-14 11:31:33.093] [info] Start layer n9_24
[2026-03-14 11:31:33.106] [info] Layer n9_24 finish at 427166
[2026-03-14 11:31:33.106] [info] Total compute time 256
[2026-03-14 11:31:33.106] [info] executable layer count 1
[2026-03-14 11:31:33.106] [info] Start layer n10_24
[2026-03-14 11:31:33.116] [info] Layer n10_24 finish at 427412
[2026-03-14 11:31:33.116] [info] Total compute time 246
[2026-03-14 11:31:33.116] [info] executable layer count 1
[2026-03-14 11:31:33.116] [info] Start layer node_exp_23
[2026-03-14 11:31:33.121] [info] Layer node_exp_23 finish at 427584
[2026-03-14 11:31:33.121] [info] Total compute time 172
[2026-03-14 11:31:33.121] [info] executable layer count 1
[2026-03-14 11:31:33.121] [info] Start layer node_mul_23
[2026-03-14 11:31:33.132] [info] Layer node_mul_23 finish at 427829
[2026-03-14 11:31:33.132] [info] Total compute time 245
[2026-03-14 11:31:33.132] [info] executable layer count 1
[2026-03-14 11:31:33.132] [info] Start layer node_add_23
[2026-03-14 11:31:33.141] [info] Layer node_add_23 finish at 428076
[2026-03-14 11:31:33.141] [info] Total compute time 247
[2026-03-14 11:31:33.141] [info] executable layer count 1
[2026-03-14 11:31:33.141] [info] Start layer node_matmul_71
[2026-03-14 11:31:33.267] [info] Layer node_matmul_71 finish at 430414
[2026-03-14 11:31:33.267] [info] Total compute time 2338
[2026-03-14 11:31:33.267] [info] executable layer count 1
[2026-03-14 11:31:33.267] [info] Start layer node_MatMul_1
[2026-03-14 11:31:33.388] [info] HBM2-CH_0: BW utilization 44% (2096 reads, 2148 writes)
[2026-03-14 11:31:34.024] [info] HBM2-CH_0: BW utilization 64% (4911 reads, 1260 writes)
[2026-03-14 11:31:34.666] [info] HBM2-CH_0: BW utilization 66% (6419 reads, 0 writes)
[2026-03-14 11:31:35.163] [info] HBM2-CH_0: BW utilization 47% (670 reads, 3909 writes)
[2026-03-14 11:31:35.169] [info] Layer node_MatMul_1 finish at 456209
[2026-03-14 11:31:35.169] [info] Total compute time 25795
[2026-03-14 11:31:35.169] [info] executable layer count 1
[2026-03-14 11:31:35.169] [info] Start layer node_linear
[2026-03-14 11:31:35.672] [info] HBM2-CH_0: BW utilization 78% (7466 reads, 52 writes)
[2026-03-14 11:31:35.698] [info] Layer node_linear finish at 464422
[2026-03-14 11:31:35.698] [info] Total compute time 8213
[2026-03-14 11:31:35.698] [info] Model[mamba_custom] Request: 0 us, Start: 0 us, finish:464 us, Current Cycle:464422
[2026-03-14 11:31:35.698] [info] No total_seq_len!
[2026-03-14 11:31:35.913] [info] Simulation Finished at 468405 cycle 468 us
Frontend:
  impl: GEM5

[2026-03-14 11:31:35.924] [info] Row hits: 206399, Row misses: 2035, Row conflicts: 76027
MemorySystem:
  impl: GenericDRAM
  total_num_other_requests: 0
  total_num_write_requests: 94843
  total_num_read_requests: 196291
  memory_system_cycles: 562310
  DRAM:
    impl: HBM2
  AddrMapper:
    impl: RoBaRaCoCh
  Controller:
    impl: Generic
    id: Channel 0
    Scheduler:
      impl: FRFCFS
    RefreshManager:
      impl: AllBank



[2026-03-14 11:31:35.924] [info] HBM2-CH_0: avg BW utilization 51% (196291 reads, 94843 writes)
Frontend:
  impl: GEM5

[2026-03-14 11:31:35.924] [info] Row hits: 207853, Row misses: 1729, Row conflicts: 74942
MemorySystem:
  impl: GenericDRAM
  total_num_other_requests: 0
  total_num_write_requests: 94840
  total_num_read_requests: 196375
  memory_system_cycles: 562310
  DRAM:
    impl: HBM2
  AddrMapper:
    impl: RoBaRaCoCh
  Controller:
    impl: Generic
    id: Channel 0
    Scheduler:
      impl: FRFCFS
    RefreshManager:
      impl: AllBank



Frontend:
  impl: GEM5

[2026-03-14 11:31:35.924] [info] Row hits: 207920, Row misses: 1716, Row conflicts: 74866
MemorySystem:
  impl: GenericDRAM
  total_num_other_requests: 0
  total_num_write_requests: 94837
  total_num_read_requests: 196375
  memory_system_cycles: 562310
  DRAM:
    impl: HBM2
  AddrMapper:
    impl: RoBaRaCoCh
  Controller:
    impl: Generic
    id: Channel 0
    Scheduler:
      impl: FRFCFS
    RefreshManager:
      impl: AllBank



Frontend:
  impl: GEM5

[2026-03-14 11:31:35.924] [info] Row hits: 206736, Row misses: 1778, Row conflicts: 76071
MemorySystem:
  impl: GenericDRAM
  total_num_other_requests: 0
  total_num_write_requests: 94843
  total_num_read_requests: 196291
  memory_system_cycles: 562310
  DRAM:
    impl: HBM2
  AddrMapper:
    impl: RoBaRaCoCh
  Controller:
    impl: Generic
    id: Channel 0
    Scheduler:
      impl: FRFCFS
    RefreshManager:
      impl: AllBank



Frontend:
  impl: GEM5

[2026-03-14 11:31:35.924] [info] Row hits: 208503, Row misses: 1666, Row conflicts: 74611
MemorySystem:
  impl: GenericDRAM
  total_num_other_requests: 0
  total_num_write_requests: 94840
  total_num_read_requests: 196375
  memory_system_cycles: 562310
  DRAM:
    impl: HBM2
  AddrMapper:
    impl: RoBaRaCoCh
  Controller:
    impl: Generic
    id: Channel 0
    Scheduler:
      impl: FRFCFS
    RefreshManager:
      impl: AllBank



Frontend:
  impl: GEM5

[2026-03-14 11:31:35.924] [info] Row hits: 206848, Row misses: 2006, Row conflicts: 75750
MemorySystem:
  impl: GenericDRAM
  total_num_other_requests: 0
  total_num_write_requests: 94842
  total_num_read_requests: 196291
  memory_system_cycles: 562310
  DRAM:
    impl: HBM2
  AddrMapper:
    impl: RoBaRaCoCh
  Controller:
    impl: Generic
    id: Channel 0
    Scheduler:
      impl: FRFCFS
    RefreshManager:
      impl: AllBank



Frontend:
  impl: GEM5

[2026-03-14 11:31:35.924] [info] Row hits: 206426, Row misses: 2057, Row conflicts: 76195
MemorySystem:
  impl: GenericDRAM
  total_num_other_requests: 0
  total_num_write_requests: 94844
  total_num_read_requests: 196291
  memory_system_cycles: 562310
  DRAM:
    impl: HBM2
  AddrMapper:
    impl: RoBaRaCoCh
  Controller:
    impl: Generic
    id: Channel 0
    Scheduler:
      impl: FRFCFS
    RefreshManager:
      impl: AllBank



Frontend:
  impl: GEM5

[2026-03-14 11:31:35.924] [info] Row hits: 208163, Row misses: 1680, Row conflicts: 74880
MemorySystem:
  impl: GenericDRAM
  total_num_other_requests: 0
  total_num_write_requests: 94850
  total_num_read_requests: 196375
  memory_system_cycles: 562310
  DRAM:
    impl: HBM2
  AddrMapper:
    impl: RoBaRaCoCh
  Controller:
    impl: Generic
    id: Channel 0
    Scheduler:
      impl: FRFCFS
    RefreshManager:
      impl: AllBank



Frontend:
  impl: GEM5

[2026-03-14 11:31:35.924] [info] Row hits: 207404, Row misses: 1801, Row conflicts: 75574
MemorySystem:
  impl: GenericDRAM
  total_num_other_requests: 0
  total_num_write_requests: 94845
  total_num_read_requests: 196375
  memory_system_cycles: 562310
  DRAM:
    impl: HBM2
  AddrMapper:
    impl: RoBaRaCoCh
  Controller:
    impl: Generic
    id: Channel 0
    Scheduler:
      impl: FRFCFS
    RefreshManager:
      impl: AllBank



Frontend:
  impl: GEM5

[2026-03-14 11:31:35.925] [info] Row hits: 206011, Row misses: 2077, Row conflicts: 76485
MemorySystem:
  impl: GenericDRAM
  total_num_other_requests: 0
  total_num_write_requests: 94847
  total_num_read_requests: 196289
  memory_system_cycles: 562310
  DRAM:
    impl: HBM2
  AddrMapper:
    impl: RoBaRaCoCh
  Controller:
    impl: Generic
    id: Channel 0
    Scheduler:
      impl: FRFCFS
    RefreshManager:
      impl: AllBank



Frontend:
  impl: GEM5

[2026-03-14 11:31:35.925] [info] Row hits: 206568, Row misses: 2065, Row conflicts: 75863
MemorySystem:
  impl: GenericDRAM
  total_num_other_requests: 0
  total_num_write_requests: 94839
  total_num_read_requests: 196289
  memory_system_cycles: 562310
  DRAM:
    impl: HBM2
  AddrMapper:
    impl: RoBaRaCoCh
  Controller:
    impl: Generic
    id: Channel 0
    Scheduler:
      impl: FRFCFS
    RefreshManager:
      impl: AllBank



Frontend:
  impl: GEM5

[2026-03-14 11:31:35.925] [info] Row hits: 207007, Row misses: 1906, Row conflicts: 75782
MemorySystem:
  impl: GenericDRAM
  total_num_other_requests: 0
  total_num_write_requests: 94846
  total_num_read_requests: 196375
  memory_system_cycles: 562310
  DRAM:
    impl: HBM2
  AddrMapper:
    impl: RoBaRaCoCh
  Controller:
    impl: Generic
    id: Channel 0
    Scheduler:
      impl: FRFCFS
    RefreshManager:
      impl: AllBank



Frontend:
  impl: GEM5

[2026-03-14 11:31:35.925] [info] Row hits: 207386, Row misses: 1814, Row conflicts: 75295
MemorySystem:
  impl: GenericDRAM
  total_num_other_requests: 0
  total_num_write_requests: 94844
  total_num_read_requests: 196289
  memory_system_cycles: 562310
  DRAM:
    impl: HBM2
  AddrMapper:
    impl: RoBaRaCoCh
  Controller:
    impl: Generic
    id: Channel 0
    Scheduler:
      impl: FRFCFS
    RefreshManager:
      impl: AllBank



Frontend:
  impl: GEM5

[2026-03-14 11:31:35.925] [info] Row hits: 207751, Row misses: 1751, Row conflicts: 75220
MemorySystem:
  impl: GenericDRAM
  total_num_other_requests: 0
  total_num_write_requests: 94842
  total_num_read_requests: 196375
  memory_system_cycles: 562310
  DRAM:
    impl: HBM2
  AddrMapper:
    impl: RoBaRaCoCh
  Controller:
    impl: Generic
    id: Channel 0
    Scheduler:
      impl: FRFCFS
    RefreshManager:
      impl: AllBank



Frontend:
  impl: GEM5

[2026-03-14 11:31:35.925] [info] Row hits: 208230, Row misses: 1725, Row conflicts: 74718
MemorySystem:
  impl: GenericDRAM
  total_num_other_requests: 0
  total_num_write_requests: 94848
  total_num_read_requests: 196375
  memory_system_cycles: 562310
  DRAM:
    impl: HBM2
  AddrMapper:
    impl: RoBaRaCoCh
  Controller:
    impl: Generic
    id: Channel 0
    Scheduler:
      impl: FRFCFS
    RefreshManager:
      impl: AllBank



Frontend:
  impl: GEM5

[2026-03-14 11:31:35.925] [info] Row hits: 206887, Row misses: 1856, Row conflicts: 75820
MemorySystem:
  impl: GenericDRAM
  total_num_other_requests: 0
  total_num_write_requests: 94850
  total_num_read_requests: 196289
  memory_system_cycles: 562310
  DRAM:
    impl: HBM2
  AddrMapper:
    impl: RoBaRaCoCh
  Controller:
    impl: Generic
    id: Channel 0
    Scheduler:
      impl: FRFCFS
    RefreshManager:
      impl: AllBank



Object Size Histogram
2000000 bytes : 187500  cumulative_bytes: 375000000000
32768 bytes : 1082368  cumulative_bytes: 410467034624
28672 bytes : 6272  cumulative_bytes: 410646865408
32000 bytes : 384000  cumulative_bytes: 422934865408
4096 bytes : 122880  cumulative_bytes: 423438181888
23296 bytes : 728  cumulative_bytes: 423455141376
26624 bytes : 125632  cumulative_bytes: 426799967744
3328 bytes : 9984  cumulative_bytes: 426833194496
159744 bytes : 259584  cumulative_bytes: 468300180992
196608 bytes : 2236416  cumulative_bytes: 907997457920
24576 bytes : 147456  cumulative_bytes: 911621336576
1536000 bytes : 96000  cumulative_bytes: 1059077336576
[2026-03-14 11:31:35.925] [info] Simulation time: 32.886700 seconds
[2026-03-14 11:31:35.925] [info] no.of tiles :[31.58351527]
[2026-03-14 11:31:35.925] [info] Total tile: 438, simulated tile per seconds(TPS): 13.867994
