[2026-03-15 15:04:17.390] [info] CPU 0: Partition 0
[2026-03-15 15:04:17.390] [info] CPU 1: Partition 0
[2026-03-15 15:04:17.390] [info] CPU 2: Partition 0
[2026-03-15 15:04:17.390] [info] CPU 3: Partition 0
[2026-03-15 15:04:17.390] [info] Running in default mode
[2026-03-15 15:04:17.390] [info] Simulator Configuration:
[2026-03-15 15:04:17.390] [info] [Core 0] Systolic Array Throughput: 131072 GFLOPS, Spad size: 32768 KB, Accumulator size: 4096 KB
[2026-03-15 15:04:17.390] [info] [Core 1] Systolic Array Throughput: 131072 GFLOPS, Spad size: 32768 KB, Accumulator size: 4096 KB
[2026-03-15 15:04:17.390] [info] [Core 2] Systolic Array Throughput: 131072 GFLOPS, Spad size: 32768 KB, Accumulator size: 4096 KB
[2026-03-15 15:04:17.390] [info] [Core 3] Systolic Array Throughput: 131072 GFLOPS, Spad size: 32768 KB, Accumulator size: 4096 KB
[2026-03-15 15:04:17.390] [info] DRAM Bandwidth 614 GB/s
[2026-03-15 15:04:17.390] [info] Ramulator2 config: ./configs/../configs/ramulator2_configs/HBM2.yaml
[2026-03-15 15:04:17.398] [info] Initialize SimpleInterconnect
[2026-03-15 15:04:17.400] [info] ICNT print interval: 8000 cycles
[2026-03-15 15:04:17.400] [info] num cores : [4]
[2026-03-15 15:04:17.400] [info] Register model: mamba-130m-single
[2026-03-15 15:04:17.400] [info] Model Name
[2026-03-15 15:04:17.429] [info] has_l2,[false]
[2026-03-15 15:04:17.429] [info] ======Start Simulation=====
[2026-03-15 15:04:17.429] [info] Model Name: mamba-130m-single model started
[2026-03-15 15:04:17.450] [debug] input name: x val: 1 param: 
[2026-03-15 15:04:17.450] [debug] input name: x val: 768 param: 
[2026-03-15 15:04:17.450] [debug] input name: conv_state_flat val: 1 param: 
[2026-03-15 15:04:17.450] [debug] input name: conv_state_flat val: 6144 param: 
[2026-03-15 15:04:17.450] [debug] input name: ssm_state val: 1 param: 
[2026-03-15 15:04:17.450] [debug] input name: ssm_state val: 24576 param: 
[2026-03-15 15:04:17.465] [info] [GemmWs] Keys K = 768, N = 1, M = 3072
[2026-03-15 15:04:17.465] [info] [GemmWS]: total 0.0047216644 GFLOPs, 0.004732416 GB
[2026-03-15 15:04:17.465] [info] [GemmWS]: Theoretical time(ms): 0.007707518307142891 Compute time: 3.60234402307924e-05 Memory time: 0.007707518307142891
[2026-03-15 15:04:17.546] [info] [GemmWs] Keys K = 6144, N = 1, M = 1536
[2026-03-15 15:04:17.546] [info] [GemmWS]: total 0.018875906 GFLOPs, 0.018892799 GB
[2026-03-15 15:04:17.546] [info] [GemmWS]: Theoretical time(ms): 0.030770032026339322 Compute time: 0.00014401173586975347 Memory time: 0.030770032026339322
[2026-03-15 15:04:17.547] [info] [GemmWs] Keys K = 1536, N = 1, M = 80
[2026-03-15 15:04:17.547] [info] [GemmWS]: total 0.00024584 GFLOPs, 0.000249152 GB
[2026-03-15 15:04:17.547] [info] [GemmWS]: Theoretical time(ms): 0.0004057850446770317 Compute time: 1.8756103337125296e-06 Memory time: 0.0004057850446770317
[2026-03-15 15:04:17.548] [info] [GemmWs] Keys K = 48, N = 1, M = 1536
[2026-03-15 15:04:17.548] [info] [GemmWS]: total 0.00014899201 GFLOPs, 0.00015369599 GB
[2026-03-15 15:04:17.548] [info] [GemmWS]: Theoretical time(ms): 0.00025031920358742354 Compute time: 1.1367188301747433e-06 Memory time: 0.00025031920358742354
[2026-03-15 15:04:17.549] [info] [GemmWs] Keys K = 16, N = 1, M = 1536
[2026-03-15 15:04:17.549] [info] [GemmWS]: total 5.0688e-05 GFLOPs, 5.5328e-05 GB
[2026-03-15 15:04:17.549] [info] [GemmWS]: Theoretical time(ms): 9.011075263742896e-05 Compute time: 3.867187403638894e-07 Memory time: 9.011075263742896e-05
[2026-03-15 15:04:17.557] [info] [GemmWs] Keys K = 1536, N = 1, M = 768
[2026-03-15 15:04:17.557] [info] [GemmWS]: total 0.0023600643 GFLOPs, 0.00236544 GB
[2026-03-15 15:04:17.557] [info] [GemmWS]: Theoretical time(ms): 0.003852508143609157 Compute time: 1.800586169053986e-05 Memory time: 0.003852508143609157
[2026-03-15 15:04:17.557] [debug] runnable op, Identity
[2026-03-15 15:04:17.557] [debug] runnable op, Gemm
[2026-03-15 15:04:17.557] [debug] runnable op, Constant
[2026-03-15 15:04:17.557] [debug] runnable op, Constant
[2026-03-15 15:04:17.557] [debug] runnable op, Constant
[2026-03-15 15:04:17.557] [debug] runnable op, Constant
[2026-03-15 15:04:17.557] [debug] runnable op, Constant
[2026-03-15 15:04:17.557] [debug] runnable op, Constant
[2026-03-15 15:04:17.557] [debug] runnable op, Constant
[2026-03-15 15:04:17.557] [debug] runnable op, Constant
[2026-03-15 15:04:17.557] [debug] runnable op, Gemm
[2026-03-15 15:04:17.557] [debug] runnable op, Constant
[2026-03-15 15:04:17.557] [debug] runnable op, Constant
[2026-03-15 15:04:17.557] [debug] runnable op, Constant
[2026-03-15 15:04:17.557] [debug] runnable op, Constant
[2026-03-15 15:04:17.557] [debug] runnable op, Constant
[2026-03-15 15:04:17.557] [debug] runnable op, Constant
[2026-03-15 15:04:17.557] [debug] runnable op, Constant
[2026-03-15 15:04:17.557] [debug] runnable op, Constant
[2026-03-15 15:04:17.557] [debug] runnable op, Constant
[2026-03-15 15:04:17.557] [debug] runnable op, Constant
[2026-03-15 15:04:17.557] [debug] runnable op, Constant
[2026-03-15 15:04:17.557] [debug] runnable op, Constant
[2026-03-15 15:04:17.557] [debug] runnable op, Constant
[2026-03-15 15:04:17.557] [debug] runnable op, Constant
[2026-03-15 15:04:17.557] [debug] runnable op, Constant
[2026-03-15 15:04:17.557] [debug] runnable op, Constant
[2026-03-15 15:04:17.557] [debug] runnable op, Exp
[2026-03-15 15:04:17.557] [debug] runnable op, Constant
[2026-03-15 15:04:17.557] [debug] runnable op, Constant
[2026-03-15 15:04:17.557] [debug] runnable op, Constant
[2026-03-15 15:04:17.557] [debug] runnable op, Constant
[2026-03-15 15:04:17.557] [debug] runnable op, Constant
[2026-03-15 15:04:17.557] [info] ./models/mamba-130m-single/mamba-130m-single.onnx Model initialization time: 0.127768 seconds
[2026-03-15 15:04:17.559] [info] Schedule model: mamba-130m-single at 1000 us
[2026-03-15 15:04:17.559] [info] MODEL mamba-130m-single Scheduled, Total Request: 1
[2026-03-15 15:04:17.559] [info] executable layer count 33
[2026-03-15 15:04:17.559] [info] Start layer Identity_29
[2026-03-15 15:04:17.559] [debug] Layer Identity_29 Core 0 Get Tile at 0
[2026-03-15 15:04:17.559] [info] Issue tile Identity_29 on core 0, spad_id 1, accum_spad_id 1
[2026-03-15 15:04:17.559] [info] HBM2-CH_0: BW utilization 0% (0 reads, 0 writes)
[2026-03-15 15:04:17.559] [debug] HBM2-CH_1: BW utilization 0% (0 reads, 0 writes)
[2026-03-15 15:04:17.559] [debug] HBM2-CH_2: BW utilization 0% (0 reads, 0 writes)
[2026-03-15 15:04:17.559] [debug] HBM2-CH_3: BW utilization 0% (0 reads, 0 writes)
[2026-03-15 15:04:17.559] [debug] HBM2-CH_4: BW utilization 0% (0 reads, 0 writes)
[2026-03-15 15:04:17.559] [debug] HBM2-CH_5: BW utilization 0% (0 reads, 0 writes)
[2026-03-15 15:04:17.559] [debug] HBM2-CH_6: BW utilization 0% (0 reads, 0 writes)
[2026-03-15 15:04:17.559] [debug] HBM2-CH_7: BW utilization 0% (0 reads, 0 writes)
[2026-03-15 15:04:17.559] [debug] HBM2-CH_8: BW utilization 0% (0 reads, 0 writes)
[2026-03-15 15:04:17.559] [debug] HBM2-CH_9: BW utilization 0% (0 reads, 0 writes)
[2026-03-15 15:04:17.559] [debug] HBM2-CH_10: BW utilization 0% (0 reads, 0 writes)
[2026-03-15 15:04:17.559] [debug] HBM2-CH_11: BW utilization 0% (0 reads, 0 writes)
[2026-03-15 15:04:17.559] [debug] HBM2-CH_12: BW utilization 0% (0 reads, 0 writes)
[2026-03-15 15:04:17.559] [debug] HBM2-CH_13: BW utilization 0% (0 reads, 0 writes)
[2026-03-15 15:04:17.559] [debug] HBM2-CH_14: BW utilization 0% (0 reads, 0 writes)
[2026-03-15 15:04:17.559] [debug] HBM2-CH_15: BW utilization 0% (0 reads, 0 writes)
[2026-03-15 15:04:17.559] [debug] Layer 18 Core 0 Finish Tile at 34 Remain tile 1
[2026-03-15 15:04:17.559] [info] Layer Identity_29 finish at 34
[2026-03-15 15:04:17.559] [info] Total compute time 34
[2026-03-15 15:04:17.559] [info] executable layer count 32
[2026-03-15 15:04:17.559] [info] Start layer /block/in_proj/Gemm
[2026-03-15 15:04:17.559] [debug] Layer /block/in_proj/Gemm Core 0 Get Tile at 34
[2026-03-15 15:04:17.559] [debug] Layer /block/in_proj/Gemm Core 1 Get Tile at 34
[2026-03-15 15:04:17.559] [debug] Layer /block/in_proj/Gemm Core 2 Get Tile at 34
[2026-03-15 15:04:17.559] [debug] Layer /block/in_proj/Gemm Core 3 Get Tile at 34
[2026-03-15 15:04:17.559] [debug] Layer /block/in_proj/Gemm Core 1 Get Tile at 35
[2026-03-15 15:04:17.559] [debug] Layer /block/in_proj/Gemm Core 2 Get Tile at 35
[2026-03-15 15:04:18.039] [info] HBM2-CH_0: BW utilization 58% (5637 reads, 1 writes)
[2026-03-15 15:04:18.039] [debug] HBM2-CH_1: BW utilization 59% (5710 reads, 1 writes)
[2026-03-15 15:04:18.039] [debug] HBM2-CH_2: BW utilization 59% (5685 reads, 1 writes)
[2026-03-15 15:04:18.039] [debug] HBM2-CH_3: BW utilization 58% (5603 reads, 1 writes)
[2026-03-15 15:04:18.039] [debug] HBM2-CH_4: BW utilization 58% (5648 reads, 1 writes)
[2026-03-15 15:04:18.039] [debug] HBM2-CH_5: BW utilization 59% (5670 reads, 1 writes)
[2026-03-15 15:04:18.039] [debug] HBM2-CH_6: BW utilization 58% (5659 reads, 1 writes)
[2026-03-15 15:04:18.039] [debug] HBM2-CH_7: BW utilization 59% (5690 reads, 1 writes)
[2026-03-15 15:04:18.039] [debug] HBM2-CH_8: BW utilization 59% (5730 reads, 1 writes)
[2026-03-15 15:04:18.039] [debug] HBM2-CH_9: BW utilization 59% (5683 reads, 1 writes)
[2026-03-15 15:04:18.039] [debug] HBM2-CH_10: BW utilization 59% (5682 reads, 1 writes)
[2026-03-15 15:04:18.039] [debug] HBM2-CH_11: BW utilization 59% (5671 reads, 1 writes)
[2026-03-15 15:04:18.039] [debug] HBM2-CH_12: BW utilization 58% (5580 reads, 1 writes)
[2026-03-15 15:04:18.039] [debug] HBM2-CH_13: BW utilization 59% (5679 reads, 1 writes)
[2026-03-15 15:04:18.039] [debug] HBM2-CH_14: BW utilization 59% (5737 reads, 1 writes)
[2026-03-15 15:04:18.039] [debug] HBM2-CH_15: BW utilization 58% (5592 reads, 1 writes)
[2026-03-15 15:04:18.039] [info] Tile  status Gemm, instructions left 10
[2026-03-15 15:04:18.039] [info] Core [0] Tile Stats | Issued: 2 Running: 1 Finished: 1
[2026-03-15 15:04:18.039] [info] cycle: [8000]
[2026-03-15 15:04:18.039] [info] Tile  status Gemm, instructions left 10
[2026-03-15 15:04:18.039] [info] Tile  status Gemm, instructions left 28
[2026-03-15 15:04:18.039] [info] Core [1] Tile Stats | Issued: 2 Running: 2 Finished: 0
[2026-03-15 15:04:18.039] [info] cycle: [8000]
[2026-03-15 15:04:18.039] [info] Tile  status Gemm, instructions left 10
[2026-03-15 15:04:18.039] [info] Tile  status Gemm, instructions left 28
[2026-03-15 15:04:18.039] [info] Core [2] Tile Stats | Issued: 2 Running: 2 Finished: 0
[2026-03-15 15:04:18.039] [info] cycle: [8000]
[2026-03-15 15:04:18.039] [info] Tile  status Gemm, instructions left 10
[2026-03-15 15:04:18.039] [info] Core [3] Tile Stats | Issued: 1 Running: 1 Finished: 0
[2026-03-15 15:04:18.039] [info] cycle: [8000]
[2026-03-15 15:04:18.195] [debug] Layer 20 Core 3 Finish Tile at 10193 Remain tile 6
[2026-03-15 15:04:18.201] [debug] Layer 20 Core 1 Finish Tile at 10273 Remain tile 5
[2026-03-15 15:04:18.203] [debug] Layer 20 Core 2 Finish Tile at 10298 Remain tile 4
[2026-03-15 15:04:18.206] [debug] Layer 20 Core 0 Finish Tile at 10338 Remain tile 3
[2026-03-15 15:04:18.429] [debug] Layer 20 Core 1 Finish Tile at 14648 Remain tile 2
[2026-03-15 15:04:18.429] [debug] Layer 20 Core 2 Finish Tile at 14697 Remain tile 1
[2026-03-15 15:04:18.429] [info] Layer /block/in_proj/Gemm finish at 14697
[2026-03-15 15:04:18.429] [info] Total compute time 14663
[2026-03-15 15:04:18.429] [info] executable layer count 31
[2026-03-15 15:04:18.429] [info] Start layer /block/Constant
[2026-03-15 15:04:18.429] [debug] Layer /block/Constant Core 3 Get Tile at 14697
[2026-03-15 15:04:18.430] [debug] Layer 22 Core 3 Finish Tile at 14730 Remain tile 1
[2026-03-15 15:04:18.430] [info] Layer /block/Constant finish at 14730
[2026-03-15 15:04:18.430] [info] Total compute time 33
[2026-03-15 15:04:18.430] [info] executable layer count 30
[2026-03-15 15:04:18.430] [info] Start layer /block/Constant_1
[2026-03-15 15:04:18.430] [debug] Layer /block/Constant_1 Core 0 Get Tile at 14731
[2026-03-15 15:04:18.430] [debug] Layer 24 Core 0 Finish Tile at 14749 Remain tile 1
[2026-03-15 15:04:18.430] [info] Layer /block/Constant_1 finish at 14749
[2026-03-15 15:04:18.430] [info] Total compute time 19
[2026-03-15 15:04:18.430] [info] executable layer count 29
[2026-03-15 15:04:18.430] [info] Start layer /block/Constant_2
[2026-03-15 15:04:18.430] [debug] Layer /block/Constant_2 Core 3 Get Tile at 14749
[2026-03-15 15:04:18.430] [debug] Layer 26 Core 3 Finish Tile at 14767 Remain tile 1
[2026-03-15 15:04:18.430] [info] Layer /block/Constant_2 finish at 14767
[2026-03-15 15:04:18.430] [info] Total compute time 18
[2026-03-15 15:04:18.430] [info] executable layer count 28
[2026-03-15 15:04:18.430] [info] Start layer /block/Constant_3
[2026-03-15 15:04:18.430] [debug] Layer /block/Constant_3 Core 1 Get Tile at 14768
[2026-03-15 15:04:18.430] [debug] Layer 28 Core 1 Finish Tile at 14786 Remain tile 1
[2026-03-15 15:04:18.430] [info] Layer /block/Constant_3 finish at 14786
[2026-03-15 15:04:18.430] [info] Total compute time 19
[2026-03-15 15:04:18.430] [info] executable layer count 28
[2026-03-15 15:04:18.430] [info] Start layer /block/Constant_4
[2026-03-15 15:04:18.430] [debug] Layer /block/Constant_4 Core 2 Get Tile at 14786
[2026-03-15 15:04:18.430] [debug] Layer 32 Core 2 Finish Tile at 14804 Remain tile 1
[2026-03-15 15:04:18.430] [info] Layer /block/Constant_4 finish at 14804
[2026-03-15 15:04:18.430] [info] Total compute time 18
[2026-03-15 15:04:18.430] [info] executable layer count 27
[2026-03-15 15:04:18.430] [info] Start layer /block/Constant_5
[2026-03-15 15:04:18.430] [debug] Layer /block/Constant_5 Core 0 Get Tile at 14805
[2026-03-15 15:04:18.431] [debug] Layer 34 Core 0 Finish Tile at 14823 Remain tile 1
[2026-03-15 15:04:18.431] [info] Layer /block/Constant_5 finish at 14823
[2026-03-15 15:04:18.431] [info] Total compute time 19
[2026-03-15 15:04:18.431] [info] executable layer count 26
[2026-03-15 15:04:18.431] [info] Start layer /block/Constant_6
[2026-03-15 15:04:18.431] [debug] Layer /block/Constant_6 Core 3 Get Tile at 14823
[2026-03-15 15:04:18.431] [debug] Layer 36 Core 3 Finish Tile at 14841 Remain tile 1
[2026-03-15 15:04:18.431] [info] Layer /block/Constant_6 finish at 14841
[2026-03-15 15:04:18.431] [info] Total compute time 18
[2026-03-15 15:04:18.431] [info] executable layer count 25
[2026-03-15 15:04:18.431] [info] Start layer /block/Constant_7
[2026-03-15 15:04:18.431] [debug] Layer /block/Constant_7 Core 1 Get Tile at 14842
[2026-03-15 15:04:18.431] [debug] Layer 38 Core 1 Finish Tile at 14860 Remain tile 1
[2026-03-15 15:04:18.431] [info] Layer /block/Constant_7 finish at 14860
[2026-03-15 15:04:18.431] [info] Total compute time 19
[2026-03-15 15:04:18.431] [info] executable layer count 25
[2026-03-15 15:04:18.431] [info] Start layer /block/conv_proj/Gemm
[2026-03-15 15:04:18.431] [debug] Layer /block/conv_proj/Gemm Core 1 Get Tile at 14860
[2026-03-15 15:04:18.431] [debug] Layer /block/conv_proj/Gemm Core 2 Get Tile at 14860
[2026-03-15 15:04:18.431] [debug] Layer /block/conv_proj/Gemm Core 3 Get Tile at 14860
[2026-03-15 15:04:18.431] [debug] Layer /block/conv_proj/Gemm Core 0 Get Tile at 14861
[2026-03-15 15:04:18.431] [debug] Layer /block/conv_proj/Gemm Core 1 Get Tile at 14861
[2026-03-15 15:04:18.431] [debug] Layer /block/conv_proj/Gemm Core 2 Get Tile at 14861
[2026-03-15 15:04:18.431] [debug] Layer /block/conv_proj/Gemm Core 3 Get Tile at 14861
[2026-03-15 15:04:18.431] [debug] Layer /block/conv_proj/Gemm Core 0 Get Tile at 14862
[2026-03-15 15:04:18.506] [info] HBM2-CH_0: BW utilization 46% (4401 reads, 18 writes)
[2026-03-15 15:04:18.506] [debug] HBM2-CH_1: BW utilization 45% (4347 reads, 17 writes)
[2026-03-15 15:04:18.506] [debug] HBM2-CH_2: BW utilization 45% (4376 reads, 18 writes)
[2026-03-15 15:04:18.506] [debug] HBM2-CH_3: BW utilization 46% (4427 reads, 17 writes)
[2026-03-15 15:04:18.506] [debug] HBM2-CH_4: BW utilization 45% (4388 reads, 17 writes)
[2026-03-15 15:04:18.506] [debug] HBM2-CH_5: BW utilization 45% (4347 reads, 17 writes)
[2026-03-15 15:04:18.506] [debug] HBM2-CH_6: BW utilization 45% (4356 reads, 17 writes)
[2026-03-15 15:04:18.506] [debug] HBM2-CH_7: BW utilization 45% (4349 reads, 18 writes)
[2026-03-15 15:04:18.506] [debug] HBM2-CH_8: BW utilization 45% (4306 reads, 17 writes)
[2026-03-15 15:04:18.506] [debug] HBM2-CH_9: BW utilization 45% (4358 reads, 18 writes)
[2026-03-15 15:04:18.506] [debug] HBM2-CH_10: BW utilization 45% (4351 reads, 17 writes)
[2026-03-15 15:04:18.506] [debug] HBM2-CH_11: BW utilization 45% (4374 reads, 18 writes)
[2026-03-15 15:04:18.506] [debug] HBM2-CH_12: BW utilization 46% (4466 reads, 18 writes)
[2026-03-15 15:04:18.506] [debug] HBM2-CH_13: BW utilization 45% (4361 reads, 17 writes)
[2026-03-15 15:04:18.506] [debug] HBM2-CH_14: BW utilization 44% (4283 reads, 18 writes)
[2026-03-15 15:04:18.506] [debug] HBM2-CH_15: BW utilization 46% (4434 reads, 17 writes)
[2026-03-15 15:04:18.507] [info] Tile  status Gemm, instructions left 49
[2026-03-15 15:04:18.507] [info] Tile  status Gemm, instructions left 49
[2026-03-15 15:04:18.507] [info] Core [0] Tile Stats | Issued: 6 Running: 2 Finished: 4
[2026-03-15 15:04:18.507] [info] cycle: [16000]
[2026-03-15 15:04:18.507] [info] Tile  status Gemm, instructions left 49
[2026-03-15 15:04:18.507] [info] Tile  status Gemm, instructions left 49
[2026-03-15 15:04:18.507] [info] Core [1] Tile Stats | Issued: 6 Running: 2 Finished: 4
[2026-03-15 15:04:18.507] [info] cycle: [16000]
[2026-03-15 15:04:18.507] [info] Tile  status Gemm, instructions left 49
[2026-03-15 15:04:18.507] [info] Tile  status Gemm, instructions left 49
[2026-03-15 15:04:18.507] [info] Core [2] Tile Stats | Issued: 5 Running: 2 Finished: 3
[2026-03-15 15:04:18.507] [info] cycle: [16000]
[2026-03-15 15:04:18.507] [info] Tile  status Gemm, instructions left 49
[2026-03-15 15:04:18.507] [info] Tile  status Gemm, instructions left 49
[2026-03-15 15:04:18.507] [info] Core [3] Tile Stats | Issued: 6 Running: 2 Finished: 4
[2026-03-15 15:04:18.507] [info] cycle: [16000]
[2026-03-15 15:04:19.017] [info] HBM2-CH_0: BW utilization 59% (5704 reads, 0 writes)
[2026-03-15 15:04:19.017] [debug] HBM2-CH_1: BW utilization 62% (5994 reads, 0 writes)
[2026-03-15 15:04:19.017] [debug] HBM2-CH_2: BW utilization 63% (6056 reads, 0 writes)
[2026-03-15 15:04:19.017] [debug] HBM2-CH_3: BW utilization 59% (5671 reads, 0 writes)
[2026-03-15 15:04:19.017] [debug] HBM2-CH_4: BW utilization 60% (5840 reads, 0 writes)
[2026-03-15 15:04:19.017] [debug] HBM2-CH_5: BW utilization 59% (5708 reads, 0 writes)
[2026-03-15 15:04:19.017] [debug] HBM2-CH_6: BW utilization 59% (5751 reads, 0 writes)
[2026-03-15 15:04:19.017] [debug] HBM2-CH_7: BW utilization 60% (5850 reads, 0 writes)
[2026-03-15 15:04:19.017] [debug] HBM2-CH_8: BW utilization 61% (5871 reads, 0 writes)
[2026-03-15 15:04:19.017] [debug] HBM2-CH_9: BW utilization 60% (5768 reads, 0 writes)
[2026-03-15 15:04:19.017] [debug] HBM2-CH_10: BW utilization 61% (5865 reads, 0 writes)
[2026-03-15 15:04:19.017] [debug] HBM2-CH_11: BW utilization 61% (5887 reads, 0 writes)
[2026-03-15 15:04:19.017] [debug] HBM2-CH_12: BW utilization 61% (5856 reads, 0 writes)
[2026-03-15 15:04:19.017] [debug] HBM2-CH_13: BW utilization 61% (5925 reads, 0 writes)
[2026-03-15 15:04:19.017] [debug] HBM2-CH_14: BW utilization 61% (5857 reads, 0 writes)
[2026-03-15 15:04:19.017] [debug] HBM2-CH_15: BW utilization 61% (5901 reads, 0 writes)
[2026-03-15 15:04:19.018] [info] Tile  status Gemm, instructions left 49
[2026-03-15 15:04:19.018] [info] Tile  status Gemm, instructions left 49
[2026-03-15 15:04:19.018] [info] Core [0] Tile Stats | Issued: 6 Running: 2 Finished: 4
[2026-03-15 15:04:19.018] [info] cycle: [24000]
[2026-03-15 15:04:19.018] [info] Tile  status Gemm, instructions left 49
[2026-03-15 15:04:19.018] [info] Tile  status Gemm, instructions left 49
[2026-03-15 15:04:19.018] [info] Core [1] Tile Stats | Issued: 6 Running: 2 Finished: 4
[2026-03-15 15:04:19.018] [info] cycle: [24000]
[2026-03-15 15:04:19.018] [info] Tile  status Gemm, instructions left 49
[2026-03-15 15:04:19.018] [info] Tile  status Gemm, instructions left 49
[2026-03-15 15:04:19.018] [info] Core [2] Tile Stats | Issued: 5 Running: 2 Finished: 3
[2026-03-15 15:04:19.018] [info] cycle: [24000]
[2026-03-15 15:04:19.018] [info] Tile  status Gemm, instructions left 49
[2026-03-15 15:04:19.018] [info] Tile  status Gemm, instructions left 49
[2026-03-15 15:04:19.018] [info] Core [3] Tile Stats | Issued: 6 Running: 2 Finished: 4
[2026-03-15 15:04:19.018] [info] cycle: [24000]
[2026-03-15 15:04:19.510] [info] HBM2-CH_0: BW utilization 59% (5710 reads, 0 writes)
[2026-03-15 15:04:19.510] [debug] HBM2-CH_1: BW utilization 62% (5982 reads, 0 writes)
[2026-03-15 15:04:19.510] [debug] HBM2-CH_2: BW utilization 62% (6045 reads, 0 writes)
[2026-03-15 15:04:19.510] [debug] HBM2-CH_3: BW utilization 59% (5683 reads, 0 writes)
[2026-03-15 15:04:19.510] [debug] HBM2-CH_4: BW utilization 60% (5837 reads, 0 writes)
[2026-03-15 15:04:19.510] [debug] HBM2-CH_5: BW utilization 59% (5704 reads, 0 writes)
[2026-03-15 15:04:19.510] [debug] HBM2-CH_6: BW utilization 60% (5764 reads, 0 writes)
[2026-03-15 15:04:19.510] [debug] HBM2-CH_7: BW utilization 60% (5837 reads, 0 writes)
[2026-03-15 15:04:19.510] [debug] HBM2-CH_8: BW utilization 61% (5928 reads, 0 writes)
[2026-03-15 15:04:19.510] [debug] HBM2-CH_9: BW utilization 60% (5802 reads, 0 writes)
[2026-03-15 15:04:19.510] [debug] HBM2-CH_10: BW utilization 61% (5880 reads, 0 writes)
[2026-03-15 15:04:19.510] [debug] HBM2-CH_11: BW utilization 61% (5885 reads, 0 writes)
[2026-03-15 15:04:19.510] [debug] HBM2-CH_12: BW utilization 61% (5868 reads, 0 writes)
[2026-03-15 15:04:19.510] [debug] HBM2-CH_13: BW utilization 61% (5919 reads, 0 writes)
[2026-03-15 15:04:19.510] [debug] HBM2-CH_14: BW utilization 60% (5848 reads, 0 writes)
[2026-03-15 15:04:19.511] [debug] HBM2-CH_15: BW utilization 61% (5898 reads, 0 writes)
[2026-03-15 15:04:19.511] [info] Tile  status Gemm, instructions left 49
[2026-03-15 15:04:19.511] [info] Tile  status Gemm, instructions left 49
[2026-03-15 15:04:19.511] [info] Core [0] Tile Stats | Issued: 6 Running: 2 Finished: 4
[2026-03-15 15:04:19.511] [info] cycle: [32000]
[2026-03-15 15:04:19.511] [info] Tile  status Gemm, instructions left 49
[2026-03-15 15:04:19.511] [info] Tile  status Gemm, instructions left 49
[2026-03-15 15:04:19.511] [info] Core [1] Tile Stats | Issued: 6 Running: 2 Finished: 4
[2026-03-15 15:04:19.511] [info] cycle: [32000]
[2026-03-15 15:04:19.511] [info] Tile  status Gemm, instructions left 49
[2026-03-15 15:04:19.511] [info] Tile  status Gemm, instructions left 49
[2026-03-15 15:04:19.511] [info] Core [2] Tile Stats | Issued: 5 Running: 2 Finished: 3
[2026-03-15 15:04:19.511] [info] cycle: [32000]
[2026-03-15 15:04:19.511] [info] Tile  status Gemm, instructions left 49
[2026-03-15 15:04:19.511] [info] Tile  status Gemm, instructions left 49
[2026-03-15 15:04:19.511] [info] Core [3] Tile Stats | Issued: 6 Running: 2 Finished: 4
[2026-03-15 15:04:19.511] [info] cycle: [32000]
[2026-03-15 15:04:19.960] [debug] Layer 42 Core 3 Finish Tile at 38812 Remain tile 12
[2026-03-15 15:04:19.960] [debug] Layer /block/conv_proj/Gemm Core 3 Get Tile at 38812
[2026-03-15 15:04:19.961] [debug] Layer 42 Core 0 Finish Tile at 38824 Remain tile 11
[2026-03-15 15:04:19.962] [debug] Layer /block/conv_proj/Gemm Core 0 Get Tile at 38824
[2026-03-15 15:04:19.963] [debug] Layer 42 Core 1 Finish Tile at 38829 Remain tile 10
[2026-03-15 15:04:19.963] [debug] Layer /block/conv_proj/Gemm Core 1 Get Tile at 38829
[2026-03-15 15:04:19.964] [debug] Layer 42 Core 2 Finish Tile at 38839 Remain tile 9
[2026-03-15 15:04:19.964] [debug] Layer /block/conv_proj/Gemm Core 2 Get Tile at 38839
[2026-03-15 15:04:20.038] [info] HBM2-CH_0: BW utilization 61% (5906 reads, 0 writes)
[2026-03-15 15:04:20.038] [debug] HBM2-CH_1: BW utilization 58% (5611 reads, 0 writes)
[2026-03-15 15:04:20.038] [debug] HBM2-CH_2: BW utilization 58% (5650 reads, 0 writes)
[2026-03-15 15:04:20.038] [debug] HBM2-CH_3: BW utilization 61% (5909 reads, 0 writes)
[2026-03-15 15:04:20.038] [debug] HBM2-CH_4: BW utilization 59% (5704 reads, 0 writes)
[2026-03-15 15:04:20.038] [debug] HBM2-CH_5: BW utilization 61% (5926 reads, 0 writes)
[2026-03-15 15:04:20.038] [debug] HBM2-CH_6: BW utilization 59% (5758 reads, 0 writes)
[2026-03-15 15:04:20.038] [debug] HBM2-CH_7: BW utilization 59% (5718 reads, 0 writes)
[2026-03-15 15:04:20.038] [debug] HBM2-CH_8: BW utilization 58% (5612 reads, 0 writes)
[2026-03-15 15:04:20.038] [debug] HBM2-CH_9: BW utilization 60% (5840 reads, 0 writes)
[2026-03-15 15:04:20.038] [debug] HBM2-CH_10: BW utilization 60% (5806 reads, 0 writes)
[2026-03-15 15:04:20.038] [debug] HBM2-CH_11: BW utilization 57% (5516 reads, 0 writes)
[2026-03-15 15:04:20.038] [debug] HBM2-CH_12: BW utilization 61% (5950 reads, 0 writes)
[2026-03-15 15:04:20.038] [debug] HBM2-CH_13: BW utilization 58% (5589 reads, 0 writes)
[2026-03-15 15:04:20.038] [debug] HBM2-CH_14: BW utilization 58% (5632 reads, 0 writes)
[2026-03-15 15:04:20.038] [debug] HBM2-CH_15: BW utilization 61% (5885 reads, 0 writes)
[2026-03-15 15:04:20.039] [info] Tile  status Gemm, instructions left 49
[2026-03-15 15:04:20.039] [info] Tile  status Gemm, instructions left 49
[2026-03-15 15:04:20.039] [info] Core [0] Tile Stats | Issued: 7 Running: 2 Finished: 5
[2026-03-15 15:04:20.039] [info] cycle: [40000]
[2026-03-15 15:04:20.039] [info] Tile  status Gemm, instructions left 49
[2026-03-15 15:04:20.039] [info] Tile  status Gemm, instructions left 49
[2026-03-15 15:04:20.039] [info] Core [1] Tile Stats | Issued: 7 Running: 2 Finished: 5
[2026-03-15 15:04:20.039] [info] cycle: [40000]
[2026-03-15 15:04:20.039] [info] Tile  status Gemm, instructions left 49
[2026-03-15 15:04:20.039] [info] Tile  status Gemm, instructions left 49
[2026-03-15 15:04:20.039] [info] Core [2] Tile Stats | Issued: 6 Running: 2 Finished: 4
[2026-03-15 15:04:20.039] [info] cycle: [40000]
[2026-03-15 15:04:20.039] [info] Tile  status Gemm, instructions left 49
[2026-03-15 15:04:20.039] [info] Tile  status Gemm, instructions left 49
[2026-03-15 15:04:20.039] [info] Core [3] Tile Stats | Issued: 7 Running: 2 Finished: 5
[2026-03-15 15:04:20.039] [info] cycle: [40000]
[2026-03-15 15:04:20.548] [info] HBM2-CH_0: BW utilization 61% (5871 reads, 0 writes)
[2026-03-15 15:04:20.548] [debug] HBM2-CH_1: BW utilization 58% (5607 reads, 0 writes)
[2026-03-15 15:04:20.548] [debug] HBM2-CH_2: BW utilization 58% (5639 reads, 0 writes)
[2026-03-15 15:04:20.548] [debug] HBM2-CH_3: BW utilization 61% (5876 reads, 0 writes)
[2026-03-15 15:04:20.548] [debug] HBM2-CH_4: BW utilization 59% (5714 reads, 0 writes)
[2026-03-15 15:04:20.548] [debug] HBM2-CH_5: BW utilization 61% (5904 reads, 0 writes)
[2026-03-15 15:04:20.548] [debug] HBM2-CH_6: BW utilization 60% (5794 reads, 0 writes)
[2026-03-15 15:04:20.548] [debug] HBM2-CH_7: BW utilization 59% (5757 reads, 0 writes)
[2026-03-15 15:04:20.548] [debug] HBM2-CH_8: BW utilization 58% (5591 reads, 0 writes)
[2026-03-15 15:04:20.548] [debug] HBM2-CH_9: BW utilization 60% (5854 reads, 0 writes)
[2026-03-15 15:04:20.548] [debug] HBM2-CH_10: BW utilization 61% (5862 reads, 0 writes)
[2026-03-15 15:04:20.548] [debug] HBM2-CH_11: BW utilization 58% (5656 reads, 0 writes)
[2026-03-15 15:04:20.548] [debug] HBM2-CH_12: BW utilization 61% (5933 reads, 0 writes)
[2026-03-15 15:04:20.548] [debug] HBM2-CH_13: BW utilization 59% (5668 reads, 0 writes)
[2026-03-15 15:04:20.548] [debug] HBM2-CH_14: BW utilization 58% (5660 reads, 0 writes)
[2026-03-15 15:04:20.548] [debug] HBM2-CH_15: BW utilization 61% (5897 reads, 0 writes)
[2026-03-15 15:04:20.549] [info] Tile  status Gemm, instructions left 49
[2026-03-15 15:04:20.549] [info] Tile  status Gemm, instructions left 49
[2026-03-15 15:04:20.549] [info] Core [0] Tile Stats | Issued: 7 Running: 2 Finished: 5
[2026-03-15 15:04:20.549] [info] cycle: [48000]
[2026-03-15 15:04:20.549] [info] Tile  status Gemm, instructions left 49
[2026-03-15 15:04:20.549] [info] Tile  status Gemm, instructions left 49
[2026-03-15 15:04:20.549] [info] Core [1] Tile Stats | Issued: 7 Running: 2 Finished: 5
[2026-03-15 15:04:20.549] [info] cycle: [48000]
[2026-03-15 15:04:20.549] [info] Tile  status Gemm, instructions left 49
[2026-03-15 15:04:20.549] [info] Tile  status Gemm, instructions left 49
[2026-03-15 15:04:20.549] [info] Core [2] Tile Stats | Issued: 6 Running: 2 Finished: 4
[2026-03-15 15:04:20.549] [info] cycle: [48000]
[2026-03-15 15:04:20.549] [info] Tile  status Gemm, instructions left 49
[2026-03-15 15:04:20.549] [info] Tile  status Gemm, instructions left 49
[2026-03-15 15:04:20.549] [info] Core [3] Tile Stats | Issued: 7 Running: 2 Finished: 5
[2026-03-15 15:04:20.549] [info] cycle: [48000]
[2026-03-15 15:04:21.036] [debug] Layer 42 Core 0 Finish Tile at 55960 Remain tile 8
[2026-03-15 15:04:21.037] [debug] Layer 42 Core 1 Finish Tile at 55966 Remain tile 7
[2026-03-15 15:04:21.047] [debug] Layer 42 Core 2 Finish Tile at 55970 Remain tile 6
[2026-03-15 15:04:21.047] [debug] Layer 42 Core 3 Finish Tile at 55972 Remain tile 5
[2026-03-15 15:04:21.047] [info] HBM2-CH_0: BW utilization 62% (5956 reads, 0 writes)
[2026-03-15 15:04:21.047] [debug] HBM2-CH_1: BW utilization 61% (5903 reads, 0 writes)
[2026-03-15 15:04:21.047] [debug] HBM2-CH_2: BW utilization 62% (5994 reads, 0 writes)
[2026-03-15 15:04:21.047] [debug] HBM2-CH_3: BW utilization 61% (5927 reads, 0 writes)
[2026-03-15 15:04:21.047] [debug] HBM2-CH_4: BW utilization 61% (5890 reads, 0 writes)
[2026-03-15 15:04:21.047] [debug] HBM2-CH_5: BW utilization 63% (6121 reads, 0 writes)
[2026-03-15 15:04:21.047] [debug] HBM2-CH_6: BW utilization 59% (5679 reads, 0 writes)
[2026-03-15 15:04:21.047] [debug] HBM2-CH_7: BW utilization 60% (5795 reads, 0 writes)
[2026-03-15 15:04:21.047] [debug] HBM2-CH_8: BW utilization 60% (5792 reads, 0 writes)
[2026-03-15 15:04:21.047] [debug] HBM2-CH_9: BW utilization 59% (5740 reads, 0 writes)
[2026-03-15 15:04:21.047] [debug] HBM2-CH_10: BW utilization 60% (5841 reads, 0 writes)
[2026-03-15 15:04:21.047] [debug] HBM2-CH_11: BW utilization 61% (5920 reads, 0 writes)
[2026-03-15 15:04:21.047] [debug] HBM2-CH_12: BW utilization 60% (5806 reads, 0 writes)
[2026-03-15 15:04:21.047] [debug] HBM2-CH_13: BW utilization 60% (5810 reads, 0 writes)
[2026-03-15 15:04:21.047] [debug] HBM2-CH_14: BW utilization 60% (5821 reads, 0 writes)
[2026-03-15 15:04:21.047] [debug] HBM2-CH_15: BW utilization 60% (5825 reads, 0 writes)
[2026-03-15 15:04:21.049] [info] Tile  status Gemm, instructions left 49
[2026-03-15 15:04:21.049] [info] Core [0] Tile Stats | Issued: 7 Running: 1 Finished: 6
[2026-03-15 15:04:21.049] [info] cycle: [56000]
[2026-03-15 15:04:21.049] [info] Tile  status Gemm, instructions left 49
[2026-03-15 15:04:21.049] [info] Core [1] Tile Stats | Issued: 7 Running: 1 Finished: 6
[2026-03-15 15:04:21.049] [info] cycle: [56000]
[2026-03-15 15:04:21.049] [info] Tile  status Gemm, instructions left 49
[2026-03-15 15:04:21.049] [info] Core [2] Tile Stats | Issued: 6 Running: 1 Finished: 5
[2026-03-15 15:04:21.049] [info] cycle: [56000]
[2026-03-15 15:04:21.049] [info] Tile  status Gemm, instructions left 49
[2026-03-15 15:04:21.049] [info] Core [3] Tile Stats | Issued: 7 Running: 1 Finished: 6
[2026-03-15 15:04:21.049] [info] cycle: [56000]
[2026-03-15 15:04:21.572] [info] HBM2-CH_0: BW utilization 62% (5983 reads, 0 writes)
[2026-03-15 15:04:21.572] [debug] HBM2-CH_1: BW utilization 61% (5911 reads, 0 writes)
[2026-03-15 15:04:21.572] [debug] HBM2-CH_2: BW utilization 62% (6003 reads, 0 writes)
[2026-03-15 15:04:21.572] [debug] HBM2-CH_3: BW utilization 61% (5927 reads, 0 writes)
[2026-03-15 15:04:21.572] [debug] HBM2-CH_4: BW utilization 61% (5866 reads, 0 writes)
[2026-03-15 15:04:21.572] [debug] HBM2-CH_5: BW utilization 65% (6270 reads, 0 writes)
[2026-03-15 15:04:21.572] [debug] HBM2-CH_6: BW utilization 58% (5657 reads, 0 writes)
[2026-03-15 15:04:21.572] [debug] HBM2-CH_7: BW utilization 60% (5781 reads, 0 writes)
[2026-03-15 15:04:21.572] [debug] HBM2-CH_8: BW utilization 59% (5753 reads, 0 writes)
[2026-03-15 15:04:21.572] [debug] HBM2-CH_9: BW utilization 59% (5682 reads, 0 writes)
[2026-03-15 15:04:21.572] [debug] HBM2-CH_10: BW utilization 60% (5851 reads, 0 writes)
[2026-03-15 15:04:21.572] [debug] HBM2-CH_11: BW utilization 62% (5965 reads, 0 writes)
[2026-03-15 15:04:21.572] [debug] HBM2-CH_12: BW utilization 60% (5825 reads, 0 writes)
[2026-03-15 15:04:21.572] [debug] HBM2-CH_13: BW utilization 60% (5789 reads, 0 writes)
[2026-03-15 15:04:21.572] [debug] HBM2-CH_14: BW utilization 60% (5832 reads, 0 writes)
[2026-03-15 15:04:21.572] [debug] HBM2-CH_15: BW utilization 60% (5795 reads, 0 writes)
[2026-03-15 15:04:21.574] [info] Tile  status Gemm, instructions left 49
[2026-03-15 15:04:21.574] [info] Core [0] Tile Stats | Issued: 7 Running: 1 Finished: 6
[2026-03-15 15:04:21.574] [info] cycle: [64000]
[2026-03-15 15:04:21.574] [info] Tile  status Gemm, instructions left 49
[2026-03-15 15:04:21.574] [info] Core [1] Tile Stats | Issued: 7 Running: 1 Finished: 6
[2026-03-15 15:04:21.574] [info] cycle: [64000]
[2026-03-15 15:04:21.574] [info] Tile  status Gemm, instructions left 49
[2026-03-15 15:04:21.574] [info] Core [2] Tile Stats | Issued: 6 Running: 1 Finished: 5
[2026-03-15 15:04:21.574] [info] cycle: [64000]
[2026-03-15 15:04:21.574] [info] Tile  status Gemm, instructions left 49
[2026-03-15 15:04:21.574] [info] Core [3] Tile Stats | Issued: 7 Running: 1 Finished: 6
[2026-03-15 15:04:21.574] [info] cycle: [64000]
[2026-03-15 15:04:21.766] [info] HBM2-CH_0: BW utilization 13% (1250 reads, 4 writes)
[2026-03-15 15:04:21.766] [debug] HBM2-CH_1: BW utilization 14% (1345 reads, 4 writes)
[2026-03-15 15:04:21.766] [debug] HBM2-CH_2: BW utilization 10% (962 reads, 4 writes)
[2026-03-15 15:04:21.766] [debug] HBM2-CH_3: BW utilization 14% (1387 reads, 4 writes)
[2026-03-15 15:04:21.766] [debug] HBM2-CH_4: BW utilization 15% (1523 reads, 4 writes)
[2026-03-15 15:04:21.766] [debug] HBM2-CH_5: BW utilization 7% (760 reads, 4 writes)
[2026-03-15 15:04:21.766] [debug] HBM2-CH_6: BW utilization 20% (1992 reads, 4 writes)
[2026-03-15 15:04:21.766] [debug] HBM2-CH_7: BW utilization 17% (1633 reads, 4 writes)
[2026-03-15 15:04:21.766] [debug] HBM2-CH_8: BW utilization 19% (1827 reads, 5 writes)
[2026-03-15 15:04:21.766] [debug] HBM2-CH_9: BW utilization 17% (1683 reads, 4 writes)
[2026-03-15 15:04:21.766] [debug] HBM2-CH_10: BW utilization 13% (1272 reads, 4 writes)
[2026-03-15 15:04:21.766] [debug] HBM2-CH_11: BW utilization 16% (1536 reads, 4 writes)
[2026-03-15 15:04:21.766] [debug] HBM2-CH_12: BW utilization 11% (1126 reads, 4 writes)
[2026-03-15 15:04:21.766] [debug] HBM2-CH_13: BW utilization 17% (1670 reads, 4 writes)
[2026-03-15 15:04:21.766] [debug] HBM2-CH_14: BW utilization 18% (1740 reads, 4 writes)
[2026-03-15 15:04:21.766] [debug] HBM2-CH_15: BW utilization 12% (1183 reads, 4 writes)
[2026-03-15 15:04:21.766] [info] Tile  status Gemm, instructions left 1
[2026-03-15 15:04:21.766] [info] Core [0] Tile Stats | Issued: 7 Running: 1 Finished: 6
[2026-03-15 15:04:21.766] [info] cycle: [72000]
[2026-03-15 15:04:21.766] [info] Tile  status Gemm, instructions left 1
[2026-03-15 15:04:21.766] [info] Core [1] Tile Stats | Issued: 7 Running: 1 Finished: 6
[2026-03-15 15:04:21.766] [info] cycle: [72000]
[2026-03-15 15:04:21.766] [info] Tile  status Gemm, instructions left 1
[2026-03-15 15:04:21.766] [info] Core [2] Tile Stats | Issued: 6 Running: 1 Finished: 5
[2026-03-15 15:04:21.766] [info] cycle: [72000]
[2026-03-15 15:04:21.766] [info] Tile  status Gemm, instructions left 1
[2026-03-15 15:04:21.766] [info] Core [3] Tile Stats | Issued: 7 Running: 1 Finished: 6
[2026-03-15 15:04:21.766] [info] cycle: [72000]
[2026-03-15 15:04:21.781] [debug] Layer 42 Core 2 Finish Tile at 73290 Remain tile 4
[2026-03-15 15:04:21.781] [debug] Layer 42 Core 3 Finish Tile at 73294 Remain tile 3
[2026-03-15 15:04:21.781] [debug] Layer 42 Core 0 Finish Tile at 73297 Remain tile 2
[2026-03-15 15:04:21.781] [debug] Layer 42 Core 1 Finish Tile at 73299 Remain tile 1
[2026-03-15 15:04:21.781] [info] Layer /block/conv_proj/Gemm finish at 73299
[2026-03-15 15:04:21.781] [info] Total compute time 58439
[2026-03-15 15:04:21.781] [info] executable layer count 25
[2026-03-15 15:04:21.781] [info] Start layer /block/Constant_8
[2026-03-15 15:04:21.781] [debug] Layer /block/Constant_8 Core 2 Get Tile at 73299
[2026-03-15 15:04:21.781] [debug] Layer 44 Core 2 Finish Tile at 73332 Remain tile 1
[2026-03-15 15:04:21.781] [info] Layer /block/Constant_8 finish at 73332
[2026-03-15 15:04:21.781] [info] Total compute time 33
[2026-03-15 15:04:21.781] [info] executable layer count 24
[2026-03-15 15:04:21.781] [info] Start layer /block/Constant_9
[2026-03-15 15:04:21.781] [debug] Layer /block/Constant_9 Core 0 Get Tile at 73333
[2026-03-15 15:04:21.782] [debug] Layer 46 Core 0 Finish Tile at 73351 Remain tile 1
[2026-03-15 15:04:21.782] [info] Layer /block/Constant_9 finish at 73351
[2026-03-15 15:04:21.782] [info] Total compute time 19
[2026-03-15 15:04:21.782] [info] executable layer count 23
[2026-03-15 15:04:21.782] [info] Start layer /block/Constant_10
[2026-03-15 15:04:21.782] [debug] Layer /block/Constant_10 Core 3 Get Tile at 73351
[2026-03-15 15:04:21.782] [debug] Layer 48 Core 3 Finish Tile at 73369 Remain tile 1
[2026-03-15 15:04:21.782] [info] Layer /block/Constant_10 finish at 73369
[2026-03-15 15:04:21.782] [info] Total compute time 18
[2026-03-15 15:04:21.782] [info] executable layer count 22
[2026-03-15 15:04:21.782] [info] Start layer /block/Constant_11
[2026-03-15 15:04:21.782] [debug] Layer /block/Constant_11 Core 1 Get Tile at 73370
[2026-03-15 15:04:21.782] [debug] Layer 50 Core 1 Finish Tile at 73388 Remain tile 1
[2026-03-15 15:04:21.782] [info] Layer /block/Constant_11 finish at 73388
[2026-03-15 15:04:21.782] [info] Total compute time 19
[2026-03-15 15:04:21.782] [info] executable layer count 22
[2026-03-15 15:04:21.782] [info] Start layer /block/Constant_12
[2026-03-15 15:04:21.782] [debug] Layer /block/Constant_12 Core 2 Get Tile at 73388
[2026-03-15 15:04:21.782] [debug] Layer 62 Core 2 Finish Tile at 73406 Remain tile 1
[2026-03-15 15:04:21.782] [info] Layer /block/Constant_12 finish at 73406
[2026-03-15 15:04:21.782] [info] Total compute time 18
[2026-03-15 15:04:21.782] [info] executable layer count 21
[2026-03-15 15:04:21.782] [info] Start layer /block/Constant_13
[2026-03-15 15:04:21.782] [debug] Layer /block/Constant_13 Core 0 Get Tile at 73407
[2026-03-15 15:04:21.783] [debug] Layer 64 Core 0 Finish Tile at 73425 Remain tile 1
[2026-03-15 15:04:21.783] [info] Layer /block/Constant_13 finish at 73425
[2026-03-15 15:04:21.783] [info] Total compute time 19
[2026-03-15 15:04:21.783] [info] executable layer count 20
[2026-03-15 15:04:21.783] [info] Start layer /block/Constant_14
[2026-03-15 15:04:21.783] [debug] Layer /block/Constant_14 Core 3 Get Tile at 73425
[2026-03-15 15:04:21.783] [debug] Layer 66 Core 3 Finish Tile at 73443 Remain tile 1
[2026-03-15 15:04:21.783] [info] Layer /block/Constant_14 finish at 73443
[2026-03-15 15:04:21.783] [info] Total compute time 18
[2026-03-15 15:04:21.783] [info] executable layer count 19
[2026-03-15 15:04:21.783] [info] Start layer /block/Constant_15
[2026-03-15 15:04:21.783] [debug] Layer /block/Constant_15 Core 1 Get Tile at 73444
[2026-03-15 15:04:21.783] [debug] Layer 68 Core 1 Finish Tile at 73462 Remain tile 1
[2026-03-15 15:04:21.783] [info] Layer /block/Constant_15 finish at 73462
[2026-03-15 15:04:21.783] [info] Total compute time 19
[2026-03-15 15:04:21.783] [info] executable layer count 18
[2026-03-15 15:04:21.783] [info] Start layer /block/Constant_16
[2026-03-15 15:04:21.783] [debug] Layer /block/Constant_16 Core 2 Get Tile at 73462
[2026-03-15 15:04:21.783] [debug] Layer 72 Core 2 Finish Tile at 73480 Remain tile 1
[2026-03-15 15:04:21.783] [info] Layer /block/Constant_16 finish at 73480
[2026-03-15 15:04:21.783] [info] Total compute time 18
[2026-03-15 15:04:21.783] [info] executable layer count 17
[2026-03-15 15:04:21.783] [info] Start layer /block/Constant_17
[2026-03-15 15:04:21.783] [debug] Layer /block/Constant_17 Core 0 Get Tile at 73481
[2026-03-15 15:04:21.784] [debug] Layer 74 Core 0 Finish Tile at 73499 Remain tile 1
[2026-03-15 15:04:21.784] [info] Layer /block/Constant_17 finish at 73499
[2026-03-15 15:04:21.784] [info] Total compute time 19
[2026-03-15 15:04:21.784] [info] executable layer count 16
[2026-03-15 15:04:21.784] [info] Start layer /block/Constant_18
[2026-03-15 15:04:21.784] [debug] Layer /block/Constant_18 Core 3 Get Tile at 73499
[2026-03-15 15:04:21.784] [debug] Layer 76 Core 3 Finish Tile at 73517 Remain tile 1
[2026-03-15 15:04:21.784] [info] Layer /block/Constant_18 finish at 73517
[2026-03-15 15:04:21.784] [info] Total compute time 18
[2026-03-15 15:04:21.784] [info] executable layer count 15
[2026-03-15 15:04:21.784] [info] Start layer /block/Constant_19
[2026-03-15 15:04:21.784] [debug] Layer /block/Constant_19 Core 1 Get Tile at 73518
[2026-03-15 15:04:21.784] [debug] Layer 78 Core 1 Finish Tile at 73536 Remain tile 1
[2026-03-15 15:04:21.784] [info] Layer /block/Constant_19 finish at 73536
[2026-03-15 15:04:21.784] [info] Total compute time 19
[2026-03-15 15:04:21.784] [info] executable layer count 14
[2026-03-15 15:04:21.784] [info] Start layer /block/Constant_20
[2026-03-15 15:04:21.784] [debug] Layer /block/Constant_20 Core 2 Get Tile at 73536
[2026-03-15 15:04:21.784] [debug] Layer 82 Core 2 Finish Tile at 73554 Remain tile 1
[2026-03-15 15:04:21.784] [info] Layer /block/Constant_20 finish at 73554
[2026-03-15 15:04:21.784] [info] Total compute time 18
[2026-03-15 15:04:21.784] [info] executable layer count 13
[2026-03-15 15:04:21.784] [info] Start layer /block/Constant_21
[2026-03-15 15:04:21.784] [debug] Layer /block/Constant_21 Core 0 Get Tile at 73555
[2026-03-15 15:04:21.785] [debug] Layer 84 Core 0 Finish Tile at 73573 Remain tile 1
[2026-03-15 15:04:21.785] [info] Layer /block/Constant_21 finish at 73573
[2026-03-15 15:04:21.785] [info] Total compute time 19
[2026-03-15 15:04:21.785] [info] executable layer count 12
[2026-03-15 15:04:21.785] [info] Start layer /block/Constant_22
[2026-03-15 15:04:21.785] [debug] Layer /block/Constant_22 Core 3 Get Tile at 73573
[2026-03-15 15:04:21.785] [debug] Layer 86 Core 3 Finish Tile at 73591 Remain tile 1
[2026-03-15 15:04:21.785] [info] Layer /block/Constant_22 finish at 73591
[2026-03-15 15:04:21.785] [info] Total compute time 18
[2026-03-15 15:04:21.785] [info] executable layer count 11
[2026-03-15 15:04:21.785] [info] Start layer /block/Constant_23
[2026-03-15 15:04:21.785] [debug] Layer /block/Constant_23 Core 1 Get Tile at 73592
[2026-03-15 15:04:21.785] [debug] Layer 88 Core 1 Finish Tile at 73610 Remain tile 1
[2026-03-15 15:04:21.785] [info] Layer /block/Constant_23 finish at 73610
[2026-03-15 15:04:21.785] [info] Total compute time 19
[2026-03-15 15:04:21.785] [info] executable layer count 10
[2026-03-15 15:04:21.785] [info] Start layer /block/Exp
[2026-03-15 15:04:21.785] [debug] Layer /block/Exp Core 2 Get Tile at 73610
[2026-03-15 15:04:21.790] [debug] Layer 96 Core 2 Finish Tile at 73762 Remain tile 1
[2026-03-15 15:04:21.790] [info] Layer /block/Exp finish at 73762
[2026-03-15 15:04:21.790] [info] Total compute time 152
[2026-03-15 15:04:21.790] [info] executable layer count 10
[2026-03-15 15:04:21.790] [info] Start layer /block/Constant_24
[2026-03-15 15:04:21.790] [debug] Layer /block/Constant_24 Core 0 Get Tile at 73763
[2026-03-15 15:04:21.790] [debug] Layer 100 Core 0 Finish Tile at 73781 Remain tile 1
[2026-03-15 15:04:21.790] [info] Layer /block/Constant_24 finish at 73781
[2026-03-15 15:04:21.790] [info] Total compute time 19
[2026-03-15 15:04:21.790] [info] executable layer count 9
[2026-03-15 15:04:21.790] [info] Start layer /block/Constant_25
[2026-03-15 15:04:21.790] [debug] Layer /block/Constant_25 Core 3 Get Tile at 73781
[2026-03-15 15:04:21.793] [debug] Layer 108 Core 3 Finish Tile at 73897 Remain tile 1
[2026-03-15 15:04:21.793] [info] Layer /block/Constant_25 finish at 73897
[2026-03-15 15:04:21.793] [info] Total compute time 116
[2026-03-15 15:04:21.793] [info] executable layer count 8
[2026-03-15 15:04:21.793] [info] Start layer /block/Constant_26
[2026-03-15 15:04:21.793] [debug] Layer /block/Constant_26 Core 1 Get Tile at 73898
[2026-03-15 15:04:21.793] [debug] Layer 114 Core 1 Finish Tile at 73921 Remain tile 1
[2026-03-15 15:04:21.793] [info] Layer /block/Constant_26 finish at 73921
[2026-03-15 15:04:21.793] [info] Total compute time 24
[2026-03-15 15:04:21.793] [info] executable layer count 7
[2026-03-15 15:04:21.793] [info] Start layer /block/Constant_27
[2026-03-15 15:04:21.793] [debug] Layer /block/Constant_27 Core 2 Get Tile at 73921
[2026-03-15 15:04:21.794] [debug] Layer 118 Core 2 Finish Tile at 73939 Remain tile 1
[2026-03-15 15:04:21.794] [info] Layer /block/Constant_27 finish at 73939
[2026-03-15 15:04:21.794] [info] Total compute time 18
[2026-03-15 15:04:21.794] [info] executable layer count 7
[2026-03-15 15:04:21.794] [info] Start layer /block/Constant_28
[2026-03-15 15:04:21.794] [debug] Layer /block/Constant_28 Core 0 Get Tile at 73940
[2026-03-15 15:04:21.794] [debug] Layer 128 Core 0 Finish Tile at 73958 Remain tile 1
[2026-03-15 15:04:21.794] [info] Layer /block/Constant_28 finish at 73958
[2026-03-15 15:04:21.794] [info] Total compute time 19
[2026-03-15 15:04:21.794] [info] executable layer count 6
[2026-03-15 15:04:21.794] [info] Start layer /block/Slice
[2026-03-15 15:04:21.794] [debug] Layer /block/Slice Core 3 Get Tile at 73958
[2026-03-15 15:04:21.795] [debug] Layer 30 Core 3 Finish Tile at 74010 Remain tile 1
[2026-03-15 15:04:21.795] [info] Layer /block/Slice finish at 74010
[2026-03-15 15:04:21.795] [info] Total compute time 52
[2026-03-15 15:04:21.795] [info] executable layer count 5
[2026-03-15 15:04:21.795] [info] Start layer /block/Slice_1
[2026-03-15 15:04:21.795] [debug] Layer /block/Slice_1 Core 1 Get Tile at 74011
[2026-03-15 15:04:21.796] [debug] Layer 40 Core 1 Finish Tile at 74057 Remain tile 1
[2026-03-15 15:04:21.796] [info] Layer /block/Slice_1 finish at 74057
[2026-03-15 15:04:21.796] [info] Total compute time 47
[2026-03-15 15:04:21.796] [info] executable layer count 5
[2026-03-15 15:04:21.796] [info] Start layer /block/Sigmoid
[2026-03-15 15:04:21.796] [debug] Layer /block/Sigmoid Core 2 Get Tile at 74057
[2026-03-15 15:04:21.797] [debug] Layer 56 Core 2 Finish Tile at 74111 Remain tile 1
[2026-03-15 15:04:21.797] [info] Layer /block/Sigmoid finish at 74111
[2026-03-15 15:04:21.797] [info] Total compute time 54
[2026-03-15 15:04:21.797] [info] executable layer count 5
[2026-03-15 15:04:21.797] [info] Start layer /block/Slice_2
[2026-03-15 15:04:21.797] [debug] Layer /block/Slice_2 Core 0 Get Tile at 74112
[2026-03-15 15:04:21.798] [debug] Layer 52 Core 0 Finish Tile at 74184 Remain tile 1
[2026-03-15 15:04:21.798] [info] Layer /block/Slice_2 finish at 74184
[2026-03-15 15:04:21.798] [info] Total compute time 73
[2026-03-15 15:04:21.798] [info] executable layer count 5
[2026-03-15 15:04:21.798] [info] Start layer /block/Neg
[2026-03-15 15:04:21.798] [debug] Layer /block/Neg Core 3 Get Tile at 74184
[2026-03-15 15:04:21.802] [debug] Layer 98 Core 3 Finish Tile at 74359 Remain tile 1
[2026-03-15 15:04:21.802] [info] Layer /block/Neg finish at 74359
[2026-03-15 15:04:21.802] [info] Total compute time 175
[2026-03-15 15:04:21.802] [info] executable layer count 4
[2026-03-15 15:04:21.802] [info] Start layer /block/Reshape_3
[2026-03-15 15:04:21.802] [debug] Layer /block/Reshape_3 Core 1 Get Tile at 74360
[2026-03-15 15:04:21.811] [debug] Layer 120 Core 1 Finish Tile at 74646 Remain tile 1
[2026-03-15 15:04:21.811] [info] Layer /block/Reshape_3 finish at 74646
[2026-03-15 15:04:21.811] [info] Total compute time 287
[2026-03-15 15:04:21.811] [info] executable layer count 3
[2026-03-15 15:04:21.811] [info] Start layer /block/Sigmoid_1
[2026-03-15 15:04:21.811] [debug] Layer /block/Sigmoid_1 Core 2 Get Tile at 74646
[2026-03-15 15:04:21.816] [debug] Layer 138 Core 2 Finish Tile at 74829 Remain tile 1
[2026-03-15 15:04:21.816] [info] Layer /block/Sigmoid_1 finish at 74829
[2026-03-15 15:04:21.816] [info] Total compute time 183
[2026-03-15 15:04:21.816] [info] executable layer count 3
[2026-03-15 15:04:21.816] [info] Start layer /block/Mul
[2026-03-15 15:04:21.816] [debug] Layer /block/Mul Core 0 Get Tile at 74830
[2026-03-15 15:04:21.817] [debug] Layer 58 Core 0 Finish Tile at 74887 Remain tile 1
[2026-03-15 15:04:21.817] [info] Layer /block/Mul finish at 74887
[2026-03-15 15:04:21.817] [info] Total compute time 58
[2026-03-15 15:04:21.817] [info] executable layer count 5
[2026-03-15 15:04:21.817] [info] Start layer /block/Concat
[2026-03-15 15:04:21.817] [debug] Layer /block/Concat Core 3 Get Tile at 74887
[2026-03-15 15:04:21.819] [debug] Layer 54 Core 3 Finish Tile at 74955 Remain tile 1
[2026-03-15 15:04:21.819] [info] Layer /block/Concat finish at 74955
[2026-03-15 15:04:21.819] [info] Total compute time 68
[2026-03-15 15:04:21.819] [info] executable layer count 4
[2026-03-15 15:04:21.819] [info] Start layer /block/Mul_6
[2026-03-15 15:04:21.819] [debug] Layer /block/Mul_6 Core 1 Get Tile at 74956
[2026-03-15 15:04:21.820] [debug] Layer 140 Core 1 Finish Tile at 75046 Remain tile 1
[2026-03-15 15:04:21.820] [info] Layer /block/Mul_6 finish at 75046
[2026-03-15 15:04:21.820] [info] Total compute time 91
[2026-03-15 15:04:21.820] [info] executable layer count 3
[2026-03-15 15:04:21.820] [info] Start layer /block/x_proj/Gemm
[2026-03-15 15:04:21.820] [debug] Layer /block/x_proj/Gemm Core 2 Get Tile at 75046
[2026-03-15 15:04:21.864] [debug] Layer 60 Core 2 Finish Tile at 77530 Remain tile 1
[2026-03-15 15:04:21.864] [info] Layer /block/x_proj/Gemm finish at 77530
[2026-03-15 15:04:21.864] [info] Total compute time 2484
[2026-03-15 15:04:21.864] [info] executable layer count 5
[2026-03-15 15:04:21.864] [info] Start layer /block/Reshape_2
[2026-03-15 15:04:21.864] [debug] Layer /block/Reshape_2 Core 3 Get Tile at 77530
[2026-03-15 15:04:21.865] [debug] Layer 116 Core 3 Finish Tile at 77563 Remain tile 1
[2026-03-15 15:04:21.865] [info] Layer /block/Reshape_2 finish at 77563
[2026-03-15 15:04:21.865] [info] Total compute time 33
[2026-03-15 15:04:21.865] [info] executable layer count 4
[2026-03-15 15:04:21.865] [info] Start layer /block/Mul_5
[2026-03-15 15:04:21.865] [debug] Layer /block/Mul_5 Core 0 Get Tile at 77564
[2026-03-15 15:04:21.866] [debug] Layer 134 Core 0 Finish Tile at 77637 Remain tile 1
[2026-03-15 15:04:21.866] [info] Layer /block/Mul_5 finish at 77637
[2026-03-15 15:04:21.866] [info] Total compute time 74
[2026-03-15 15:04:21.866] [info] executable layer count 3
[2026-03-15 15:04:21.866] [info] Start layer /block/Slice_3
[2026-03-15 15:04:21.866] [debug] Layer /block/Slice_3 Core 1 Get Tile at 77637
[2026-03-15 15:04:21.867] [debug] Layer 70 Core 1 Finish Tile at 77656 Remain tile 1
[2026-03-15 15:04:21.867] [info] Layer /block/Slice_3 finish at 77656
[2026-03-15 15:04:21.867] [info] Total compute time 19
[2026-03-15 15:04:21.867] [info] executable layer count 3
[2026-03-15 15:04:21.867] [info] Start layer /block/Slice_4
[2026-03-15 15:04:21.867] [debug] Layer /block/Slice_4 Core 2 Get Tile at 77656
[2026-03-15 15:04:21.867] [debug] Layer 80 Core 2 Finish Tile at 77681 Remain tile 1
[2026-03-15 15:04:21.867] [info] Layer /block/Slice_4 finish at 77681
[2026-03-15 15:04:21.867] [info] Total compute time 25
[2026-03-15 15:04:21.867] [info] executable layer count 3
[2026-03-15 15:04:21.867] [info] Start layer /block/Slice_5
[2026-03-15 15:04:21.867] [debug] Layer /block/Slice_5 Core 3 Get Tile at 77681
[2026-03-15 15:04:21.867] [debug] Layer 90 Core 3 Finish Tile at 77699 Remain tile 1
[2026-03-15 15:04:21.867] [info] Layer /block/Slice_5 finish at 77699
[2026-03-15 15:04:21.867] [info] Total compute time 18
[2026-03-15 15:04:21.867] [info] executable layer count 3
[2026-03-15 15:04:21.867] [info] Start layer /block/dt_proj/Gemm
[2026-03-15 15:04:21.867] [debug] Layer /block/dt_proj/Gemm Core 3 Get Tile at 77699
[2026-03-15 15:04:21.867] [debug] Layer /block/dt_proj/Gemm Core 0 Get Tile at 77700
[2026-03-15 15:04:21.867] [debug] Layer /block/dt_proj/Gemm Core 1 Get Tile at 77700
[2026-03-15 15:04:21.867] [debug] Layer /block/dt_proj/Gemm Core 2 Get Tile at 77700
[2026-03-15 15:04:21.867] [debug] Layer /block/dt_proj/Gemm Core 3 Get Tile at 77700
[2026-03-15 15:04:21.867] [debug] Layer /block/dt_proj/Gemm Core 0 Get Tile at 77701
[2026-03-15 15:04:21.867] [debug] Layer /block/dt_proj/Gemm Core 1 Get Tile at 77701
[2026-03-15 15:04:21.867] [debug] Layer /block/dt_proj/Gemm Core 2 Get Tile at 77701
[2026-03-15 15:04:21.878] [debug] Layer 92 Core 3 Finish Tile at 78373 Remain tile 12
[2026-03-15 15:04:21.878] [debug] Layer /block/dt_proj/Gemm Core 3 Get Tile at 78373
[2026-03-15 15:04:21.879] [debug] Layer 92 Core 1 Finish Tile at 78405 Remain tile 11
[2026-03-15 15:04:21.879] [debug] Layer /block/dt_proj/Gemm Core 1 Get Tile at 78405
[2026-03-15 15:04:21.879] [debug] Layer 92 Core 2 Finish Tile at 78418 Remain tile 10
[2026-03-15 15:04:21.879] [debug] Layer /block/dt_proj/Gemm Core 2 Get Tile at 78418
[2026-03-15 15:04:21.880] [debug] Layer 92 Core 0 Finish Tile at 78439 Remain tile 9
[2026-03-15 15:04:21.880] [debug] Layer /block/dt_proj/Gemm Core 0 Get Tile at 78439
[2026-03-15 15:04:21.882] [debug] Layer 92 Core 3 Finish Tile at 78501 Remain tile 8
[2026-03-15 15:04:21.882] [debug] Layer 92 Core 1 Finish Tile at 78533 Remain tile 7
[2026-03-15 15:04:21.883] [debug] Layer 92 Core 2 Finish Tile at 78546 Remain tile 6
[2026-03-15 15:04:21.883] [debug] Layer 92 Core 0 Finish Tile at 78567 Remain tile 5
[2026-03-15 15:04:21.884] [debug] Layer 92 Core 3 Finish Tile at 78690 Remain tile 4
[2026-03-15 15:04:21.885] [debug] Layer 92 Core 1 Finish Tile at 78771 Remain tile 3
[2026-03-15 15:04:21.885] [debug] Layer 92 Core 2 Finish Tile at 78773 Remain tile 2
[2026-03-15 15:04:21.885] [debug] Layer 92 Core 0 Finish Tile at 78787 Remain tile 1
[2026-03-15 15:04:21.885] [info] Layer /block/dt_proj/Gemm finish at 78787
[2026-03-15 15:04:21.885] [info] Total compute time 1088
[2026-03-15 15:04:21.885] [info] executable layer count 3
[2026-03-15 15:04:21.885] [info] Start layer /block/Reshape_1
[2026-03-15 15:04:21.885] [debug] Layer /block/Reshape_1 Core 0 Get Tile at 78787
[2026-03-15 15:04:21.886] [debug] Layer 110 Core 0 Finish Tile at 78811 Remain tile 1
[2026-03-15 15:04:21.886] [info] Layer /block/Reshape_1 finish at 78811
[2026-03-15 15:04:21.886] [info] Total compute time 24
[2026-03-15 15:04:21.886] [info] executable layer count 2
[2026-03-15 15:04:21.886] [info] Start layer /block/ssm_out/Gemm
[2026-03-15 15:04:21.886] [debug] Layer /block/ssm_out/Gemm Core 0 Get Tile at 78811
[2026-03-15 15:04:21.886] [debug] Layer /block/ssm_out/Gemm Core 1 Get Tile at 78811
[2026-03-15 15:04:21.886] [debug] Layer /block/ssm_out/Gemm Core 2 Get Tile at 78811
[2026-03-15 15:04:21.886] [debug] Layer /block/ssm_out/Gemm Core 3 Get Tile at 78811
[2026-03-15 15:04:21.886] [debug] Layer /block/ssm_out/Gemm Core 0 Get Tile at 78812
[2026-03-15 15:04:21.886] [debug] Layer /block/ssm_out/Gemm Core 1 Get Tile at 78812
[2026-03-15 15:04:21.886] [debug] Layer /block/ssm_out/Gemm Core 2 Get Tile at 78812
[2026-03-15 15:04:21.886] [debug] Layer /block/ssm_out/Gemm Core 3 Get Tile at 78812
[2026-03-15 15:04:21.893] [debug] Layer 132 Core 3 Finish Tile at 79409 Remain tile 12
[2026-03-15 15:04:21.893] [debug] Layer /block/ssm_out/Gemm Core 3 Get Tile at 79409
[2026-03-15 15:04:21.893] [debug] Layer 132 Core 1 Finish Tile at 79412 Remain tile 11
[2026-03-15 15:04:21.893] [debug] Layer /block/ssm_out/Gemm Core 1 Get Tile at 79412
[2026-03-15 15:04:21.893] [debug] Layer 132 Core 2 Finish Tile at 79415 Remain tile 10
[2026-03-15 15:04:21.893] [debug] Layer /block/ssm_out/Gemm Core 2 Get Tile at 79415
[2026-03-15 15:04:21.893] [debug] Layer 132 Core 0 Finish Tile at 79426 Remain tile 9
[2026-03-15 15:04:21.893] [debug] Layer /block/ssm_out/Gemm Core 0 Get Tile at 79426
[2026-03-15 15:04:21.895] [debug] Layer 132 Core 3 Finish Tile at 79537 Remain tile 8
[2026-03-15 15:04:21.895] [debug] Layer 132 Core 1 Finish Tile at 79540 Remain tile 7
[2026-03-15 15:04:21.895] [debug] Layer 132 Core 2 Finish Tile at 79543 Remain tile 6
[2026-03-15 15:04:21.895] [debug] Layer 132 Core 0 Finish Tile at 79554 Remain tile 5
[2026-03-15 15:04:21.897] [debug] Layer 132 Core 3 Finish Tile at 79724 Remain tile 4
[2026-03-15 15:04:21.897] [debug] Layer 132 Core 1 Finish Tile at 79735 Remain tile 3
[2026-03-15 15:04:21.897] [debug] Layer 132 Core 2 Finish Tile at 79737 Remain tile 2
[2026-03-15 15:04:21.897] [debug] Layer 132 Core 0 Finish Tile at 79739 Remain tile 1
[2026-03-15 15:04:21.897] [info] Layer /block/ssm_out/Gemm finish at 79739
[2026-03-15 15:04:21.897] [info] Total compute time 928
[2026-03-15 15:04:21.898] [info] executable layer count 2
[2026-03-15 15:04:21.898] [info] Start layer /block/Softplus
[2026-03-15 15:04:21.898] [debug] Layer /block/Softplus Core 1 Get Tile at 79739
[2026-03-15 15:04:21.898] [debug] Layer 94 Core 1 Finish Tile at 79773 Remain tile 1
[2026-03-15 15:04:21.898] [info] Layer /block/Softplus finish at 79773
[2026-03-15 15:04:21.898] [info] Total compute time 34
[2026-03-15 15:04:21.898] [info] executable layer count 2
[2026-03-15 15:04:21.898] [info] Start layer /block/Add_1
[2026-03-15 15:04:21.898] [debug] Layer /block/Add_1 Core 2 Get Tile at 79773
[2026-03-15 15:04:21.899] [debug] Layer 136 Core 2 Finish Tile at 79825 Remain tile 1
[2026-03-15 15:04:21.899] [info] Layer /block/Add_1 finish at 79825
[2026-03-15 15:04:21.899] [info] Total compute time 52
[2026-03-15 15:04:21.899] [info] executable layer count 2
[2026-03-15 15:04:21.899] [info] Start layer /block/Reshape
[2026-03-15 15:04:21.899] [debug] Layer /block/Reshape Core 3 Get Tile at 79825
[2026-03-15 15:04:21.900] [debug] Layer 102 Core 3 Finish Tile at 79860 Remain tile 1
[2026-03-15 15:04:21.900] [info] Layer /block/Reshape finish at 79860
[2026-03-15 15:04:21.900] [info] Total compute time 35
[2026-03-15 15:04:21.900] [info] executable layer count 3
[2026-03-15 15:04:21.900] [info] Start layer /block/Mul_7
[2026-03-15 15:04:21.900] [debug] Layer /block/Mul_7 Core 0 Get Tile at 79861
[2026-03-15 15:04:21.901] [debug] Layer 142 Core 0 Finish Tile at 79928 Remain tile 1
[2026-03-15 15:04:21.901] [info] Layer /block/Mul_7 finish at 79928
[2026-03-15 15:04:21.901] [info] Total compute time 68
[2026-03-15 15:04:21.901] [info] executable layer count 3
[2026-03-15 15:04:21.901] [info] Start layer /block/Mul_1
[2026-03-15 15:04:21.901] [debug] Layer /block/Mul_1 Core 0 Get Tile at 79928
[2026-03-15 15:04:21.901] [debug] Layer /block/Mul_1 Core 1 Get Tile at 79928
[2026-03-15 15:04:21.901] [debug] Layer /block/Mul_1 Core 2 Get Tile at 79928
[2026-03-15 15:04:21.901] [debug] Layer /block/Mul_1 Core 3 Get Tile at 79928
[2026-03-15 15:04:21.901] [debug] Layer /block/Mul_1 Core 1 Get Tile at 79929
[2026-03-15 15:04:21.901] [debug] Layer /block/Mul_1 Core 2 Get Tile at 79929
[2026-03-15 15:04:21.902] [info] HBM2-CH_0: BW utilization 19% (1397 reads, 449 writes)
[2026-03-15 15:04:21.902] [debug] HBM2-CH_1: BW utilization 18% (1373 reads, 442 writes)
[2026-03-15 15:04:21.902] [debug] HBM2-CH_2: BW utilization 18% (1370 reads, 440 writes)
[2026-03-15 15:04:21.902] [debug] HBM2-CH_3: BW utilization 19% (1388 reads, 448 writes)
[2026-03-15 15:04:21.902] [debug] HBM2-CH_4: BW utilization 18% (1369 reads, 440 writes)
[2026-03-15 15:04:21.902] [debug] HBM2-CH_5: BW utilization 19% (1388 reads, 449 writes)
[2026-03-15 15:04:21.902] [debug] HBM2-CH_6: BW utilization 19% (1387 reads, 449 writes)
[2026-03-15 15:04:21.902] [debug] HBM2-CH_7: BW utilization 18% (1381 reads, 440 writes)
[2026-03-15 15:04:21.902] [debug] HBM2-CH_8: BW utilization 18% (1372 reads, 442 writes)
[2026-03-15 15:04:21.902] [debug] HBM2-CH_9: BW utilization 19% (1375 reads, 450 writes)
[2026-03-15 15:04:21.902] [debug] HBM2-CH_10: BW utilization 18% (1375 reads, 447 writes)
[2026-03-15 15:04:21.902] [debug] HBM2-CH_11: BW utilization 18% (1372 reads, 442 writes)
[2026-03-15 15:04:21.902] [debug] HBM2-CH_12: BW utilization 18% (1376 reads, 446 writes)
[2026-03-15 15:04:21.902] [debug] HBM2-CH_13: BW utilization 18% (1372 reads, 441 writes)
[2026-03-15 15:04:21.902] [debug] HBM2-CH_14: BW utilization 18% (1372 reads, 442 writes)
[2026-03-15 15:04:21.902] [debug] HBM2-CH_15: BW utilization 19% (1378 reads, 447 writes)
[2026-03-15 15:04:21.904] [info] Tile  status /block/Mul_1, instructions left 2
[2026-03-15 15:04:21.904] [info] Core [0] Tile Stats | Issued: 25 Running: 1 Finished: 24
[2026-03-15 15:04:21.904] [info] cycle: [80000]
[2026-03-15 15:04:21.904] [info] Tile  status /block/Mul_1, instructions left 2
[2026-03-15 15:04:21.904] [info] Tile  status /block/Mul_1, instructions left 2
[2026-03-15 15:04:21.904] [info] Core [1] Tile Stats | Issued: 25 Running: 2 Finished: 23
[2026-03-15 15:04:21.904] [info] cycle: [80000]
[2026-03-15 15:04:21.904] [info] Tile  status /block/Mul_1, instructions left 2
[2026-03-15 15:04:21.904] [info] Tile  status /block/Mul_1, instructions left 2
[2026-03-15 15:04:21.904] [info] Core [2] Tile Stats | Issued: 25 Running: 2 Finished: 23
[2026-03-15 15:04:21.904] [info] cycle: [80000]
[2026-03-15 15:04:21.904] [info] Tile  status /block/Mul_1, instructions left 2
[2026-03-15 15:04:21.904] [info] Core [3] Tile Stats | Issued: 25 Running: 1 Finished: 24
[2026-03-15 15:04:21.904] [info] cycle: [80000]
[2026-03-15 15:04:21.907] [debug] Layer 104 Core 1 Finish Tile at 80122 Remain tile 6
[2026-03-15 15:04:21.907] [debug] Layer 104 Core 3 Finish Tile at 80130 Remain tile 5
[2026-03-15 15:04:21.907] [debug] Layer 104 Core 2 Finish Tile at 80133 Remain tile 4
[2026-03-15 15:04:21.908] [debug] Layer 104 Core 0 Finish Tile at 80151 Remain tile 3
[2026-03-15 15:04:21.910] [debug] Layer 104 Core 1 Finish Tile at 80223 Remain tile 2
[2026-03-15 15:04:21.911] [debug] Layer 104 Core 2 Finish Tile at 80233 Remain tile 1
[2026-03-15 15:04:21.911] [info] Layer /block/Mul_1 finish at 80233
[2026-03-15 15:04:21.911] [info] Total compute time 305
[2026-03-15 15:04:21.911] [info] executable layer count 3
[2026-03-15 15:04:21.911] [info] Start layer /block/Mul_2
[2026-03-15 15:04:21.911] [debug] Layer /block/Mul_2 Core 3 Get Tile at 80233
[2026-03-15 15:04:21.912] [debug] Layer 112 Core 3 Finish Tile at 80286 Remain tile 1
[2026-03-15 15:04:21.912] [info] Layer /block/Mul_2 finish at 80286
[2026-03-15 15:04:21.912] [info] Total compute time 53
[2026-03-15 15:04:21.912] [info] executable layer count 3
[2026-03-15 15:04:21.912] [info] Start layer /block/out_proj/Gemm
[2026-03-15 15:04:21.912] [debug] Layer /block/out_proj/Gemm Core 3 Get Tile at 80286
[2026-03-15 15:04:21.912] [debug] Layer /block/out_proj/Gemm Core 0 Get Tile at 80287
[2026-03-15 15:04:21.912] [debug] Layer /block/out_proj/Gemm Core 1 Get Tile at 80287
[2026-03-15 15:04:21.912] [debug] Layer /block/out_proj/Gemm Core 2 Get Tile at 80287
[2026-03-15 15:04:21.912] [debug] Layer /block/out_proj/Gemm Core 0 Get Tile at 80288
[2026-03-15 15:04:21.912] [debug] Layer /block/out_proj/Gemm Core 1 Get Tile at 80288
[2026-03-15 15:04:22.252] [debug] Layer 144 Core 1 Finish Tile at 86051 Remain tile 6
[2026-03-15 15:04:22.252] [debug] Layer 144 Core 2 Finish Tile at 86053 Remain tile 5
[2026-03-15 15:04:22.252] [debug] Layer 144 Core 3 Finish Tile at 86057 Remain tile 4
[2026-03-15 15:04:22.252] [debug] Layer 144 Core 0 Finish Tile at 86062 Remain tile 3
[2026-03-15 15:04:22.269] [debug] Layer 144 Core 1 Finish Tile at 87587 Remain tile 2
[2026-03-15 15:04:22.269] [debug] Layer 144 Core 0 Finish Tile at 87598 Remain tile 1
[2026-03-15 15:04:22.269] [info] Layer /block/out_proj/Gemm finish at 87598
[2026-03-15 15:04:22.269] [info] Total compute time 7312
[2026-03-15 15:04:22.269] [info] executable layer count 2
[2026-03-15 15:04:22.269] [info] Start layer /block/Exp_1
[2026-03-15 15:04:22.269] [debug] Layer /block/Exp_1 Core 2 Get Tile at 87598
[2026-03-15 15:04:22.273] [debug] Layer 106 Core 2 Finish Tile at 87754 Remain tile 1
[2026-03-15 15:04:22.273] [info] Layer /block/Exp_1 finish at 87754
[2026-03-15 15:04:22.273] [info] Total compute time 156
[2026-03-15 15:04:22.273] [info] executable layer count 2
[2026-03-15 15:04:22.273] [info] Start layer /block/Mul_4
[2026-03-15 15:04:22.273] [debug] Layer /block/Mul_4 Core 3 Get Tile at 87754
[2026-03-15 15:04:22.277] [debug] Layer 124 Core 3 Finish Tile at 87903 Remain tile 1
[2026-03-15 15:04:22.277] [info] Layer /block/Mul_4 finish at 87903
[2026-03-15 15:04:22.277] [info] Total compute time 149
[2026-03-15 15:04:22.277] [info] executable layer count 1
[2026-03-15 15:04:22.277] [info] Start layer /block/Mul_3
[2026-03-15 15:04:22.277] [debug] Layer /block/Mul_3 Core 3 Get Tile at 87903
[2026-03-15 15:04:22.277] [debug] Layer /block/Mul_3 Core 0 Get Tile at 87904
[2026-03-15 15:04:22.277] [debug] Layer /block/Mul_3 Core 1 Get Tile at 87904
[2026-03-15 15:04:22.277] [debug] Layer /block/Mul_3 Core 2 Get Tile at 87904
[2026-03-15 15:04:22.277] [debug] Layer /block/Mul_3 Core 0 Get Tile at 87905
[2026-03-15 15:04:22.277] [debug] Layer /block/Mul_3 Core 1 Get Tile at 87905
[2026-03-15 15:04:22.278] [info] HBM2-CH_0: BW utilization 54% (4984 reads, 211 writes)
[2026-03-15 15:04:22.278] [debug] HBM2-CH_1: BW utilization 54% (4986 reads, 212 writes)
[2026-03-15 15:04:22.278] [debug] HBM2-CH_2: BW utilization 54% (4985 reads, 212 writes)
[2026-03-15 15:04:22.278] [debug] HBM2-CH_3: BW utilization 54% (4985 reads, 210 writes)
[2026-03-15 15:04:22.278] [debug] HBM2-CH_4: BW utilization 54% (4987 reads, 212 writes)
[2026-03-15 15:04:22.278] [debug] HBM2-CH_5: BW utilization 54% (4986 reads, 210 writes)
[2026-03-15 15:04:22.278] [debug] HBM2-CH_6: BW utilization 54% (4985 reads, 210 writes)
[2026-03-15 15:04:22.278] [debug] HBM2-CH_7: BW utilization 54% (4986 reads, 212 writes)
[2026-03-15 15:04:22.278] [debug] HBM2-CH_8: BW utilization 54% (4986 reads, 212 writes)
[2026-03-15 15:04:22.278] [debug] HBM2-CH_9: BW utilization 54% (4984 reads, 210 writes)
[2026-03-15 15:04:22.278] [debug] HBM2-CH_10: BW utilization 54% (4985 reads, 210 writes)
[2026-03-15 15:04:22.278] [debug] HBM2-CH_11: BW utilization 54% (4986 reads, 212 writes)
[2026-03-15 15:04:22.278] [debug] HBM2-CH_12: BW utilization 54% (4983 reads, 211 writes)
[2026-03-15 15:04:22.278] [debug] HBM2-CH_13: BW utilization 54% (4988 reads, 212 writes)
[2026-03-15 15:04:22.278] [debug] HBM2-CH_14: BW utilization 54% (4987 reads, 212 writes)
[2026-03-15 15:04:22.278] [debug] HBM2-CH_15: BW utilization 54% (4982 reads, 211 writes)
[2026-03-15 15:04:22.279] [info] Tile  status /block/Mul_3, instructions left 2
[2026-03-15 15:04:22.279] [info] Tile  status /block/Mul_3, instructions left 2
[2026-03-15 15:04:22.279] [info] Core [0] Tile Stats | Issued: 29 Running: 2 Finished: 27
[2026-03-15 15:04:22.279] [info] cycle: [88000]
[2026-03-15 15:04:22.279] [info] Tile  status /block/Mul_3, instructions left 2
[2026-03-15 15:04:22.279] [info] Tile  status /block/Mul_3, instructions left 2
[2026-03-15 15:04:22.279] [info] Core [1] Tile Stats | Issued: 29 Running: 2 Finished: 27
[2026-03-15 15:04:22.279] [info] cycle: [88000]
[2026-03-15 15:04:22.279] [info] Tile  status /block/Mul_3, instructions left 2
[2026-03-15 15:04:22.279] [info] Core [2] Tile Stats | Issued: 28 Running: 1 Finished: 27
[2026-03-15 15:04:22.279] [info] cycle: [88000]
[2026-03-15 15:04:22.279] [info] Tile  status /block/Mul_3, instructions left 2
[2026-03-15 15:04:22.279] [info] Core [3] Tile Stats | Issued: 29 Running: 1 Finished: 28
[2026-03-15 15:04:22.279] [info] cycle: [88000]
[2026-03-15 15:04:22.282] [debug] Layer 122 Core 1 Finish Tile at 88097 Remain tile 6
[2026-03-15 15:04:22.282] [debug] Layer 122 Core 0 Finish Tile at 88104 Remain tile 5
[2026-03-15 15:04:22.282] [debug] Layer 122 Core 3 Finish Tile at 88107 Remain tile 4
[2026-03-15 15:04:22.283] [debug] Layer 122 Core 2 Finish Tile at 88117 Remain tile 3
[2026-03-15 15:04:22.283] [debug] Layer 122 Core 1 Finish Tile at 88140 Remain tile 2
[2026-03-15 15:04:22.286] [debug] Layer 122 Core 0 Finish Tile at 88216 Remain tile 1
[2026-03-15 15:04:22.286] [info] Layer /block/Mul_3 finish at 88216
[2026-03-15 15:04:22.286] [info] Total compute time 313
[2026-03-15 15:04:22.286] [info] executable layer count 1
[2026-03-15 15:04:22.286] [info] Start layer /block/Add
[2026-03-15 15:04:22.286] [debug] Layer /block/Add Core 0 Get Tile at 88216
[2026-03-15 15:04:22.286] [debug] Layer /block/Add Core 1 Get Tile at 88216
[2026-03-15 15:04:22.286] [debug] Layer /block/Add Core 2 Get Tile at 88216
[2026-03-15 15:04:22.286] [debug] Layer /block/Add Core 3 Get Tile at 88216
[2026-03-15 15:04:22.286] [debug] Layer /block/Add Core 2 Get Tile at 88217
[2026-03-15 15:04:22.286] [debug] Layer /block/Add Core 3 Get Tile at 88217
[2026-03-15 15:04:22.288] [debug] Layer 126 Core 2 Finish Tile at 88328 Remain tile 6
[2026-03-15 15:04:22.288] [debug] Layer 126 Core 1 Finish Tile at 88338 Remain tile 5
[2026-03-15 15:04:22.288] [debug] Layer 126 Core 3 Finish Tile at 88338 Remain tile 4
[2026-03-15 15:04:22.289] [debug] Layer 126 Core 0 Finish Tile at 88355 Remain tile 3
[2026-03-15 15:04:22.289] [debug] Layer 126 Core 2 Finish Tile at 88357 Remain tile 2
[2026-03-15 15:04:22.289] [debug] Layer 126 Core 3 Finish Tile at 88362 Remain tile 1
[2026-03-15 15:04:22.289] [info] Layer /block/Add finish at 88362
[2026-03-15 15:04:22.289] [info] Total compute time 146
[2026-03-15 15:04:22.289] [info] executable layer count 1
[2026-03-15 15:04:22.289] [info] Start layer /block/Reshape_4
[2026-03-15 15:04:22.289] [debug] Layer /block/Reshape_4 Core 0 Get Tile at 88363
[2026-03-15 15:04:22.295] [debug] Layer 130 Core 0 Finish Tile at 88568 Remain tile 1
[2026-03-15 15:04:22.295] [info] Layer /block/Reshape_4 finish at 88568
[2026-03-15 15:04:22.295] [info] Total compute time 206
[2026-03-15 15:04:22.295] [info] Model[mamba-130m-single] Request: 0 us, Start: 0 us, finish:88 us, Current Cycle:88568
[2026-03-15 15:04:22.295] [info] No total_seq_len!
[2026-03-15 15:04:22.298] [info] Simulation Finished at 88703 cycle 88 us
Frontend:
  impl: GEM5

[2026-03-15 15:04:22.309] [info] Row hits: 44427, Row misses: 654, Row conflicts: 9014
MemorySystem:
  impl: GenericDRAM
  total_num_other_requests: 0
  total_num_write_requests: 977
  total_num_read_requests: 53142
  memory_system_cycles: 106485
  DRAM:
    impl: HBM2
  AddrMapper:
    impl: RoBaRaCoCh
  Controller:
    impl: Generic
    id: Channel 0
    Scheduler:
      impl: FRFCFS
    RefreshManager:
      impl: AllBank



[2026-03-15 15:04:22.309] [info] HBM2-CH_0: avg BW utilization 50% (53142 reads, 977 writes)
Frontend:
  impl: GEM5

[2026-03-15 15:04:22.309] [info] Row hits: 44636, Row misses: 549, Row conflicts: 8870
MemorySystem:
  impl: GenericDRAM
  total_num_other_requests: 0
  total_num_write_requests: 970
  total_num_read_requests: 53109
  memory_system_cycles: 106485
  DRAM:
    impl: HBM2
  AddrMapper:
    impl: RoBaRaCoCh
  Controller:
    impl: Generic
    id: Channel 0
    Scheduler:
      impl: FRFCFS
    RefreshManager:
      impl: AllBank



[2026-03-15 15:04:22.309] [debug] HBM2-CH_1: avg BW utilization 50% (53109 reads, 970 writes)
Frontend:
  impl: GEM5

[2026-03-15 15:04:22.309] [info] Row hits: 44732, Row misses: 595, Row conflicts: 8720
MemorySystem:
  impl: GenericDRAM
  total_num_other_requests: 0
  total_num_write_requests: 969
  total_num_read_requests: 53106
  memory_system_cycles: 106485
  DRAM:
    impl: HBM2
  AddrMapper:
    impl: RoBaRaCoCh
  Controller:
    impl: Generic
    id: Channel 0
    Scheduler:
      impl: FRFCFS
    RefreshManager:
      impl: AllBank



[2026-03-15 15:04:22.309] [debug] HBM2-CH_2: avg BW utilization 50% (53106 reads, 969 writes)
Frontend:
  impl: GEM5

[2026-03-15 15:04:22.309] [info] Row hits: 44456, Row misses: 552, Row conflicts: 9067
MemorySystem:
  impl: GenericDRAM
  total_num_other_requests: 0
  total_num_write_requests: 975
  total_num_read_requests: 53125
  memory_system_cycles: 106485
  DRAM:
    impl: HBM2
  AddrMapper:
    impl: RoBaRaCoCh
  Controller:
    impl: Generic
    id: Channel 0
    Scheduler:
      impl: FRFCFS
    RefreshManager:
      impl: AllBank



[2026-03-15 15:04:22.310] [debug] HBM2-CH_3: avg BW utilization 50% (53125 reads, 975 writes)
Frontend:
  impl: GEM5

[2026-03-15 15:04:22.310] [info] Row hits: 44593, Row misses: 555, Row conflicts: 8892
MemorySystem:
  impl: GenericDRAM
  total_num_other_requests: 0
  total_num_write_requests: 968
  total_num_read_requests: 53106
  memory_system_cycles: 106485
  DRAM:
    impl: HBM2
  AddrMapper:
    impl: RoBaRaCoCh
  Controller:
    impl: Generic
    id: Channel 0
    Scheduler:
      impl: FRFCFS
    RefreshManager:
      impl: AllBank



[2026-03-15 15:04:22.310] [debug] HBM2-CH_4: avg BW utilization 50% (53106 reads, 968 writes)
Frontend:
  impl: GEM5

[2026-03-15 15:04:22.310] [info] Row hits: 44587, Row misses: 440, Row conflicts: 9052
MemorySystem:
  impl: GenericDRAM
  total_num_other_requests: 0
  total_num_write_requests: 975
  total_num_read_requests: 53126
  memory_system_cycles: 106485
  DRAM:
    impl: HBM2
  AddrMapper:
    impl: RoBaRaCoCh
  Controller:
    impl: Generic
    id: Channel 0
    Scheduler:
      impl: FRFCFS
    RefreshManager:
      impl: AllBank



[2026-03-15 15:04:22.310] [debug] HBM2-CH_5: avg BW utilization 50% (53126 reads, 975 writes)
Frontend:
  impl: GEM5

[2026-03-15 15:04:22.310] [info] Row hits: 44132, Row misses: 418, Row conflicts: 9528
MemorySystem:
  impl: GenericDRAM
  total_num_other_requests: 0
  total_num_write_requests: 975
  total_num_read_requests: 53125
  memory_system_cycles: 106485
  DRAM:
    impl: HBM2
  AddrMapper:
    impl: RoBaRaCoCh
  Controller:
    impl: Generic
    id: Channel 0
    Scheduler:
      impl: FRFCFS
    RefreshManager:
      impl: AllBank



[2026-03-15 15:04:22.310] [debug] HBM2-CH_6: avg BW utilization 50% (53125 reads, 975 writes)
Frontend:
  impl: GEM5

[2026-03-15 15:04:22.310] [info] Row hits: 44610, Row misses: 432, Row conflicts: 9013
MemorySystem:
  impl: GenericDRAM
  total_num_other_requests: 0
  total_num_write_requests: 969
  total_num_read_requests: 53118
  memory_system_cycles: 106485
  DRAM:
    impl: HBM2
  AddrMapper:
    impl: RoBaRaCoCh
  Controller:
    impl: Generic
    id: Channel 0
    Scheduler:
      impl: FRFCFS
    RefreshManager:
      impl: AllBank



[2026-03-15 15:04:22.310] [debug] HBM2-CH_7: avg BW utilization 50% (53118 reads, 969 writes)
Frontend:
  impl: GEM5

[2026-03-15 15:04:22.310] [info] Row hits: 44261, Row misses: 610, Row conflicts: 9185
MemorySystem:
  impl: GenericDRAM
  total_num_other_requests: 0
  total_num_write_requests: 971
  total_num_read_requests: 53109
  memory_system_cycles: 106485
  DRAM:
    impl: HBM2
  AddrMapper:
    impl: RoBaRaCoCh
  Controller:
    impl: Generic
    id: Channel 0
    Scheduler:
      impl: FRFCFS
    RefreshManager:
      impl: AllBank



[2026-03-15 15:04:22.310] [debug] HBM2-CH_8: avg BW utilization 50% (53109 reads, 971 writes)
Frontend:
  impl: GEM5

[2026-03-15 15:04:22.310] [info] Row hits: 44561, Row misses: 686, Row conflicts: 8819
MemorySystem:
  impl: GenericDRAM
  total_num_other_requests: 0
  total_num_write_requests: 977
  total_num_read_requests: 53113
  memory_system_cycles: 106485
  DRAM:
    impl: HBM2
  AddrMapper:
    impl: RoBaRaCoCh
  Controller:
    impl: Generic
    id: Channel 0
    Scheduler:
      impl: FRFCFS
    RefreshManager:
      impl: AllBank



[2026-03-15 15:04:22.310] [debug] HBM2-CH_9: avg BW utilization 50% (53113 reads, 977 writes)
Frontend:
  impl: GEM5

[2026-03-15 15:04:22.310] [info] Row hits: 44518, Row misses: 605, Row conflicts: 8940
MemorySystem:
  impl: GenericDRAM
  total_num_other_requests: 0
  total_num_write_requests: 973
  total_num_read_requests: 53113
  memory_system_cycles: 106485
  DRAM:
    impl: HBM2
  AddrMapper:
    impl: RoBaRaCoCh
  Controller:
    impl: Generic
    id: Channel 0
    Scheduler:
      impl: FRFCFS
    RefreshManager:
      impl: AllBank



[2026-03-15 15:04:22.310] [debug] HBM2-CH_10: avg BW utilization 50% (53113 reads, 973 writes)
Frontend:
  impl: GEM5

[2026-03-15 15:04:22.310] [info] Row hits: 44772, Row misses: 589, Row conflicts: 8695
MemorySystem:
  impl: GenericDRAM
  total_num_other_requests: 0
  total_num_write_requests: 971
  total_num_read_requests: 53109
  memory_system_cycles: 106485
  DRAM:
    impl: HBM2
  AddrMapper:
    impl: RoBaRaCoCh
  Controller:
    impl: Generic
    id: Channel 0
    Scheduler:
      impl: FRFCFS
    RefreshManager:
      impl: AllBank



[2026-03-15 15:04:22.310] [debug] HBM2-CH_11: avg BW utilization 50% (53109 reads, 971 writes)
Frontend:
  impl: GEM5

[2026-03-15 15:04:22.310] [info] Row hits: 44537, Row misses: 698, Row conflicts: 8836
MemorySystem:
  impl: GenericDRAM
  total_num_other_requests: 0
  total_num_write_requests: 974
  total_num_read_requests: 53119
  memory_system_cycles: 106485
  DRAM:
    impl: HBM2
  AddrMapper:
    impl: RoBaRaCoCh
  Controller:
    impl: Generic
    id: Channel 0
    Scheduler:
      impl: FRFCFS
    RefreshManager:
      impl: AllBank



[2026-03-15 15:04:22.310] [debug] HBM2-CH_12: avg BW utilization 50% (53119 reads, 974 writes)
Frontend:
  impl: GEM5

[2026-03-15 15:04:22.310] [info] Row hits: 44410, Row misses: 472, Row conflicts: 9173
MemorySystem:
  impl: GenericDRAM
  total_num_other_requests: 0
  total_num_write_requests: 969
  total_num_read_requests: 53110
  memory_system_cycles: 106485
  DRAM:
    impl: HBM2
  AddrMapper:
    impl: RoBaRaCoCh
  Controller:
    impl: Generic
    id: Channel 0
    Scheduler:
      impl: FRFCFS
    RefreshManager:
      impl: AllBank



[2026-03-15 15:04:22.310] [debug] HBM2-CH_13: avg BW utilization 50% (53110 reads, 969 writes)
Frontend:
  impl: GEM5

[2026-03-15 15:04:22.310] [info] Row hits: 44442, Row misses: 510, Row conflicts: 9104
MemorySystem:
  impl: GenericDRAM
  total_num_other_requests: 0
  total_num_write_requests: 971
  total_num_read_requests: 53109
  memory_system_cycles: 106485
  DRAM:
    impl: HBM2
  AddrMapper:
    impl: RoBaRaCoCh
  Controller:
    impl: Generic
    id: Channel 0
    Scheduler:
      impl: FRFCFS
    RefreshManager:
      impl: AllBank



[2026-03-15 15:04:22.310] [debug] HBM2-CH_14: avg BW utilization 50% (53109 reads, 971 writes)
Frontend:
  impl: GEM5

[2026-03-15 15:04:22.310] [info] Row hits: 44240, Row misses: 533, Row conflicts: 9293
MemorySystem:
  impl: GenericDRAM
  total_num_other_requests: 0
  total_num_write_requests: 974
  total_num_read_requests: 53114
  memory_system_cycles: 106485
  DRAM:
    impl: HBM2
  AddrMapper:
    impl: RoBaRaCoCh
  Controller:
    impl: Generic
    id: Channel 0
    Scheduler:
      impl: FRFCFS
    RefreshManager:
      impl: AllBank



[2026-03-15 15:04:22.310] [debug] HBM2-CH_15: avg BW utilization 50% (53114 reads, 974 writes)
Object Size Histogram
393216 bytes : 73728  cumulative_bytes: 28991029248
3072 bytes : 2976  cumulative_bytes: 29000171520
160 bytes : 50  cumulative_bytes: 29000179520
256 bytes : 1056  cumulative_bytes: 29000449856
196608 bytes : 147456  cumulative_bytes: 57991479104
1536 bytes : 288  cumulative_bytes: 57991921472
32 bytes : 77  cumulative_bytes: 57991923936
1572864 bytes : 589824  cumulative_bytes: 985704859872
12288 bytes : 10752  cumulative_bytes: 985836980448
49152 bytes : 15360  cumulative_bytes: 986591955168
6144 bytes : 2304  cumulative_bytes: 986606110944
8192 bytes : 12288  cumulative_bytes: 986706774240
245760 bytes : 7680  cumulative_bytes: 988594211040
96 bytes : 36  cumulative_bytes: 988594214496
4096 bytes : 1536  cumulative_bytes: 988600505952
[2026-03-15 15:04:22.310] [info] Simulation time: 4.920889 seconds
[2026-03-15 15:04:22.310] [info] no.of tiles :[4.730462609]
[2026-03-15 15:04:22.310] [info] Total tile: 122, simulated tile per seconds(TPS): 25.790289
