[2026-03-13 01:33:51.592] [info] CPU 0: Partition 0
[2026-03-13 01:33:51.592] [info] CPU 1: Partition 0
[2026-03-13 01:33:51.592] [info] CPU 2: Partition 0
[2026-03-13 01:33:51.592] [info] CPU 3: Partition 0
[2026-03-13 01:33:51.592] [info] Running in language mode
[2026-03-13 01:33:51.592] [info] Simulator Configuration:
[2026-03-13 01:33:51.592] [info] [Core 0] Systolic Array Throughput: 131072 GFLOPS, Spad size: 32768 KB, Accumulator size: 4096 KB
[2026-03-13 01:33:51.592] [info] [Core 1] Systolic Array Throughput: 131072 GFLOPS, Spad size: 32768 KB, Accumulator size: 4096 KB
[2026-03-13 01:33:51.592] [info] [Core 2] Systolic Array Throughput: 131072 GFLOPS, Spad size: 32768 KB, Accumulator size: 4096 KB
[2026-03-13 01:33:51.592] [info] [Core 3] Systolic Array Throughput: 131072 GFLOPS, Spad size: 32768 KB, Accumulator size: 4096 KB
[2026-03-13 01:33:51.592] [info] DRAM Bandwidth 614 GB/s
[2026-03-13 01:33:51.592] [info] Ramulator2 config: ./configs/../configs/ramulator2_configs/HBM2.yaml
[2026-03-13 01:33:51.599] [info] Initialize SimpleInterconnect
[2026-03-13 01:33:51.601] [info] ICNT print interval: 8000 cycles
[2026-03-13 01:33:51.601] [info] num cores : [4]
[2026-03-13 01:33:51.601] [info] [L2 0] Initialized, size=4096 KB, block=256 B, max_miss_q=256
[2026-03-13 01:33:51.601] [info] [L2 1] Initialized, size=4096 KB, block=256 B, max_miss_q=256
[2026-03-13 01:33:51.601] [info] [L2 2] Initialized, size=4096 KB, block=256 B, max_miss_q=256
[2026-03-13 01:33:51.601] [info] [L2 3] Initialized, size=4096 KB, block=256 B, max_miss_q=256
[2026-03-13 01:33:51.601] [info] [L2 4] Initialized, size=4096 KB, block=256 B, max_miss_q=256
[2026-03-13 01:33:51.601] [info] [L2 5] Initialized, size=4096 KB, block=256 B, max_miss_q=256
[2026-03-13 01:33:51.601] [info] [L2 6] Initialized, size=4096 KB, block=256 B, max_miss_q=256
[2026-03-13 01:33:51.601] [info] [L2 7] Initialized, size=4096 KB, block=256 B, max_miss_q=256
[2026-03-13 01:33:51.601] [info] [L2 8] Initialized, size=4096 KB, block=256 B, max_miss_q=256
[2026-03-13 01:33:51.601] [info] [L2 9] Initialized, size=4096 KB, block=256 B, max_miss_q=256
[2026-03-13 01:33:51.601] [info] [L2 10] Initialized, size=4096 KB, block=256 B, max_miss_q=256
[2026-03-13 01:33:51.601] [info] [L2 11] Initialized, size=4096 KB, block=256 B, max_miss_q=256
[2026-03-13 01:33:51.601] [info] [L2 12] Initialized, size=4096 KB, block=256 B, max_miss_q=256
[2026-03-13 01:33:51.601] [info] [L2 13] Initialized, size=4096 KB, block=256 B, max_miss_q=256
[2026-03-13 01:33:51.601] [info] [L2 14] Initialized, size=4096 KB, block=256 B, max_miss_q=256
[2026-03-13 01:33:51.601] [info] [L2 15] Initialized, size=4096 KB, block=256 B, max_miss_q=256
[2026-03-13 01:33:51.601] [info] Register Language Model: sample
[2026-03-13 01:33:51.601] [info] Tensor Parallelsim 1, Pipeline Parallelism 1
[2026-03-13 01:33:51.601] [info] Weight size: 0.02 GB
[2026-03-13 01:33:51.601] [info] Simple Language scheduler selected
[2026-03-13 01:33:51.601] [info] num layer 2 num sim layer 1
[2026-03-13 01:33:51.601] [info] has_l2,[true]
[2026-03-13 01:33:51.601] [info] ======Start Simulation=====
[2026-03-13 01:33:51.601] [info] Total Memory Usage: 0.02 GB
[2026-03-13 01:33:51.601] [info] Weight Memory Usage: 0.02 GB
[2026-03-13 01:33:51.601] [info] KV Memory Usage: 0.00 GB
[2026-03-13 01:33:51.601] [info] Activation Memory Usage: 0.00 GB
[2026-03-13 01:33:51.601] [info] [GEMM] spad_size: 33554432 accum_size: 4194304
[2026-03-13 01:33:51.601] [info] [GEMM] required_sram_size: 262144 required_accum_size: 32768
[2026-03-13 01:33:51.601] [info] [GEMM] Used gemmini gemm mapping: Total N:100 C:512 M:1532, Outer N:1 C:1 M:12, Inner N:128 C:512 M:128
[2026-03-13 01:33:51.614] [info] [GemmWs] Keys K = 512, N = 100, M = 1532
[2026-03-13 01:33:51.614] [info] [GemmWS]: total 0.15703 GFLOPs, 0.001980632 GB
[2026-03-13 01:33:51.614] [info] [GemmWS]: Theoretical time(ms): 0.003225785121685476 Compute time: 0.0011980438330283505 Memory time: 0.003225785121685476
[2026-03-13 01:33:51.615] [info] [Attention] total_spad_size_per_head: 51000 B
[2026-03-13 01:33:51.615] [info] [Attention] total_acc_size_per_head: 20000 B
[2026-03-13 01:33:51.615] [info] [Attention] q_len: 100, seq_len: 100, dk: 85, heads per tile 1
[2026-03-13 01:33:51.615] [info] [Attention] Spad size 16777216
[2026-03-13 01:33:51.615] [info] [Attention] Accum spad size 2097152
[2026-03-13 01:33:51.615] [info] Mapping info Total Loop: N600 C85 M100 S1 R1 Q1 P1 Tile Out Loop: N6 C1 M1 S1 R1 Q1 P1 Tile In Loop: N100 C85 M100 S1 R1 Q1 P1
[2026-03-13 01:33:51.623] [info] [Attention] QK 0.0102 GFLOPs
[2026-03-13 01:33:51.623] [info] [Attention] total 0.021000002 GFLOPs, 0.000408 GB
[2026-03-13 01:33:51.623] [info] [Attention] Theoretical time(ms): 0.00066449505 Compute time: 0.00022888185 Memory time: 0.00066449505
[2026-03-13 01:33:51.623] [info] [Attention] QK compute 0.0001ms Softmax compute 0.0001ms SV compute 0.0001ms
[2026-03-13 01:33:51.623] [info] [GEMM] spad_size: 33554432 accum_size: 4194304
[2026-03-13 01:33:51.623] [info] [GEMM] required_sram_size: 262144 required_accum_size: 32768
[2026-03-13 01:33:51.623] [info] [GEMM] Used gemmini gemm mapping: Total N:100 C:512 M:512, Outer N:1 C:1 M:4, Inner N:128 C:512 M:128
[2026-03-13 01:33:51.626] [info] [GemmWs] Keys K = 512, N = 100, M = 512
[2026-03-13 01:33:51.626] [info] [GemmWS]: total 0.052480005 GFLOPs, 0.00073011196 GB
[2026-03-13 01:33:51.626] [info] [GemmWS]: Theoretical time(ms): 0.0011891074791492429 Compute time: 0.00040039066107055987 Memory time: 0.0011891074791492429
[2026-03-13 01:33:51.626] [info] [SkipLayerNorm] tokens_per_tile: 13
[2026-03-13 01:33:51.629] [info] [GemmWs] Keys K = 512, N = 100, M = 512
[2026-03-13 01:33:51.629] [info] [GemmWS]: total 0.052428804 GFLOPs, 0.000729088 GB
[2026-03-13 01:33:51.629] [info] [GemmWS]: Theoretical time(ms): 0.0011874396932398668 Compute time: 0.0004000000330961484 Memory time: 0.0011874396932398668
[2026-03-13 01:33:51.629] [info] [BiasAct] tokens_per_tile: 13
[2026-03-13 01:33:51.630] [info] [GEMM] spad_size: 33554432 accum_size: 4194304
[2026-03-13 01:33:51.630] [info] [GEMM] required_sram_size: 131072 required_accum_size: 32768
[2026-03-13 01:33:51.630] [info] [GEMM] Used gemmini gemm mapping: Total N:100 C:256 M:512, Outer N:1 C:1 M:4, Inner N:128 C:256 M:128
[2026-03-13 01:33:51.631] [info] [GemmWs] Keys K = 256, N = 100, M = 512
[2026-03-13 01:33:51.631] [info] [GemmWS]: total 0.026265603 GFLOPs, 0.000416768 GB
[2026-03-13 01:33:51.631] [info] [GemmWS]: Theoretical time(ms): 0.000678775222695549 Compute time: 0.00020039064452248567 Memory time: 0.000678775222695549
[2026-03-13 01:33:51.631] [info] [SkipLayerNorm] tokens_per_tile: 13
[2026-03-13 01:33:51.632] [info]  Model initialization time: 0.030902 seconds
[2026-03-13 01:33:51.632] [info] Schedule model: sample at 1000 us
[2026-03-13 01:33:51.632] [info] MODEL sample Scheduled, Total Request: 1
[2026-03-13 01:33:51.632] [info] executable layer count 1
[2026-03-13 01:33:51.632] [info] Start layer layer0.attn.QKVgen
[2026-03-13 01:33:51.632] [info] HBM2-CH_0: BW utilization 0% (0 reads, 0 writes)
[2026-03-13 01:33:58.612] [info] HBM2-CH_0: BW utilization 70% (6725 reads, 0 writes)
[2026-03-13 01:34:06.743] [info] HBM2-CH_0: BW utilization 81% (7793 reads, 0 writes)
[2026-03-13 01:34:14.810] [info] HBM2-CH_0: BW utilization 84% (8079 reads, 0 writes)
[2026-03-13 01:34:22.752] [info] HBM2-CH_0: BW utilization 83% (8010 reads, 0 writes)
[2026-03-13 01:34:30.545] [info] HBM2-CH_0: BW utilization 85% (8165 reads, 0 writes)
[2026-03-13 01:34:38.290] [info] HBM2-CH_0: BW utilization 83% (8015 reads, 0 writes)
[2026-03-13 01:34:45.951] [info] HBM2-CH_0: BW utilization 83% (8001 reads, 0 writes)
[2026-03-13 01:34:53.553] [info] HBM2-CH_0: BW utilization 83% (8005 reads, 0 writes)
[2026-03-13 01:35:01.067] [info] HBM2-CH_0: BW utilization 83% (7976 reads, 0 writes)
[2026-03-13 01:35:08.584] [info] HBM2-CH_0: BW utilization 83% (8020 reads, 0 writes)
[2026-03-13 01:35:15.993] [info] HBM2-CH_0: BW utilization 83% (7995 reads, 0 writes)
[2026-03-13 01:35:23.377] [info] HBM2-CH_0: BW utilization 83% (8003 reads, 0 writes)
[2026-03-13 01:35:30.700] [info] HBM2-CH_0: BW utilization 82% (7967 reads, 0 writes)
[2026-03-13 01:35:37.944] [info] HBM2-CH_0: BW utilization 83% (8008 reads, 0 writes)
[2026-03-13 01:35:45.158] [info] HBM2-CH_0: BW utilization 83% (7972 reads, 0 writes)
[2026-03-13 01:35:52.345] [info] HBM2-CH_0: BW utilization 83% (8007 reads, 0 writes)
[2026-03-13 01:35:59.476] [info] HBM2-CH_0: BW utilization 83% (8007 reads, 0 writes)
[2026-03-13 01:36:06.518] [info] HBM2-CH_0: BW utilization 82% (7961 reads, 0 writes)
[2026-03-13 01:36:13.534] [info] HBM2-CH_0: BW utilization 83% (8011 reads, 0 writes)
[2026-03-13 01:36:20.508] [info] HBM2-CH_0: BW utilization 83% (8018 reads, 0 writes)
[2026-03-13 01:36:27.428] [info] HBM2-CH_0: BW utilization 83% (7980 reads, 0 writes)
[2026-03-13 01:36:34.263] [info] HBM2-CH_0: BW utilization 83% (8009 reads, 0 writes)
[2026-03-13 01:36:41.063] [info] HBM2-CH_0: BW utilization 83% (7980 reads, 0 writes)
[2026-03-13 01:36:47.815] [info] HBM2-CH_0: BW utilization 83% (8027 reads, 0 writes)
[2026-03-13 01:36:54.499] [info] HBM2-CH_0: BW utilization 83% (7969 reads, 0 writes)
[2026-03-13 01:37:01.149] [info] HBM2-CH_0: BW utilization 83% (8015 reads, 0 writes)
[2026-03-13 01:37:07.740] [info] HBM2-CH_0: BW utilization 83% (8002 reads, 0 writes)
[2026-03-13 01:37:14.312] [info] HBM2-CH_0: BW utilization 83% (8006 reads, 0 writes)
[2026-03-13 01:37:20.838] [info] HBM2-CH_0: BW utilization 82% (7961 reads, 0 writes)
[2026-03-13 01:37:27.301] [info] HBM2-CH_0: BW utilization 83% (8010 reads, 0 writes)
[2026-03-13 01:37:33.698] [info] HBM2-CH_0: BW utilization 82% (7967 reads, 0 writes)
[2026-03-13 01:37:40.097] [info] HBM2-CH_0: BW utilization 83% (8015 reads, 0 writes)
[2026-03-13 01:37:46.502] [info] HBM2-CH_0: BW utilization 83% (7997 reads, 0 writes)
[2026-03-13 01:37:52.958] [info] HBM2-CH_0: BW utilization 83% (8035 reads, 0 writes)
[2026-03-13 01:37:59.279] [info] HBM2-CH_0: BW utilization 82% (7959 reads, 0 writes)
[2026-03-13 01:38:05.507] [info] HBM2-CH_0: BW utilization 83% (7992 reads, 0 writes)
[2026-03-13 01:38:11.676] [info] HBM2-CH_0: BW utilization 83% (8033 reads, 0 writes)
[2026-03-13 01:38:17.709] [info] HBM2-CH_0: BW utilization 83% (7978 reads, 0 writes)
[2026-03-13 01:38:23.703] [info] HBM2-CH_0: BW utilization 83% (7998 reads, 0 writes)
[2026-03-13 01:38:29.694] [info] HBM2-CH_0: BW utilization 83% (8021 reads, 0 writes)
[2026-03-13 01:38:35.621] [info] HBM2-CH_0: BW utilization 83% (7972 reads, 0 writes)
[2026-03-13 01:38:41.492] [info] HBM2-CH_0: BW utilization 83% (7986 reads, 0 writes)
[2026-03-13 01:38:47.622] [info] HBM2-CH_0: BW utilization 83% (7994 reads, 0 writes)
[2026-03-13 01:38:53.394] [info] HBM2-CH_0: BW utilization 83% (8024 reads, 0 writes)
[2026-03-13 01:38:59.149] [info] HBM2-CH_0: BW utilization 83% (7977 reads, 0 writes)
[2026-03-13 01:39:04.853] [info] HBM2-CH_0: BW utilization 83% (8015 reads, 0 writes)
[2026-03-13 01:39:10.515] [info] HBM2-CH_0: BW utilization 83% (8002 reads, 0 writes)
[2026-03-13 01:39:16.136] [info] HBM2-CH_0: BW utilization 83% (7982 reads, 0 writes)
[2026-03-13 01:39:21.739] [info] HBM2-CH_0: BW utilization 83% (8027 reads, 0 writes)
[2026-03-13 01:39:27.305] [info] HBM2-CH_0: BW utilization 82% (7955 reads, 0 writes)
[2026-03-13 01:39:32.818] [info] HBM2-CH_0: BW utilization 83% (7998 reads, 0 writes)
[2026-03-13 01:39:38.279] [info] HBM2-CH_0: BW utilization 83% (8020 reads, 0 writes)
[2026-03-13 01:39:43.742] [info] HBM2-CH_0: BW utilization 83% (7968 reads, 0 writes)
[2026-03-13 01:39:49.135] [info] HBM2-CH_0: BW utilization 83% (8036 reads, 0 writes)
[2026-03-13 01:39:54.504] [info] HBM2-CH_0: BW utilization 83% (8003 reads, 0 writes)
[2026-03-13 01:39:59.838] [info] HBM2-CH_0: BW utilization 82% (7957 reads, 0 writes)
[2026-03-13 01:40:05.107] [info] HBM2-CH_0: BW utilization 83% (8027 reads, 0 writes)
[2026-03-13 01:40:10.353] [info] HBM2-CH_0: BW utilization 83% (7972 reads, 0 writes)
[2026-03-13 01:40:15.592] [info] HBM2-CH_0: BW utilization 83% (8018 reads, 0 writes)
[2026-03-13 01:40:20.788] [info] HBM2-CH_0: BW utilization 83% (7979 reads, 0 writes)
[2026-03-13 01:40:25.932] [info] HBM2-CH_0: BW utilization 83% (8025 reads, 0 writes)
[2026-03-13 01:40:31.036] [info] HBM2-CH_0: BW utilization 82% (7943 reads, 0 writes)
[2026-03-13 01:40:36.113] [info] HBM2-CH_0: BW utilization 83% (8011 reads, 0 writes)
[2026-03-13 01:40:41.168] [info] HBM2-CH_0: BW utilization 83% (8038 reads, 0 writes)
[2026-03-13 01:40:46.151] [info] HBM2-CH_0: BW utilization 82% (7960 reads, 0 writes)
[2026-03-13 01:40:51.141] [info] HBM2-CH_0: BW utilization 83% (7986 reads, 0 writes)
[2026-03-13 01:40:56.055] [info] HBM2-CH_0: BW utilization 83% (8040 reads, 0 writes)
[2026-03-13 01:41:00.927] [info] HBM2-CH_0: BW utilization 82% (7955 reads, 0 writes)
[2026-03-13 01:41:05.789] [info] HBM2-CH_0: BW utilization 83% (8019 reads, 0 writes)
[2026-03-13 01:41:10.598] [info] HBM2-CH_0: BW utilization 83% (7977 reads, 0 writes)
[2026-03-13 01:41:15.360] [info] HBM2-CH_0: BW utilization 83% (7993 reads, 0 writes)
[2026-03-13 01:41:20.412] [info] HBM2-CH_0: BW utilization 83% (7995 reads, 0 writes)
[2026-03-13 01:41:25.114] [info] HBM2-CH_0: BW utilization 83% (8014 reads, 0 writes)
[2026-03-13 01:41:29.782] [info] HBM2-CH_0: BW utilization 83% (8022 reads, 0 writes)
[2026-03-13 01:41:34.411] [info] HBM2-CH_0: BW utilization 82% (7966 reads, 0 writes)
[2026-03-13 01:41:39.024] [info] HBM2-CH_0: BW utilization 83% (7985 reads, 0 writes)
[2026-03-13 01:41:43.598] [info] HBM2-CH_0: BW utilization 83% (7994 reads, 0 writes)
[2026-03-13 01:41:48.106] [info] HBM2-CH_0: BW utilization 83% (8006 reads, 0 writes)
[2026-03-13 01:41:52.647] [info] HBM2-CH_0: BW utilization 83% (8039 reads, 0 writes)
[2026-03-13 01:41:57.097] [info] HBM2-CH_0: BW utilization 83% (7968 reads, 0 writes)
[2026-03-13 01:42:01.529] [info] HBM2-CH_0: BW utilization 83% (8002 reads, 0 writes)
[2026-03-13 01:42:05.910] [info] HBM2-CH_0: BW utilization 83% (7993 reads, 0 writes)
[2026-03-13 01:42:10.282] [info] HBM2-CH_0: BW utilization 83% (7984 reads, 0 writes)
[2026-03-13 01:42:14.554] [info] HBM2-CH_0: BW utilization 83% (8025 reads, 0 writes)
[2026-03-13 01:42:18.808] [info] HBM2-CH_0: BW utilization 83% (7979 reads, 0 writes)
[2026-03-13 01:42:23.057] [info] HBM2-CH_0: BW utilization 83% (8022 reads, 0 writes)
[2026-03-13 01:42:27.233] [info] HBM2-CH_0: BW utilization 82% (7964 reads, 0 writes)
[2026-03-13 01:42:31.348] [info] HBM2-CH_0: BW utilization 83% (8002 reads, 0 writes)
[2026-03-13 01:42:35.437] [info] HBM2-CH_0: BW utilization 83% (8029 reads, 0 writes)
[2026-03-13 01:42:39.503] [info] HBM2-CH_0: BW utilization 82% (7945 reads, 0 writes)
[2026-03-13 01:42:43.545] [info] HBM2-CH_0: BW utilization 83% (8014 reads, 0 writes)
[2026-03-13 01:42:47.540] [info] HBM2-CH_0: BW utilization 83% (8000 reads, 0 writes)
[2026-03-13 01:42:51.576] [info] HBM2-CH_0: BW utilization 83% (7983 reads, 0 writes)
[2026-03-13 01:42:55.551] [info] HBM2-CH_0: BW utilization 83% (7996 reads, 0 writes)
[2026-03-13 01:42:59.494] [info] HBM2-CH_0: BW utilization 83% (7997 reads, 0 writes)
[2026-03-13 01:43:03.318] [info] HBM2-CH_0: BW utilization 83% (8002 reads, 0 writes)
[2026-03-13 01:43:07.112] [info] HBM2-CH_0: BW utilization 83% (7993 reads, 0 writes)
[2026-03-13 01:43:10.889] [info] HBM2-CH_0: BW utilization 83% (8003 reads, 0 writes)
[2026-03-13 01:43:14.636] [info] HBM2-CH_0: BW utilization 83% (7983 reads, 0 writes)
[2026-03-13 01:43:18.289] [info] HBM2-CH_0: BW utilization 83% (8046 reads, 0 writes)
[2026-03-13 01:43:21.973] [info] HBM2-CH_0: BW utilization 82% (7952 reads, 0 writes)
[2026-03-13 01:43:25.606] [info] HBM2-CH_0: BW utilization 83% (7995 reads, 0 writes)
[2026-03-13 01:43:29.139] [info] HBM2-CH_0: BW utilization 83% (7997 reads, 0 writes)
[2026-03-13 01:43:32.700] [info] HBM2-CH_0: BW utilization 83% (8028 reads, 0 writes)
[2026-03-13 01:43:36.234] [info] HBM2-CH_0: BW utilization 83% (7968 reads, 0 writes)
[2026-03-13 01:43:39.668] [info] HBM2-CH_0: BW utilization 83% (7996 reads, 0 writes)
[2026-03-13 01:43:43.120] [info] HBM2-CH_0: BW utilization 83% (8032 reads, 0 writes)
[2026-03-13 01:43:46.535] [info] HBM2-CH_0: BW utilization 83% (7968 reads, 0 writes)
[2026-03-13 01:43:49.905] [info] HBM2-CH_0: BW utilization 83% (7996 reads, 0 writes)
[2026-03-13 01:43:53.245] [info] HBM2-CH_0: BW utilization 83% (8017 reads, 0 writes)
[2026-03-13 01:43:56.474] [info] HBM2-CH_0: BW utilization 83% (7981 reads, 0 writes)
[2026-03-13 01:43:59.779] [info] HBM2-CH_0: BW utilization 83% (8004 reads, 0 writes)
[2026-03-13 01:44:02.997] [info] HBM2-CH_0: BW utilization 83% (8022 reads, 0 writes)
[2026-03-13 01:44:06.133] [info] HBM2-CH_0: BW utilization 82% (7960 reads, 0 writes)
[2026-03-13 01:44:09.283] [info] HBM2-CH_0: BW utilization 83% (8015 reads, 0 writes)
[2026-03-13 01:44:12.342] [info] HBM2-CH_0: BW utilization 83% (7992 reads, 0 writes)
[2026-03-13 01:44:15.461] [info] HBM2-CH_0: BW utilization 83% (7980 reads, 0 writes)
[2026-03-13 01:44:18.506] [info] HBM2-CH_0: BW utilization 83% (7995 reads, 0 writes)
[2026-03-13 01:44:21.454] [info] HBM2-CH_0: BW utilization 83% (8007 reads, 0 writes)
[2026-03-13 01:44:24.393] [info] HBM2-CH_0: BW utilization 83% (8037 reads, 0 writes)
[2026-03-13 01:44:27.271] [info] HBM2-CH_0: BW utilization 83% (7995 reads, 0 writes)
[2026-03-13 01:44:30.160] [info] HBM2-CH_0: BW utilization 83% (7997 reads, 0 writes)
[2026-03-13 01:44:32.928] [info] HBM2-CH_0: BW utilization 82% (7957 reads, 0 writes)
[2026-03-13 01:44:35.700] [info] HBM2-CH_0: BW utilization 83% (8034 reads, 0 writes)
[2026-03-13 01:44:38.402] [info] HBM2-CH_0: BW utilization 82% (7956 reads, 0 writes)
[2026-03-13 01:44:41.128] [info] HBM2-CH_0: BW utilization 83% (8032 reads, 0 writes)
[2026-03-13 01:44:43.740] [info] HBM2-CH_0: BW utilization 82% (7957 reads, 0 writes)
[2026-03-13 01:44:46.350] [info] HBM2-CH_0: BW utilization 83% (8018 reads, 0 writes)
[2026-03-13 01:44:48.871] [info] HBM2-CH_0: BW utilization 83% (8021 reads, 0 writes)
[2026-03-13 01:44:51.413] [info] HBM2-CH_0: BW utilization 82% (7961 reads, 0 writes)
[2026-03-13 01:44:53.851] [info] HBM2-CH_0: BW utilization 83% (8020 reads, 0 writes)
[2026-03-13 01:44:56.305] [info] HBM2-CH_0: BW utilization 83% (8001 reads, 0 writes)
[2026-03-13 01:44:58.664] [info] HBM2-CH_0: BW utilization 82% (7966 reads, 0 writes)
[2026-03-13 01:45:01.031] [info] HBM2-CH_0: BW utilization 83% (7993 reads, 0 writes)
[2026-03-13 01:45:03.326] [info] HBM2-CH_0: BW utilization 83% (7995 reads, 0 writes)
[2026-03-13 01:45:05.567] [info] HBM2-CH_0: BW utilization 83% (8044 reads, 0 writes)
[2026-03-13 01:45:07.809] [info] HBM2-CH_0: BW utilization 82% (7967 reads, 0 writes)
[2026-03-13 01:45:09.968] [info] HBM2-CH_0: BW utilization 83% (7985 reads, 0 writes)
[2026-03-13 01:45:12.135] [info] HBM2-CH_0: BW utilization 83% (7986 reads, 0 writes)
[2026-03-13 01:45:14.218] [info] HBM2-CH_0: BW utilization 83% (7999 reads, 0 writes)
[2026-03-13 01:45:16.273] [info] HBM2-CH_0: BW utilization 83% (8017 reads, 0 writes)
[2026-03-13 01:45:18.351] [info] HBM2-CH_0: BW utilization 83% (7976 reads, 0 writes)
[2026-03-13 01:45:20.316] [info] HBM2-CH_0: BW utilization 83% (8015 reads, 0 writes)
[2026-03-13 01:45:22.325] [info] HBM2-CH_0: BW utilization 83% (7989 reads, 0 writes)
[2026-03-13 01:45:24.258] [info] HBM2-CH_0: BW utilization 83% (7989 reads, 0 writes)
[2026-03-13 01:45:26.126] [info] HBM2-CH_0: BW utilization 83% (8010 reads, 0 writes)
[2026-03-13 01:45:28.001] [info] HBM2-CH_0: BW utilization 83% (7981 reads, 0 writes)
[2026-03-13 01:45:29.791] [info] HBM2-CH_0: BW utilization 83% (8002 reads, 0 writes)
[2026-03-13 01:45:31.544] [info] HBM2-CH_0: BW utilization 83% (8017 reads, 0 writes)
[2026-03-13 01:45:33.295] [info] HBM2-CH_0: BW utilization 83% (8021 reads, 0 writes)
[2026-03-13 01:45:34.971] [info] HBM2-CH_0: BW utilization 83% (7994 reads, 0 writes)
[2026-03-13 01:45:36.602] [info] HBM2-CH_0: BW utilization 82% (7950 reads, 0 writes)
[2026-03-13 01:45:38.211] [info] HBM2-CH_0: BW utilization 83% (8040 reads, 0 writes)
[2026-03-13 01:45:39.816] [info] HBM2-CH_0: BW utilization 83% (7970 reads, 0 writes)
[2026-03-13 01:45:41.358] [info] HBM2-CH_0: BW utilization 83% (8031 reads, 0 writes)
[2026-03-13 01:45:42.839] [info] HBM2-CH_0: BW utilization 82% (7949 reads, 0 writes)
[2026-03-13 01:45:44.339] [info] HBM2-CH_0: BW utilization 83% (8044 reads, 0 writes)
[2026-03-13 01:45:45.742] [info] HBM2-CH_0: BW utilization 83% (7998 reads, 0 writes)
[2026-03-13 01:45:47.106] [info] HBM2-CH_0: BW utilization 82% (7958 reads, 0 writes)
[2026-03-13 01:45:48.440] [info] HBM2-CH_0: BW utilization 83% (8015 reads, 0 writes)
[2026-03-13 01:45:49.777] [info] HBM2-CH_0: BW utilization 83% (8017 reads, 0 writes)
[2026-03-13 01:45:51.036] [info] HBM2-CH_0: BW utilization 83% (7973 reads, 0 writes)
[2026-03-13 01:45:52.238] [info] HBM2-CH_0: BW utilization 83% (7997 reads, 0 writes)
[2026-03-13 01:45:53.429] [info] HBM2-CH_0: BW utilization 83% (7990 reads, 0 writes)
[2026-03-13 01:45:54.621] [info] HBM2-CH_0: BW utilization 83% (7987 reads, 0 writes)
[2026-03-13 01:45:55.751] [info] HBM2-CH_0: BW utilization 83% (8020 reads, 0 writes)
[2026-03-13 01:45:56.840] [info] HBM2-CH_0: BW utilization 82% (7963 reads, 0 writes)
[2026-03-13 01:45:57.868] [info] HBM2-CH_0: BW utilization 83% (8048 reads, 0 writes)
[2026-03-13 01:45:58.869] [info] HBM2-CH_0: BW utilization 83% (7998 reads, 0 writes)
[2026-03-13 01:45:59.866] [info] HBM2-CH_0: BW utilization 83% (7995 reads, 0 writes)
[2026-03-13 01:46:00.777] [info] HBM2-CH_0: BW utilization 83% (7991 reads, 0 writes)
[2026-03-13 01:46:01.651] [info] HBM2-CH_0: BW utilization 83% (7981 reads, 0 writes)
[2026-03-13 01:46:02.481] [info] HBM2-CH_0: BW utilization 83% (7978 reads, 0 writes)
[2026-03-13 01:46:03.277] [info] HBM2-CH_0: BW utilization 83% (8017 reads, 0 writes)
[2026-03-13 01:46:04.045] [info] HBM2-CH_0: BW utilization 83% (7991 reads, 0 writes)
[2026-03-13 01:46:04.752] [info] HBM2-CH_0: BW utilization 83% (7995 reads, 0 writes)
[2026-03-13 01:46:05.439] [info] HBM2-CH_0: BW utilization 83% (7985 reads, 0 writes)
[2026-03-13 01:46:06.101] [info] HBM2-CH_0: BW utilization 83% (8018 reads, 0 writes)
[2026-03-13 01:46:06.703] [info] HBM2-CH_0: BW utilization 83% (7973 reads, 0 writes)
[2026-03-13 01:46:07.258] [info] HBM2-CH_0: BW utilization 83% (8013 reads, 0 writes)
[2026-03-13 01:46:07.794] [info] HBM2-CH_0: BW utilization 83% (8022 reads, 0 writes)
[2026-03-13 01:46:08.256] [info] HBM2-CH_0: BW utilization 28% (2719 reads, 0 writes)
[2026-03-13 01:46:08.653] [info] HBM2-CH_0: BW utilization 0% (0 reads, 0 writes)
[2026-03-13 01:46:09.011] [info] HBM2-CH_0: BW utilization 0% (0 reads, 0 writes)
[2026-03-13 01:46:09.319] [info] HBM2-CH_0: BW utilization 0% (0 reads, 0 writes)
[2026-03-13 01:46:09.591] [info] HBM2-CH_0: BW utilization 0% (0 reads, 0 writes)
[2026-03-13 01:46:09.856] [info] HBM2-CH_0: BW utilization 0% (0 reads, 0 writes)
[2026-03-13 01:46:10.108] [info] HBM2-CH_0: BW utilization 0% (0 reads, 0 writes)
[2026-03-13 01:46:10.333] [info] HBM2-CH_0: BW utilization 0% (0 reads, 0 writes)
[2026-03-13 01:46:10.528] [info] HBM2-CH_0: BW utilization 0% (0 reads, 0 writes)
[2026-03-13 01:46:10.703] [info] HBM2-CH_0: BW utilization 0% (0 reads, 0 writes)
[2026-03-13 01:46:10.867] [info] HBM2-CH_0: BW utilization 0% (0 reads, 0 writes)
[2026-03-13 01:46:11.015] [info] HBM2-CH_0: BW utilization 0% (0 reads, 0 writes)
[2026-03-13 01:46:11.367] [info] HBM2-CH_0: BW utilization 21% (1682 reads, 356 writes)
[2026-03-13 01:46:12.965] [info] HBM2-CH_0: BW utilization 80% (7117 reads, 612 writes)
[2026-03-13 01:46:14.569] [info] HBM2-CH_0: BW utilization 85% (8116 reads, 120 writes)
[2026-03-13 01:46:16.114] [info] HBM2-CH_0: BW utilization 83% (7993 reads, 0 writes)
[2026-03-13 01:46:17.629] [info] HBM2-CH_0: BW utilization 83% (7992 reads, 0 writes)
[2026-03-13 01:46:19.250] [info] HBM2-CH_0: BW utilization 83% (7965 reads, 38 writes)
[2026-03-13 01:46:20.937] [info] HBM2-CH_0: BW utilization 83% (7900 reads, 76 writes)
[2026-03-13 01:46:22.564] [info] HBM2-CH_0: BW utilization 83% (7966 reads, 38 writes)
[2026-03-13 01:46:24.186] [info] HBM2-CH_0: BW utilization 83% (8009 reads, 0 writes)
[2026-03-13 01:46:25.808] [info] HBM2-CH_0: BW utilization 83% (7985 reads, 0 writes)
[2026-03-13 01:46:27.434] [info] HBM2-CH_0: BW utilization 83% (8002 reads, 0 writes)
[2026-03-13 01:46:29.057] [info] HBM2-CH_0: BW utilization 83% (7992 reads, 0 writes)
[2026-03-13 01:46:30.575] [info] HBM2-CH_0: BW utilization 83% (7983 reads, 0 writes)
[2026-03-13 01:46:32.072] [info] HBM2-CH_0: BW utilization 83% (7999 reads, 0 writes)
[2026-03-13 01:46:33.567] [info] HBM2-CH_0: BW utilization 83% (8000 reads, 0 writes)
[2026-03-13 01:46:35.060] [info] HBM2-CH_0: BW utilization 83% (7976 reads, 0 writes)
[2026-03-13 01:46:36.537] [info] HBM2-CH_0: BW utilization 83% (8028 reads, 0 writes)
[2026-03-13 01:46:37.972] [info] HBM2-CH_0: BW utilization 83% (7978 reads, 0 writes)
[2026-03-13 01:46:39.386] [info] HBM2-CH_0: BW utilization 83% (7988 reads, 0 writes)
[2026-03-13 01:46:40.771] [info] HBM2-CH_0: BW utilization 83% (8022 reads, 0 writes)
[2026-03-13 01:46:42.100] [info] HBM2-CH_0: BW utilization 83% (8008 reads, 0 writes)
[2026-03-13 01:46:43.347] [info] HBM2-CH_0: BW utilization 82% (7965 reads, 0 writes)
[2026-03-13 01:46:44.527] [info] HBM2-CH_0: BW utilization 83% (8013 reads, 0 writes)
[2026-03-13 01:46:45.660] [info] HBM2-CH_0: BW utilization 83% (8008 reads, 0 writes)
[2026-03-13 01:46:46.741] [info] HBM2-CH_0: BW utilization 83% (7971 reads, 38 writes)
[2026-03-13 01:46:47.807] [info] HBM2-CH_0: BW utilization 83% (7942 reads, 38 writes)
[2026-03-13 01:46:48.793] [info] HBM2-CH_0: BW utilization 83% (5477 reads, 2575 writes)
[2026-03-13 01:46:49.673] [info] HBM2-CH_0: BW utilization 82% (7667 reads, 299 writes)
[2026-03-13 01:46:50.511] [info] HBM2-CH_0: BW utilization 83% (7796 reads, 200 writes)
[2026-03-13 01:46:51.280] [info] HBM2-CH_0: BW utilization 83% (8005 reads, 25 writes)
[2026-03-13 01:46:51.931] [info] HBM2-CH_0: BW utilization 83% (7627 reads, 347 writes)
[2026-03-13 01:46:52.490] [info] HBM2-CH_0: BW utilization 82% (7791 reads, 162 writes)
[2026-03-13 01:46:52.959] [info] HBM2-CH_0: BW utilization 83% (8014 reads, 0 writes)
[2026-03-13 01:46:53.146] [info] HBM2-CH_0: BW utilization 31% (1104 reads, 1876 writes)
[2026-03-13 01:46:53.253] [info] HBM2-CH_0: BW utilization 0% (0 reads, 0 writes)
[2026-03-13 01:46:53.326] [info] Layer layer0.attn.QKVgen finish at 1828426
[2026-03-13 01:46:53.326] [info] Total compute time 1828426
[2026-03-13 01:46:53.326] [info] executable layer count 1
[2026-03-13 01:46:53.326] [info] Start layer layer0.attn.KVccat
[2026-03-13 01:46:53.326] [info] Layer layer0.attn.KVccat finish at 1828428
[2026-03-13 01:46:53.326] [info] Total compute time 2
[2026-03-13 01:46:53.326] [info] executable layer count 1
[2026-03-13 01:46:53.326] [info] Start layer layer0.attn.Attention.0
[2026-03-13 01:46:53.657] [info] HBM2-CH_0: BW utilization 29% (2799 reads, 0 writes)
[2026-03-13 01:46:54.650] [info] HBM2-CH_0: BW utilization 83% (7985 reads, 0 writes)
[2026-03-13 01:46:55.489] [info] HBM2-CH_0: BW utilization 82% (7957 reads, 0 writes)
[2026-03-13 01:46:55.994] [info] HBM2-CH_0: BW utilization 83% (7523 reads, 464 writes)
[2026-03-13 01:46:56.169] [info] Layer layer0.attn.Attention.0 finish at 1863223
[2026-03-13 01:46:56.169] [info] Total compute time 34795
[2026-03-13 01:46:56.169] [info] executable layer count 1
[2026-03-13 01:46:56.169] [info] Start layer layer0.attn.Atccat
[2026-03-13 01:46:56.169] [info] Layer layer0.attn.Atccat finish at 1863224
[2026-03-13 01:46:56.169] [info] Total compute time 1
[2026-03-13 01:46:56.169] [info] executable layer count 1
[2026-03-13 01:46:56.169] [info] Start layer layer0.attn.proj
[2026-03-13 01:46:56.171] [info] HBM2-CH_0: BW utilization 44% (0 reads, 4264 writes)
[2026-03-13 01:46:58.922] [info] HBM2-CH_0: BW utilization 83% (7997 reads, 0 writes)
[2026-03-13 01:47:02.055] [info] HBM2-CH_0: BW utilization 83% (7996 reads, 0 writes)
[2026-03-13 01:47:05.204] [info] HBM2-CH_0: BW utilization 83% (8005 reads, 0 writes)
[2026-03-13 01:47:08.296] [info] HBM2-CH_0: BW utilization 83% (7983 reads, 0 writes)
[2026-03-13 01:47:11.344] [info] HBM2-CH_0: BW utilization 83% (7989 reads, 0 writes)
[2026-03-13 01:47:14.376] [info] HBM2-CH_0: BW utilization 83% (8007 reads, 0 writes)
[2026-03-13 01:47:17.374] [info] HBM2-CH_0: BW utilization 83% (7997 reads, 0 writes)
[2026-03-13 01:47:20.333] [info] HBM2-CH_0: BW utilization 83% (7996 reads, 0 writes)
[2026-03-13 01:47:23.256] [info] HBM2-CH_0: BW utilization 83% (8002 reads, 0 writes)
[2026-03-13 01:47:26.146] [info] HBM2-CH_0: BW utilization 83% (8002 reads, 0 writes)
[2026-03-13 01:47:28.996] [info] HBM2-CH_0: BW utilization 83% (7979 reads, 0 writes)
[2026-03-13 01:47:31.829] [info] HBM2-CH_0: BW utilization 83% (8007 reads, 0 writes)
[2026-03-13 01:47:34.649] [info] HBM2-CH_0: BW utilization 83% (8008 reads, 0 writes)
[2026-03-13 01:47:37.466] [info] HBM2-CH_0: BW utilization 83% (7992 reads, 0 writes)
[2026-03-13 01:47:40.338] [info] HBM2-CH_0: BW utilization 83% (7971 reads, 0 writes)
[2026-03-13 01:47:43.155] [info] HBM2-CH_0: BW utilization 83% (7993 reads, 0 writes)
[2026-03-13 01:47:45.946] [info] HBM2-CH_0: BW utilization 83% (8012 reads, 0 writes)
[2026-03-13 01:47:48.719] [info] HBM2-CH_0: BW utilization 83% (7995 reads, 0 writes)
[2026-03-13 01:47:51.487] [info] HBM2-CH_0: BW utilization 83% (7989 reads, 0 writes)
[2026-03-13 01:47:54.232] [info] HBM2-CH_0: BW utilization 83% (7996 reads, 0 writes)
[2026-03-13 01:47:56.706] [info] HBM2-CH_0: BW utilization 83% (8020 reads, 0 writes)
[2026-03-13 01:47:59.024] [info] HBM2-CH_0: BW utilization 83% (7995 reads, 0 writes)
[2026-03-13 01:48:01.295] [info] HBM2-CH_0: BW utilization 83% (8000 reads, 0 writes)
[2026-03-13 01:48:03.560] [info] HBM2-CH_0: BW utilization 83% (7994 reads, 0 writes)
[2026-03-13 01:48:05.762] [info] HBM2-CH_0: BW utilization 83% (7999 reads, 0 writes)
[2026-03-13 01:48:07.929] [info] HBM2-CH_0: BW utilization 83% (7996 reads, 0 writes)
[2026-03-13 01:48:10.081] [info] HBM2-CH_0: BW utilization 83% (7997 reads, 0 writes)
[2026-03-13 01:48:12.196] [info] HBM2-CH_0: BW utilization 83% (7996 reads, 0 writes)
[2026-03-13 01:48:14.265] [info] HBM2-CH_0: BW utilization 83% (7990 reads, 0 writes)
[2026-03-13 01:48:16.317] [info] HBM2-CH_0: BW utilization 83% (8004 reads, 0 writes)
[2026-03-13 01:48:18.314] [info] HBM2-CH_0: BW utilization 83% (7997 reads, 0 writes)
[2026-03-13 01:48:20.287] [info] HBM2-CH_0: BW utilization 83% (7977 reads, 0 writes)
[2026-03-13 01:48:22.215] [info] HBM2-CH_0: BW utilization 83% (8015 reads, 0 writes)
[2026-03-13 01:48:24.108] [info] HBM2-CH_0: BW utilization 83% (7998 reads, 0 writes)
[2026-03-13 01:48:25.977] [info] HBM2-CH_0: BW utilization 82% (7963 reads, 0 writes)
[2026-03-13 01:48:27.806] [info] HBM2-CH_0: BW utilization 83% (8000 reads, 0 writes)
[2026-03-13 01:48:29.620] [info] HBM2-CH_0: BW utilization 83% (8026 reads, 0 writes)
[2026-03-13 01:48:31.401] [info] HBM2-CH_0: BW utilization 83% (8000 reads, 0 writes)
[2026-03-13 01:48:33.133] [info] HBM2-CH_0: BW utilization 82% (7961 reads, 0 writes)
[2026-03-13 01:48:34.829] [info] HBM2-CH_0: BW utilization 83% (8022 reads, 0 writes)
[2026-03-13 01:48:36.496] [info] HBM2-CH_0: BW utilization 83% (7968 reads, 0 writes)
[2026-03-13 01:48:38.124] [info] HBM2-CH_0: BW utilization 83% (8034 reads, 0 writes)
[2026-03-13 01:48:39.727] [info] HBM2-CH_0: BW utilization 83% (7999 reads, 0 writes)
[2026-03-13 01:48:41.293] [info] HBM2-CH_0: BW utilization 83% (7996 reads, 0 writes)
[2026-03-13 01:48:42.839] [info] HBM2-CH_0: BW utilization 83% (7997 reads, 0 writes)
[2026-03-13 01:48:44.358] [info] HBM2-CH_0: BW utilization 83% (7995 reads, 0 writes)
[2026-03-13 01:48:45.850] [info] HBM2-CH_0: BW utilization 83% (7998 reads, 0 writes)
[2026-03-13 01:48:47.292] [info] HBM2-CH_0: BW utilization 83% (7996 reads, 0 writes)
[2026-03-13 01:48:48.714] [info] HBM2-CH_0: BW utilization 82% (7967 reads, 0 writes)
[2026-03-13 01:48:50.090] [info] HBM2-CH_0: BW utilization 83% (8005 reads, 0 writes)
[2026-03-13 01:48:51.452] [info] HBM2-CH_0: BW utilization 83% (7991 reads, 0 writes)
[2026-03-13 01:48:52.807] [info] HBM2-CH_0: BW utilization 83% (8002 reads, 0 writes)
[2026-03-13 01:48:54.120] [info] HBM2-CH_0: BW utilization 83% (8021 reads, 0 writes)
[2026-03-13 01:48:55.368] [info] HBM2-CH_0: BW utilization 83% (7996 reads, 0 writes)
[2026-03-13 01:48:56.552] [info] HBM2-CH_0: BW utilization 83% (8000 reads, 0 writes)
[2026-03-13 01:48:57.699] [info] HBM2-CH_0: BW utilization 83% (7986 reads, 0 writes)
[2026-03-13 01:48:58.814] [info] HBM2-CH_0: BW utilization 83% (8004 reads, 0 writes)
[2026-03-13 01:48:59.878] [info] HBM2-CH_0: BW utilization 83% (7995 reads, 0 writes)
[2026-03-13 01:49:00.895] [info] HBM2-CH_0: BW utilization 83% (7997 reads, 0 writes)
[2026-03-13 01:49:01.875] [info] HBM2-CH_0: BW utilization 83% (7997 reads, 0 writes)
[2026-03-13 01:49:02.800] [info] HBM2-CH_0: BW utilization 83% (7996 reads, 0 writes)
[2026-03-13 01:49:03.699] [info] HBM2-CH_0: BW utilization 83% (7991 reads, 0 writes)
[2026-03-13 01:49:04.552] [info] HBM2-CH_0: BW utilization 83% (8004 reads, 0 writes)
[2026-03-13 01:49:05.351] [info] HBM2-CH_0: BW utilization 83% (7998 reads, 0 writes)
[2026-03-13 01:49:06.119] [info] HBM2-CH_0: BW utilization 82% (7956 reads, 0 writes)
[2026-03-13 01:49:06.819] [info] HBM2-CH_0: BW utilization 83% (8039 reads, 0 writes)
[2026-03-13 01:49:07.470] [info] HBM2-CH_0: BW utilization 83% (7991 reads, 0 writes)
[2026-03-13 01:49:08.090] [info] HBM2-CH_0: BW utilization 83% (7994 reads, 0 writes)
[2026-03-13 01:49:08.656] [info] HBM2-CH_0: BW utilization 83% (8004 reads, 0 writes)
[2026-03-13 01:49:09.200] [info] HBM2-CH_0: BW utilization 83% (7988 reads, 0 writes)
[2026-03-13 01:49:09.765] [info] HBM2-CH_0: BW utilization 83% (8005 reads, 0 writes)
[2026-03-13 01:49:10.273] [info] HBM2-CH_0: BW utilization 83% (7997 reads, 0 writes)
[2026-03-13 01:49:10.693] [info] HBM2-CH_0: BW utilization 83% (7998 reads, 0 writes)
[2026-03-13 01:49:11.093] [info] HBM2-CH_0: BW utilization 82% (7966 reads, 0 writes)
[2026-03-13 01:49:11.474] [info] HBM2-CH_0: BW utilization 83% (8000 reads, 0 writes)
[2026-03-13 01:49:11.821] [info] HBM2-CH_0: BW utilization 83% (8023 reads, 0 writes)
[2026-03-13 01:49:12.134] [info] HBM2-CH_0: BW utilization 83% (7996 reads, 0 writes)
[2026-03-13 01:49:12.400] [info] HBM2-CH_0: BW utilization 83% (7997 reads, 0 writes)
[2026-03-13 01:49:12.583] [info] HBM2-CH_0: BW utilization 83% (7998 reads, 0 writes)
[2026-03-13 01:49:12.692] [info] HBM2-CH_0: BW utilization 67% (6459 reads, 0 writes)
[2026-03-13 01:49:12.698] [info] Layer layer0.attn.proj finish at 2503546
[2026-03-13 01:49:12.698] [info] Total compute time 640322
[2026-03-13 01:49:12.698] [info] executable layer count 1
[2026-03-13 01:49:12.698] [info] Start layer layer0.attn.ln
[2026-03-13 01:49:12.706] [info] Layer layer0.attn.ln finish at 2504170
[2026-03-13 01:49:12.706] [info] Total compute time 624
[2026-03-13 01:49:12.706] [info] executable layer count 1
[2026-03-13 01:49:12.706] [info] Start layer layer0.ffn.fc1
[2026-03-13 01:49:14.708] [info] HBM2-CH_0: BW utilization 70% (6773 reads, 0 writes)
[2026-03-13 01:49:17.450] [info] HBM2-CH_0: BW utilization 83% (7999 reads, 0 writes)
[2026-03-13 01:49:20.156] [info] HBM2-CH_0: BW utilization 83% (7994 reads, 0 writes)
[2026-03-13 01:49:22.839] [info] HBM2-CH_0: BW utilization 83% (8011 reads, 0 writes)
[2026-03-13 01:49:25.494] [info] HBM2-CH_0: BW utilization 83% (7983 reads, 0 writes)
[2026-03-13 01:49:28.142] [info] HBM2-CH_0: BW utilization 83% (7993 reads, 0 writes)
[2026-03-13 01:49:30.757] [info] HBM2-CH_0: BW utilization 83% (8001 reads, 0 writes)
[2026-03-13 01:49:33.456] [info] HBM2-CH_0: BW utilization 83% (7997 reads, 0 writes)
[2026-03-13 01:49:36.104] [info] HBM2-CH_0: BW utilization 83% (7996 reads, 0 writes)
[2026-03-13 01:49:38.709] [info] HBM2-CH_0: BW utilization 83% (8002 reads, 0 writes)
[2026-03-13 01:49:41.256] [info] HBM2-CH_0: BW utilization 83% (8010 reads, 0 writes)
[2026-03-13 01:49:44.235] [info] HBM2-CH_0: BW utilization 83% (7989 reads, 0 writes)
[2026-03-13 01:49:47.030] [info] HBM2-CH_0: BW utilization 83% (7992 reads, 0 writes)
[2026-03-13 01:49:49.526] [info] HBM2-CH_0: BW utilization 83% (7993 reads, 0 writes)
[2026-03-13 01:49:51.967] [info] HBM2-CH_0: BW utilization 83% (8005 reads, 0 writes)
[2026-03-13 01:49:54.467] [info] HBM2-CH_0: BW utilization 83% (7977 reads, 0 writes)
[2026-03-13 01:49:56.889] [info] HBM2-CH_0: BW utilization 83% (8008 reads, 0 writes)
[2026-03-13 01:49:59.527] [info] HBM2-CH_0: BW utilization 83% (7996 reads, 0 writes)
[2026-03-13 01:50:02.217] [info] HBM2-CH_0: BW utilization 83% (8008 reads, 0 writes)
[2026-03-13 01:50:04.853] [info] HBM2-CH_0: BW utilization 83% (7997 reads, 0 writes)
[2026-03-13 01:50:07.442] [info] HBM2-CH_0: BW utilization 83% (7998 reads, 0 writes)
[2026-03-13 01:50:09.768] [info] HBM2-CH_0: BW utilization 83% (8000 reads, 0 writes)
[2026-03-13 01:50:11.791] [info] HBM2-CH_0: BW utilization 83% (7995 reads, 0 writes)
[2026-03-13 01:50:13.784] [info] HBM2-CH_0: BW utilization 83% (7995 reads, 0 writes)
[2026-03-13 01:50:15.793] [info] HBM2-CH_0: BW utilization 83% (8000 reads, 0 writes)
[2026-03-13 01:50:17.689] [info] HBM2-CH_0: BW utilization 83% (7995 reads, 0 writes)
[2026-03-13 01:50:19.556] [info] HBM2-CH_0: BW utilization 83% (7999 reads, 0 writes)
[2026-03-13 01:50:21.421] [info] HBM2-CH_0: BW utilization 83% (7996 reads, 0 writes)
[2026-03-13 01:50:23.243] [info] HBM2-CH_0: BW utilization 83% (7995 reads, 0 writes)
[2026-03-13 01:50:25.025] [info] HBM2-CH_0: BW utilization 83% (8000 reads, 0 writes)
[2026-03-13 01:50:26.786] [info] HBM2-CH_0: BW utilization 83% (7997 reads, 0 writes)
[2026-03-13 01:50:28.474] [info] HBM2-CH_0: BW utilization 83% (7997 reads, 0 writes)
[2026-03-13 01:50:30.129] [info] HBM2-CH_0: BW utilization 83% (7996 reads, 0 writes)
[2026-03-13 01:50:31.795] [info] HBM2-CH_0: BW utilization 83% (7993 reads, 0 writes)
[2026-03-13 01:50:33.361] [info] HBM2-CH_0: BW utilization 83% (7998 reads, 0 writes)
[2026-03-13 01:50:34.884] [info] HBM2-CH_0: BW utilization 83% (7998 reads, 0 writes)
[2026-03-13 01:50:36.401] [info] HBM2-CH_0: BW utilization 83% (7997 reads, 0 writes)
[2026-03-13 01:50:37.811] [info] HBM2-CH_0: BW utilization 83% (7996 reads, 0 writes)
[2026-03-13 01:50:39.172] [info] HBM2-CH_0: BW utilization 83% (7996 reads, 0 writes)
[2026-03-13 01:50:40.518] [info] HBM2-CH_0: BW utilization 83% (8000 reads, 0 writes)
[2026-03-13 01:50:41.845] [info] HBM2-CH_0: BW utilization 83% (7993 reads, 0 writes)
[2026-03-13 01:50:43.098] [info] HBM2-CH_0: BW utilization 83% (7977 reads, 0 writes)
[2026-03-13 01:50:44.313] [info] HBM2-CH_0: BW utilization 83% (8018 reads, 0 writes)
[2026-03-13 01:50:45.470] [info] HBM2-CH_0: BW utilization 83% (7996 reads, 0 writes)
[2026-03-13 01:50:46.640] [info] HBM2-CH_0: BW utilization 83% (7998 reads, 0 writes)
[2026-03-13 01:50:47.745] [info] HBM2-CH_0: BW utilization 83% (7995 reads, 0 writes)
[2026-03-13 01:50:48.807] [info] HBM2-CH_0: BW utilization 82% (7953 reads, 0 writes)
[2026-03-13 01:50:49.830] [info] HBM2-CH_0: BW utilization 83% (8041 reads, 0 writes)
[2026-03-13 01:50:50.844] [info] HBM2-CH_0: BW utilization 83% (7999 reads, 0 writes)
[2026-03-13 01:50:51.847] [info] HBM2-CH_0: BW utilization 83% (7997 reads, 0 writes)
[2026-03-13 01:50:52.803] [info] HBM2-CH_0: BW utilization 83% (7994 reads, 0 writes)
[2026-03-13 01:50:53.700] [info] HBM2-CH_0: BW utilization 82% (7949 reads, 0 writes)
[2026-03-13 01:50:54.592] [info] HBM2-CH_0: BW utilization 83% (8046 reads, 0 writes)
[2026-03-13 01:50:55.434] [info] HBM2-CH_0: BW utilization 82% (7957 reads, 0 writes)
[2026-03-13 01:50:56.261] [info] HBM2-CH_0: BW utilization 83% (8038 reads, 0 writes)
[2026-03-13 01:50:57.025] [info] HBM2-CH_0: BW utilization 83% (7996 reads, 0 writes)
[2026-03-13 01:50:57.777] [info] HBM2-CH_0: BW utilization 83% (7998 reads, 0 writes)
[2026-03-13 01:50:58.469] [info] HBM2-CH_0: BW utilization 83% (7996 reads, 0 writes)
[2026-03-13 01:50:59.121] [info] HBM2-CH_0: BW utilization 83% (7994 reads, 0 writes)
[2026-03-13 01:50:59.759] [info] HBM2-CH_0: BW utilization 83% (8001 reads, 0 writes)
[2026-03-13 01:51:00.340] [info] HBM2-CH_0: BW utilization 83% (7973 reads, 0 writes)
[2026-03-13 01:51:00.931] [info] HBM2-CH_0: BW utilization 83% (8007 reads, 0 writes)
[2026-03-13 01:51:01.438] [info] HBM2-CH_0: BW utilization 83% (7995 reads, 0 writes)
[2026-03-13 01:51:01.937] [info] HBM2-CH_0: BW utilization 83% (8009 reads, 0 writes)
[2026-03-13 01:51:02.441] [info] HBM2-CH_0: BW utilization 82% (7964 reads, 0 writes)
[2026-03-13 01:51:02.798] [info] HBM2-CH_0: BW utilization 83% (8029 reads, 0 writes)
[2026-03-13 01:51:03.044] [info] HBM2-CH_0: BW utilization 83% (7999 reads, 0 writes)
[2026-03-13 01:51:03.287] [info] HBM2-CH_0: BW utilization 83% (7998 reads, 0 writes)
[2026-03-13 01:51:03.516] [info] HBM2-CH_0: BW utilization 83% (7975 reads, 0 writes)
[2026-03-13 01:51:03.749] [info] HBM2-CH_0: BW utilization 83% (7987 reads, 0 writes)
[2026-03-13 01:51:03.970] [info] HBM2-CH_0: BW utilization 83% (8026 reads, 0 writes)
[2026-03-13 01:51:04.183] [info] HBM2-CH_0: BW utilization 83% (7998 reads, 0 writes)
[2026-03-13 01:51:04.385] [info] HBM2-CH_0: BW utilization 83% (7983 reads, 0 writes)
[2026-03-13 01:51:04.580] [info] HBM2-CH_0: BW utilization 83% (8011 reads, 0 writes)
[2026-03-13 01:51:04.748] [info] HBM2-CH_0: BW utilization 83% (7995 reads, 0 writes)
[2026-03-13 01:51:04.852] [info] Layer layer0.ffn.fc1 finish at 3109019
[2026-03-13 01:51:04.852] [info] Total compute time 604849
[2026-03-13 01:51:04.852] [info] executable layer count 1
[2026-03-13 01:51:04.852] [info] Start layer layer0.ffn.act
[2026-03-13 01:51:04.866] [info] Layer layer0.ffn.act finish at 3109468
[2026-03-13 01:51:04.866] [info] Total compute time 449
[2026-03-13 01:51:04.866] [info] executable layer count 1
[2026-03-13 01:51:04.866] [info] Start layer layer0.ffn.fc2
[2026-03-13 01:51:05.041] [info] HBM2-CH_0: BW utilization 70% (5467 reads, 1262 writes)
[2026-03-13 01:51:06.221] [info] HBM2-CH_0: BW utilization 83% (5659 reads, 2318 writes)
[2026-03-13 01:51:07.243] [info] HBM2-CH_0: BW utilization 83% (6450 reads, 1585 writes)
[2026-03-13 01:51:08.128] [info] HBM2-CH_0: BW utilization 83% (7623 reads, 351 writes)
[2026-03-13 01:51:08.793] [info] HBM2-CH_0: BW utilization 83% (8001 reads, 0 writes)
[2026-03-13 01:51:09.375] [info] HBM2-CH_0: BW utilization 83% (7996 reads, 0 writes)
[2026-03-13 01:51:09.897] [info] HBM2-CH_0: BW utilization 83% (7994 reads, 0 writes)
[2026-03-13 01:51:10.355] [info] HBM2-CH_0: BW utilization 83% (7996 reads, 0 writes)
[2026-03-13 01:51:11.350] [info] HBM2-CH_0: BW utilization 83% (6704 reads, 1335 writes)
[2026-03-13 01:51:11.871] [info] HBM2-CH_0: BW utilization 83% (6681 reads, 1293 writes)
[2026-03-13 01:51:11.999] [info] Layer layer0.ffn.fc2 finish at 3185375
[2026-03-13 01:51:11.999] [info] Total compute time 75907
[2026-03-13 01:51:11.999] [info] executable layer count 1
[2026-03-13 01:51:11.999] [info] Start layer layer0.ffn.ln
[2026-03-13 01:51:12.020] [info] Layer layer0.ffn.ln finish at 3185999
[2026-03-13 01:51:12.020] [info] Total compute time 624
[2026-03-13 01:51:12.020] [info] Model[sample] Request: 0 us, Start: 0 us, finish:3186 us, Current Cycle:3185999
[2026-03-13 01:51:12.020] [info] Request 0 completed in 3185999 cycles
[2026-03-13 01:51:12.020] [info] No total_seq_len!
[2026-03-13 01:51:12.020] [info] Simulation Finished at 3186032 cycle 3186 us
Frontend:
  impl: GEM5

[2026-03-13 01:51:12.020] [info] Row hits: 2982679, Row misses: 1290, Row conflicts: 73545
MemorySystem:
  impl: GenericDRAM
  total_num_other_requests: 0
  total_num_write_requests: 19784
  total_num_read_requests: 3037730
  memory_system_cycles: 3824768
  DRAM:
    impl: HBM2
  AddrMapper:
    impl: RoBaRaCoCh
  Controller:
    impl: Generic
    id: Channel 0
    Scheduler:
      impl: FRFCFS
    RefreshManager:
      impl: AllBank



[2026-03-13 01:51:12.020] [info] HBM2-CH_0: avg BW utilization 79% (3037730 reads, 19784 writes)
Frontend:
  impl: GEM5

[2026-03-13 01:51:12.020] [info] Row hits: 3002266, Row misses: 1676, Row conflicts: 74979
MemorySystem:
  impl: GenericDRAM
  total_num_other_requests: 0
  total_num_write_requests: 21613
  total_num_read_requests: 3057308
  memory_system_cycles: 3824768
  DRAM:
    impl: HBM2
  AddrMapper:
    impl: RoBaRaCoCh
  Controller:
    impl: Generic
    id: Channel 0
    Scheduler:
      impl: FRFCFS
    RefreshManager:
      impl: AllBank



Frontend:
  impl: GEM5

[2026-03-13 01:51:12.020] [info] Row hits: 2903453, Row misses: 1371, Row conflicts: 71752
MemorySystem:
  impl: GenericDRAM
  total_num_other_requests: 0
  total_num_write_requests: 21078
  total_num_read_requests: 2955498
  memory_system_cycles: 3824768
  DRAM:
    impl: HBM2
  AddrMapper:
    impl: RoBaRaCoCh
  Controller:
    impl: Generic
    id: Channel 0
    Scheduler:
      impl: FRFCFS
    RefreshManager:
      impl: AllBank



Frontend:
  impl: GEM5

[2026-03-13 01:51:12.021] [info] Row hits: 3043854, Row misses: 1863, Row conflicts: 82544
MemorySystem:
  impl: GenericDRAM
  total_num_other_requests: 0
  total_num_write_requests: 19212
  total_num_read_requests: 3109049
  memory_system_cycles: 3824768
  DRAM:
    impl: HBM2
  AddrMapper:
    impl: RoBaRaCoCh
  Controller:
    impl: Generic
    id: Channel 0
    Scheduler:
      impl: FRFCFS
    RefreshManager:
      impl: AllBank



Frontend:
  impl: GEM5

[2026-03-13 01:51:12.021] [info] Row hits: 2950871, Row misses: 2023, Row conflicts: 79790
MemorySystem:
  impl: GenericDRAM
  total_num_other_requests: 0
  total_num_write_requests: 20073
  total_num_read_requests: 3012611
  memory_system_cycles: 3824768
  DRAM:
    impl: HBM2
  AddrMapper:
    impl: RoBaRaCoCh
  Controller:
    impl: Generic
    id: Channel 0
    Scheduler:
      impl: FRFCFS
    RefreshManager:
      impl: AllBank



Frontend:
  impl: GEM5

[2026-03-13 01:51:12.021] [info] Row hits: 3011266, Row misses: 1842, Row conflicts: 94181
MemorySystem:
  impl: GenericDRAM
  total_num_other_requests: 0
  total_num_write_requests: 22101
  total_num_read_requests: 3085188
  memory_system_cycles: 3824768
  DRAM:
    impl: HBM2
  AddrMapper:
    impl: RoBaRaCoCh
  Controller:
    impl: Generic
    id: Channel 0
    Scheduler:
      impl: FRFCFS
    RefreshManager:
      impl: AllBank



Frontend:
  impl: GEM5

[2026-03-13 01:51:12.021] [info] Row hits: 3052867, Row misses: 1563, Row conflicts: 89570
MemorySystem:
  impl: GenericDRAM
  total_num_other_requests: 0
  total_num_write_requests: 20654
  total_num_read_requests: 3123346
  memory_system_cycles: 3824768
  DRAM:
    impl: HBM2
  AddrMapper:
    impl: RoBaRaCoCh
  Controller:
    impl: Generic
    id: Channel 0
    Scheduler:
      impl: FRFCFS
    RefreshManager:
      impl: AllBank



Frontend:
  impl: GEM5

[2026-03-13 01:51:12.021] [info] Row hits: 2978418, Row misses: 1734, Row conflicts: 78684
MemorySystem:
  impl: GenericDRAM
  total_num_other_requests: 0
  total_num_write_requests: 20558
  total_num_read_requests: 3038278
  memory_system_cycles: 3824768
  DRAM:
    impl: HBM2
  AddrMapper:
    impl: RoBaRaCoCh
  Controller:
    impl: Generic
    id: Channel 0
    Scheduler:
      impl: FRFCFS
    RefreshManager:
      impl: AllBank



Frontend:
  impl: GEM5

[2026-03-13 01:51:12.021] [info] Row hits: 2871746, Row misses: 1221, Row conflicts: 76245
MemorySystem:
  impl: GenericDRAM
  total_num_other_requests: 0
  total_num_write_requests: 18763
  total_num_read_requests: 2930449
  memory_system_cycles: 3824768
  DRAM:
    impl: HBM2
  AddrMapper:
    impl: RoBaRaCoCh
  Controller:
    impl: Generic
    id: Channel 0
    Scheduler:
      impl: FRFCFS
    RefreshManager:
      impl: AllBank



Frontend:
  impl: GEM5

[2026-03-13 01:51:12.021] [info] Row hits: 3010074, Row misses: 1292, Row conflicts: 75853
MemorySystem:
  impl: GenericDRAM
  total_num_other_requests: 0
  total_num_write_requests: 19057
  total_num_read_requests: 3068162
  memory_system_cycles: 3824768
  DRAM:
    impl: HBM2
  AddrMapper:
    impl: RoBaRaCoCh
  Controller:
    impl: Generic
    id: Channel 0
    Scheduler:
      impl: FRFCFS
    RefreshManager:
      impl: AllBank



Frontend:
  impl: GEM5

[2026-03-13 01:51:12.021] [info] Row hits: 2992917, Row misses: 1583, Row conflicts: 73727
MemorySystem:
  impl: GenericDRAM
  total_num_other_requests: 0
  total_num_write_requests: 19595
  total_num_read_requests: 3048632
  memory_system_cycles: 3824768
  DRAM:
    impl: HBM2
  AddrMapper:
    impl: RoBaRaCoCh
  Controller:
    impl: Generic
    id: Channel 0
    Scheduler:
      impl: FRFCFS
    RefreshManager:
      impl: AllBank



Frontend:
  impl: GEM5

[2026-03-13 01:51:12.021] [info] Row hits: 2992260, Row misses: 1588, Row conflicts: 79728
MemorySystem:
  impl: GenericDRAM
  total_num_other_requests: 0
  total_num_write_requests: 20627
  total_num_read_requests: 3052949
  memory_system_cycles: 3824768
  DRAM:
    impl: HBM2
  AddrMapper:
    impl: RoBaRaCoCh
  Controller:
    impl: Generic
    id: Channel 0
    Scheduler:
      impl: FRFCFS
    RefreshManager:
      impl: AllBank



Frontend:
  impl: GEM5

[2026-03-13 01:51:12.021] [info] Row hits: 2985486, Row misses: 1801, Row conflicts: 82082
MemorySystem:
  impl: GenericDRAM
  total_num_other_requests: 0
  total_num_write_requests: 18757
  total_num_read_requests: 3050612
  memory_system_cycles: 3824768
  DRAM:
    impl: HBM2
  AddrMapper:
    impl: RoBaRaCoCh
  Controller:
    impl: Generic
    id: Channel 0
    Scheduler:
      impl: FRFCFS
    RefreshManager:
      impl: AllBank



Frontend:
  impl: GEM5

[2026-03-13 01:51:12.021] [info] Row hits: 2888834, Row misses: 1252, Row conflicts: 69026
MemorySystem:
  impl: GenericDRAM
  total_num_other_requests: 0
  total_num_write_requests: 18265
  total_num_read_requests: 2940847
  memory_system_cycles: 3824768
  DRAM:
    impl: HBM2
  AddrMapper:
    impl: RoBaRaCoCh
  Controller:
    impl: Generic
    id: Channel 0
    Scheduler:
      impl: FRFCFS
    RefreshManager:
      impl: AllBank



Frontend:
  impl: GEM5

[2026-03-13 01:51:12.021] [info] Row hits: 2914466, Row misses: 1571, Row conflicts: 74637
MemorySystem:
  impl: GenericDRAM
  total_num_other_requests: 0
  total_num_write_requests: 17892
  total_num_read_requests: 2972782
  memory_system_cycles: 3824768
  DRAM:
    impl: HBM2
  AddrMapper:
    impl: RoBaRaCoCh
  Controller:
    impl: Generic
    id: Channel 0
    Scheduler:
      impl: FRFCFS
    RefreshManager:
      impl: AllBank



Frontend:
  impl: GEM5

[2026-03-13 01:51:12.021] [info] Row hits: 2952153, Row misses: 1603, Row conflicts: 80242
MemorySystem:
  impl: GenericDRAM
  total_num_other_requests: 0
  total_num_write_requests: 18635
  total_num_read_requests: 3015363
  memory_system_cycles: 3824768
  DRAM:
    impl: HBM2
  AddrMapper:
    impl: RoBaRaCoCh
  Controller:
    impl: Generic
    id: Channel 0
    Scheduler:
      impl: FRFCFS
    RefreshManager:
      impl: AllBank



[2026-03-13 01:51:12.021] [info] ===== L2 BANK 0 =====
[2026-03-13 01:51:12.021] [info]   Total cycles  : 3824768
[2026-03-13 01:51:12.021] [info]   Hits          : 6397
[2026-03-13 01:51:12.021] [info]   Misses        : 7292
[2026-03-13 01:51:12.021] [info]   Hit rate      : 0.4673
[2026-03-13 01:51:12.021] [info]   Read hits     : 4632
[2026-03-13 01:51:12.021] [info]   Write hits    : 1765
[2026-03-13 01:51:12.021] [info]   Evictions     : 102
[2026-03-13 01:51:12.021] [info]   Writebacks    : 0
[2026-03-13 01:51:12.021] [info]   Bypasses      : 0
[2026-03-13 01:51:12.021] [info]   Pending objs  : 0
[2026-03-13 01:51:12.021] [info]   Cache used    : 4194304/4194304 B (100.0%)
[2026-03-13 01:51:12.021] [info] ===== L2 BANK 1 =====
[2026-03-13 01:51:12.021] [info]   Total cycles  : 3824768
[2026-03-13 01:51:12.021] [info]   Hits          : 6318
[2026-03-13 01:51:12.021] [info]   Misses        : 7368
[2026-03-13 01:51:12.021] [info]   Hit rate      : 0.4616
[2026-03-13 01:51:12.021] [info]   Read hits     : 4576
[2026-03-13 01:51:12.021] [info]   Write hits    : 1742
[2026-03-13 01:51:12.021] [info]   Evictions     : 108
[2026-03-13 01:51:12.021] [info]   Writebacks    : 0
[2026-03-13 01:51:12.021] [info]   Bypasses      : 0
[2026-03-13 01:51:12.021] [info]   Pending objs  : 0
[2026-03-13 01:51:12.021] [info]   Cache used    : 4194304/4194304 B (100.0%)
[2026-03-13 01:51:12.021] [info] ===== L2 BANK 2 =====
[2026-03-13 01:51:12.021] [info]   Total cycles  : 3824768
[2026-03-13 01:51:12.021] [info]   Hits          : 6578
[2026-03-13 01:51:12.021] [info]   Misses        : 7105
[2026-03-13 01:51:12.021] [info]   Hit rate      : 0.4807
[2026-03-13 01:51:12.021] [info]   Read hits     : 4833
[2026-03-13 01:51:12.021] [info]   Write hits    : 1745
[2026-03-13 01:51:12.021] [info]   Evictions     : 108
[2026-03-13 01:51:12.021] [info]   Writebacks    : 0
[2026-03-13 01:51:12.021] [info]   Bypasses      : 0
[2026-03-13 01:51:12.021] [info]   Pending objs  : 0
[2026-03-13 01:51:12.021] [info]   Cache used    : 4194304/4194304 B (100.0%)
[2026-03-13 01:51:12.021] [info] ===== L2 BANK 3 =====
[2026-03-13 01:51:12.021] [info]   Total cycles  : 3824768
[2026-03-13 01:51:12.021] [info]   Hits          : 6222
[2026-03-13 01:51:12.021] [info]   Misses        : 7465
[2026-03-13 01:51:12.021] [info]   Hit rate      : 0.4546
[2026-03-13 01:51:12.021] [info]   Read hits     : 4453
[2026-03-13 01:51:12.021] [info]   Write hits    : 1769
[2026-03-13 01:51:12.021] [info]   Evictions     : 102
[2026-03-13 01:51:12.021] [info]   Writebacks    : 0
[2026-03-13 01:51:12.021] [info]   Bypasses      : 0
[2026-03-13 01:51:12.021] [info]   Pending objs  : 0
[2026-03-13 01:51:12.021] [info]   Cache used    : 4194304/4194304 B (100.0%)
[2026-03-13 01:51:12.021] [info] ===== L2 BANK 4 =====
[2026-03-13 01:51:12.021] [info]   Total cycles  : 3824768
[2026-03-13 01:51:12.021] [info]   Hits          : 6463
[2026-03-13 01:51:12.021] [info]   Misses        : 7223
[2026-03-13 01:51:12.021] [info]   Hit rate      : 0.4722
[2026-03-13 01:51:12.021] [info]   Read hits     : 4704
[2026-03-13 01:51:12.021] [info]   Write hits    : 1759
[2026-03-13 01:51:12.021] [info]   Evictions     : 108
[2026-03-13 01:51:12.021] [info]   Writebacks    : 0
[2026-03-13 01:51:12.021] [info]   Bypasses      : 0
[2026-03-13 01:51:12.021] [info]   Pending objs  : 0
[2026-03-13 01:51:12.021] [info]   Cache used    : 4194304/4194304 B (100.0%)
[2026-03-13 01:51:12.021] [info] ===== L2 BANK 5 =====
[2026-03-13 01:51:12.021] [info]   Total cycles  : 3824768
[2026-03-13 01:51:12.021] [info]   Hits          : 6231
[2026-03-13 01:51:12.021] [info]   Misses        : 7456
[2026-03-13 01:51:12.021] [info]   Hit rate      : 0.4552
[2026-03-13 01:51:12.021] [info]   Read hits     : 4498
[2026-03-13 01:51:12.021] [info]   Write hits    : 1733
[2026-03-13 01:51:12.021] [info]   Evictions     : 102
[2026-03-13 01:51:12.021] [info]   Writebacks    : 0
[2026-03-13 01:51:12.021] [info]   Bypasses      : 0
[2026-03-13 01:51:12.021] [info]   Pending objs  : 0
[2026-03-13 01:51:12.021] [info]   Cache used    : 4194304/4194304 B (100.0%)
[2026-03-13 01:51:12.021] [info] ===== L2 BANK 6 =====
[2026-03-13 01:51:12.021] [info]   Total cycles  : 3824768
[2026-03-13 01:51:12.021] [info]   Hits          : 6155
[2026-03-13 01:51:12.021] [info]   Misses        : 7525
[2026-03-13 01:51:12.021] [info]   Hit rate      : 0.4499
[2026-03-13 01:51:12.021] [info]   Read hits     : 4409
[2026-03-13 01:51:12.021] [info]   Write hits    : 1746
[2026-03-13 01:51:12.021] [info]   Evictions     : 102
[2026-03-13 01:51:12.021] [info]   Writebacks    : 0
[2026-03-13 01:51:12.021] [info]   Bypasses      : 0
[2026-03-13 01:51:12.021] [info]   Pending objs  : 0
[2026-03-13 01:51:12.021] [info]   Cache used    : 4194304/4194304 B (100.0%)
[2026-03-13 01:51:12.021] [info] ===== L2 BANK 7 =====
[2026-03-13 01:51:12.021] [info]   Total cycles  : 3824768
[2026-03-13 01:51:12.021] [info]   Hits          : 6373
[2026-03-13 01:51:12.021] [info]   Misses        : 7310
[2026-03-13 01:51:12.021] [info]   Hit rate      : 0.4658
[2026-03-13 01:51:12.021] [info]   Read hits     : 4623
[2026-03-13 01:51:12.021] [info]   Write hits    : 1750
[2026-03-13 01:51:12.021] [info]   Evictions     : 108
[2026-03-13 01:51:12.021] [info]   Writebacks    : 0
[2026-03-13 01:51:12.021] [info]   Bypasses      : 0
[2026-03-13 01:51:12.021] [info]   Pending objs  : 0
[2026-03-13 01:51:12.021] [info]   Cache used    : 4194304/4194304 B (100.0%)
[2026-03-13 01:51:12.021] [info] ===== L2 BANK 8 =====
[2026-03-13 01:51:12.021] [info]   Total cycles  : 3824768
[2026-03-13 01:51:12.021] [info]   Hits          : 6670
[2026-03-13 01:51:12.021] [info]   Misses        : 7009
[2026-03-13 01:51:12.021] [info]   Hit rate      : 0.4876
[2026-03-13 01:51:12.021] [info]   Read hits     : 4899
[2026-03-13 01:51:12.021] [info]   Write hits    : 1771
[2026-03-13 01:51:12.021] [info]   Evictions     : 107
[2026-03-13 01:51:12.021] [info]   Writebacks    : 0
[2026-03-13 01:51:12.021] [info]   Bypasses      : 0
[2026-03-13 01:51:12.021] [info]   Pending objs  : 0
[2026-03-13 01:51:12.021] [info]   Cache used    : 4194304/4194304 B (100.0%)
[2026-03-13 01:51:12.021] [info] ===== L2 BANK 9 =====
[2026-03-13 01:51:12.021] [info]   Total cycles  : 3824768
[2026-03-13 01:51:12.021] [info]   Hits          : 6308
[2026-03-13 01:51:12.021] [info]   Misses        : 7372
[2026-03-13 01:51:12.021] [info]   Hit rate      : 0.4611
[2026-03-13 01:51:12.021] [info]   Read hits     : 4540
[2026-03-13 01:51:12.021] [info]   Write hits    : 1768
[2026-03-13 01:51:12.021] [info]   Evictions     : 100
[2026-03-13 01:51:12.021] [info]   Writebacks    : 0
[2026-03-13 01:51:12.021] [info]   Bypasses      : 0
[2026-03-13 01:51:12.021] [info]   Pending objs  : 0
[2026-03-13 01:51:12.021] [info]   Cache used    : 4194304/4194304 B (100.0%)
[2026-03-13 01:51:12.021] [info] ===== L2 BANK 10 =====
[2026-03-13 01:51:12.021] [info]   Total cycles  : 3824768
[2026-03-13 01:51:12.021] [info]   Hits          : 6358
[2026-03-13 01:51:12.021] [info]   Misses        : 7323
[2026-03-13 01:51:12.021] [info]   Hit rate      : 0.4647
[2026-03-13 01:51:12.021] [info]   Read hits     : 4594
[2026-03-13 01:51:12.021] [info]   Write hits    : 1764
[2026-03-13 01:51:12.021] [info]   Evictions     : 100
[2026-03-13 01:51:12.021] [info]   Writebacks    : 0
[2026-03-13 01:51:12.021] [info]   Bypasses      : 0
[2026-03-13 01:51:12.021] [info]   Pending objs  : 0
[2026-03-13 01:51:12.021] [info]   Cache used    : 4194304/4194304 B (100.0%)
[2026-03-13 01:51:12.021] [info] ===== L2 BANK 11 =====
[2026-03-13 01:51:12.021] [info]   Total cycles  : 3824768
[2026-03-13 01:51:12.021] [info]   Hits          : 6343
[2026-03-13 01:51:12.021] [info]   Misses        : 7341
[2026-03-13 01:51:12.021] [info]   Hit rate      : 0.4635
[2026-03-13 01:51:12.021] [info]   Read hits     : 4593
[2026-03-13 01:51:12.021] [info]   Write hits    : 1750
[2026-03-13 01:51:12.021] [info]   Evictions     : 107
[2026-03-13 01:51:12.021] [info]   Writebacks    : 0
[2026-03-13 01:51:12.021] [info]   Bypasses      : 0
[2026-03-13 01:51:12.021] [info]   Pending objs  : 0
[2026-03-13 01:51:12.021] [info]   Cache used    : 4194304/4194304 B (100.0%)
[2026-03-13 01:51:12.021] [info] ===== L2 BANK 12 =====
[2026-03-13 01:51:12.021] [info]   Total cycles  : 3824768
[2026-03-13 01:51:12.021] [info]   Hits          : 6364
[2026-03-13 01:51:12.021] [info]   Misses        : 7314
[2026-03-13 01:51:12.021] [info]   Hit rate      : 0.4653
[2026-03-13 01:51:12.021] [info]   Read hits     : 4594
[2026-03-13 01:51:12.021] [info]   Write hits    : 1770
[2026-03-13 01:51:12.021] [info]   Evictions     : 100
[2026-03-13 01:51:12.021] [info]   Writebacks    : 0
[2026-03-13 01:51:12.021] [info]   Bypasses      : 0
[2026-03-13 01:51:12.021] [info]   Pending objs  : 0
[2026-03-13 01:51:12.021] [info]   Cache used    : 4194304/4194304 B (100.0%)
[2026-03-13 01:51:12.021] [info] ===== L2 BANK 13 =====
[2026-03-13 01:51:12.021] [info]   Total cycles  : 3824768
[2026-03-13 01:51:12.021] [info]   Hits          : 6632
[2026-03-13 01:51:12.021] [info]   Misses        : 7048
[2026-03-13 01:51:12.021] [info]   Hit rate      : 0.4848
[2026-03-13 01:51:12.021] [info]   Read hits     : 4857
[2026-03-13 01:51:12.021] [info]   Write hits    : 1775
[2026-03-13 01:51:12.021] [info]   Evictions     : 106
[2026-03-13 01:51:12.021] [info]   Writebacks    : 0
[2026-03-13 01:51:12.021] [info]   Bypasses      : 0
[2026-03-13 01:51:12.021] [info]   Pending objs  : 0
[2026-03-13 01:51:12.021] [info]   Cache used    : 4194304/4194304 B (100.0%)
[2026-03-13 01:51:12.021] [info] ===== L2 BANK 14 =====
[2026-03-13 01:51:12.021] [info]   Total cycles  : 3824768
[2026-03-13 01:51:12.021] [info]   Hits          : 6574
[2026-03-13 01:51:12.021] [info]   Misses        : 7105
[2026-03-13 01:51:12.021] [info]   Hit rate      : 0.4806
[2026-03-13 01:51:12.021] [info]   Read hits     : 4794
[2026-03-13 01:51:12.021] [info]   Write hits    : 1780
[2026-03-13 01:51:12.021] [info]   Evictions     : 106
[2026-03-13 01:51:12.021] [info]   Writebacks    : 0
[2026-03-13 01:51:12.021] [info]   Bypasses      : 0
[2026-03-13 01:51:12.021] [info]   Pending objs  : 0
[2026-03-13 01:51:12.021] [info]   Cache used    : 4194304/4194304 B (100.0%)
[2026-03-13 01:51:12.021] [info] ===== L2 BANK 15 =====
[2026-03-13 01:51:12.021] [info]   Total cycles  : 3824768
[2026-03-13 01:51:12.021] [info]   Hits          : 6453
[2026-03-13 01:51:12.021] [info]   Misses        : 7231
[2026-03-13 01:51:12.021] [info]   Hit rate      : 0.4716
[2026-03-13 01:51:12.021] [info]   Read hits     : 4676
[2026-03-13 01:51:12.021] [info]   Write hits    : 1777
[2026-03-13 01:51:12.021] [info]   Evictions     : 100
[2026-03-13 01:51:12.021] [info]   Writebacks    : 0
[2026-03-13 01:51:12.021] [info]   Bypasses      : 0
[2026-03-13 01:51:12.021] [info]   Pending objs  : 0
[2026-03-13 01:51:12.021] [info]   Cache used    : 4194304/4194304 B (100.0%)
Object Size Histogram
51200 bytes : 6400  cumulative_bytes: 327680000
256 bytes : 160  cumulative_bytes: 327720960
131072 bytes : 77824  cumulative_bytes: 10528268288
20000 bytes : 1250  cumulative_bytes: 10553268288
9216 bytes : 2304  cumulative_bytes: 10574501952
20032 bytes : 1252  cumulative_bytes: 10599582016
25600 bytes : 19200  cumulative_bytes: 11091102016
65536 bytes : 8192  cumulative_bytes: 11627972928
126976 bytes : 3968  cumulative_bytes: 12131813696
19968 bytes : 1248  cumulative_bytes: 12156733760
102400 bytes : 64000  cumulative_bytes: 18710333760
17024 bytes : 9576  cumulative_bytes: 18873355584
13312 bytes : 23296  cumulative_bytes: 19183471936
1024 bytes : 256  cumulative_bytes: 19183734080
[2026-03-13 01:51:12.021] [info] Simulation time: 1040.430622 seconds
[2026-03-13 01:51:12.021] [info] no.of tiles :[1040.366957677]
[2026-03-13 01:51:12.021] [info] Total tile: 56, simulated tile per seconds(TPS): 0.053827
