[2026-03-31 21:28:42.974] [info] CPU 0: Partition 0
[2026-03-31 21:28:42.975] [info] CPU 1: Partition 0
[2026-03-31 21:28:42.975] [info] CPU 2: Partition 0
[2026-03-31 21:28:42.975] [info] CPU 3: Partition 0
[2026-03-31 21:28:42.975] [info] Running in default mode
[2026-03-31 21:28:42.975] [info] Simulator Configuration:
[2026-03-31 21:28:42.975] [info] [Core 0] Systolic Array Throughput: 131072 GFLOPS, Spad size: 32768 KB, Accumulator size: 4096 KB
[2026-03-31 21:28:42.975] [info] [Core 1] Systolic Array Throughput: 131072 GFLOPS, Spad size: 32768 KB, Accumulator size: 4096 KB
[2026-03-31 21:28:42.975] [info] [Core 2] Systolic Array Throughput: 131072 GFLOPS, Spad size: 32768 KB, Accumulator size: 4096 KB
[2026-03-31 21:28:42.975] [info] [Core 3] Systolic Array Throughput: 131072 GFLOPS, Spad size: 32768 KB, Accumulator size: 4096 KB
[2026-03-31 21:28:42.975] [info] DRAM Bandwidth 614 GB/s
[2026-03-31 21:28:42.975] [info] Ramulator2 config: ./configs/../configs/ramulator2_configs/HBM2.yaml
[2026-03-31 21:28:42.982] [info] Initialize SimpleInterconnect
[2026-03-31 21:28:42.984] [info] ICNT print interval: 8000 cycles
[2026-03-31 21:28:42.984] [info] num cores : [4]
[2026-03-31 21:28:42.984] [info] Register model: mamba-130m-s128-b2
[2026-03-31 21:28:42.984] [info] Model Name
[2026-03-31 21:28:43.030] [info] has_l2,[false]
[2026-03-31 21:28:43.030] [info] ======Start Simulation=====
[2026-03-31 21:28:43.030] [info] Model Name: mamba-130m-s128-b2 model started
[2026-03-31 21:28:43.084] [info] [GemmWs] Keys K = 768, N = 1, M = 3072
[2026-03-31 21:28:43.084] [info] [GemmWS]: total 0.0047216644 GFLOPs, 0.004732416 GB
[2026-03-31 21:28:43.084] [info] [GemmWS]: Theoretical time(ms): 0.007707518307142891 Compute time: 3.60234402307924e-05 Memory time: 0.007707518307142891
[2026-03-31 21:28:43.150] [info] [GemmWs] Keys K = 6144, N = 1, M = 1536
[2026-03-31 21:28:43.150] [info] [GemmWS]: total 0.018875906 GFLOPs, 0.018892799 GB
[2026-03-31 21:28:43.150] [info] [GemmWS]: Theoretical time(ms): 0.030770032026339322 Compute time: 0.00014401173586975347 Memory time: 0.030770032026339322
[2026-03-31 21:28:43.151] [info] [GemmWs] Keys K = 1536, N = 1, M = 80
[2026-03-31 21:28:43.151] [info] [GemmWS]: total 0.00024584 GFLOPs, 0.000249152 GB
[2026-03-31 21:28:43.151] [info] [GemmWS]: Theoretical time(ms): 0.0004057850446770317 Compute time: 1.8756103337125296e-06 Memory time: 0.0004057850446770317
[2026-03-31 21:28:43.151] [info] [GemmWs] Keys K = 16, N = 1, M = 1536
[2026-03-31 21:28:43.151] [info] [GemmWS]: total 5.0688e-05 GFLOPs, 5.5328e-05 GB
[2026-03-31 21:28:43.151] [info] [GemmWS]: Theoretical time(ms): 9.011075263742896e-05 Compute time: 3.867187403638894e-07 Memory time: 9.011075263742896e-05
[2026-03-31 21:28:43.159] [info] [GemmWs] Keys K = 1536, N = 1, M = 768
[2026-03-31 21:28:43.159] [info] [GemmWS]: total 0.0023600643 GFLOPs, 0.00236544 GB
[2026-03-31 21:28:43.159] [info] [GemmWS]: Theoretical time(ms): 0.003852508143609157 Compute time: 1.800586169053986e-05 Memory time: 0.003852508143609157
[2026-03-31 21:28:43.173] [info] [GemmWs] Keys K = 768, N = 1, M = 3072
[2026-03-31 21:28:43.173] [info] [GemmWS]: total 0.0047216644 GFLOPs, 0.004732416 GB
[2026-03-31 21:28:43.173] [info] [GemmWS]: Theoretical time(ms): 0.007707518307142891 Compute time: 3.60234402307924e-05 Memory time: 0.007707518307142891
[2026-03-31 21:28:43.247] [info] [GemmWs] Keys K = 6144, N = 1, M = 1536
[2026-03-31 21:28:43.247] [info] [GemmWS]: total 0.018875906 GFLOPs, 0.018892799 GB
[2026-03-31 21:28:43.247] [info] [GemmWS]: Theoretical time(ms): 0.030770032026339322 Compute time: 0.00014401173586975347 Memory time: 0.030770032026339322
[2026-03-31 21:28:43.249] [info] [GemmWs] Keys K = 1536, N = 1, M = 80
[2026-03-31 21:28:43.249] [info] [GemmWS]: total 0.00024584 GFLOPs, 0.000249152 GB
[2026-03-31 21:28:43.249] [info] [GemmWS]: Theoretical time(ms): 0.0004057850446770317 Compute time: 1.8756103337125296e-06 Memory time: 0.0004057850446770317
[2026-03-31 21:28:43.249] [info] [GemmWs] Keys K = 16, N = 1, M = 1536
[2026-03-31 21:28:43.249] [info] [GemmWS]: total 5.0688e-05 GFLOPs, 5.5328e-05 GB
[2026-03-31 21:28:43.249] [info] [GemmWS]: Theoretical time(ms): 9.011075263742896e-05 Compute time: 3.867187403638894e-07 Memory time: 9.011075263742896e-05
[2026-03-31 21:28:43.264] [info] [GemmWs] Keys K = 1536, N = 1, M = 768
[2026-03-31 21:28:43.264] [info] [GemmWS]: total 0.0023600643 GFLOPs, 0.00236544 GB
[2026-03-31 21:28:43.264] [info] [GemmWS]: Theoretical time(ms): 0.003852508143609157 Compute time: 1.800586169053986e-05 Memory time: 0.003852508143609157
[2026-03-31 21:28:43.264] [info] ./models/mamba-130m-s128-b2/mamba-130m-s128-b2.onnx Model initialization time: 0.233426 seconds
[2026-03-31 21:28:43.267] [info] Schedule model: mamba-130m-s128-b2 at 1000 us
[2026-03-31 21:28:43.267] [info] MODEL mamba-130m-s128-b2 Scheduled, Total Request: 1
[2026-03-31 21:28:43.267] [info] executable layer count 25
[2026-03-31 21:28:43.267] [info] Start layer Identity_16
[2026-03-31 21:28:43.267] [info] Issue tile Identity_16 on core 0, spad_id 1, accum_spad_id 1
[2026-03-31 21:28:43.267] [info] HBM2-CH_0: BW utilization 0% (0 reads, 0 writes)
[2026-03-31 21:28:43.356] [info] HBM2-CH_0: BW utilization 0% (3 reads, 3 writes)
[2026-03-31 21:28:43.357] [info] Layer Identity_16 finish at 8000
[2026-03-31 21:28:43.357] [info] Total compute time 8000
[2026-03-31 21:28:43.357] [info] executable layer count 24
[2026-03-31 21:28:43.357] [info] Start layer Identity_17
[2026-03-31 21:28:43.357] [info] Issue tile Identity_17 on core 1, spad_id 1, accum_spad_id 1
[2026-03-31 21:28:43.443] [info] HBM2-CH_0: BW utilization 0% (6 reads, 7 writes)
[2026-03-31 21:28:43.443] [info] Layer Identity_17 finish at 16000
[2026-03-31 21:28:43.443] [info] Total compute time 8000
[2026-03-31 21:28:43.443] [info] executable layer count 23
[2026-03-31 21:28:43.443] [info] Start layer Identity_18
[2026-03-31 21:28:43.443] [info] Issue tile Identity_18 on core 2, spad_id 1, accum_spad_id 1
[2026-03-31 21:28:43.529] [info] HBM2-CH_0: BW utilization 0% (0 reads, 1 writes)
[2026-03-31 21:28:43.529] [info] Layer Identity_18 finish at 24000
[2026-03-31 21:28:43.529] [info] Total compute time 8000
[2026-03-31 21:28:43.529] [info] executable layer count 22
[2026-03-31 21:28:43.529] [info] Start layer Identity_19
[2026-03-31 21:28:43.529] [info] Issue tile Identity_19 on core 3, spad_id 1, accum_spad_id 1
[2026-03-31 21:28:43.616] [info] HBM2-CH_0: BW utilization 0% (6 reads, 6 writes)
[2026-03-31 21:28:43.617] [info] Layer Identity_19 finish at 32000
[2026-03-31 21:28:43.617] [info] Total compute time 8000
[2026-03-31 21:28:43.617] [info] executable layer count 22
[2026-03-31 21:28:43.617] [info] Start layer Identity_20
[2026-03-31 21:28:43.702] [info] HBM2-CH_0: BW utilization 0% (12 reads, 12 writes)
[2026-03-31 21:28:43.702] [info] Layer Identity_20 finish at 40000
[2026-03-31 21:28:43.702] [info] Total compute time 8000
[2026-03-31 21:28:43.702] [info] executable layer count 21
[2026-03-31 21:28:43.702] [info] Start layer Identity_21
[2026-03-31 21:28:43.702] [info] Issue tile Identity_21 on core 1, spad_id 1, accum_spad_id 1
[2026-03-31 21:28:43.787] [info] HBM2-CH_0: BW utilization 0% (6 reads, 7 writes)
[2026-03-31 21:28:43.788] [info] Layer Identity_21 finish at 48000
[2026-03-31 21:28:43.788] [info] Total compute time 8000
[2026-03-31 21:28:43.788] [info] executable layer count 20
[2026-03-31 21:28:43.788] [info] Start layer Identity_22
[2026-03-31 21:28:43.788] [info] Issue tile Identity_22 on core 2, spad_id 1, accum_spad_id 1
[2026-03-31 21:28:43.873] [info] HBM2-CH_0: BW utilization 0% (6 reads, 6 writes)
[2026-03-31 21:28:43.873] [info] Layer Identity_22 finish at 56000
[2026-03-31 21:28:43.873] [info] Total compute time 8000
[2026-03-31 21:28:43.873] [info] executable layer count 19
[2026-03-31 21:28:43.873] [info] Start layer /blocks.0/in_proj/Gemm
[2026-03-31 21:28:43.873] [info] Issue tile Gemm on core 2, spad_id 1, accum_spad_id 1
[2026-03-31 21:28:43.873] [info] Issue tile Gemm on core 3, spad_id 1, accum_spad_id 1
[2026-03-31 21:28:44.031] [info] HBM2-CH_0: BW utilization 32% (3092 reads, 5 writes)
[2026-03-31 21:28:44.032] [info] Issue tile Gemm on core 0, spad_id 1, accum_spad_id 1
[2026-03-31 21:28:44.032] [info] Issue tile Gemm on core 1, spad_id 1, accum_spad_id 1
[2026-03-31 21:28:44.032] [info] Issue tile Gemm on core 2, spad_id 1, accum_spad_id 1
[2026-03-31 21:28:44.032] [info] Issue tile Gemm on core 3, spad_id 1, accum_spad_id 1
[2026-03-31 21:28:44.155] [info] HBM2-CH_0: BW utilization 16% (1546 reads, 1 writes)
[2026-03-31 21:28:44.156] [info] Issue tile Gemm on core 0, spad_id 0, accum_spad_id 0
[2026-03-31 21:28:44.156] [info] Issue tile Gemm on core 1, spad_id 0, accum_spad_id 0
[2026-03-31 21:28:44.156] [info] Issue tile Gemm on core 2, spad_id 0, accum_spad_id 0
[2026-03-31 21:28:44.156] [info] Issue tile Gemm on core 3, spad_id 0, accum_spad_id 0
[2026-03-31 21:28:44.278] [info] HBM2-CH_0: BW utilization 16% (1546 reads, 2 writes)
[2026-03-31 21:28:44.278] [info] Issue tile Gemm on core 0, spad_id 1, accum_spad_id 1
[2026-03-31 21:28:44.278] [info] Issue tile Gemm on core 1, spad_id 1, accum_spad_id 1
[2026-03-31 21:28:44.278] [info] Issue tile Gemm on core 2, spad_id 1, accum_spad_id 1
[2026-03-31 21:28:44.278] [info] Issue tile Gemm on core 3, spad_id 1, accum_spad_id 1
[2026-03-31 21:28:44.407] [info] HBM2-CH_0: BW utilization 16% (1546 reads, 2 writes)
[2026-03-31 21:28:44.407] [info] Issue tile Gemm on core 0, spad_id 0, accum_spad_id 0
[2026-03-31 21:28:44.407] [info] Issue tile Gemm on core 1, spad_id 0, accum_spad_id 0
[2026-03-31 21:28:44.407] [info] Issue tile Gemm on core 2, spad_id 0, accum_spad_id 0
[2026-03-31 21:28:44.407] [info] Issue tile Gemm on core 3, spad_id 0, accum_spad_id 0
[2026-03-31 21:28:44.529] [info] HBM2-CH_0: BW utilization 16% (1546 reads, 2 writes)
[2026-03-31 21:28:44.613] [info] HBM2-CH_0: BW utilization 0% (0 reads, 0 writes)
[2026-03-31 21:28:44.614] [info] Layer /blocks.0/in_proj/Gemm finish at 104000
[2026-03-31 21:28:44.614] [info] Total compute time 48000
[2026-03-31 21:28:44.614] [info] executable layer count 18
[2026-03-31 21:28:44.614] [info] Start layer /blocks.0/Constant
[2026-03-31 21:28:44.614] [info] Issue tile /blocks.0/Constant on core 3, spad_id 1, accum_spad_id 1
[2026-03-31 21:28:44.699] [info] HBM2-CH_0: BW utilization 0% (1 reads, 0 writes)
[2026-03-31 21:28:44.699] [info] Layer /blocks.0/Constant finish at 112000
[2026-03-31 21:28:44.699] [info] Total compute time 8000
[2026-03-31 21:28:44.699] [info] executable layer count 17
[2026-03-31 21:28:44.699] [info] Start layer /blocks.0/Constant_1
[2026-03-31 21:28:44.785] [info] HBM2-CH_0: BW utilization 0% (1 reads, 0 writes)
[2026-03-31 21:28:44.785] [info] Layer /blocks.0/Constant_1 finish at 120000
[2026-03-31 21:28:44.785] [info] Total compute time 8000
[2026-03-31 21:28:44.785] [info] executable layer count 16
[2026-03-31 21:28:44.785] [info] Start layer /blocks.0/Constant_2
[2026-03-31 21:28:44.785] [info] Issue tile /blocks.0/Constant_2 on core 1, spad_id 1, accum_spad_id 1
[2026-03-31 21:28:44.870] [info] HBM2-CH_0: BW utilization 0% (1 reads, 0 writes)
[2026-03-31 21:28:44.871] [info] Layer /blocks.0/Constant_2 finish at 128000
[2026-03-31 21:28:44.871] [info] Total compute time 8000
[2026-03-31 21:28:44.871] [info] executable layer count 15
[2026-03-31 21:28:44.871] [info] Start layer /blocks.0/Constant_3
[2026-03-31 21:28:44.871] [info] Issue tile /blocks.0/Constant_3 on core 2, spad_id 1, accum_spad_id 1
[2026-03-31 21:28:44.957] [info] HBM2-CH_0: BW utilization 0% (1 reads, 0 writes)
[2026-03-31 21:28:44.957] [info] Layer /blocks.0/Constant_3 finish at 136000
[2026-03-31 21:28:44.957] [info] Total compute time 8000
[2026-03-31 21:28:44.957] [info] executable layer count 15
[2026-03-31 21:28:44.957] [info] Start layer /blocks.0/conv_proj/Gemm
[2026-03-31 21:28:44.957] [info] Issue tile Gemm on core 2, spad_id 1, accum_spad_id 1
[2026-03-31 21:28:44.957] [info] Issue tile Gemm on core 3, spad_id 1, accum_spad_id 1
[2026-03-31 21:28:45.476] [info] HBM2-CH_0: BW utilization 61% (5921 reads, 0 writes)
[2026-03-31 21:28:46.000] [info] HBM2-CH_0: BW utilization 60% (5813 reads, 0 writes)
[2026-03-31 21:28:46.004] [info] Issue tile Gemm on core 0, spad_id 1, accum_spad_id 1
[2026-03-31 21:28:46.011] [info] Issue tile Gemm on core 1, spad_id 1, accum_spad_id 1
[2026-03-31 21:28:46.011] [info] Issue tile Gemm on core 2, spad_id 1, accum_spad_id 1
[2026-03-31 21:28:46.011] [info] Issue tile Gemm on core 3, spad_id 1, accum_spad_id 1
[2026-03-31 21:28:46.538] [info] HBM2-CH_0: BW utilization 63% (6105 reads, 0 writes)
[2026-03-31 21:28:46.543] [info] Issue tile Gemm on core 0, spad_id 0, accum_spad_id 1
[2026-03-31 21:28:46.543] [info] Issue tile Gemm on core 1, spad_id 0, accum_spad_id 0
[2026-03-31 21:28:46.543] [info] Issue tile Gemm on core 2, spad_id 0, accum_spad_id 1
[2026-03-31 21:28:46.543] [info] Issue tile Gemm on core 3, spad_id 0, accum_spad_id 0
[2026-03-31 21:28:47.069] [info] HBM2-CH_0: BW utilization 63% (6072 reads, 0 writes)
[2026-03-31 21:28:47.073] [info] Issue tile Gemm on core 0, spad_id 1, accum_spad_id 1
[2026-03-31 21:28:47.073] [info] Issue tile Gemm on core 1, spad_id 1, accum_spad_id 1
[2026-03-31 21:28:47.073] [info] Issue tile Gemm on core 2, spad_id 1, accum_spad_id 1
[2026-03-31 21:28:47.073] [info] Issue tile Gemm on core 3, spad_id 1, accum_spad_id 1
[2026-03-31 21:28:47.605] [info] HBM2-CH_0: BW utilization 63% (6094 reads, 0 writes)
[2026-03-31 21:28:47.609] [info] Issue tile Gemm on core 0, spad_id 0, accum_spad_id 1
[2026-03-31 21:28:47.609] [info] Issue tile Gemm on core 1, spad_id 0, accum_spad_id 0
[2026-03-31 21:28:47.609] [info] Issue tile Gemm on core 2, spad_id 0, accum_spad_id 1
[2026-03-31 21:28:47.609] [info] Issue tile Gemm on core 3, spad_id 0, accum_spad_id 0
[2026-03-31 21:28:48.211] [info] HBM2-CH_0: BW utilization 63% (6077 reads, 0 writes)
[2026-03-31 21:28:48.383] [info] HBM2-CH_0: BW utilization 11% (1076 reads, 7 writes)
[2026-03-31 21:28:48.384] [info] Layer /blocks.0/conv_proj/Gemm finish at 192000
[2026-03-31 21:28:48.384] [info] Total compute time 56000
[2026-03-31 21:28:48.384] [info] executable layer count 15
[2026-03-31 21:28:48.384] [info] Start layer /blocks.0/Constant_4
[2026-03-31 21:28:48.384] [info] Issue tile /blocks.0/Constant_4 on core 3, spad_id 1, accum_spad_id 1
[2026-03-31 21:28:48.494] [info] HBM2-CH_0: BW utilization 0% (1 reads, 0 writes)
[2026-03-31 21:28:48.495] [info] Layer /blocks.0/Constant_4 finish at 200000
[2026-03-31 21:28:48.495] [info] Total compute time 8000
[2026-03-31 21:28:48.495] [info] executable layer count 14
[2026-03-31 21:28:48.495] [info] Start layer /blocks.0/Constant_5
[2026-03-31 21:28:48.590] [info] HBM2-CH_0: BW utilization 0% (1 reads, 0 writes)
[2026-03-31 21:28:48.591] [info] Layer /blocks.0/Constant_5 finish at 208000
[2026-03-31 21:28:48.591] [info] Total compute time 8000
[2026-03-31 21:28:48.591] [info] executable layer count 13
[2026-03-31 21:28:48.591] [info] Start layer /blocks.0/Constant_6
[2026-03-31 21:28:48.591] [info] Issue tile /blocks.0/Constant_6 on core 1, spad_id 1, accum_spad_id 1
[2026-03-31 21:28:48.678] [info] HBM2-CH_0: BW utilization 0% (1 reads, 0 writes)
[2026-03-31 21:28:48.679] [info] Layer /blocks.0/Constant_6 finish at 216000
[2026-03-31 21:28:48.679] [info] Total compute time 8000
[2026-03-31 21:28:48.679] [info] executable layer count 12
[2026-03-31 21:28:48.679] [info] Start layer /blocks.0/Constant_7
[2026-03-31 21:28:48.679] [info] Issue tile /blocks.0/Constant_7 on core 2, spad_id 1, accum_spad_id 1
[2026-03-31 21:28:48.767] [info] HBM2-CH_0: BW utilization 0% (1 reads, 0 writes)
[2026-03-31 21:28:48.768] [info] Layer /blocks.0/Constant_7 finish at 224000
[2026-03-31 21:28:48.768] [info] Total compute time 8000
[2026-03-31 21:28:48.768] [info] executable layer count 11
[2026-03-31 21:28:48.768] [info] Start layer /blocks.1/Constant
[2026-03-31 21:28:48.768] [info] Issue tile /blocks.1/Constant on core 3, spad_id 1, accum_spad_id 1
[2026-03-31 21:28:48.866] [info] HBM2-CH_0: BW utilization 0% (1 reads, 1 writes)
[2026-03-31 21:28:48.867] [info] Layer /blocks.1/Constant finish at 232000
[2026-03-31 21:28:48.867] [info] Total compute time 8000
[2026-03-31 21:28:48.867] [info] executable layer count 10
[2026-03-31 21:28:48.867] [info] Start layer /blocks.1/Constant_1
[2026-03-31 21:28:48.967] [info] HBM2-CH_0: BW utilization 0% (1 reads, 0 writes)
[2026-03-31 21:28:48.968] [info] Layer /blocks.1/Constant_1 finish at 240000
[2026-03-31 21:28:48.968] [info] Total compute time 8000
[2026-03-31 21:28:48.968] [info] executable layer count 9
[2026-03-31 21:28:48.968] [info] Start layer /blocks.1/Constant_2
[2026-03-31 21:28:48.968] [info] Issue tile /blocks.1/Constant_2 on core 1, spad_id 1, accum_spad_id 1
[2026-03-31 21:28:49.073] [info] HBM2-CH_0: BW utilization 0% (1 reads, 0 writes)
[2026-03-31 21:28:49.074] [info] Layer /blocks.1/Constant_2 finish at 248000
[2026-03-31 21:28:49.074] [info] Total compute time 8000
[2026-03-31 21:28:49.074] [info] executable layer count 8
[2026-03-31 21:28:49.074] [info] Start layer /blocks.1/Constant_3
[2026-03-31 21:28:49.074] [info] Issue tile /blocks.1/Constant_3 on core 2, spad_id 1, accum_spad_id 1
[2026-03-31 21:28:49.175] [info] HBM2-CH_0: BW utilization 0% (1 reads, 0 writes)
[2026-03-31 21:28:49.176] [info] Layer /blocks.1/Constant_3 finish at 256000
[2026-03-31 21:28:49.176] [info] Total compute time 8000
[2026-03-31 21:28:49.176] [info] executable layer count 7
[2026-03-31 21:28:49.176] [info] Start layer /blocks.1/Constant_4
[2026-03-31 21:28:49.176] [info] Issue tile /blocks.1/Constant_4 on core 3, spad_id 1, accum_spad_id 1
[2026-03-31 21:28:49.277] [info] HBM2-CH_0: BW utilization 0% (1 reads, 0 writes)
[2026-03-31 21:28:49.279] [info] Layer /blocks.1/Constant_4 finish at 264000
[2026-03-31 21:28:49.279] [info] Total compute time 8000
[2026-03-31 21:28:49.279] [info] executable layer count 6
[2026-03-31 21:28:49.279] [info] Start layer /blocks.1/Constant_5
[2026-03-31 21:28:49.377] [info] HBM2-CH_0: BW utilization 0% (1 reads, 0 writes)
[2026-03-31 21:28:49.378] [info] Layer /blocks.1/Constant_5 finish at 272000
[2026-03-31 21:28:49.378] [info] Total compute time 8000
[2026-03-31 21:28:49.378] [info] executable layer count 5
[2026-03-31 21:28:49.378] [info] Start layer /blocks.1/Constant_6
[2026-03-31 21:28:49.378] [info] Issue tile /blocks.1/Constant_6 on core 1, spad_id 1, accum_spad_id 1
[2026-03-31 21:28:49.489] [info] HBM2-CH_0: BW utilization 0% (1 reads, 0 writes)
[2026-03-31 21:28:49.490] [info] Layer /blocks.1/Constant_6 finish at 280000
[2026-03-31 21:28:49.490] [info] Total compute time 8000
[2026-03-31 21:28:49.490] [info] executable layer count 4
[2026-03-31 21:28:49.490] [info] Start layer /blocks.1/Constant_7
[2026-03-31 21:28:49.490] [info] Issue tile /blocks.1/Constant_7 on core 2, spad_id 1, accum_spad_id 1
[2026-03-31 21:28:49.591] [info] HBM2-CH_0: BW utilization 0% (1 reads, 0 writes)
[2026-03-31 21:28:49.593] [info] Layer /blocks.1/Constant_7 finish at 288000
[2026-03-31 21:28:49.593] [info] Total compute time 8000
[2026-03-31 21:28:49.593] [info] executable layer count 3
[2026-03-31 21:28:49.593] [info] Start layer /blocks.1/conv_proj/Gemm
[2026-03-31 21:28:49.593] [info] Issue tile Gemm on core 2, spad_id 1, accum_spad_id 1
[2026-03-31 21:28:49.593] [info] Issue tile Gemm on core 3, spad_id 1, accum_spad_id 1
[2026-03-31 21:28:50.192] [info] HBM2-CH_0: BW utilization 62% (6020 reads, 0 writes)
[2026-03-31 21:28:50.742] [info] HBM2-CH_0: BW utilization 63% (6076 reads, 0 writes)
[2026-03-31 21:28:50.750] [info] Issue tile Gemm on core 0, spad_id 1, accum_spad_id 1
[2026-03-31 21:28:50.750] [info] Issue tile Gemm on core 1, spad_id 1, accum_spad_id 1
[2026-03-31 21:28:50.750] [info] Issue tile Gemm on core 2, spad_id 1, accum_spad_id 1
[2026-03-31 21:28:50.750] [info] Issue tile Gemm on core 3, spad_id 1, accum_spad_id 1
[2026-03-31 21:28:51.260] [info] HBM2-CH_0: BW utilization 63% (6101 reads, 0 writes)
[2026-03-31 21:28:51.269] [info] Issue tile Gemm on core 0, spad_id 0, accum_spad_id 1
[2026-03-31 21:28:51.269] [info] Issue tile Gemm on core 1, spad_id 0, accum_spad_id 0
[2026-03-31 21:28:51.269] [info] Issue tile Gemm on core 2, spad_id 0, accum_spad_id 1
[2026-03-31 21:28:51.269] [info] Issue tile Gemm on core 3, spad_id 0, accum_spad_id 0
[2026-03-31 21:28:51.785] [info] HBM2-CH_0: BW utilization 63% (6141 reads, 0 writes)
[2026-03-31 21:28:51.793] [info] Issue tile Gemm on core 0, spad_id 1, accum_spad_id 1
[2026-03-31 21:28:51.793] [info] Issue tile Gemm on core 1, spad_id 1, accum_spad_id 1
[2026-03-31 21:28:51.793] [info] Issue tile Gemm on core 2, spad_id 1, accum_spad_id 1
[2026-03-31 21:28:51.793] [info] Issue tile Gemm on core 3, spad_id 1, accum_spad_id 1
[2026-03-31 21:28:52.311] [info] HBM2-CH_0: BW utilization 63% (6105 reads, 0 writes)
[2026-03-31 21:28:52.319] [info] Issue tile Gemm on core 0, spad_id 0, accum_spad_id 1
[2026-03-31 21:28:52.319] [info] Issue tile Gemm on core 1, spad_id 0, accum_spad_id 0
[2026-03-31 21:28:52.319] [info] Issue tile Gemm on core 2, spad_id 0, accum_spad_id 1
[2026-03-31 21:28:52.319] [info] Issue tile Gemm on core 3, spad_id 0, accum_spad_id 0
[2026-03-31 21:28:52.846] [info] HBM2-CH_0: BW utilization 62% (6020 reads, 0 writes)
[2026-03-31 21:28:52.997] [info] HBM2-CH_0: BW utilization 7% (695 reads, 5 writes)
[2026-03-31 21:28:52.999] [info] Layer /blocks.1/conv_proj/Gemm finish at 344000
[2026-03-31 21:28:52.999] [info] Total compute time 56000
[2026-03-31 21:28:52.999] [info] executable layer count 3
[2026-03-31 21:28:52.999] [info] Start layer /blocks.0/Slice
[2026-03-31 21:28:52.999] [info] Issue tile /blocks.0/Slice on core 3, spad_id 1, accum_spad_id 1
[2026-03-31 21:28:53.084] [info] HBM2-CH_0: BW utilization 0% (12 reads, 12 writes)
[2026-03-31 21:28:53.085] [info] Layer /blocks.0/Slice finish at 352000
[2026-03-31 21:28:53.085] [info] Total compute time 8000
[2026-03-31 21:28:53.085] [info] executable layer count 3
[2026-03-31 21:28:53.085] [info] Start layer /blocks.0/Sigmoid
[2026-03-31 21:28:53.169] [info] HBM2-CH_0: BW utilization 0% (7 reads, 6 writes)
[2026-03-31 21:28:53.170] [info] Layer /blocks.0/Sigmoid finish at 360000
[2026-03-31 21:28:53.170] [info] Total compute time 8000
[2026-03-31 21:28:53.170] [info] executable layer count 3
[2026-03-31 21:28:53.170] [info] Start layer /blocks.1/Sigmoid
[2026-03-31 21:28:53.170] [info] Issue tile /blocks.1/Sigmoid on core 1, spad_id 1, accum_spad_id 1
[2026-03-31 21:28:53.255] [info] HBM2-CH_0: BW utilization 0% (5 reads, 6 writes)
[2026-03-31 21:28:53.256] [info] Layer /blocks.1/Sigmoid finish at 368000
[2026-03-31 21:28:53.256] [info] Total compute time 8000
[2026-03-31 21:28:53.256] [info] executable layer count 3
[2026-03-31 21:28:53.256] [info] Start layer /blocks.0/Sigmoid_1
[2026-03-31 21:28:53.256] [info] Issue tile /blocks.0/Sigmoid_1 on core 2, spad_id 1, accum_spad_id 1
[2026-03-31 21:28:53.342] [info] HBM2-CH_0: BW utilization 0% (12 reads, 12 writes)
[2026-03-31 21:28:53.343] [info] Layer /blocks.0/Sigmoid_1 finish at 376000
[2026-03-31 21:28:53.343] [info] Total compute time 8000
[2026-03-31 21:28:53.343] [info] executable layer count 3
[2026-03-31 21:28:53.343] [info] Start layer /blocks.0/Mul
[2026-03-31 21:28:53.343] [info] Issue tile /blocks.0/Mul on core 3, spad_id 1, accum_spad_id 1
[2026-03-31 21:28:53.428] [info] HBM2-CH_0: BW utilization 0% (13 reads, 5 writes)
[2026-03-31 21:28:53.430] [info] Layer /blocks.0/Mul finish at 384000
[2026-03-31 21:28:53.430] [info] Total compute time 8000
[2026-03-31 21:28:53.430] [info] executable layer count 4
[2026-03-31 21:28:53.430] [info] Start layer /blocks.1/Mul
[2026-03-31 21:28:53.430] [info] Issue tile /blocks.1/Mul on core 3, spad_id 1, accum_spad_id 1
[2026-03-31 21:28:53.515] [info] HBM2-CH_0: BW utilization 0% (11 reads, 6 writes)
[2026-03-31 21:28:53.517] [info] Layer /blocks.1/Mul finish at 392000
[2026-03-31 21:28:53.517] [info] Total compute time 8000
[2026-03-31 21:28:53.517] [info] executable layer count 5
[2026-03-31 21:28:53.517] [info] Start layer /blocks.0/Mul_2
[2026-03-31 21:28:53.607] [info] HBM2-CH_0: BW utilization 0% (24 reads, 12 writes)
[2026-03-31 21:28:53.609] [info] Layer /blocks.0/Mul_2 finish at 400000
[2026-03-31 21:28:53.609] [info] Total compute time 8000
[2026-03-31 21:28:53.609] [info] executable layer count 4
[2026-03-31 21:28:53.609] [info] Start layer /blocks.0/x_proj/Gemm
[2026-03-31 21:28:53.609] [info] Issue tile Gemm on core 1, spad_id 1, accum_spad_id 1
[2026-03-31 21:28:53.709] [info] HBM2-CH_0: BW utilization 5% (486 reads, 0 writes)
[2026-03-31 21:28:53.711] [info] Layer /blocks.0/x_proj/Gemm finish at 408000
[2026-03-31 21:28:53.711] [info] Total compute time 8000
[2026-03-31 21:28:53.711] [info] executable layer count 4
[2026-03-31 21:28:53.711] [info] Start layer /blocks.0/Mul_1
[2026-03-31 21:28:53.711] [info] Issue tile /blocks.0/Mul_1 on core 2, spad_id 1, accum_spad_id 1
[2026-03-31 21:28:53.795] [info] HBM2-CH_0: BW utilization 0% (11 reads, 5 writes)
[2026-03-31 21:28:53.797] [info] Layer /blocks.0/Mul_1 finish at 416000
[2026-03-31 21:28:53.797] [info] Total compute time 8000
[2026-03-31 21:28:53.797] [info] executable layer count 3
[2026-03-31 21:28:53.797] [info] Start layer /blocks.1/x_proj/Gemm
[2026-03-31 21:28:53.797] [info] Issue tile Gemm on core 3, spad_id 1, accum_spad_id 1
[2026-03-31 21:28:53.899] [info] HBM2-CH_0: BW utilization 5% (487 reads, 0 writes)
[2026-03-31 21:28:53.901] [info] Layer /blocks.1/x_proj/Gemm finish at 424000
[2026-03-31 21:28:53.901] [info] Total compute time 8000
[2026-03-31 21:28:53.901] [info] executable layer count 3
[2026-03-31 21:28:53.901] [info] Start layer /blocks.1/Mul_1
[2026-03-31 21:28:53.984] [info] HBM2-CH_0: BW utilization 0% (13 reads, 6 writes)
[2026-03-31 21:28:53.986] [info] Layer /blocks.1/Mul_1 finish at 432000
[2026-03-31 21:28:53.986] [info] Total compute time 8000
[2026-03-31 21:28:53.986] [info] executable layer count 2
[2026-03-31 21:28:53.986] [info] Start layer /blocks.0/Slice_1
[2026-03-31 21:28:53.986] [info] Issue tile /blocks.0/Slice_1 on core 2, spad_id 1, accum_spad_id 1
[2026-03-31 21:28:54.070] [info] HBM2-CH_0: BW utilization 0% (0 reads, 1 writes)
[2026-03-31 21:28:54.072] [info] Layer /blocks.0/Slice_1 finish at 440000
[2026-03-31 21:28:54.072] [info] Total compute time 8000
[2026-03-31 21:28:54.072] [info] executable layer count 2
[2026-03-31 21:28:54.072] [info] Start layer /blocks.1/Slice_1
[2026-03-31 21:28:54.155] [info] HBM2-CH_0: BW utilization 0% (0 reads, 0 writes)
[2026-03-31 21:28:54.157] [info] Layer /blocks.1/Slice_1 finish at 448000
[2026-03-31 21:28:54.157] [info] Total compute time 8000
[2026-03-31 21:28:54.157] [info] executable layer count 2
[2026-03-31 21:28:54.157] [info] Start layer /blocks.0/ssm_out/Gemm
[2026-03-31 21:28:54.157] [info] Issue tile Gemm on core 1, spad_id 1, accum_spad_id 1
[2026-03-31 21:28:54.157] [info] Issue tile Gemm on core 2, spad_id 1, accum_spad_id 1
[2026-03-31 21:28:54.157] [info] Issue tile Gemm on core 3, spad_id 1, accum_spad_id 1
[2026-03-31 21:28:54.235] [info] HBM2-CH_0: BW utilization 0% (76 reads, 4 writes)
[2026-03-31 21:28:54.236] [info] Issue tile Gemm on core 0, spad_id 1, accum_spad_id 1
[2026-03-31 21:28:54.236] [info] Issue tile Gemm on core 1, spad_id 1, accum_spad_id 1
[2026-03-31 21:28:54.236] [info] Issue tile Gemm on core 2, spad_id 1, accum_spad_id 1
[2026-03-31 21:28:54.236] [info] Issue tile Gemm on core 3, spad_id 1, accum_spad_id 1
[2026-03-31 21:28:54.313] [info] HBM2-CH_0: BW utilization 0% (37 reads, 2 writes)
[2026-03-31 21:28:54.399] [info] HBM2-CH_0: BW utilization 0% (0 reads, 0 writes)
[2026-03-31 21:28:54.401] [info] Layer /blocks.0/ssm_out/Gemm finish at 472000
[2026-03-31 21:28:54.401] [info] Total compute time 24000
[2026-03-31 21:28:54.401] [info] executable layer count 2
[2026-03-31 21:28:54.401] [info] Start layer /blocks.1/ssm_out/Gemm
[2026-03-31 21:28:54.401] [info] Issue tile Gemm on core 3, spad_id 1, accum_spad_id 1
[2026-03-31 21:28:54.477] [info] HBM2-CH_0: BW utilization 0% (67 reads, 4 writes)
[2026-03-31 21:28:54.479] [info] Issue tile Gemm on core 0, spad_id 1, accum_spad_id 1
[2026-03-31 21:28:54.479] [info] Issue tile Gemm on core 1, spad_id 1, accum_spad_id 1
[2026-03-31 21:28:54.479] [info] Issue tile Gemm on core 2, spad_id 1, accum_spad_id 1
[2026-03-31 21:28:54.479] [info] Issue tile Gemm on core 3, spad_id 1, accum_spad_id 1
[2026-03-31 21:28:54.555] [info] HBM2-CH_0: BW utilization 0% (36 reads, 2 writes)
[2026-03-31 21:28:54.646] [info] HBM2-CH_0: BW utilization 0% (0 reads, 0 writes)
[2026-03-31 21:28:54.648] [info] Layer /blocks.1/ssm_out/Gemm finish at 496000
[2026-03-31 21:28:54.648] [info] Total compute time 24000
[2026-03-31 21:28:54.648] [info] executable layer count 2
[2026-03-31 21:28:54.648] [info] Start layer /blocks.0/Add
[2026-03-31 21:28:54.731] [info] HBM2-CH_0: BW utilization 0% (11 reads, 6 writes)
[2026-03-31 21:28:54.733] [info] Layer /blocks.0/Add finish at 504000
[2026-03-31 21:28:54.733] [info] Total compute time 8000
[2026-03-31 21:28:54.733] [info] executable layer count 2
[2026-03-31 21:28:54.733] [info] Start layer /blocks.1/Add
[2026-03-31 21:28:54.816] [info] HBM2-CH_0: BW utilization 0% (12 reads, 6 writes)
[2026-03-31 21:28:54.818] [info] Layer /blocks.1/Add finish at 512000
[2026-03-31 21:28:54.818] [info] Total compute time 8000
[2026-03-31 21:28:54.818] [info] executable layer count 1
[2026-03-31 21:28:54.818] [info] Start layer /blocks.0/Mul_3
[2026-03-31 21:28:54.818] [info] Issue tile /blocks.0/Mul_3 on core 1, spad_id 1, accum_spad_id 1
[2026-03-31 21:28:54.902] [info] HBM2-CH_0: BW utilization 0% (24 reads, 12 writes)
[2026-03-31 21:28:54.904] [info] Layer /blocks.0/Mul_3 finish at 520000
[2026-03-31 21:28:54.904] [info] Total compute time 8000
[2026-03-31 21:28:54.904] [info] executable layer count 1
[2026-03-31 21:28:54.904] [info] Start layer /blocks.0/out_proj/Gemm
[2026-03-31 21:28:54.904] [info] Issue tile Gemm on core 1, spad_id 1, accum_spad_id 1
[2026-03-31 21:28:54.904] [info] Issue tile Gemm on core 2, spad_id 1, accum_spad_id 1
[2026-03-31 21:28:54.904] [info] Issue tile Gemm on core 3, spad_id 1, accum_spad_id 1
[2026-03-31 21:28:55.243] [info] HBM2-CH_0: BW utilization 48% (4641 reads, 3 writes)
[2026-03-31 21:28:55.328] [info] HBM2-CH_0: BW utilization 0% (0 reads, 0 writes)
[2026-03-31 21:28:55.330] [info] Layer /blocks.0/out_proj/Gemm finish at 536000
[2026-03-31 21:28:55.330] [info] Total compute time 16000
[2026-03-31 21:28:55.330] [info] executable layer count 1
[2026-03-31 21:28:55.330] [info] Start layer /blocks.1/in_proj/Gemm
[2026-03-31 21:28:55.330] [info] Issue tile Gemm on core 3, spad_id 1, accum_spad_id 1
[2026-03-31 21:28:55.532] [info] HBM2-CH_0: BW utilization 32% (3101 reads, 5 writes)
[2026-03-31 21:28:55.534] [info] Issue tile Gemm on core 0, spad_id 1, accum_spad_id 1
[2026-03-31 21:28:55.534] [info] Issue tile Gemm on core 1, spad_id 1, accum_spad_id 1
[2026-03-31 21:28:55.534] [info] Issue tile Gemm on core 2, spad_id 1, accum_spad_id 1
[2026-03-31 21:28:55.534] [info] Issue tile Gemm on core 3, spad_id 1, accum_spad_id 1
[2026-03-31 21:28:55.664] [info] HBM2-CH_0: BW utilization 16% (1550 reads, 2 writes)
[2026-03-31 21:28:55.666] [info] Issue tile Gemm on core 0, spad_id 0, accum_spad_id 0
[2026-03-31 21:28:55.674] [info] Issue tile Gemm on core 1, spad_id 0, accum_spad_id 0
[2026-03-31 21:28:55.674] [info] Issue tile Gemm on core 2, spad_id 0, accum_spad_id 0
[2026-03-31 21:28:55.674] [info] Issue tile Gemm on core 3, spad_id 0, accum_spad_id 0
[2026-03-31 21:28:55.805] [info] HBM2-CH_0: BW utilization 16% (1548 reads, 1 writes)
[2026-03-31 21:28:55.807] [info] Issue tile Gemm on core 0, spad_id 1, accum_spad_id 1
[2026-03-31 21:28:55.807] [info] Issue tile Gemm on core 1, spad_id 1, accum_spad_id 1
[2026-03-31 21:28:55.807] [info] Issue tile Gemm on core 2, spad_id 1, accum_spad_id 1
[2026-03-31 21:28:55.807] [info] Issue tile Gemm on core 3, spad_id 1, accum_spad_id 1
[2026-03-31 21:28:55.935] [info] HBM2-CH_0: BW utilization 16% (1550 reads, 2 writes)
[2026-03-31 21:28:55.937] [info] Issue tile Gemm on core 0, spad_id 0, accum_spad_id 0
[2026-03-31 21:28:55.937] [info] Issue tile Gemm on core 1, spad_id 0, accum_spad_id 0
[2026-03-31 21:28:55.937] [info] Issue tile Gemm on core 3, spad_id 0, accum_spad_id 0
[2026-03-31 21:28:56.051] [info] HBM2-CH_0: BW utilization 12% (1163 reads, 2 writes)
[2026-03-31 21:28:56.054] [info] Issue tile Gemm on core 0, spad_id 1, accum_spad_id 1
[2026-03-31 21:28:56.147] [info] HBM2-CH_0: BW utilization 4% (388 reads, 1 writes)
[2026-03-31 21:28:56.232] [info] HBM2-CH_0: BW utilization 0% (0 reads, 0 writes)
[2026-03-31 21:28:56.234] [info] Layer /blocks.1/in_proj/Gemm finish at 592000
[2026-03-31 21:28:56.235] [info] Total compute time 56000
[2026-03-31 21:28:56.235] [info] executable layer count 1
[2026-03-31 21:28:56.235] [info] Start layer /blocks.1/Slice
[2026-03-31 21:28:56.235] [info] Issue tile /blocks.1/Slice on core 2, spad_id 1, accum_spad_id 1
[2026-03-31 21:28:56.319] [info] HBM2-CH_0: BW utilization 0% (13 reads, 12 writes)
[2026-03-31 21:28:56.321] [info] Layer /blocks.1/Slice finish at 600000
[2026-03-31 21:28:56.321] [info] Total compute time 8000
[2026-03-31 21:28:56.321] [info] executable layer count 1
[2026-03-31 21:28:56.321] [info] Start layer /blocks.1/Sigmoid_1
[2026-03-31 21:28:56.403] [info] HBM2-CH_0: BW utilization 0% (12 reads, 12 writes)
[2026-03-31 21:28:56.406] [info] Layer /blocks.1/Sigmoid_1 finish at 608000
[2026-03-31 21:28:56.406] [info] Total compute time 8000
[2026-03-31 21:28:56.406] [info] executable layer count 1
[2026-03-31 21:28:56.406] [info] Start layer /blocks.1/Mul_2
[2026-03-31 21:28:56.406] [info] Issue tile /blocks.1/Mul_2 on core 3, spad_id 1, accum_spad_id 1
[2026-03-31 21:28:56.489] [info] HBM2-CH_0: BW utilization 0% (24 reads, 12 writes)
[2026-03-31 21:28:56.492] [info] Layer /blocks.1/Mul_2 finish at 616000
[2026-03-31 21:28:56.492] [info] Total compute time 8000
[2026-03-31 21:28:56.492] [info] executable layer count 1
[2026-03-31 21:28:56.492] [info] Start layer /blocks.1/Mul_3
[2026-03-31 21:28:56.577] [info] HBM2-CH_0: BW utilization 0% (24 reads, 12 writes)
[2026-03-31 21:28:56.579] [info] Layer /blocks.1/Mul_3 finish at 624000
[2026-03-31 21:28:56.579] [info] Total compute time 8000
[2026-03-31 21:28:56.579] [info] executable layer count 1
[2026-03-31 21:28:56.579] [info] Start layer /blocks.1/out_proj/Gemm
[2026-03-31 21:28:56.579] [info] Issue tile Gemm on core 2, spad_id 1, accum_spad_id 1
[2026-03-31 21:28:56.579] [info] Issue tile Gemm on core 3, spad_id 1, accum_spad_id 1
[2026-03-31 21:28:56.926] [info] HBM2-CH_0: BW utilization 48% (4641 reads, 3 writes)
[2026-03-31 21:28:57.010] [info] HBM2-CH_0: BW utilization 0% (0 reads, 0 writes)
[2026-03-31 21:28:57.013] [info] Layer /blocks.1/out_proj/Gemm finish at 640000
[2026-03-31 21:28:57.013] [info] Total compute time 16000
[2026-03-31 21:28:57.013] [info] Model[mamba-130m-s128-b2] Request: 0 us, Start: 0 us, finish:640 us, Current Cycle:640000
[2026-03-31 21:28:57.013] [info] Check regressive: seq_len=1, past_seq_len=0, total=0
[2026-03-31 21:28:57.013] [info] Prepare regressive: seq_len=1, past_seq_len=0, total=0
[2026-03-31 21:28:57.013] [info] Prepare regressive: seq_len=1, past_seq_len=1, total=1
[2026-03-31 21:28:57.013] [info] Model Name: mamba-130m-s128-b2 model started
