[2026-03-31 18:09:00.580] [info] CPU 0: Partition 0
[2026-03-31 18:09:00.580] [info] CPU 1: Partition 0
[2026-03-31 18:09:00.580] [info] CPU 2: Partition 0
[2026-03-31 18:09:00.580] [info] CPU 3: Partition 0
[2026-03-31 18:09:00.580] [info] Running in default mode
[2026-03-31 18:09:00.580] [info] Simulator Configuration:
[2026-03-31 18:09:00.580] [info] [Core 0] Systolic Array Throughput: 131072 GFLOPS, Spad size: 32768 KB, Accumulator size: 4096 KB
[2026-03-31 18:09:00.580] [info] [Core 1] Systolic Array Throughput: 131072 GFLOPS, Spad size: 32768 KB, Accumulator size: 4096 KB
[2026-03-31 18:09:00.580] [info] [Core 2] Systolic Array Throughput: 131072 GFLOPS, Spad size: 32768 KB, Accumulator size: 4096 KB
[2026-03-31 18:09:00.580] [info] [Core 3] Systolic Array Throughput: 131072 GFLOPS, Spad size: 32768 KB, Accumulator size: 4096 KB
[2026-03-31 18:09:00.580] [info] DRAM Bandwidth 614 GB/s
[2026-03-31 18:09:00.580] [info] Ramulator2 config: ./configs/../configs/ramulator2_configs/HBM2.yaml
[2026-03-31 18:09:00.588] [info] Initialize SimpleInterconnect
[2026-03-31 18:09:00.590] [info] ICNT print interval: 8000 cycles
[2026-03-31 18:09:00.590] [info] num cores : [4]
[2026-03-31 18:09:00.590] [info] Register model: mamba-130m-s1-b2
[2026-03-31 18:09:00.590] [info] Model Name
[2026-03-31 18:09:00.635] [info] has_l2,[false]
[2026-03-31 18:09:00.636] [info] ======Start Simulation=====
[2026-03-31 18:09:00.636] [info] Model Name: mamba-130m-s1-b2 model started
[2026-03-31 18:09:00.704] [info] [GemmWs] Keys K = 768, N = 1, M = 3072
[2026-03-31 18:09:00.704] [info] [GemmWS]: total 0.0047216644 GFLOPs, 0.004732416 GB
[2026-03-31 18:09:00.704] [info] [GemmWS]: Theoretical time(ms): 0.007707518307142891 Compute time: 3.60234402307924e-05 Memory time: 0.007707518307142891
[2026-03-31 18:09:00.769] [info] [GemmWs] Keys K = 6144, N = 1, M = 1536
[2026-03-31 18:09:00.769] [info] [GemmWS]: total 0.018875906 GFLOPs, 0.018892799 GB
[2026-03-31 18:09:00.769] [info] [GemmWS]: Theoretical time(ms): 0.030770032026339322 Compute time: 0.00014401173586975347 Memory time: 0.030770032026339322
[2026-03-31 18:09:00.770] [info] [GemmWs] Keys K = 1536, N = 1, M = 80
[2026-03-31 18:09:00.770] [info] [GemmWS]: total 0.00024584 GFLOPs, 0.000249152 GB
[2026-03-31 18:09:00.770] [info] [GemmWS]: Theoretical time(ms): 0.0004057850446770317 Compute time: 1.8756103337125296e-06 Memory time: 0.0004057850446770317
[2026-03-31 18:09:00.770] [info] [GemmWs] Keys K = 16, N = 1, M = 1536
[2026-03-31 18:09:00.770] [info] [GemmWS]: total 5.0688e-05 GFLOPs, 5.5328e-05 GB
[2026-03-31 18:09:00.770] [info] [GemmWS]: Theoretical time(ms): 9.011075263742896e-05 Compute time: 3.867187403638894e-07 Memory time: 9.011075263742896e-05
[2026-03-31 18:09:00.777] [info] [GemmWs] Keys K = 1536, N = 1, M = 768
[2026-03-31 18:09:00.777] [info] [GemmWS]: total 0.0023600643 GFLOPs, 0.00236544 GB
[2026-03-31 18:09:00.777] [info] [GemmWS]: Theoretical time(ms): 0.003852508143609157 Compute time: 1.800586169053986e-05 Memory time: 0.003852508143609157
[2026-03-31 18:09:00.791] [info] [GemmWs] Keys K = 768, N = 1, M = 3072
[2026-03-31 18:09:00.791] [info] [GemmWS]: total 0.0047216644 GFLOPs, 0.004732416 GB
[2026-03-31 18:09:00.791] [info] [GemmWS]: Theoretical time(ms): 0.007707518307142891 Compute time: 3.60234402307924e-05 Memory time: 0.007707518307142891
[2026-03-31 18:09:00.854] [info] [GemmWs] Keys K = 6144, N = 1, M = 1536
[2026-03-31 18:09:00.854] [info] [GemmWS]: total 0.018875906 GFLOPs, 0.018892799 GB
[2026-03-31 18:09:00.854] [info] [GemmWS]: Theoretical time(ms): 0.030770032026339322 Compute time: 0.00014401173586975347 Memory time: 0.030770032026339322
[2026-03-31 18:09:00.855] [info] [GemmWs] Keys K = 1536, N = 1, M = 80
[2026-03-31 18:09:00.855] [info] [GemmWS]: total 0.00024584 GFLOPs, 0.000249152 GB
[2026-03-31 18:09:00.855] [info] [GemmWS]: Theoretical time(ms): 0.0004057850446770317 Compute time: 1.8756103337125296e-06 Memory time: 0.0004057850446770317
[2026-03-31 18:09:00.855] [info] [GemmWs] Keys K = 16, N = 1, M = 1536
[2026-03-31 18:09:00.855] [info] [GemmWS]: total 5.0688e-05 GFLOPs, 5.5328e-05 GB
[2026-03-31 18:09:00.855] [info] [GemmWS]: Theoretical time(ms): 9.011075263742896e-05 Compute time: 3.867187403638894e-07 Memory time: 9.011075263742896e-05
[2026-03-31 18:09:00.863] [info] [GemmWs] Keys K = 1536, N = 1, M = 768
[2026-03-31 18:09:00.863] [info] [GemmWS]: total 0.0023600643 GFLOPs, 0.00236544 GB
[2026-03-31 18:09:00.863] [info] [GemmWS]: Theoretical time(ms): 0.003852508143609157 Compute time: 1.800586169053986e-05 Memory time: 0.003852508143609157
[2026-03-31 18:09:00.863] [info] ./models/mamba-130m-s1-b2/mamba-130m-s1-b2.onnx Model initialization time: 0.227164 seconds
[2026-03-31 18:09:00.865] [info] Schedule model: mamba-130m-s1-b2 at 1000 us
[2026-03-31 18:09:00.865] [info] MODEL mamba-130m-s1-b2 Scheduled, Total Request: 1
[2026-03-31 18:09:00.865] [info] executable layer count 25
[2026-03-31 18:09:00.865] [info] Start layer Identity_16
[2026-03-31 18:09:00.865] [info] Issue tile Identity_16 on core 0, spad_id 1, accum_spad_id 1
[2026-03-31 18:09:00.865] [info] HBM2-CH_0: BW utilization 0% (0 reads, 0 writes)
[2026-03-31 18:09:00.951] [info] HBM2-CH_0: BW utilization 0% (3 reads, 3 writes)
[2026-03-31 18:09:00.951] [info] Layer Identity_16 finish at 8000
[2026-03-31 18:09:00.951] [info] Total compute time 8000
[2026-03-31 18:09:00.951] [info] executable layer count 24
[2026-03-31 18:09:00.951] [info] Start layer Identity_17
[2026-03-31 18:09:00.951] [info] Issue tile Identity_17 on core 1, spad_id 1, accum_spad_id 1
[2026-03-31 18:09:01.036] [info] HBM2-CH_0: BW utilization 0% (6 reads, 7 writes)
[2026-03-31 18:09:01.036] [info] Layer Identity_17 finish at 16000
[2026-03-31 18:09:01.036] [info] Total compute time 8000
[2026-03-31 18:09:01.036] [info] executable layer count 23
[2026-03-31 18:09:01.036] [info] Start layer Identity_18
[2026-03-31 18:09:01.036] [info] Issue tile Identity_18 on core 2, spad_id 1, accum_spad_id 1
[2026-03-31 18:09:01.120] [info] HBM2-CH_0: BW utilization 0% (0 reads, 1 writes)
[2026-03-31 18:09:01.120] [info] Layer Identity_18 finish at 24000
[2026-03-31 18:09:01.120] [info] Total compute time 8000
[2026-03-31 18:09:01.120] [info] executable layer count 22
[2026-03-31 18:09:01.120] [info] Start layer Identity_19
[2026-03-31 18:09:01.120] [info] Issue tile Identity_19 on core 3, spad_id 1, accum_spad_id 1
[2026-03-31 18:09:01.205] [info] HBM2-CH_0: BW utilization 0% (6 reads, 6 writes)
[2026-03-31 18:09:01.205] [info] Layer Identity_19 finish at 32000
[2026-03-31 18:09:01.205] [info] Total compute time 8000
[2026-03-31 18:09:01.205] [info] executable layer count 22
[2026-03-31 18:09:01.205] [info] Start layer Identity_20
[2026-03-31 18:09:01.289] [info] HBM2-CH_0: BW utilization 0% (12 reads, 12 writes)
[2026-03-31 18:09:01.289] [info] Layer Identity_20 finish at 40000
[2026-03-31 18:09:01.289] [info] Total compute time 8000
[2026-03-31 18:09:01.289] [info] executable layer count 21
[2026-03-31 18:09:01.289] [info] Start layer Identity_21
[2026-03-31 18:09:01.289] [info] Issue tile Identity_21 on core 1, spad_id 1, accum_spad_id 1
[2026-03-31 18:09:01.377] [info] HBM2-CH_0: BW utilization 0% (6 reads, 7 writes)
[2026-03-31 18:09:01.377] [info] Layer Identity_21 finish at 48000
[2026-03-31 18:09:01.377] [info] Total compute time 8000
[2026-03-31 18:09:01.377] [info] executable layer count 20
[2026-03-31 18:09:01.377] [info] Start layer Identity_22
[2026-03-31 18:09:01.377] [info] Issue tile Identity_22 on core 2, spad_id 1, accum_spad_id 1
[2026-03-31 18:09:01.463] [info] HBM2-CH_0: BW utilization 0% (6 reads, 6 writes)
[2026-03-31 18:09:01.463] [info] Layer Identity_22 finish at 56000
[2026-03-31 18:09:01.463] [info] Total compute time 8000
[2026-03-31 18:09:01.463] [info] executable layer count 19
[2026-03-31 18:09:01.463] [info] Start layer /blocks.0/in_proj/Gemm
[2026-03-31 18:09:01.463] [info] Issue tile Gemm on core 2, spad_id 1, accum_spad_id 1
[2026-03-31 18:09:01.463] [info] Issue tile Gemm on core 3, spad_id 1, accum_spad_id 1
[2026-03-31 18:09:01.635] [info] HBM2-CH_0: BW utilization 32% (3092 reads, 5 writes)
[2026-03-31 18:09:01.635] [info] Issue tile Gemm on core 0, spad_id 1, accum_spad_id 1
[2026-03-31 18:09:01.635] [info] Issue tile Gemm on core 1, spad_id 1, accum_spad_id 1
[2026-03-31 18:09:01.635] [info] Issue tile Gemm on core 2, spad_id 1, accum_spad_id 1
[2026-03-31 18:09:01.635] [info] Issue tile Gemm on core 3, spad_id 1, accum_spad_id 1
[2026-03-31 18:09:01.756] [info] HBM2-CH_0: BW utilization 16% (1546 reads, 1 writes)
[2026-03-31 18:09:01.756] [info] Issue tile Gemm on core 0, spad_id 0, accum_spad_id 0
[2026-03-31 18:09:01.756] [info] Issue tile Gemm on core 1, spad_id 0, accum_spad_id 0
[2026-03-31 18:09:01.756] [info] Issue tile Gemm on core 2, spad_id 0, accum_spad_id 0
[2026-03-31 18:09:01.756] [info] Issue tile Gemm on core 3, spad_id 0, accum_spad_id 0
[2026-03-31 18:09:01.876] [info] HBM2-CH_0: BW utilization 16% (1546 reads, 2 writes)
[2026-03-31 18:09:01.876] [info] Issue tile Gemm on core 0, spad_id 1, accum_spad_id 1
[2026-03-31 18:09:01.876] [info] Issue tile Gemm on core 1, spad_id 1, accum_spad_id 1
[2026-03-31 18:09:01.876] [info] Issue tile Gemm on core 2, spad_id 1, accum_spad_id 1
[2026-03-31 18:09:01.876] [info] Issue tile Gemm on core 3, spad_id 1, accum_spad_id 1
[2026-03-31 18:09:02.000] [info] HBM2-CH_0: BW utilization 16% (1546 reads, 2 writes)
[2026-03-31 18:09:02.000] [info] Issue tile Gemm on core 0, spad_id 0, accum_spad_id 0
[2026-03-31 18:09:02.000] [info] Issue tile Gemm on core 1, spad_id 0, accum_spad_id 0
[2026-03-31 18:09:02.000] [info] Issue tile Gemm on core 2, spad_id 0, accum_spad_id 0
[2026-03-31 18:09:02.000] [info] Issue tile Gemm on core 3, spad_id 0, accum_spad_id 0
[2026-03-31 18:09:02.122] [info] HBM2-CH_0: BW utilization 16% (1546 reads, 2 writes)
[2026-03-31 18:09:02.206] [info] HBM2-CH_0: BW utilization 0% (0 reads, 0 writes)
[2026-03-31 18:09:02.207] [info] Layer /blocks.0/in_proj/Gemm finish at 104000
[2026-03-31 18:09:02.207] [info] Total compute time 48000
[2026-03-31 18:09:02.207] [info] executable layer count 18
[2026-03-31 18:09:02.207] [info] Start layer /blocks.0/Constant
[2026-03-31 18:09:02.207] [info] Issue tile /blocks.0/Constant on core 3, spad_id 1, accum_spad_id 1
[2026-03-31 18:09:02.291] [info] HBM2-CH_0: BW utilization 0% (1 reads, 0 writes)
[2026-03-31 18:09:02.291] [info] Layer /blocks.0/Constant finish at 112000
[2026-03-31 18:09:02.291] [info] Total compute time 8000
[2026-03-31 18:09:02.291] [info] executable layer count 17
[2026-03-31 18:09:02.291] [info] Start layer /blocks.0/Constant_1
[2026-03-31 18:09:02.376] [info] HBM2-CH_0: BW utilization 0% (1 reads, 0 writes)
[2026-03-31 18:09:02.377] [info] Layer /blocks.0/Constant_1 finish at 120000
[2026-03-31 18:09:02.377] [info] Total compute time 8000
[2026-03-31 18:09:02.377] [info] executable layer count 16
[2026-03-31 18:09:02.377] [info] Start layer /blocks.0/Constant_2
[2026-03-31 18:09:02.377] [info] Issue tile /blocks.0/Constant_2 on core 1, spad_id 1, accum_spad_id 1
[2026-03-31 18:09:02.460] [info] HBM2-CH_0: BW utilization 0% (1 reads, 0 writes)
[2026-03-31 18:09:02.461] [info] Layer /blocks.0/Constant_2 finish at 128000
[2026-03-31 18:09:02.461] [info] Total compute time 8000
[2026-03-31 18:09:02.461] [info] executable layer count 15
[2026-03-31 18:09:02.461] [info] Start layer /blocks.0/Constant_3
[2026-03-31 18:09:02.461] [info] Issue tile /blocks.0/Constant_3 on core 2, spad_id 1, accum_spad_id 1
[2026-03-31 18:09:02.548] [info] HBM2-CH_0: BW utilization 0% (1 reads, 0 writes)
[2026-03-31 18:09:02.548] [info] Layer /blocks.0/Constant_3 finish at 136000
[2026-03-31 18:09:02.548] [info] Total compute time 8000
[2026-03-31 18:09:02.548] [info] executable layer count 15
[2026-03-31 18:09:02.548] [info] Start layer /blocks.0/conv_proj/Gemm
[2026-03-31 18:09:02.548] [info] Issue tile Gemm on core 2, spad_id 1, accum_spad_id 1
[2026-03-31 18:09:02.548] [info] Issue tile Gemm on core 3, spad_id 1, accum_spad_id 1
[2026-03-31 18:09:03.055] [info] HBM2-CH_0: BW utilization 61% (5921 reads, 0 writes)
[2026-03-31 18:09:03.582] [info] HBM2-CH_0: BW utilization 60% (5813 reads, 0 writes)
[2026-03-31 18:09:03.586] [info] Issue tile Gemm on core 0, spad_id 1, accum_spad_id 1
[2026-03-31 18:09:03.586] [info] Issue tile Gemm on core 1, spad_id 1, accum_spad_id 1
[2026-03-31 18:09:03.586] [info] Issue tile Gemm on core 2, spad_id 1, accum_spad_id 1
[2026-03-31 18:09:03.586] [info] Issue tile Gemm on core 3, spad_id 1, accum_spad_id 1
[2026-03-31 18:09:04.097] [info] HBM2-CH_0: BW utilization 63% (6105 reads, 0 writes)
[2026-03-31 18:09:04.101] [info] Issue tile Gemm on core 0, spad_id 0, accum_spad_id 1
[2026-03-31 18:09:04.101] [info] Issue tile Gemm on core 1, spad_id 0, accum_spad_id 0
[2026-03-31 18:09:04.101] [info] Issue tile Gemm on core 2, spad_id 0, accum_spad_id 1
[2026-03-31 18:09:04.101] [info] Issue tile Gemm on core 3, spad_id 0, accum_spad_id 0
[2026-03-31 18:09:04.617] [info] HBM2-CH_0: BW utilization 63% (6072 reads, 0 writes)
[2026-03-31 18:09:04.622] [info] Issue tile Gemm on core 0, spad_id 1, accum_spad_id 1
[2026-03-31 18:09:04.622] [info] Issue tile Gemm on core 1, spad_id 1, accum_spad_id 1
[2026-03-31 18:09:04.622] [info] Issue tile Gemm on core 2, spad_id 1, accum_spad_id 1
[2026-03-31 18:09:04.622] [info] Issue tile Gemm on core 3, spad_id 1, accum_spad_id 1
[2026-03-31 18:09:05.135] [info] HBM2-CH_0: BW utilization 63% (6094 reads, 0 writes)
[2026-03-31 18:09:05.140] [info] Issue tile Gemm on core 0, spad_id 0, accum_spad_id 1
[2026-03-31 18:09:05.140] [info] Issue tile Gemm on core 1, spad_id 0, accum_spad_id 0
[2026-03-31 18:09:05.140] [info] Issue tile Gemm on core 2, spad_id 0, accum_spad_id 1
[2026-03-31 18:09:05.140] [info] Issue tile Gemm on core 3, spad_id 0, accum_spad_id 0
[2026-03-31 18:09:05.660] [info] HBM2-CH_0: BW utilization 63% (6077 reads, 0 writes)
[2026-03-31 18:09:05.805] [info] HBM2-CH_0: BW utilization 11% (1076 reads, 7 writes)
[2026-03-31 18:09:05.806] [info] Layer /blocks.0/conv_proj/Gemm finish at 192000
[2026-03-31 18:09:05.806] [info] Total compute time 56000
[2026-03-31 18:09:05.806] [info] executable layer count 15
[2026-03-31 18:09:05.806] [info] Start layer /blocks.0/Constant_4
[2026-03-31 18:09:05.806] [info] Issue tile /blocks.0/Constant_4 on core 3, spad_id 1, accum_spad_id 1
[2026-03-31 18:09:05.889] [info] HBM2-CH_0: BW utilization 0% (1 reads, 0 writes)
[2026-03-31 18:09:05.890] [info] Layer /blocks.0/Constant_4 finish at 200000
[2026-03-31 18:09:05.890] [info] Total compute time 8000
[2026-03-31 18:09:05.890] [info] executable layer count 14
[2026-03-31 18:09:05.890] [info] Start layer /blocks.0/Constant_5
[2026-03-31 18:09:05.974] [info] HBM2-CH_0: BW utilization 0% (1 reads, 0 writes)
[2026-03-31 18:09:05.975] [info] Layer /blocks.0/Constant_5 finish at 208000
[2026-03-31 18:09:05.975] [info] Total compute time 8000
[2026-03-31 18:09:05.975] [info] executable layer count 13
[2026-03-31 18:09:05.975] [info] Start layer /blocks.0/Constant_6
[2026-03-31 18:09:05.975] [info] Issue tile /blocks.0/Constant_6 on core 1, spad_id 1, accum_spad_id 1
[2026-03-31 18:09:06.058] [info] HBM2-CH_0: BW utilization 0% (1 reads, 0 writes)
[2026-03-31 18:09:06.059] [info] Layer /blocks.0/Constant_6 finish at 216000
[2026-03-31 18:09:06.059] [info] Total compute time 8000
[2026-03-31 18:09:06.059] [info] executable layer count 12
[2026-03-31 18:09:06.059] [info] Start layer /blocks.0/Constant_7
[2026-03-31 18:09:06.059] [info] Issue tile /blocks.0/Constant_7 on core 2, spad_id 1, accum_spad_id 1
[2026-03-31 18:09:06.142] [info] HBM2-CH_0: BW utilization 0% (1 reads, 0 writes)
[2026-03-31 18:09:06.143] [info] Layer /blocks.0/Constant_7 finish at 224000
[2026-03-31 18:09:06.143] [info] Total compute time 8000
[2026-03-31 18:09:06.144] [info] executable layer count 11
[2026-03-31 18:09:06.144] [info] Start layer /blocks.1/Constant
[2026-03-31 18:09:06.144] [info] Issue tile /blocks.1/Constant on core 3, spad_id 1, accum_spad_id 1
[2026-03-31 18:09:06.228] [info] HBM2-CH_0: BW utilization 0% (1 reads, 1 writes)
[2026-03-31 18:09:06.229] [info] Layer /blocks.1/Constant finish at 232000
[2026-03-31 18:09:06.229] [info] Total compute time 8000
[2026-03-31 18:09:06.229] [info] executable layer count 10
[2026-03-31 18:09:06.229] [info] Start layer /blocks.1/Constant_1
[2026-03-31 18:09:06.312] [info] HBM2-CH_0: BW utilization 0% (1 reads, 0 writes)
[2026-03-31 18:09:06.313] [info] Layer /blocks.1/Constant_1 finish at 240000
[2026-03-31 18:09:06.313] [info] Total compute time 8000
[2026-03-31 18:09:06.313] [info] executable layer count 9
[2026-03-31 18:09:06.313] [info] Start layer /blocks.1/Constant_2
[2026-03-31 18:09:06.313] [info] Issue tile /blocks.1/Constant_2 on core 1, spad_id 1, accum_spad_id 1
[2026-03-31 18:09:06.397] [info] HBM2-CH_0: BW utilization 0% (1 reads, 0 writes)
[2026-03-31 18:09:06.398] [info] Layer /blocks.1/Constant_2 finish at 248000
[2026-03-31 18:09:06.398] [info] Total compute time 8000
[2026-03-31 18:09:06.398] [info] executable layer count 8
[2026-03-31 18:09:06.398] [info] Start layer /blocks.1/Constant_3
[2026-03-31 18:09:06.398] [info] Issue tile /blocks.1/Constant_3 on core 2, spad_id 1, accum_spad_id 1
[2026-03-31 18:09:06.481] [info] HBM2-CH_0: BW utilization 0% (1 reads, 0 writes)
[2026-03-31 18:09:06.482] [info] Layer /blocks.1/Constant_3 finish at 256000
[2026-03-31 18:09:06.482] [info] Total compute time 8000
[2026-03-31 18:09:06.482] [info] executable layer count 7
[2026-03-31 18:09:06.482] [info] Start layer /blocks.1/Constant_4
[2026-03-31 18:09:06.482] [info] Issue tile /blocks.1/Constant_4 on core 3, spad_id 1, accum_spad_id 1
[2026-03-31 18:09:06.567] [info] HBM2-CH_0: BW utilization 0% (1 reads, 0 writes)
[2026-03-31 18:09:06.568] [info] Layer /blocks.1/Constant_4 finish at 264000
[2026-03-31 18:09:06.568] [info] Total compute time 8000
[2026-03-31 18:09:06.568] [info] executable layer count 6
[2026-03-31 18:09:06.568] [info] Start layer /blocks.1/Constant_5
[2026-03-31 18:09:06.657] [info] HBM2-CH_0: BW utilization 0% (1 reads, 0 writes)
[2026-03-31 18:09:06.659] [info] Layer /blocks.1/Constant_5 finish at 272000
[2026-03-31 18:09:06.659] [info] Total compute time 8000
[2026-03-31 18:09:06.659] [info] executable layer count 5
[2026-03-31 18:09:06.659] [info] Start layer /blocks.1/Constant_6
[2026-03-31 18:09:06.659] [info] Issue tile /blocks.1/Constant_6 on core 1, spad_id 1, accum_spad_id 1
[2026-03-31 18:09:06.742] [info] HBM2-CH_0: BW utilization 0% (1 reads, 0 writes)
[2026-03-31 18:09:06.743] [info] Layer /blocks.1/Constant_6 finish at 280000
[2026-03-31 18:09:06.743] [info] Total compute time 8000
[2026-03-31 18:09:06.743] [info] executable layer count 4
[2026-03-31 18:09:06.743] [info] Start layer /blocks.1/Constant_7
[2026-03-31 18:09:06.743] [info] Issue tile /blocks.1/Constant_7 on core 2, spad_id 1, accum_spad_id 1
[2026-03-31 18:09:06.826] [info] HBM2-CH_0: BW utilization 0% (1 reads, 0 writes)
[2026-03-31 18:09:06.828] [info] Layer /blocks.1/Constant_7 finish at 288000
[2026-03-31 18:09:06.828] [info] Total compute time 8000
[2026-03-31 18:09:06.828] [info] executable layer count 3
[2026-03-31 18:09:06.828] [info] Start layer /blocks.1/conv_proj/Gemm
[2026-03-31 18:09:06.828] [info] Issue tile Gemm on core 2, spad_id 1, accum_spad_id 1
[2026-03-31 18:09:06.828] [info] Issue tile Gemm on core 3, spad_id 1, accum_spad_id 1
[2026-03-31 18:09:07.340] [info] HBM2-CH_0: BW utilization 62% (6020 reads, 0 writes)
[2026-03-31 18:09:07.869] [info] HBM2-CH_0: BW utilization 63% (6076 reads, 0 writes)
[2026-03-31 18:09:07.877] [info] Issue tile Gemm on core 0, spad_id 1, accum_spad_id 1
[2026-03-31 18:09:07.877] [info] Issue tile Gemm on core 1, spad_id 1, accum_spad_id 1
[2026-03-31 18:09:07.877] [info] Issue tile Gemm on core 2, spad_id 1, accum_spad_id 1
[2026-03-31 18:09:07.877] [info] Issue tile Gemm on core 3, spad_id 1, accum_spad_id 1
[2026-03-31 18:09:08.385] [info] HBM2-CH_0: BW utilization 63% (6101 reads, 0 writes)
[2026-03-31 18:09:08.394] [info] Issue tile Gemm on core 0, spad_id 0, accum_spad_id 1
[2026-03-31 18:09:08.394] [info] Issue tile Gemm on core 1, spad_id 0, accum_spad_id 0
[2026-03-31 18:09:08.394] [info] Issue tile Gemm on core 2, spad_id 0, accum_spad_id 1
[2026-03-31 18:09:08.394] [info] Issue tile Gemm on core 3, spad_id 0, accum_spad_id 0
[2026-03-31 18:09:08.978] [info] HBM2-CH_0: BW utilization 63% (6141 reads, 0 writes)
[2026-03-31 18:09:08.986] [info] Issue tile Gemm on core 0, spad_id 1, accum_spad_id 1
[2026-03-31 18:09:08.986] [info] Issue tile Gemm on core 1, spad_id 1, accum_spad_id 1
[2026-03-31 18:09:08.986] [info] Issue tile Gemm on core 2, spad_id 1, accum_spad_id 1
[2026-03-31 18:09:08.987] [info] Issue tile Gemm on core 3, spad_id 1, accum_spad_id 1
[2026-03-31 18:09:09.565] [info] HBM2-CH_0: BW utilization 63% (6105 reads, 0 writes)
[2026-03-31 18:09:09.575] [info] Issue tile Gemm on core 0, spad_id 0, accum_spad_id 1
[2026-03-31 18:09:09.575] [info] Issue tile Gemm on core 1, spad_id 0, accum_spad_id 0
[2026-03-31 18:09:09.575] [info] Issue tile Gemm on core 2, spad_id 0, accum_spad_id 1
[2026-03-31 18:09:09.575] [info] Issue tile Gemm on core 3, spad_id 0, accum_spad_id 0
[2026-03-31 18:09:10.128] [info] HBM2-CH_0: BW utilization 62% (6020 reads, 0 writes)
[2026-03-31 18:09:10.295] [info] HBM2-CH_0: BW utilization 7% (695 reads, 5 writes)
[2026-03-31 18:09:10.296] [info] Layer /blocks.1/conv_proj/Gemm finish at 344000
[2026-03-31 18:09:10.296] [info] Total compute time 56000
[2026-03-31 18:09:10.296] [info] executable layer count 3
[2026-03-31 18:09:10.296] [info] Start layer /blocks.0/Slice
[2026-03-31 18:09:10.296] [info] Issue tile /blocks.0/Slice on core 3, spad_id 1, accum_spad_id 1
[2026-03-31 18:09:10.390] [info] HBM2-CH_0: BW utilization 0% (12 reads, 12 writes)
[2026-03-31 18:09:10.391] [info] Layer /blocks.0/Slice finish at 352000
[2026-03-31 18:09:10.391] [info] Total compute time 8000
[2026-03-31 18:09:10.391] [info] executable layer count 3
[2026-03-31 18:09:10.391] [info] Start layer /blocks.0/Sigmoid
[2026-03-31 18:09:10.483] [info] HBM2-CH_0: BW utilization 0% (7 reads, 6 writes)
[2026-03-31 18:09:10.484] [info] Layer /blocks.0/Sigmoid finish at 360000
[2026-03-31 18:09:10.484] [info] Total compute time 8000
[2026-03-31 18:09:10.484] [info] executable layer count 3
[2026-03-31 18:09:10.484] [info] Start layer /blocks.1/Sigmoid
[2026-03-31 18:09:10.484] [info] Issue tile /blocks.1/Sigmoid on core 1, spad_id 1, accum_spad_id 1
[2026-03-31 18:09:10.576] [info] HBM2-CH_0: BW utilization 0% (5 reads, 6 writes)
[2026-03-31 18:09:10.578] [info] Layer /blocks.1/Sigmoid finish at 368000
[2026-03-31 18:09:10.578] [info] Total compute time 8000
[2026-03-31 18:09:10.578] [info] executable layer count 3
[2026-03-31 18:09:10.578] [info] Start layer /blocks.0/Sigmoid_1
[2026-03-31 18:09:10.578] [info] Issue tile /blocks.0/Sigmoid_1 on core 2, spad_id 1, accum_spad_id 1
[2026-03-31 18:09:10.669] [info] HBM2-CH_0: BW utilization 0% (12 reads, 12 writes)
[2026-03-31 18:09:10.671] [info] Layer /blocks.0/Sigmoid_1 finish at 376000
[2026-03-31 18:09:10.671] [info] Total compute time 8000
[2026-03-31 18:09:10.671] [info] executable layer count 3
[2026-03-31 18:09:10.671] [info] Start layer /blocks.0/Mul
[2026-03-31 18:09:10.671] [info] Issue tile /blocks.0/Mul on core 3, spad_id 1, accum_spad_id 1
[2026-03-31 18:09:10.763] [info] HBM2-CH_0: BW utilization 0% (13 reads, 5 writes)
[2026-03-31 18:09:10.765] [info] Layer /blocks.0/Mul finish at 384000
[2026-03-31 18:09:10.765] [info] Total compute time 8000
[2026-03-31 18:09:10.765] [info] executable layer count 4
[2026-03-31 18:09:10.765] [info] Start layer /blocks.1/Mul
[2026-03-31 18:09:10.765] [info] Issue tile /blocks.1/Mul on core 3, spad_id 1, accum_spad_id 1
[2026-03-31 18:09:10.855] [info] HBM2-CH_0: BW utilization 0% (11 reads, 6 writes)
[2026-03-31 18:09:10.857] [info] Layer /blocks.1/Mul finish at 392000
[2026-03-31 18:09:10.865] [info] Total compute time 8000
[2026-03-31 18:09:10.865] [info] executable layer count 5
[2026-03-31 18:09:10.865] [info] Start layer /blocks.0/Mul_2
[2026-03-31 18:09:10.953] [info] HBM2-CH_0: BW utilization 0% (24 reads, 12 writes)
[2026-03-31 18:09:10.955] [info] Layer /blocks.0/Mul_2 finish at 400000
[2026-03-31 18:09:10.955] [info] Total compute time 8000
[2026-03-31 18:09:10.955] [info] executable layer count 4
[2026-03-31 18:09:10.955] [info] Start layer /blocks.0/x_proj/Gemm
[2026-03-31 18:09:10.955] [info] Issue tile Gemm on core 1, spad_id 1, accum_spad_id 1
[2026-03-31 18:09:11.057] [info] HBM2-CH_0: BW utilization 5% (486 reads, 0 writes)
[2026-03-31 18:09:11.059] [info] Layer /blocks.0/x_proj/Gemm finish at 408000
[2026-03-31 18:09:11.059] [info] Total compute time 8000
[2026-03-31 18:09:11.059] [info] executable layer count 4
[2026-03-31 18:09:11.059] [info] Start layer /blocks.0/Mul_1
[2026-03-31 18:09:11.059] [info] Issue tile /blocks.0/Mul_1 on core 2, spad_id 1, accum_spad_id 1
[2026-03-31 18:09:11.144] [info] HBM2-CH_0: BW utilization 0% (11 reads, 5 writes)
[2026-03-31 18:09:11.146] [info] Layer /blocks.0/Mul_1 finish at 416000
[2026-03-31 18:09:11.146] [info] Total compute time 8000
[2026-03-31 18:09:11.146] [info] executable layer count 3
[2026-03-31 18:09:11.146] [info] Start layer /blocks.1/x_proj/Gemm
[2026-03-31 18:09:11.146] [info] Issue tile Gemm on core 3, spad_id 1, accum_spad_id 1
[2026-03-31 18:09:11.249] [info] HBM2-CH_0: BW utilization 5% (487 reads, 0 writes)
[2026-03-31 18:09:11.251] [info] Layer /blocks.1/x_proj/Gemm finish at 424000
[2026-03-31 18:09:11.251] [info] Total compute time 8000
[2026-03-31 18:09:11.251] [info] executable layer count 3
[2026-03-31 18:09:11.251] [info] Start layer /blocks.1/Mul_1
[2026-03-31 18:09:11.337] [info] HBM2-CH_0: BW utilization 0% (13 reads, 6 writes)
[2026-03-31 18:09:11.339] [info] Layer /blocks.1/Mul_1 finish at 432000
[2026-03-31 18:09:11.339] [info] Total compute time 8000
[2026-03-31 18:09:11.339] [info] executable layer count 2
[2026-03-31 18:09:11.339] [info] Start layer /blocks.0/Slice_1
[2026-03-31 18:09:11.339] [info] Issue tile /blocks.0/Slice_1 on core 2, spad_id 1, accum_spad_id 1
[2026-03-31 18:09:11.426] [info] HBM2-CH_0: BW utilization 0% (0 reads, 1 writes)
[2026-03-31 18:09:11.428] [info] Layer /blocks.0/Slice_1 finish at 440000
[2026-03-31 18:09:11.428] [info] Total compute time 8000
[2026-03-31 18:09:11.428] [info] executable layer count 2
[2026-03-31 18:09:11.428] [info] Start layer /blocks.1/Slice_1
[2026-03-31 18:09:11.513] [info] HBM2-CH_0: BW utilization 0% (0 reads, 0 writes)
[2026-03-31 18:09:11.515] [info] Layer /blocks.1/Slice_1 finish at 448000
[2026-03-31 18:09:11.515] [info] Total compute time 8000
[2026-03-31 18:09:11.515] [info] executable layer count 2
[2026-03-31 18:09:11.515] [info] Start layer /blocks.0/ssm_out/Gemm
[2026-03-31 18:09:11.515] [info] Issue tile Gemm on core 1, spad_id 1, accum_spad_id 1
[2026-03-31 18:09:11.515] [info] Issue tile Gemm on core 2, spad_id 1, accum_spad_id 1
[2026-03-31 18:09:11.515] [info] Issue tile Gemm on core 3, spad_id 1, accum_spad_id 1
[2026-03-31 18:09:11.594] [info] HBM2-CH_0: BW utilization 0% (76 reads, 4 writes)
[2026-03-31 18:09:11.596] [info] Issue tile Gemm on core 0, spad_id 1, accum_spad_id 1
[2026-03-31 18:09:11.596] [info] Issue tile Gemm on core 1, spad_id 1, accum_spad_id 1
[2026-03-31 18:09:11.596] [info] Issue tile Gemm on core 2, spad_id 1, accum_spad_id 1
[2026-03-31 18:09:11.596] [info] Issue tile Gemm on core 3, spad_id 1, accum_spad_id 1
[2026-03-31 18:09:11.675] [info] HBM2-CH_0: BW utilization 0% (37 reads, 2 writes)
[2026-03-31 18:09:11.764] [info] HBM2-CH_0: BW utilization 0% (0 reads, 0 writes)
[2026-03-31 18:09:11.767] [info] Layer /blocks.0/ssm_out/Gemm finish at 472000
[2026-03-31 18:09:11.767] [info] Total compute time 24000
[2026-03-31 18:09:11.767] [info] executable layer count 2
[2026-03-31 18:09:11.767] [info] Start layer /blocks.1/ssm_out/Gemm
[2026-03-31 18:09:11.767] [info] Issue tile Gemm on core 3, spad_id 1, accum_spad_id 1
[2026-03-31 18:09:11.848] [info] HBM2-CH_0: BW utilization 0% (67 reads, 4 writes)
[2026-03-31 18:09:11.849] [info] Issue tile Gemm on core 0, spad_id 1, accum_spad_id 1
[2026-03-31 18:09:11.850] [info] Issue tile Gemm on core 1, spad_id 1, accum_spad_id 1
[2026-03-31 18:09:11.850] [info] Issue tile Gemm on core 2, spad_id 1, accum_spad_id 1
[2026-03-31 18:09:11.850] [info] Issue tile Gemm on core 3, spad_id 1, accum_spad_id 1
[2026-03-31 18:09:11.925] [info] HBM2-CH_0: BW utilization 0% (36 reads, 2 writes)
[2026-03-31 18:09:12.012] [info] HBM2-CH_0: BW utilization 0% (0 reads, 0 writes)
[2026-03-31 18:09:12.014] [info] Layer /blocks.1/ssm_out/Gemm finish at 496000
[2026-03-31 18:09:12.014] [info] Total compute time 24000
[2026-03-31 18:09:12.014] [info] executable layer count 2
[2026-03-31 18:09:12.014] [info] Start layer /blocks.0/Add
[2026-03-31 18:09:12.106] [info] HBM2-CH_0: BW utilization 0% (11 reads, 6 writes)
[2026-03-31 18:09:12.108] [info] Layer /blocks.0/Add finish at 504000
[2026-03-31 18:09:12.108] [info] Total compute time 8000
[2026-03-31 18:09:12.108] [info] executable layer count 2
[2026-03-31 18:09:12.108] [info] Start layer /blocks.1/Add
[2026-03-31 18:09:12.192] [info] HBM2-CH_0: BW utilization 0% (12 reads, 6 writes)
[2026-03-31 18:09:12.195] [info] Layer /blocks.1/Add finish at 512000
[2026-03-31 18:09:12.195] [info] Total compute time 8000
[2026-03-31 18:09:12.195] [info] executable layer count 1
[2026-03-31 18:09:12.195] [info] Start layer /blocks.0/Mul_3
[2026-03-31 18:09:12.195] [info] Issue tile /blocks.0/Mul_3 on core 1, spad_id 1, accum_spad_id 1
[2026-03-31 18:09:12.313] [info] HBM2-CH_0: BW utilization 0% (24 reads, 12 writes)
[2026-03-31 18:09:12.315] [info] Layer /blocks.0/Mul_3 finish at 520000
[2026-03-31 18:09:12.315] [info] Total compute time 8000
[2026-03-31 18:09:12.315] [info] executable layer count 1
[2026-03-31 18:09:12.315] [info] Start layer /blocks.0/out_proj/Gemm
[2026-03-31 18:09:12.315] [info] Issue tile Gemm on core 1, spad_id 1, accum_spad_id 1
[2026-03-31 18:09:12.315] [info] Issue tile Gemm on core 2, spad_id 1, accum_spad_id 1
[2026-03-31 18:09:12.315] [info] Issue tile Gemm on core 3, spad_id 1, accum_spad_id 1
[2026-03-31 18:09:12.667] [info] HBM2-CH_0: BW utilization 48% (4641 reads, 3 writes)
[2026-03-31 18:09:12.756] [info] HBM2-CH_0: BW utilization 0% (0 reads, 0 writes)
[2026-03-31 18:09:12.758] [info] Layer /blocks.0/out_proj/Gemm finish at 536000
[2026-03-31 18:09:12.758] [info] Total compute time 16000
[2026-03-31 18:09:12.758] [info] executable layer count 1
[2026-03-31 18:09:12.758] [info] Start layer /blocks.1/in_proj/Gemm
[2026-03-31 18:09:12.758] [info] Issue tile Gemm on core 3, spad_id 1, accum_spad_id 1
[2026-03-31 18:09:12.968] [info] HBM2-CH_0: BW utilization 32% (3101 reads, 5 writes)
[2026-03-31 18:09:12.970] [info] Issue tile Gemm on core 0, spad_id 1, accum_spad_id 1
[2026-03-31 18:09:12.970] [info] Issue tile Gemm on core 1, spad_id 1, accum_spad_id 1
[2026-03-31 18:09:12.970] [info] Issue tile Gemm on core 2, spad_id 1, accum_spad_id 1
[2026-03-31 18:09:12.970] [info] Issue tile Gemm on core 3, spad_id 1, accum_spad_id 1
[2026-03-31 18:09:13.098] [info] HBM2-CH_0: BW utilization 16% (1550 reads, 2 writes)
[2026-03-31 18:09:13.100] [info] Issue tile Gemm on core 0, spad_id 0, accum_spad_id 0
[2026-03-31 18:09:13.100] [info] Issue tile Gemm on core 1, spad_id 0, accum_spad_id 0
[2026-03-31 18:09:13.100] [info] Issue tile Gemm on core 2, spad_id 0, accum_spad_id 0
[2026-03-31 18:09:13.100] [info] Issue tile Gemm on core 3, spad_id 0, accum_spad_id 0
[2026-03-31 18:09:13.232] [info] HBM2-CH_0: BW utilization 16% (1548 reads, 1 writes)
[2026-03-31 18:09:13.234] [info] Issue tile Gemm on core 0, spad_id 1, accum_spad_id 1
[2026-03-31 18:09:13.234] [info] Issue tile Gemm on core 1, spad_id 1, accum_spad_id 1
[2026-03-31 18:09:13.234] [info] Issue tile Gemm on core 2, spad_id 1, accum_spad_id 1
[2026-03-31 18:09:13.234] [info] Issue tile Gemm on core 3, spad_id 1, accum_spad_id 1
[2026-03-31 18:09:13.373] [info] HBM2-CH_0: BW utilization 16% (1550 reads, 2 writes)
[2026-03-31 18:09:13.375] [info] Issue tile Gemm on core 0, spad_id 0, accum_spad_id 0
[2026-03-31 18:09:13.375] [info] Issue tile Gemm on core 1, spad_id 0, accum_spad_id 0
[2026-03-31 18:09:13.375] [info] Issue tile Gemm on core 3, spad_id 0, accum_spad_id 0
[2026-03-31 18:09:13.501] [info] HBM2-CH_0: BW utilization 12% (1163 reads, 2 writes)
[2026-03-31 18:09:13.504] [info] Issue tile Gemm on core 0, spad_id 1, accum_spad_id 1
[2026-03-31 18:09:13.607] [info] HBM2-CH_0: BW utilization 4% (388 reads, 1 writes)
[2026-03-31 18:09:13.699] [info] HBM2-CH_0: BW utilization 0% (0 reads, 0 writes)
[2026-03-31 18:09:13.702] [info] Layer /blocks.1/in_proj/Gemm finish at 592000
[2026-03-31 18:09:13.702] [info] Total compute time 56000
[2026-03-31 18:09:13.702] [info] executable layer count 1
[2026-03-31 18:09:13.702] [info] Start layer /blocks.1/Slice
[2026-03-31 18:09:13.702] [info] Issue tile /blocks.1/Slice on core 2, spad_id 1, accum_spad_id 1
[2026-03-31 18:09:13.790] [info] HBM2-CH_0: BW utilization 0% (13 reads, 12 writes)
[2026-03-31 18:09:13.793] [info] Layer /blocks.1/Slice finish at 600000
[2026-03-31 18:09:13.793] [info] Total compute time 8000
[2026-03-31 18:09:13.793] [info] executable layer count 1
[2026-03-31 18:09:13.793] [info] Start layer /blocks.1/Sigmoid_1
[2026-03-31 18:09:13.883] [info] HBM2-CH_0: BW utilization 0% (12 reads, 12 writes)
[2026-03-31 18:09:13.886] [info] Layer /blocks.1/Sigmoid_1 finish at 608000
[2026-03-31 18:09:13.886] [info] Total compute time 8000
[2026-03-31 18:09:13.886] [info] executable layer count 1
[2026-03-31 18:09:13.886] [info] Start layer /blocks.1/Mul_2
[2026-03-31 18:09:13.886] [info] Issue tile /blocks.1/Mul_2 on core 3, spad_id 1, accum_spad_id 1
[2026-03-31 18:09:13.970] [info] HBM2-CH_0: BW utilization 0% (24 reads, 12 writes)
[2026-03-31 18:09:13.973] [info] Layer /blocks.1/Mul_2 finish at 616000
[2026-03-31 18:09:13.973] [info] Total compute time 8000
[2026-03-31 18:09:13.973] [info] executable layer count 1
[2026-03-31 18:09:13.973] [info] Start layer /blocks.1/Mul_3
[2026-03-31 18:09:14.061] [info] HBM2-CH_0: BW utilization 0% (24 reads, 12 writes)
[2026-03-31 18:09:14.064] [info] Layer /blocks.1/Mul_3 finish at 624000
[2026-03-31 18:09:14.064] [info] Total compute time 8000
[2026-03-31 18:09:14.064] [info] executable layer count 1
[2026-03-31 18:09:14.064] [info] Start layer /blocks.1/out_proj/Gemm
[2026-03-31 18:09:14.064] [info] Issue tile Gemm on core 2, spad_id 1, accum_spad_id 1
[2026-03-31 18:09:14.064] [info] Issue tile Gemm on core 3, spad_id 1, accum_spad_id 1
[2026-03-31 18:09:14.428] [info] HBM2-CH_0: BW utilization 48% (4641 reads, 3 writes)
[2026-03-31 18:09:14.518] [info] HBM2-CH_0: BW utilization 0% (0 reads, 0 writes)
[2026-03-31 18:09:14.520] [info] Layer /blocks.1/out_proj/Gemm finish at 640000
[2026-03-31 18:09:14.520] [info] Total compute time 16000
[2026-03-31 18:09:14.520] [info] Model[mamba-130m-s1-b2] Request: 0 us, Start: 0 us, finish:640 us, Current Cycle:640000
[2026-03-31 18:09:14.520] [info] No total_seq_len!
[2026-03-31 18:09:14.520] [info] Simulation Finished at 640001 cycle 640 us
[2026-03-31 18:09:14.520] [info] [ICNT] Core->ICNT request 0GB/Sec,0
[2026-03-31 18:09:14.520] [info] [ICNT] Core<-ICNT request 0GB/Sec,0
[2026-03-31 18:09:14.520] [info] [ICNT] ICNT->MEM request 0GB/Sec,0
[2026-03-31 18:09:14.520] [info] [ICNT] ICNT<-MEM request 0GB/Sec,0
[2026-03-31 18:09:14.520] [info] ===== SRAM stats =====
[2026-03-31 18:09:14.520] [info]   Hits           : 3184
[2026-03-31 18:09:14.520] [info]   Misses         : 482385
[2026-03-31 18:09:14.520] [info]   Hit rate       : 0.0066
[2026-03-31 18:09:14.520] [info]   Read hits      : 3184
[2026-03-31 18:09:14.520] [info]   Write hits     : 0
[2026-03-31 18:09:14.520] [info]   Prefetches     : 84
[2026-03-31 18:09:14.520] [info]   Bytes requested: 13348160
[2026-03-31 18:09:14.520] [info]   Bytes received : 13360448
[2026-03-31 18:09:14.520] [info] ===== Acc-SRAM stats =====
[2026-03-31 18:09:14.520] [info]   Hits           : 68
[2026-03-31 18:09:14.520] [info]   Misses         : 65165
[2026-03-31 18:09:14.520] [info]   Hit rate       : 0.0010
[2026-03-31 18:09:14.520] [info]   Read hits      : 0
[2026-03-31 18:09:14.520] [info]   Write hits     : 68
[2026-03-31 18:09:14.520] [info]   Prefetches     : 24
[2026-03-31 18:09:14.520] [info]   Bytes requested: 5696
[2026-03-31 18:09:14.520] [info]   Bytes received : 11648
[2026-03-31 18:09:14.520] [info] Core [0] : MatMul active cycle 402 Vector active cycle 7 
[2026-03-31 18:09:14.520] [info] Core [0] : Memory unit idle cycle 613844 Systolic bubble cycle 0 Core idle cycle 272018 
[2026-03-31 18:09:14.520] [info] Core [0] : Systolic Array Utilization(%) 8.79 (0.06% PE util), Vector Unit Utilization(%) 0.00, Total cycle: 640001
[2026-03-31 18:09:14.520] [info] Core [0] Tile Stats | Issued: 44 Running: 0 Finished: 44
[2026-03-31 18:09:14.520] [info] ins executed [562] ins executed per tile 12.77
[2026-03-31 18:09:14.520] [info] Core [0] : Systolic Inst Issue Count : 408
[2026-03-31 18:09:14.520] [info] Core [0] : Systolic PRELOAD Issue Count : 408
[2026-03-31 18:09:14.520] [info] ===== SRAM stats =====
[2026-03-31 18:09:14.520] [info]   Hits           : 3177
[2026-03-31 18:09:14.520] [info]   Misses         : 482878
[2026-03-31 18:09:14.520] [info]   Hit rate       : 0.0065
[2026-03-31 18:09:14.520] [info]   Read hits      : 3177
[2026-03-31 18:09:14.520] [info]   Write hits     : 0
[2026-03-31 18:09:14.520] [info]   Prefetches     : 80
[2026-03-31 18:09:14.520] [info]   Bytes requested: 13385184
[2026-03-31 18:09:14.520] [info]   Bytes received : 13422048
[2026-03-31 18:09:14.520] [info] ===== Acc-SRAM stats =====
[2026-03-31 18:09:14.520] [info]   Hits           : 44
[2026-03-31 18:09:14.520] [info]   Misses         : 24728
[2026-03-31 18:09:14.520] [info]   Hit rate       : 0.0018
[2026-03-31 18:09:14.520] [info]   Read hits      : 0
[2026-03-31 18:09:14.520] [info]   Write hits     : 44
[2026-03-31 18:09:14.520] [info]   Prefetches     : 34
[2026-03-31 18:09:14.520] [info]   Bytes requested: 8608
[2026-03-31 18:09:14.520] [info]   Bytes received : 17216
[2026-03-31 18:09:14.520] [info] Core [1] : MatMul active cycle 396 Vector active cycle 9 
[2026-03-31 18:09:14.520] [info] Core [1] : Memory unit idle cycle 613761 Systolic bubble cycle 0 Core idle cycle 272009 
[2026-03-31 18:09:14.520] [info] Core [1] : Systolic Array Utilization(%) 8.91 (0.06% PE util), Vector Unit Utilization(%) 0.00, Total cycle: 640001
[2026-03-31 18:09:14.520] [info] Core [1] Tile Stats | Issued: 44 Running: 0 Finished: 44
[2026-03-31 18:09:14.520] [info] ins executed [568] ins executed per tile 12.91
[2026-03-31 18:09:14.520] [info] Core [1] : Systolic Inst Issue Count : 414
[2026-03-31 18:09:14.520] [info] Core [1] : Systolic PRELOAD Issue Count : 414
[2026-03-31 18:09:14.520] [info] ===== SRAM stats =====
[2026-03-31 18:09:14.520] [info]   Hits           : 3313
[2026-03-31 18:09:14.520] [info]   Misses         : 477138
[2026-03-31 18:09:14.520] [info]   Hit rate       : 0.0069
[2026-03-31 18:09:14.520] [info]   Read hits      : 3313
[2026-03-31 18:09:14.520] [info]   Write hits     : 0
[2026-03-31 18:09:14.520] [info]   Prefetches     : 82
[2026-03-31 18:09:14.520] [info]   Bytes requested: 12956800
[2026-03-31 18:09:14.520] [info]   Bytes received : 12981376
[2026-03-31 18:09:14.520] [info] ===== Acc-SRAM stats =====
[2026-03-31 18:09:14.520] [info]   Hits           : 64
[2026-03-31 18:09:14.520] [info]   Misses         : 62921
[2026-03-31 18:09:14.520] [info]   Hit rate       : 0.0010
[2026-03-31 18:09:14.520] [info]   Read hits      : 0
[2026-03-31 18:09:14.520] [info]   Write hits     : 64
[2026-03-31 18:09:14.520] [info]   Prefetches     : 22
[2026-03-31 18:09:14.520] [info]   Bytes requested: 5184
[2026-03-31 18:09:14.520] [info]   Bytes received : 10624
[2026-03-31 18:09:14.520] [info] Core [2] : MatMul active cycle 390 Vector active cycle 7 
[2026-03-31 18:09:14.520] [info] Core [2] : Memory unit idle cycle 614600 Systolic bubble cycle 0 Core idle cycle 272005 
[2026-03-31 18:09:14.520] [info] Core [2] : Systolic Array Utilization(%) 8.51 (0.06% PE util), Vector Unit Utilization(%) 0.00, Total cycle: 640001
[2026-03-31 18:09:14.520] [info] Core [2] Tile Stats | Issued: 44 Running: 0 Finished: 44
[2026-03-31 18:09:14.520] [info] ins executed [546] ins executed per tile 12.41
[2026-03-31 18:09:14.520] [info] Core [2] : Systolic Inst Issue Count : 396
[2026-03-31 18:09:14.520] [info] Core [2] : Systolic PRELOAD Issue Count : 396
[2026-03-31 18:09:14.520] [info] ===== SRAM stats =====
[2026-03-31 18:09:14.520] [info]   Hits           : 3100
[2026-03-31 18:09:14.520] [info]   Misses         : 482461
[2026-03-31 18:09:14.520] [info]   Hit rate       : 0.0064
[2026-03-31 18:09:14.520] [info]   Read hits      : 3100
[2026-03-31 18:09:14.520] [info]   Write hits     : 0
[2026-03-31 18:09:14.520] [info]   Prefetches     : 83
[2026-03-31 18:09:14.520] [info]   Bytes requested: 13397312
[2026-03-31 18:09:14.520] [info]   Bytes received : 13397312
[2026-03-31 18:09:14.520] [info] ===== Acc-SRAM stats =====
[2026-03-31 18:09:14.520] [info]   Hits           : 44
[2026-03-31 18:09:14.520] [info]   Misses         : 24735
[2026-03-31 18:09:14.520] [info]   Hit rate       : 0.0018
[2026-03-31 18:09:14.520] [info]   Read hits      : 0
[2026-03-31 18:09:14.520] [info]   Write hits     : 44
[2026-03-31 18:09:14.520] [info]   Prefetches     : 34
[2026-03-31 18:09:14.520] [info]   Bytes requested: 8608
[2026-03-31 18:09:14.520] [info]   Bytes received : 17216
[2026-03-31 18:09:14.520] [info] Core [3] : MatMul active cycle 396 Vector active cycle 3 
[2026-03-31 18:09:14.520] [info] Core [3] : Memory unit idle cycle 613751 Systolic bubble cycle 0 Core idle cycle 280001 
[2026-03-31 18:09:14.520] [info] Core [3] : Systolic Array Utilization(%) 8.91 (0.06% PE util), Vector Unit Utilization(%) 0.00, Total cycle: 640001
[2026-03-31 18:09:14.520] [info] Core [3] Tile Stats | Issued: 43 Running: 0 Finished: 43
[2026-03-31 18:09:14.520] [info] ins executed [562] ins executed per tile 13.07
[2026-03-31 18:09:14.520] [info] Core [3] : Systolic Inst Issue Count : 414
[2026-03-31 18:09:14.520] [info] Core [3] : Systolic PRELOAD Issue Count : 414
Frontend:
  impl: GEM5

[2026-03-31 18:09:14.521] [info] Row hits: 80044, Row misses: 1349, Row conflicts: 22494
MemorySystem:
  impl: GenericDRAM
  total_num_other_requests: 0
  total_num_write_requests: 241
  total_num_read_requests: 103646
  memory_system_cycles: 768308
  DRAM:
    impl: HBM2
  AddrMapper:
    impl: RoBaRaCoCh
  Controller:
    impl: Generic
    id: Channel 0
    Scheduler:
      impl: FRFCFS
    RefreshManager:
      impl: AllBank



[2026-03-31 18:09:14.521] [info] HBM2-CH_0: avg BW utilization 13% (103646 reads, 241 writes)
Frontend:
  impl: GEM5

[2026-03-31 18:09:14.521] [info] Row hits: 80322, Row misses: 1172, Row conflicts: 22434
MemorySystem:
  impl: GenericDRAM
  total_num_other_requests: 0
  total_num_write_requests: 238
  total_num_read_requests: 103690
  memory_system_cycles: 768308
  DRAM:
    impl: HBM2
  AddrMapper:
    impl: RoBaRaCoCh
  Controller:
    impl: Generic
    id: Channel 0
    Scheduler:
      impl: FRFCFS
    RefreshManager:
      impl: AllBank



Frontend:
  impl: GEM5

[2026-03-31 18:09:14.521] [info] Row hits: 80265, Row misses: 1221, Row conflicts: 22443
MemorySystem:
  impl: GenericDRAM
  total_num_other_requests: 0
  total_num_write_requests: 239
  total_num_read_requests: 103690
  memory_system_cycles: 768308
  DRAM:
    impl: HBM2
  AddrMapper:
    impl: RoBaRaCoCh
  Controller:
    impl: Generic
    id: Channel 0
    Scheduler:
      impl: FRFCFS
    RefreshManager:
      impl: AllBank



Frontend:
  impl: GEM5

[2026-03-31 18:09:14.521] [info] Row hits: 80076, Row misses: 1338, Row conflicts: 22446
MemorySystem:
  impl: GenericDRAM
  total_num_other_requests: 0
  total_num_write_requests: 241
  total_num_read_requests: 103619
  memory_system_cycles: 768308
  DRAM:
    impl: HBM2
  AddrMapper:
    impl: RoBaRaCoCh
  Controller:
    impl: Generic
    id: Channel 0
    Scheduler:
      impl: FRFCFS
    RefreshManager:
      impl: AllBank



Frontend:
  impl: GEM5

[2026-03-31 18:09:14.521] [info] Row hits: 79846, Row misses: 1155, Row conflicts: 22928
MemorySystem:
  impl: GenericDRAM
  total_num_other_requests: 0
  total_num_write_requests: 239
  total_num_read_requests: 103690
  memory_system_cycles: 768308
  DRAM:
    impl: HBM2
  AddrMapper:
    impl: RoBaRaCoCh
  Controller:
    impl: Generic
    id: Channel 0
    Scheduler:
      impl: FRFCFS
    RefreshManager:
      impl: AllBank



Frontend:
  impl: GEM5

[2026-03-31 18:09:14.521] [info] Row hits: 79868, Row misses: 1299, Row conflicts: 22695
MemorySystem:
  impl: GenericDRAM
  total_num_other_requests: 0
  total_num_write_requests: 242
  total_num_read_requests: 103620
  memory_system_cycles: 768308
  DRAM:
    impl: HBM2
  AddrMapper:
    impl: RoBaRaCoCh
  Controller:
    impl: Generic
    id: Channel 0
    Scheduler:
      impl: FRFCFS
    RefreshManager:
      impl: AllBank



Frontend:
  impl: GEM5

[2026-03-31 18:09:14.521] [info] Row hits: 79972, Row misses: 1314, Row conflicts: 22572
MemorySystem:
  impl: GenericDRAM
  total_num_other_requests: 0
  total_num_write_requests: 240
  total_num_read_requests: 103618
  memory_system_cycles: 768308
  DRAM:
    impl: HBM2
  AddrMapper:
    impl: RoBaRaCoCh
  Controller:
    impl: Generic
    id: Channel 0
    Scheduler:
      impl: FRFCFS
    RefreshManager:
      impl: AllBank



Frontend:
  impl: GEM5

[2026-03-31 18:09:14.521] [info] Row hits: 80103, Row misses: 1241, Row conflicts: 22584
MemorySystem:
  impl: GenericDRAM
  total_num_other_requests: 0
  total_num_write_requests: 238
  total_num_read_requests: 103690
  memory_system_cycles: 768308
  DRAM:
    impl: HBM2
  AddrMapper:
    impl: RoBaRaCoCh
  Controller:
    impl: Generic
    id: Channel 0
    Scheduler:
      impl: FRFCFS
    RefreshManager:
      impl: AllBank



Frontend:
  impl: GEM5

[2026-03-31 18:09:14.521] [info] Row hits: 80130, Row misses: 1217, Row conflicts: 22578
MemorySystem:
  impl: GenericDRAM
  total_num_other_requests: 0
  total_num_write_requests: 236
  total_num_read_requests: 103689
  memory_system_cycles: 768308
  DRAM:
    impl: HBM2
  AddrMapper:
    impl: RoBaRaCoCh
  Controller:
    impl: Generic
    id: Channel 0
    Scheduler:
      impl: FRFCFS
    RefreshManager:
      impl: AllBank



Frontend:
  impl: GEM5

[2026-03-31 18:09:14.521] [info] Row hits: 80066, Row misses: 1289, Row conflicts: 22518
MemorySystem:
  impl: GenericDRAM
  total_num_other_requests: 0
  total_num_write_requests: 241
  total_num_read_requests: 103632
  memory_system_cycles: 768308
  DRAM:
    impl: HBM2
  AddrMapper:
    impl: RoBaRaCoCh
  Controller:
    impl: Generic
    id: Channel 0
    Scheduler:
      impl: FRFCFS
    RefreshManager:
      impl: AllBank



Frontend:
  impl: GEM5

[2026-03-31 18:09:14.521] [info] Row hits: 80210, Row misses: 1360, Row conflicts: 22294
MemorySystem:
  impl: GenericDRAM
  total_num_other_requests: 0
  total_num_write_requests: 243
  total_num_read_requests: 103621
  memory_system_cycles: 768308
  DRAM:
    impl: HBM2
  AddrMapper:
    impl: RoBaRaCoCh
  Controller:
    impl: Generic
    id: Channel 0
    Scheduler:
      impl: FRFCFS
    RefreshManager:
      impl: AllBank



Frontend:
  impl: GEM5

[2026-03-31 18:09:14.521] [info] Row hits: 80467, Row misses: 1230, Row conflicts: 22230
MemorySystem:
  impl: GenericDRAM
  total_num_other_requests: 0
  total_num_write_requests: 238
  total_num_read_requests: 103689
  memory_system_cycles: 768308
  DRAM:
    impl: HBM2
  AddrMapper:
    impl: RoBaRaCoCh
  Controller:
    impl: Generic
    id: Channel 0
    Scheduler:
      impl: FRFCFS
    RefreshManager:
      impl: AllBank



Frontend:
  impl: GEM5

[2026-03-31 18:09:14.521] [info] Row hits: 80042, Row misses: 1308, Row conflicts: 22512
MemorySystem:
  impl: GenericDRAM
  total_num_other_requests: 0
  total_num_write_requests: 242
  total_num_read_requests: 103620
  memory_system_cycles: 768308
  DRAM:
    impl: HBM2
  AddrMapper:
    impl: RoBaRaCoCh
  Controller:
    impl: Generic
    id: Channel 0
    Scheduler:
      impl: FRFCFS
    RefreshManager:
      impl: AllBank



Frontend:
  impl: GEM5

[2026-03-31 18:09:14.521] [info] Row hits: 80367, Row misses: 1316, Row conflicts: 22244
MemorySystem:
  impl: GenericDRAM
  total_num_other_requests: 0
  total_num_write_requests: 237
  total_num_read_requests: 103690
  memory_system_cycles: 768308
  DRAM:
    impl: HBM2
  AddrMapper:
    impl: RoBaRaCoCh
  Controller:
    impl: Generic
    id: Channel 0
    Scheduler:
      impl: FRFCFS
    RefreshManager:
      impl: AllBank



Frontend:
  impl: GEM5

[2026-03-31 18:09:14.521] [info] Row hits: 80202, Row misses: 1163, Row conflicts: 22561
MemorySystem:
  impl: GenericDRAM
  total_num_other_requests: 0
  total_num_write_requests: 237
  total_num_read_requests: 103689
  memory_system_cycles: 768308
  DRAM:
    impl: HBM2
  AddrMapper:
    impl: RoBaRaCoCh
  Controller:
    impl: Generic
    id: Channel 0
    Scheduler:
      impl: FRFCFS
    RefreshManager:
      impl: AllBank



Frontend:
  impl: GEM5

[2026-03-31 18:09:14.521] [info] Row hits: 79908, Row misses: 1354, Row conflicts: 22599
MemorySystem:
  impl: GenericDRAM
  total_num_other_requests: 0
  total_num_write_requests: 241
  total_num_read_requests: 103620
  memory_system_cycles: 768308
  DRAM:
    impl: HBM2
  AddrMapper:
    impl: RoBaRaCoCh
  Controller:
    impl: Generic
    id: Channel 0
    Scheduler:
      impl: FRFCFS
    RefreshManager:
      impl: AllBank



Object Size Histogram
393216 bytes : 147456  cumulative_bytes: 57982058496
4096 bytes : 3072  cumulative_bytes: 57994641408
786432 bytes : 1179648  cumulative_bytes: 985707577344
32 bytes : 56  cumulative_bytes: 985707579136
196608 bytes : 294912  cumulative_bytes: 1043689637632
256 bytes : 1728  cumulative_bytes: 1043690080000
245760 bytes : 15360  cumulative_bytes: 1047464953600
6144 bytes : 13440  cumulative_bytes: 1047547528960
160 bytes : 50  cumulative_bytes: 1047547536960
3072 bytes : 4224  cumulative_bytes: 1047560513088
1536 bytes : 2400  cumulative_bytes: 1047564199488
[2026-03-31 18:09:14.521] [info] Simulation time: 13.941655 seconds
[2026-03-31 18:09:14.521] [info] no.of tiles :[13.198984241]
[2026-03-31 18:09:14.521] [info] Total tile: 175, simulated tile per seconds(TPS): 13.258596
